02-24 19:46:00.295: D/PowerManagerService(1676): updateDisplayPowerStateLocked: mDisplayReady=true, policy=2, mWakefulness=1, mWakeLockSummary=0x1, mUserActivitySummary=0x4, mBootCompleted=true, mScreenBrightnessBoostInProgress=false, mIsVrModeEnabled= false, sQuiescent=false
02-24 19:46:00.316: V/BackupManagerService(1676): restoreAtInstall pkg=com.google.android.apps.auth.test.support token=4 restoreSet=0
02-24 19:46:00.316: V/BackupManagerService(1676): Finishing install immediately
02-24 19:46:00.316: V/BackupManagerService(1676): [ 02-24 19:46:00.329  1554: 1728 E/         ]
02-24 19:46:00.316: V/BackupManagerService(1676): Couldn't opendir /data/app/vmdl524603395.tmp: No such file or directory
02-24 19:46:00.329: E/installd(1554): Failed to delete /data/app/vmdl524603395.tmp: No such file or directory
02-24 19:46:00.335: I/Pm(5441): Package com.google.android.apps.auth.test.support installed in 372 ms
02-24 19:46:00.336: D/PackageInstaller(1676): Ignoring abandon after commit relinquished control
02-24 19:46:00.340: W/BroadcastQueue(1676): Background execution not allowed: receiving Intent { act=android.intent.action.PACKAGE_ADDED dat=package:com.google.android.apps.auth.test.support flg=0x4000010 (has extras) } to com.android.musicfx/.Compatibility$Receiver
02-24 19:46:00.340: I/InputReader(1676): Reconfiguring input devices.  changes=0x00000010
02-24 19:46:00.341: I/app_process(5441): System.exit called, status: 0
02-24 19:46:00.341: I/AndroidRuntime(5441): VM exiting with result code 0.
02-24 19:46:00.345: I/Telecom(1676): DefaultDialerCache: Refreshing default dialer for user 0: now com.google.android.dialer: DDC.oR@AIo
02-24 19:46:00.349: D/Avrcp(1789): AvrcpServiceBroadcastReceiver-> Action: android.intent.action.PACKAGE_ADDED
02-24 19:46:00.349: D/Avrcp(1789): AvrcpServiceBroadcastReceiver-> packageName: com.google.android.apps.auth.test.support
02-24 19:46:00.349: D/Avrcp(1789): packageName: com.google.android.apps.auth.test.support removed: false
02-24 19:46:00.351: D/Avrcp(1789): isBrowsableListUpdated: false
02-24 19:46:00.351: D/BluetoothMapAppObserver(1789): onReceive
02-24 19:46:00.351: D/BluetoothMapAppObserver(1789): The installed package is: com.google.android.apps.auth.test.support
02-24 19:46:00.352: W/Finsky(4877): [2] com.google.android.finsky.application.impl.a.dw(1487): No account configured on this device.
02-24 19:46:00.352: D/BluetoothMapAppObserver(1789): Found 0 application(s) with intent android.bluetooth.action.BLUETOOTH_MAP_PROVIDER
02-24 19:46:00.352: D/BluetoothMapAppObserver(1789): Found 0 application(s) with intent android.bluetooth.action.BLUETOOTH_MAP_IM_PROVIDER
02-24 19:46:00.353: W/Finsky(4877): [2] com.google.android.finsky.application.impl.a.dw(1487): No account configured on this device.
02-24 19:46:00.370: D/AutofillUI(1676): destroySaveUiUiThread(): already destroyed
02-24 19:46:00.367: I/chatty(4877): uid=10028(com.android.vending) identical 7 lines
02-24 19:46:00.367: W/Finsky(4877): [2] com.google.android.finsky.application.impl.a.dw(1487): No account configured on this device.
02-24 19:46:00.373: I/Finsky(4877): [2] com.google.android.finsky.wear.WearSupportService.onStartCommand(21): Starting WearSupportService for auto_install
02-24 19:46:00.374: I/Finsky(4877): [2] com.google.android.finsky.wear.ar.a(80): Connecting to wearable; initiated by: com.google.android.finsky.wear.WearSupportService
02-24 19:46:00.374: I/Finsky(4877): [2] com.google.android.finsky.wear.WearSupportService.onStartCommand(21): Starting WearSupportService for send_installed_apps
02-24 19:46:00.376: I/Finsky(4877): [2] com.google.android.finsky.externalreferrer.e.a(52): Package state data is missing for com.google.android.apps.auth.test.support
02-24 19:46:00.376: W/Finsky(4877): [2] com.google.android.finsky.application.impl.a.dw(1487): No account configured on this device.
02-24 19:46:00.377: W/Finsky(4877): [2] com.google.android.finsky.application.impl.a.dw(1487): No account configured on this device.
02-24 19:46:00.379: D/CarrierSvcBindHelper(1908): No carrier app for: 0
02-24 19:46:00.382: I/Auth(2291): [SupervisedAccountIntentOperation] onHandleIntent(): android.intent.action.PACKAGE_ADDED
02-24 19:46:00.382: I/Auth(2291): [SupervisedAccountIntentOperation] This operation is disabled
02-24 19:46:00.382: I/ChromeSync(2291): [Sync,SyncIntentOperation] Handling the intent: Intent { act=android.intent.action.PACKAGE_ADDED dat=package:com.google.android.apps.auth.test.support flg=0x4000010 cmp=com.google.android.gms/.chimera.GmsIntentOperationService (has extras) }.
02-24 19:46:00.389: W/WearableService(1892): onGetService: Wear is not available on this device.
02-24 19:46:00.390: I/ChromeSync(2291): [Persistence,AffiliationManager] No affiliation data for android://7G-Efj82hZdHSUvuVB5_HPiHcWccXsypYCo6U8Kc9sLlMNs7HSOe_3VRyq6k0G49kSzhdL3KFII22IkttNSGIg==@com.google.android.apps.auth.test.support/. Marking affiliation data as stale...
02-24 19:46:00.393: W/BroadcastQueue(1676): Background execution not allowed: receiving Intent { act=android.intent.action.PACKAGE_ADDED dat=package:com.google.android.apps.auth.test.support flg=0x4000010 (has extras) } to com.google.android.googlequicksearchbox/com.google.android.apps.gsa.googlequicksearchbox.GelStubAppWatcher
02-24 19:46:00.393: I/ChromeSync(2291): [Persistence,AffiliationManager] Fetching affiliations from the server.
02-24 19:46:00.394: E/Finsky(4877): [2] com.google.android.finsky.wear.au.a(3): onConnectionFailed: ConnectionResult{statusCode=API_UNAVAILABLE, resolution=null, message=null}
02-24 19:46:00.394: D/ImsResolver(1908): maybeAddedImsService, packageName: com.google.android.apps.auth.test.support
02-24 19:46:00.400: D/CarrierConfigLoader(1908): mHandler: 9 phoneId: 0
02-24 19:46:00.400: W/Finsky(4877): [2] com.google.android.finsky.wear.cd.run(12): Dropping command=auto_install due to Gms not connected
02-24 19:46:00.400: I/Finsky(4877): [2] com.google.android.finsky.wear.WearSupportService.b(67): Stopping WearSupportService
02-24 19:46:00.401: W/Finsky(4877): [2] com.google.android.finsky.wear.cd.run(12): Dropping command=send_installed_apps due to Gms not connected
02-24 19:46:00.401: I/Finsky(4877): [2] com.google.android.finsky.wear.WearSupportService.b(67): Stopping WearSupportService
02-24 19:46:00.404: I/Icing(2291): Indexing com.google.android.gms-apps from com.google.android.gms
02-24 19:46:00.416: I/Icing(2291): IndexChimeraService.getServiceInterface callingPackage=com.google.android.gms componentName=AppsCorpus serviceId=36
02-24 19:46:00.416: I/Icing(2291): IndexChimeraService.getServiceInterface callingPackage=com.google.android.gms componentName=AppsCorpus serviceId=32
02-24 19:46:00.426: I/zygote(1676): Background concurrent copying GC freed 42305(2MB) AllocSpace objects, 23(1100KB) LOS objects, 42% free, 11MB/19MB, paused 31us total 100.812ms
02-24 19:46:00.434: D/PowerManagerService(1676): updateWakeLockWorkSourceInternal: lock=193461954 [Icing], ws=WorkSource{10014 com.google.android.gms, 10086 com.google.android.apps.auth.test.support}
02-24 19:46:00.436: I/PeopleContactsSync(2291): triggerPendingContactsCleanup: no accounts
02-24 19:46:00.483: I/Icing(2291): Usage reports ok 0, Failed Usage reports 0, indexed 0, rejected 0, imm upload false
02-24 19:46:00.494: I/Remoter(1534): Saved screenshot to '/data/screenshots/__pmv__-0082.jpg'
02-24 19:46:00.495: D/PowerManagerService(1676): updateWakeLockWorkSourceInternal: lock=193461954 [Icing], ws=WorkSource{10014 com.google.android.gms}
02-24 19:46:00.494: I/Icing(2291): Usage reports ok 0, Failed Usage reports 0, indexed 0, rejected 0, imm upload false
02-24 19:46:00.497: I/Icing(2291): Indexing done com.google.android.gms-apps
02-24 19:46:00.498: I/Icing(2291): Indexing com.google.android.gms-internal.3p:MobileApplication from com.google.android.gms
02-24 19:46:00.503: I/Icing(2291): Indexing done com.google.android.gms-internal.3p:MobileApplication
02-24 19:46:01.032: D/AndroidRuntime(5477): >>>>>> START com.android.internal.os.RuntimeInit uid 0 <<<<<<
02-24 19:46:01.091: W/app_process(5477): Unexpected CPU variant for X86 using defaults: x86
02-24 19:46:01.092: I/app_process(5477): The ClassLoaderContext is a special shared library.
02-24 19:46:01.092: W/nativebridge(5477): Failed to bind-mount /system/lib/x86/cpuinfo as /proc/cpuinfo: No such file or directory
02-24 19:46:01.107: D/AndroidRuntime(5477): Calling main entry com.android.commands.pm.Pm
02-24 19:46:01.164: I/Finsky(4877): [2] com.google.android.finsky.verifier.impl.PackageVerificationReceiver.onReceive(12): Verification requested, id = 4
02-24 19:46:01.165: W/Finsky(4877): [2] com.google.android.finsky.application.impl.a.dw(1487): No account configured on this device.
02-24 19:46:01.166: I/chatty(4877): uid=10028(com.android.vending) identical 3 lines
02-24 19:46:01.167: W/Finsky(4877): [2] com.google.android.finsky.application.impl.a.dw(1487): No account configured on this device.
02-24 19:46:01.172: I/Finsky(4877): [312] com.google.android.finsky.verifier.impl.ci.a(111): Skipping verification. Disabled by user setting
02-24 19:46:01.173: I/Finsky(4877): [312] com.google.android.finsky.verifier.impl.ci.a(119): Skipping anti malware verification due to pre-check failure
02-24 19:46:01.173: I/Finsky(4877): [2] com.google.android.finsky.verifier.impl.dr.c(191): Verifying id=4, result=1
02-24 19:46:01.174: W/Finsky(4877): [312] com.google.android.finsky.application.impl.a.dw(1487): No account configured on this device.
02-24 19:46:01.177: D/PowerManagerService(1676): acquireWakeLockInternal: lock=28731424, flags=0x1, tag="*dexopt*", ws=WorkSource{-1}, uid=1000, pid=1676
02-24 19:46:01.177: D/PowerManagerService(1676): updateWakeLockSummaryLocked: mWakefulness=Awake, mWakeLockSummary=0x1
02-24 19:46:01.177: D/PowerManagerService(1676): updateUserActivitySummaryLocked: mWakefulness=Awake, mUserActivitySummary=0x4, nextTimeout=-1 (6480608 ms ago)
02-24 19:46:01.177: D/PowerManagerService(1676): updateDisplayPowerStateLocked: mDisplayReady=true, policy=2, mWakefulness=1, mWakeLockSummary=0x1, mUserActivitySummary=0x4, mBootCompleted=true, mScreenBrightnessBoostInProgress=false, mIsVrModeEnabled= false, sQuiescent=false
02-24 19:46:01.177: W/Finsky(4877): [312] com.google.android.finsky.application.impl.a.dw(1487): No account configured on this device.
02-24 19:46:01.178: I/PackageManager.DexOptimizer(1676): Running dexopt (dexoptNeeded=1) on: /data/app/com.google.android.apps.mtaas.testloop-p_L0KHaB_znKFH3XBbqUbg==/base.apk pkg=com.google.android.apps.mtaas.testloop isa=x86 dexoptFlags=boot_complete,public target-filter=quicken oatDir=/data/app/com.google.android.apps.mtaas.testloop-p_L0KHaB_znKFH3XBbqUbg==/oat sharedLibraries=PCL[]
02-24 19:46:01.178: I/Finsky(4877): [2] com.google.android.finsky.verifier.impl.dr.c(208): Verification complete: id=4, package_name=com.google.android.apps.mtaas.testloop
02-24 19:46:01.188: W/dex2oat(5489): Unexpected CPU variant for X86 using defaults: x86
02-24 19:46:01.188: W/dex2oat(5489): Mismatch between dex2oat instruction set features (ISA: X86 Feature string: -ssse3,-sse4.1,-sse4.2,-avx,-avx2,-popcnt) and those of dex2oat executable (ISA: X86 Feature string: ssse3,-sse4.1,-sse4.2,-avx,-avx2,-popcnt) for the command line:
02-24 19:46:01.188: W/dex2oat(5489): /system/bin/dex2oat --zip-fd=7 --zip-location=base.apk --input-vdex-fd=-1 --output-vdex-fd=9 --oat-fd=8 --oat-location=/data/app/com.google.android.apps.mtaas.testloop-p_L0KHaB_znKFH3XBbqUbg==/oat/x86/base.odex --instruction-set=x86 --instruction-set-variant=x86 --instruction-set-features=default --runtime-arg -Xms64m --runtime-arg -Xmx512m --compiler-filter=quicken --swap-fd=10 --classpath-dir=/data/app/com.google.android.apps.mtaas.testloop-p_L0KHaB_znKFH3XBbqUbg== --class-loader-context=PCL[]
02-24 19:46:01.188: I/dex2oat(5489): /system/bin/dex2oat --input-vdex-fd=-1 --output-vdex-fd=9 --compiler-filter=quicken --classpath-dir=/data/app/com.google.android.apps.mtaas.testloop-p_L0KHaB_znKFH3XBbqUbg== --class-loader-context=PCL[]
02-24 19:46:01.440: I/dex2oat(5489): dex2oat took 251.676ms (371.218ms cpu) (threads: 2) arena alloc=2336B (2336B) java alloc=931KB (954088B) native alloc=2MB (2389424B) free=1762KB (1804880B)
02-24 19:46:01.442: D/PowerManagerService(1676): releaseWakeLockInternal: lock=28731424 [*dexopt*], flags=0x0
02-24 19:46:01.443: D/PowerManagerService(1676): updateWakeLockSummaryLocked: mWakefulness=Awake, mWakeLockSummary=0x1
02-24 19:46:01.443: D/PowerManagerService(1676): updateUserActivitySummaryLocked: mWakefulness=Awake, mUserActivitySummary=0x4, nextTimeout=-1 (6480874 ms ago)
02-24 19:46:01.443: D/PowerManagerService(1676): updateDisplayPowerStateLocked: mDisplayReady=true, policy=2, mWakefulness=1, mWakeLockSummary=0x1, mUserActivitySummary=0x4, mBootCompleted=true, mScreenBrightnessBoostInProgress=false, mIsVrModeEnabled= false, sQuiescent=false
02-24 19:46:01.466: V/BackupManagerService(1676): restoreAtInstall pkg=com.google.android.apps.mtaas.testloop token=5 restoreSet=0
02-24 19:46:01.466: V/BackupManagerService(1676): Finishing install immediately
02-24 19:46:01.467: D/PowerManagerService(1676): acquireWakeLockInternal: lock=160702955, flags=0x1, tag="GnssLocationProvider", ws=null, uid=1000, pid=1676
02-24 19:46:01.467: D/PowerManagerService(1676): updateWakeLockSummaryLocked: mWakefulness=Awake, mWakeLockSummary=0x1
02-24 19:46:01.467: D/PowerManagerService(1676): updateUserActivitySummaryLocked: mWakefulness=Awake, mUserActivitySummary=0x4, nextTimeout=-1 (6480899 ms ago)
02-24 19:46:01.467: D/PowerManagerService(1676): updateDisplayPowerStateLocked: mDisplayReady=true, policy=2, mWakefulness=1, mWakeLockSummary=0x1, mUserActivitySummary=0x4, mBootCompleted=true, mScreenBrightnessBoostInProgress=false, mIsVrModeEnabled= false, sQuiescent=false
02-24 19:46:01.468: I/GnssLocationProvider(1676): WakeLock acquired by sendMessage(SET_REQUEST, 0, com.android.server.location.GnssLocationProvider$GpsRequest@52a2f)
02-24 19:46:01.468: D/PowerManagerService(1676): releaseWakeLockInternal: lock=160702955 [GnssLocationProvider], flags=0x0
02-24 19:46:01.468: D/PowerManagerService(1676): updateWakeLockSummaryLocked: mWakefulness=Awake, mWakeLockSummary=0x1
02-24 19:46:01.468: D/PowerManagerService(1676): updateUserActivitySummaryLocked: mWakefulness=Awake, mUserActivitySummary=0x4, nextTimeout=-1 (6480899 ms ago)
02-24 19:46:01.468: D/PowerManagerService(1676): updateDisplayPowerStateLocked: mDisplayReady=true, policy=2, mWakefulness=1, mWakeLockSummary=0x1, mUserActivitySummary=0x4, mBootCompleted=true, mScreenBrightnessBoostInProgress=false, mIsVrModeEnabled= false, sQuiescent=false
02-24 19:46:01.469: D/VoldConnector(1676): SND -> {8 volume remount_uid 10087 read}
02-24 19:46:01.469: D/vold(1461): Remounting 10087 as mode read
02-24 19:46:01.470: D/PowerManagerService(1676): acquireWakeLockInternal: lock=73889852, flags=0x1, tag="GCoreFlp", ws=WorkSource{10014 com.google.android.gms}, uid=10014, pid=1892
02-24 19:46:01.470: D/PowerManagerService(1676): updateWakeLockSummaryLocked: mWakefulness=Awake, mWakeLockSummary=0x1
02-24 19:46:01.470: D/PowerManagerService(1676): updateUserActivitySummaryLocked: mWakefulness=Awake, mUserActivitySummary=0x4, nextTimeout=-1 (6480902 ms ago)
02-24 19:46:01.470: D/PowerManagerService(1676): updateDisplayPowerStateLocked: mDisplayReady=true, policy=2, mWakefulness=1, mWakeLockSummary=0x1, mUserActivitySummary=0x4, mBootCompleted=true, mScreenBrightnessBoostInProgress=false, mIsVrModeEnabled= false, sQuiescent=false
02-24 19:46:01.470: I/GnssLocationProvider(1676): WakeLock released by handleMessage(SET_REQUEST, 0, com.android.server.location.GnssLocationProvider$GpsRequest@52a2f)
02-24 19:46:01.471: D/PowerManagerService(1676): releaseWakeLockInternal: lock=73889852 [GCoreFlp], flags=0x0
02-24 19:46:01.471: D/PowerManagerService(1676): updateWakeLockSummaryLocked: mWakefulness=Awake, mWakeLockSummary=0x1
02-24 19:46:01.471: D/PowerManagerService(1676): updateUserActivitySummaryLocked: mWakefulness=Awake, mUserActivitySummary=0x4, nextTimeout=-1 (6480902 ms ago)
02-24 19:46:01.471: D/PowerManagerService(1676): updateDisplayPowerStateLocked: mDisplayReady=true, policy=2, mWakefulness=1, mWakeLockSummary=0x1, mUserActivitySummary=0x4, mBootCompleted=true, mScreenBrightnessBoostInProgress=false, mIsVrModeEnabled= false, sQuiescent=false
02-24 19:46:01.472: D/VoldConnector(1676): RCV <- {200 8 Command succeeded}
02-24 19:46:01.473: D/VoldConnector(1676): SND -> {9 volume remount_uid 10087 write}
02-24 19:46:01.473: D/PowerManagerService(1676): acquireWakeLockInternal: lock=160702955, flags=0x1, tag="GnssLocationProvider", ws=null, uid=1000, pid=1676
02-24 19:46:01.473: D/PowerManagerService(1676): updateWakeLockSummaryLocked: mWakefulness=Awake, mWakeLockSummary=0x1
02-24 19:46:01.473: D/PowerManagerService(1676): updateUserActivitySummaryLocked: mWakefulness=Awake, mUserActivitySummary=0x4, nextTimeout=-1 (6480904 ms ago)
02-24 19:46:01.473: D/PowerManagerService(1676): updateDisplayPowerStateLocked: mDisplayReady=true, policy=2, mWakefulness=1, mWakeLockSummary=0x1, mUserActivitySummary=0x4, mBootCompleted=true, mScreenBrightnessBoostInProgress=false, mIsVrModeEnabled= false, sQuiescent=false
02-24 19:46:01.473: I/GnssLocationProvider(1676): WakeLock acquired by sendMessage(SET_REQUEST, 0, com.android.server.location.GnssLocationProvider$GpsRequest@e987f1a)
02-24 19:46:01.473: D/vold(1461): Remounting 10087 as mode write
02-24 19:46:01.473: D/PowerManagerService(1676): acquireWakeLockInternal: lock=73889852, flags=0x1, tag="GCoreFlp", ws=WorkSource{10014 com.google.android.gms}, uid=10014, pid=1892
02-24 19:46:01.473: D/PowerManagerService(1676): updateWakeLockSummaryLocked: mWakefulness=Awake, mWakeLockSummary=0x1
02-24 19:46:01.473: D/PowerManagerService(1676): updateUserActivitySummaryLocked: mWakefulness=Awake, mUserActivitySummary=0x4, nextTimeout=-1 (6480905 ms ago)
02-24 19:46:01.473: D/PowerManagerService(1676): updateDisplayPowerStateLocked: mDisplayReady=true, policy=2, mWakefulness=1, mWakeLockSummary=0x1, mUserActivitySummary=0x4, mBootCompleted=true, mScreenBrightnessBoostInProgress=false, mIsVrModeEnabled= false, sQuiescent=false
02-24 19:46:01.474: D/PowerManagerService(1676): releaseWakeLockInternal: lock=73889852 [GCoreFlp], flags=0x0
02-24 19:46:01.474: D/PowerManagerService(1676): updateWakeLockSummaryLocked: mWakefulness=Awake, mWakeLockSummary=0x1
02-24 19:46:01.474: D/PowerManagerService(1676): updateUserActivitySummaryLocked: mWakefulness=Awake, mUserActivitySummary=0x4, nextTimeout=-1 (6480906 ms ago)
02-24 19:46:01.474: D/PowerManagerService(1676): updateDisplayPowerStateLocked: mDisplayReady=true, policy=2, mWakefulness=1, mWakeLockSummary=0x1, mUserActivitySummary=0x4, mBootCompleted=true, mScreenBrightnessBoostInProgress=false, mIsVrModeEnabled= false, sQuiescent=false
02-24 19:46:01.475: D/PowerManagerService(1676): releaseWakeLockInternal: lock=160702955 [GnssLocationProvider], flags=0x0
02-24 19:46:01.475: D/PowerManagerService(1676): updateWakeLockSummaryLocked: mWakefulness=Awake, mWakeLockSummary=0x1
02-24 19:46:01.475: D/PowerManagerService(1676): updateUserActivitySummaryLocked: mWakefulness=Awake, mUserActivitySummary=0x4, nextTimeout=-1 (6480907 ms ago)
02-24 19:46:01.475: D/PowerManagerService(1676): updateDisplayPowerStateLocked: mDisplayReady=true, policy=2, mWakefulness=1, mWakeLockSummary=0x1, mUserActivitySummary=0x4, mBootCompleted=true, mScreenBrightnessBoostInProgress=false, mIsVrModeEnabled= false, sQuiescent=false
02-24 19:46:01.475: D/VoldConnector(1676): RCV <- {200 9 Command succeeded}
02-24 19:46:01.475: D/VoldConnector(1676): [ 02-24 19:46:01.476  1554: 1728 E/         ]
02-24 19:46:01.475: D/VoldConnector(1676): Couldn't opendir /data/app/vmdl477406240.tmp: No such file or directory
02-24 19:46:01.476: E/installd(1554): Failed to delete /data/app/vmdl477406240.tmp: No such file or directory
02-24 19:46:01.478: I/Pm(5477): Package com.google.android.apps.mtaas.testloop installed in 370 ms
02-24 19:46:01.480: I/GnssLocationProvider(1676): WakeLock released by handleMessage(SET_REQUEST, 0, com.android.server.location.GnssLocationProvider$GpsRequest@e987f1a)
02-24 19:46:01.481: D/Avrcp(1789): AvrcpServiceBroadcastReceiver-> Action: android.intent.action.PACKAGE_ADDED
02-24 19:46:01.481: D/Avrcp(1789): AvrcpServiceBroadcastReceiver-> packageName: com.google.android.apps.mtaas.testloop
02-24 19:46:01.481: D/Avrcp(1789): packageName: com.google.android.apps.mtaas.testloop removed: false
02-24 19:46:01.481: W/BroadcastQueue(1676): Background execution not allowed: receiving Intent { act=android.intent.action.PACKAGE_ADDED dat=package:com.google.android.apps.mtaas.testloop flg=0x4000010 (has extras) } to com.android.musicfx/.Compatibility$Receiver
02-24 19:46:01.481: D/Avrcp(1789): isBrowsableListUpdated: false
02-24 19:46:01.481: D/BluetoothMapAppObserver(1789): onReceive
02-24 19:46:01.481: D/BluetoothMapAppObserver(1789): The installed package is: com.google.android.apps.mtaas.testloop
02-24 19:46:01.482: D/BluetoothMapAppObserver(1789): Found 0 application(s) with intent android.bluetooth.action.BLUETOOTH_MAP_PROVIDER
02-24 19:46:01.487: D/BluetoothMapAppObserver(1789): Found 0 application(s) with intent android.bluetooth.action.BLUETOOTH_MAP_IM_PROVIDER
02-24 19:46:01.488: I/InputReader(1676): Reconfiguring input devices.  changes=0x00000010
02-24 19:46:01.489: I/app_process(5477): System.exit called, status: 0
02-24 19:46:01.489: I/AndroidRuntime(5477): VM exiting with result code 0.
02-24 19:46:01.495: W/Finsky(4877): [2] com.google.android.finsky.application.impl.a.dw(1487): No account configured on this device.
02-24 19:46:01.502: I/Telecom(1676): DefaultDialerCache: Refreshing default dialer for user 0: now com.google.android.dialer: DDC.oR@AI4
02-24 19:46:01.501: I/chatty(4877): uid=10028(com.android.vending) identical 8 lines
02-24 19:46:01.507: W/Finsky(4877): [2] com.google.android.finsky.application.impl.a.dw(1487): No account configured on this device.
02-24 19:46:01.511: I/Finsky(4877): [2] com.google.android.finsky.wear.WearSupportService.onStartCommand(21): Starting WearSupportService for auto_install
02-24 19:46:01.512: I/Finsky(4877): [2] com.google.android.finsky.wear.ar.a(80): Connecting to wearable; initiated by: com.google.android.finsky.wear.WearSupportService
02-24 19:46:01.514: I/Finsky(4877): [2] com.google.android.finsky.wear.WearSupportService.onStartCommand(21): Starting WearSupportService for send_installed_apps
02-24 19:46:01.515: I/Finsky(4877): [2] com.google.android.finsky.externalreferrer.e.a(52): Package state data is missing for com.google.android.apps.mtaas.testloop
02-24 19:46:01.519: I/Wear_Controller(1892): Wear requires a companion app to be installed.
02-24 19:46:01.519: I/WearableService(1892): onCreate: Wearable Services not starting. Wear is not available on this device.
02-24 19:46:01.520: D/CarrierSvcBindHelper(1908): No carrier app for: 0
02-24 19:46:01.520: W/Finsky(4877): [2] com.google.android.finsky.application.impl.a.dw(1487): No account configured on this device.
02-24 19:46:01.520: D/ImsResolver(1908): maybeAddedImsService, packageName: com.google.android.apps.mtaas.testloop
02-24 19:46:01.524: W/Finsky(4877): [2] com.google.android.finsky.application.impl.a.dw(1487): No account configured on this device.
02-24 19:46:01.528: W/BroadcastQueue(1676): Background execution not allowed: receiving Intent { act=android.intent.action.PACKAGE_ADDED dat=package:com.google.android.apps.mtaas.testloop flg=0x4000010 (has extras) } to com.google.android.googlequicksearchbox/com.google.android.apps.gsa.googlequicksearchbox.GelStubAppWatcher
02-24 19:46:01.530: I/Auth(2291): [SupervisedAccountIntentOperation] onHandleIntent(): android.intent.action.PACKAGE_ADDED
02-24 19:46:01.530: I/Auth(2291): [SupervisedAccountIntentOperation] This operation is disabled
02-24 19:46:01.530: I/ChromeSync(2291): [Sync,SyncIntentOperation] Handling the intent: Intent { act=android.intent.action.PACKAGE_ADDED dat=package:com.google.android.apps.mtaas.testloop flg=0x4000010 cmp=com.google.android.gms/.chimera.GmsIntentOperationService (has extras) }.
02-24 19:46:01.530: D/CarrierConfigLoader(1908): mHandler: 9 phoneId: 0
02-24 19:46:01.531: I/ChromeSync(2291): [Persistence,AffiliationManager] No affiliation data for android://N50vJU0zrJ8WOzDt6r3GDtfqrkROFOSiqHcmppwn3vxaRC4hFpNn4UsL7XlvjtlfcWuDAQhmck0qjQPwsrpMNg==@com.google.android.apps.mtaas.testloop/. Marking affiliation data as stale...
02-24 19:46:01.532: I/FontsPackageChangeOp(2291): Package com.google.android.apps.mtaas.testloop has no metadata
02-24 19:46:01.540: I/ChromeSync(2291): [Persistence,AffiliationManager] Fetching affiliations from the server.
02-24 19:46:01.552: I/PeopleContactsSync(2291): triggerPendingContactsCleanup: no accounts
02-24 19:46:01.561: D/PowerManagerService(1676): updateWakeLockWorkSourceInternal: lock=193461954 [Icing], ws=WorkSource{10014 com.google.android.gms, 10087 com.google.android.apps.mtaas.testloop}
02-24 19:46:01.563: W/WearableService(1892): onGetService: Wear is not available on this device.
02-24 19:46:01.565: E/Finsky(4877): [2] com.google.android.finsky.wear.au.a(3): onConnectionFailed: ConnectionResult{statusCode=API_UNAVAILABLE, resolution=null, message=null}
02-24 19:46:01.565: W/Finsky(4877): [2] com.google.android.finsky.wear.cd.run(12): Dropping command=auto_install due to Gms not connected
02-24 19:46:01.565: I/Finsky(4877): [2] com.google.android.finsky.wear.WearSupportService.b(67): Stopping WearSupportService
02-24 19:46:01.566: W/Finsky(4877): [2] com.google.android.finsky.wear.cd.run(12): Dropping command=send_installed_apps due to Gms not connected
02-24 19:46:01.566: I/Finsky(4877): [2] com.google.android.finsky.wear.WearSupportService.b(67): Stopping WearSupportService
02-24 19:46:01.570: D/AutofillUI(1676): destroySaveUiUiThread(): already destroyed
02-24 19:46:01.587: I/Icing(2291): Indexing com.google.android.gms-apps from com.google.android.gms
02-24 19:46:01.604: I/Icing(2291): Indexing done com.google.android.gms-apps
02-24 19:46:01.611: D/PowerManagerService(1676): updateWakeLockWorkSourceInternal: lock=193461954 [Icing], ws=WorkSource{10087 com.google.android.apps.mtaas.testloop}
02-24 19:46:01.624: D/PowerManagerService(1676): updateWakeLockWorkSourceInternal: lock=193461954 [Icing], ws=WorkSource{10014 com.google.android.gms, 10087 com.google.android.apps.mtaas.testloop}
02-24 19:46:01.637: I/Remoter(1534): Saved screenshot to '/data/screenshots/__pmv__-0083.jpg'
02-24 19:46:01.650: D/PowerManagerService(1676): updateWakeLockWorkSourceInternal: lock=193461954 [Icing], ws=WorkSource{10014 com.google.android.gms}
02-24 19:46:01.664: I/zygote(1676): Background concurrent copying GC freed 41680(2MB) AllocSpace objects, 26(1208KB) LOS objects, 42% free, 11MB/19MB, paused 42us total 187.568ms
02-24 19:46:01.676: I/Icing(2291): IndexChimeraService.getServiceInterface callingPackage=com.google.android.gms componentName=AppsCorpus serviceId=36
02-24 19:46:01.677: I/Icing(2291): IndexChimeraService.getServiceInterface callingPackage=com.google.android.gms componentName=AppsCorpus serviceId=32
02-24 19:46:01.730: I/Icing(2291): Usage reports ok 0, Failed Usage reports 0, indexed 0, rejected 0, imm upload false
02-24 19:46:01.739: I/Icing(2291): Usage reports ok 0, Failed Usage reports 0, indexed 0, rejected 0, imm upload false
02-24 19:46:02.104: D/AndroidRuntime(5514): >>>>>> START com.android.internal.os.RuntimeInit uid 0 <<<<<<
02-24 19:46:02.158: W/app_process(5514): Unexpected CPU variant for X86 using defaults: x86
02-24 19:46:02.159: I/app_process(5514): The ClassLoaderContext is a special shared library.
02-24 19:46:02.159: W/nativebridge(5514): Failed to bind-mount /system/lib/x86/cpuinfo as /proc/cpuinfo: No such file or directory
02-24 19:46:02.175: D/AndroidRuntime(5514): Calling main entry com.android.commands.pm.Pm
02-24 19:46:02.224: I/Finsky(4877): [2] com.google.android.finsky.verifier.impl.PackageVerificationReceiver.onReceive(12): Verification requested, id = 5
02-24 19:46:02.226: W/Finsky(4877): [2] com.google.android.finsky.application.impl.a.dw(1487): No account configured on this device.
02-24 19:46:02.227: I/chatty(4877): uid=10028(com.android.vending) identical 3 lines
02-24 19:46:02.227: W/Finsky(4877): [2] com.google.android.finsky.application.impl.a.dw(1487): No account configured on this device.
02-24 19:46:02.234: I/Finsky(4877): [315] com.google.android.finsky.verifier.impl.ci.a(111): Skipping verification. Disabled by user setting
02-24 19:46:02.234: I/Finsky(4877): [315] com.google.android.finsky.verifier.impl.ci.a(119): Skipping anti malware verification due to pre-check failure
02-24 19:46:02.235: I/Finsky(4877): [2] com.google.android.finsky.verifier.impl.dr.c(191): Verifying id=5, result=1
02-24 19:46:02.237: W/Finsky(4877): [2] com.google.android.finsky.application.impl.a.dw(1487): No account configured on this device.
02-24 19:46:02.237: W/Finsky(4877): [2] com.google.android.finsky.application.impl.a.dw(1487): No account configured on this device.
02-24 19:46:02.237: I/Finsky(4877): [2] com.google.android.finsky.verifier.impl.dr.c(208): Verification complete: id=5, package_name=android.support.test.orchestrator
02-24 19:46:02.239: D/PowerManagerService(1676): acquireWakeLockInternal: lock=28731424, flags=0x1, tag="*dexopt*", ws=WorkSource{-1}, uid=1000, pid=1676
02-24 19:46:02.239: D/PowerManagerService(1676): updateWakeLockSummaryLocked: mWakefulness=Awake, mWakeLockSummary=0x1
02-24 19:46:02.239: D/PowerManagerService(1676): updateUserActivitySummaryLocked: mWakefulness=Awake, mUserActivitySummary=0x4, nextTimeout=-1 (6481671 ms ago)
02-24 19:46:02.239: D/PowerManagerService(1676): updateDisplayPowerStateLocked: mDisplayReady=true, policy=2, mWakefulness=1, mWakeLockSummary=0x1, mUserActivitySummary=0x4, mBootCompleted=true, mScreenBrightnessBoostInProgress=false, mIsVrModeEnabled= false, sQuiescent=false
02-24 19:46:02.240: I/PackageManager.DexOptimizer(1676): Running dexopt (dexoptNeeded=1) on: /data/app/android.support.test.orchestrator-CDKlEBjvMZKMq9zPysvh_Q==/base.apk pkg=android.support.test.orchestrator isa=x86 dexoptFlags=boot_complete,public target-filter=quicken oatDir=/data/app/android.support.test.orchestrator-CDKlEBjvMZKMq9zPysvh_Q==/oat sharedLibraries=PCL[/system/framework/android.test.mock.jar:/system/framework/android.test.runner.jar]
02-24 19:46:02.250: W/dex2oat(5526): Unexpected CPU variant for X86 using defaults: x86
02-24 19:46:02.250: W/dex2oat(5526): Mismatch between dex2oat instruction set features (ISA: X86 Feature string: -ssse3,-sse4.1,-sse4.2,-avx,-avx2,-popcnt) and those of dex2oat executable (ISA: X86 Feature string: ssse3,-sse4.1,-sse4.2,-avx,-avx2,-popcnt) for the command line:
02-24 19:46:02.250: W/dex2oat(5526): /system/bin/dex2oat --zip-fd=7 --zip-location=base.apk --input-vdex-fd=-1 --output-vdex-fd=9 --oat-fd=8 --oat-location=/data/app/android.support.test.orchestrator-CDKlEBjvMZKMq9zPysvh_Q==/oat/x86/base.odex --instruction-set=x86 --instruction-set-variant=x86 --instruction-set-features=default --runtime-arg -Xms64m --runtime-arg -Xmx512m --compiler-filter=quicken --swap-fd=10 --classpath-dir=/data/app/android.support.test.orchestrator-CDKlEBjvMZKMq9zPysvh_Q== --class-loader-context=PCL[/system/framework/android.test.mock.jar:/system/framework/android.test.runner.jar]
02-24 19:46:02.250: I/dex2oat(5526): /system/bin/dex2oat --input-vdex-fd=-1 --output-vdex-fd=9 --compiler-filter=quicken --classpath-dir=/data/app/android.support.test.orchestrator-CDKlEBjvMZKMq9zPysvh_Q== --class-loader-context=PCL[/system/framework/android.test.mock.jar:/system/framework/android.test.runner.jar]
02-24 19:46:02.293: I/dex2oat(5526): dex2oat took 43.613ms (56.462ms cpu) (threads: 2) arena alloc=4KB (5088B) java alloc=130KB (133600B) native alloc=1291KB (1322672B) free=1268KB (1298768B)
02-24 19:46:02.296: D/PowerManagerService(1676): releaseWakeLockInternal: lock=28731424 [*dexopt*], flags=0x0
02-24 19:46:02.296: D/PowerManagerService(1676): updateWakeLockSummaryLocked: mWakefulness=Awake, mWakeLockSummary=0x1
02-24 19:46:02.296: D/PowerManagerService(1676): updateUserActivitySummaryLocked: mWakefulness=Awake, mUserActivitySummary=0x4, nextTimeout=-1 (6481727 ms ago)
02-24 19:46:02.296: D/PowerManagerService(1676): updateDisplayPowerStateLocked: mDisplayReady=true, policy=2, mWakefulness=1, mWakeLockSummary=0x1, mUserActivitySummary=0x4, mBootCompleted=true, mScreenBrightnessBoostInProgress=false, mIsVrModeEnabled= false, sQuiescent=false
02-24 19:46:02.316: V/BackupManagerService(1676): restoreAtInstall pkg=android.support.test.orchestrator token=6 restoreSet=0
02-24 19:46:02.316: V/BackupManagerService(1676): Finishing install immediately
02-24 19:46:02.318: D/PowerManagerService(1676): acquireWakeLockInternal: lock=160702955, flags=0x1, tag="GnssLocationProvider", ws=null, uid=1000, pid=1676
02-24 19:46:02.318: D/PowerManagerService(1676): updateWakeLockSummaryLocked: mWakefulness=Awake, mWakeLockSummary=0x1
02-24 19:46:02.318: D/PowerManagerService(1676): updateUserActivitySummaryLocked: mWakefulness=Awake, mUserActivitySummary=0x4, nextTimeout=-1 (6481750 ms ago)
02-24 19:46:02.318: D/PowerManagerService(1676): updateDisplayPowerStateLocked: mDisplayReady=true, policy=2, mWakefulness=1, mWakeLockSummary=0x1, mUserActivitySummary=0x4, mBootCompleted=true, mScreenBrightnessBoostInProgress=false, mIsVrModeEnabled= false, sQuiescent=false
02-24 19:46:02.319: I/GnssLocationProvider(1676): WakeLock acquired by sendMessage(SET_REQUEST, 0, com.android.server.location.GnssLocationProvider$GpsRequest@92260df)
02-24 19:46:02.319: D/PowerManagerService(1676): releaseWakeLockInternal: lock=160702955 [GnssLocationProvider], flags=0x0
02-24 19:46:02.319: D/PowerManagerService(1676): updateWakeLockSummaryLocked: mWakefulness=Awake, mWakeLockSummary=0x1
02-24 19:46:02.319: D/PowerManagerService(1676): updateUserActivitySummaryLocked: mWakefulness=Awake, mUserActivitySummary=0x4, nextTimeout=-1 (6481750 ms ago)
02-24 19:46:02.319: D/PowerManagerService(1676): updateDisplayPowerStateLocked: mDisplayReady=true, policy=2, mWakefulness=1, mWakeLockSummary=0x1, mUserActivitySummary=0x4, mBootCompleted=true, mScreenBrightnessBoostInProgress=false, mIsVrModeEnabled= false, sQuiescent=false
02-24 19:46:02.319: I/GnssLocationProvider(1676): WakeLock released by handleMessage(SET_REQUEST, 0, com.android.server.location.GnssLocationProvider$GpsRequest@92260df)
02-24 19:46:02.319: D/VoldConnector(1676): SND -> {10 volume remount_uid 10088 read}
02-24 19:46:02.319: D/vold(1461): Remounting 10088 as mode read
02-24 19:46:02.321: D/VoldConnector(1676): RCV <- {200 10 Command succeeded}
02-24 19:46:02.322: D/PowerManagerService(1676): acquireWakeLockInternal: lock=144793900, flags=0x1, tag="GCoreFlp", ws=WorkSource{10014 com.google.android.gms}, uid=10014, pid=1892
02-24 19:46:02.322: D/PowerManagerService(1676): updateWakeLockSummaryLocked: mWakefulness=Awake, mWakeLockSummary=0x1
02-24 19:46:02.322: D/PowerManagerService(1676): updateUserActivitySummaryLocked: mWakefulness=Awake, mUserActivitySummary=0x4, nextTimeout=-1 (6481753 ms ago)
02-24 19:46:02.322: D/PowerManagerService(1676): updateDisplayPowerStateLocked: mDisplayReady=true, policy=2, mWakefulness=1, mWakeLockSummary=0x1, mUserActivitySummary=0x4, mBootCompleted=true, mScreenBrightnessBoostInProgress=false, mIsVrModeEnabled= false, sQuiescent=false
02-24 19:46:02.322: D/PowerManagerService(1676): releaseWakeLockInternal: lock=144793900 [GCoreFlp], flags=0x0
02-24 19:46:02.322: D/PowerManagerService(1676): updateWakeLockSummaryLocked: mWakefulness=Awake, mWakeLockSummary=0x1
02-24 19:46:02.322: D/PowerManagerService(1676): updateUserActivitySummaryLocked: mWakefulness=Awake, mUserActivitySummary=0x4, nextTimeout=-1 (6481754 ms ago)
02-24 19:46:02.322: D/PowerManagerService(1676): updateDisplayPowerStateLocked: mDisplayReady=true, policy=2, mWakefulness=1, mWakeLockSummary=0x1, mUserActivitySummary=0x4, mBootCompleted=true, mScreenBrightnessBoostInProgress=false, mIsVrModeEnabled= false, sQuiescent=false
02-24 19:46:02.322: D/PowerManagerService(1676): acquireWakeLockInternal: lock=160702955, flags=0x1, tag="GnssLocationProvider", ws=null, uid=1000, pid=1676
02-24 19:46:02.322: D/PowerManagerService(1676): updateWakeLockSummaryLocked: mWakefulness=Awake, mWakeLockSummary=0x1
02-24 19:46:02.322: D/PowerManagerService(1676): updateUserActivitySummaryLocked: mWakefulness=Awake, mUserActivitySummary=0x4, nextTimeout=-1 (6481754 ms ago)
02-24 19:46:02.322: D/PowerManagerService(1676): updateDisplayPowerStateLocked: mDisplayReady=true, policy=2, mWakefulness=1, mWakeLockSummary=0x1, mUserActivitySummary=0x4, mBootCompleted=true, mScreenBrightnessBoostInProgress=false, mIsVrModeEnabled= false, sQuiescent=false
02-24 19:46:02.322: I/GnssLocationProvider(1676): WakeLock acquired by sendMessage(SET_REQUEST, 0, com.android.server.location.GnssLocationProvider$GpsRequest@859698a)
02-24 19:46:02.322: D/VoldConnector(1676): SND -> {11 volume remount_uid 10088 write}
02-24 19:46:02.323: D/vold(1461): Remounting 10088 as mode write
02-24 19:46:02.324: D/VoldConnector(1676): RCV <- {200 11 Command succeeded}
02-24 19:46:02.325: D/PowerManagerService(1676): acquireWakeLockInternal: lock=144793900, flags=0x1, tag="GCoreFlp", ws=WorkSource{10014 com.google.android.gms}, uid=10014, pid=1892
02-24 19:46:02.325: D/PowerManagerService(1676): updateWakeLockSummaryLocked: mWakefulness=Awake, mWakeLockSummary=0x1
02-24 19:46:02.325: D/PowerManagerService(1676): updateUserActivitySummaryLocked: mWakefulness=Awake, mUserActivitySummary=0x4, nextTimeout=-1 (6481756 ms ago)
02-24 19:46:02.325: D/PowerManagerService(1676): updateDisplayPowerStateLocked: mDisplayReady=true, policy=2, mWakefulness=1, mWakeLockSummary=0x1, mUserActivitySummary=0x4, mBootCompleted=true, mScreenBrightnessBoostInProgress=false, mIsVrModeEnabled= false, sQuiescent=false
02-24 19:46:02.325: D/PowerManagerService(1676): [ 02-24 19:46:02.325  1554: 1728 E/         ]
02-24 19:46:02.325: D/PowerManagerService(1676): Couldn't opendir /data/app/vmdl1976150634.tmp: No such file or directory
02-24 19:46:02.325: E/installd(1554): Failed to delete /data/app/vmdl1976150634.tmp: No such file or directory
02-24 19:46:02.326: D/PowerManagerService(1676): releaseWakeLockInternal: lock=144793900 [GCoreFlp], flags=0x0
02-24 19:46:02.326: D/PowerManagerService(1676): updateWakeLockSummaryLocked: mWakefulness=Awake, mWakeLockSummary=0x1
02-24 19:46:02.326: D/PowerManagerService(1676): updateUserActivitySummaryLocked: mWakefulness=Awake, mUserActivitySummary=0x4, nextTimeout=-1 (6481758 ms ago)
02-24 19:46:02.326: D/PowerManagerService(1676): updateDisplayPowerStateLocked: mDisplayReady=true, policy=2, mWakefulness=1, mWakeLockSummary=0x1, mUserActivitySummary=0x4, mBootCompleted=true, mScreenBrightnessBoostInProgress=false, mIsVrModeEnabled= false, sQuiescent=false
02-24 19:46:02.326: D/PowerManagerService(1676): releaseWakeLockInternal: lock=160702955 [GnssLocationProvider], flags=0x0
02-24 19:46:02.326: D/PowerManagerService(1676): updateWakeLockSummaryLocked: mWakefulness=Awake, mWakeLockSummary=0x1
02-24 19:46:02.326: D/PowerManagerService(1676): updateUserActivitySummaryLocked: mWakefulness=Awake, mUserActivitySummary=0x4, nextTimeout=-1 (6481758 ms ago)
02-24 19:46:02.326: D/PowerManagerService(1676): updateDisplayPowerStateLocked: mDisplayReady=true, policy=2, mWakefulness=1, mWakeLockSummary=0x1, mUserActivitySummary=0x4, mBootCompleted=true, mScreenBrightnessBoostInProgress=false, mIsVrModeEnabled= false, sQuiescent=false
02-24 19:46:02.326: I/GnssLocationProvider(1676): WakeLock released by handleMessage(SET_REQUEST, 0, com.android.server.location.GnssLocationProvider$GpsRequest@859698a)
02-24 19:46:02.328: I/Pm(5514): Package android.support.test.orchestrator installed in 153 ms
02-24 19:46:02.329: D/PackageInstaller(1676): Ignoring abandon after commit relinquished control
02-24 19:46:02.331: I/app_process(5514): System.exit called, status: 0
02-24 19:46:02.331: I/AndroidRuntime(5514): VM exiting with result code 0.
02-24 19:46:02.338: D/Avrcp(1789): AvrcpServiceBroadcastReceiver-> Action: android.intent.action.PACKAGE_ADDED
02-24 19:46:02.338: D/Avrcp(1789): AvrcpServiceBroadcastReceiver-> packageName: android.support.test.orchestrator
02-24 19:46:02.338: D/Avrcp(1789): packageName: android.support.test.orchestrator removed: false
02-24 19:46:02.338: W/BroadcastQueue(1676): Background execution not allowed: receiving Intent { act=android.intent.action.PACKAGE_ADDED dat=package:android.support.test.orchestrator flg=0x4000010 (has extras) } to com.android.musicfx/.Compatibility$Receiver
02-24 19:46:02.338: D/Avrcp(1789): isBrowsableListUpdated: false
02-24 19:46:02.338: D/BluetoothMapAppObserver(1789): onReceive
02-24 19:46:02.338: D/BluetoothMapAppObserver(1789): The installed package is: android.support.test.orchestrator
02-24 19:46:02.338: D/BluetoothMapAppObserver(1789): Found 0 application(s) with intent android.bluetooth.action.BLUETOOTH_MAP_PROVIDER
02-24 19:46:02.338: D/BluetoothMapAppObserver(1789): Found 0 application(s) with intent android.bluetooth.action.BLUETOOTH_MAP_IM_PROVIDER
02-24 19:46:02.340: I/InputReader(1676): Reconfiguring input devices.  changes=0x00000010
02-24 19:46:02.344: W/Finsky(4877): [2] com.google.android.finsky.application.impl.a.dw(1487): No account configured on this device.
02-24 19:46:02.348: I/Telecom(1676): DefaultDialerCache: Refreshing default dialer for user 0: now com.google.android.dialer: DDC.oR@AJI
02-24 19:46:02.355: I/chatty(4877): uid=10028(com.android.vending) identical 8 lines
02-24 19:46:02.356: W/Finsky(4877): [2] com.google.android.finsky.application.impl.a.dw(1487): No account configured on this device.
02-24 19:46:02.360: I/Finsky(4877): [2] com.google.android.finsky.wear.WearSupportService.onStartCommand(21): Starting WearSupportService for auto_install
02-24 19:46:02.361: I/Finsky(4877): [2] com.google.android.finsky.wear.ar.a(80): Connecting to wearable; initiated by: com.google.android.finsky.wear.WearSupportService
02-24 19:46:02.362: I/Finsky(4877): [2] com.google.android.finsky.wear.WearSupportService.onStartCommand(21): Starting WearSupportService for send_installed_apps
02-24 19:46:02.363: I/Finsky(4877): [2] com.google.android.finsky.externalreferrer.e.a(52): Package state data is missing for android.support.test.orchestrator
02-24 19:46:02.365: W/Finsky(4877): [2] com.google.android.finsky.application.impl.a.dw(1487): No account configured on this device.
02-24 19:46:02.366: D/CarrierSvcBindHelper(1908): No carrier app for: 0
02-24 19:46:02.368: D/ImsResolver(1908): maybeAddedImsService, packageName: android.support.test.orchestrator
02-24 19:46:02.368: D/CarrierConfigLoader(1908): mHandler: 9 phoneId: 0
02-24 19:46:02.370: W/Finsky(4877): [2] com.google.android.finsky.application.impl.a.dw(1487): No account configured on this device.
02-24 19:46:02.371: W/BroadcastQueue(1676): Background execution not allowed: receiving Intent { act=android.intent.action.PACKAGE_ADDED dat=package:android.support.test.orchestrator flg=0x4000010 (has extras) } to com.google.android.googlequicksearchbox/com.google.android.apps.gsa.googlequicksearchbox.GelStubAppWatcher
02-24 19:46:02.373: W/WearableService(1892): onGetService: Wear is not available on this device.
02-24 19:46:02.374: E/Finsky(4877): [2] com.google.android.finsky.wear.au.a(3): onConnectionFailed: ConnectionResult{statusCode=API_UNAVAILABLE, resolution=null, message=null}
02-24 19:46:02.375: W/Finsky(4877): [2] com.google.android.finsky.wear.cd.run(12): Dropping command=auto_install due to Gms not connected
02-24 19:46:02.375: I/Finsky(4877): [2] com.google.android.finsky.wear.WearSupportService.b(67): Stopping WearSupportService
02-24 19:46:02.375: I/Auth(2291): [SupervisedAccountIntentOperation] onHandleIntent(): android.intent.action.PACKAGE_ADDED
02-24 19:46:02.375: I/Auth(2291): [SupervisedAccountIntentOperation] This operation is disabled
02-24 19:46:02.376: I/ChromeSync(2291): [Sync,SyncIntentOperation] Handling the intent: Intent { act=android.intent.action.PACKAGE_ADDED dat=package:android.support.test.orchestrator flg=0x4000010 cmp=com.google.android.gms/.chimera.GmsIntentOperationService (has extras) }.
02-24 19:46:02.377: I/ChromeSync(2291): [Persistence,AffiliationManager] No affiliation data for android://N50vJU0zrJ8WOzDt6r3GDtfqrkROFOSiqHcmppwn3vxaRC4hFpNn4UsL7XlvjtlfcWuDAQhmck0qjQPwsrpMNg==@android.support.test.orchestrator/. Marking affiliation data as stale...
02-24 19:46:02.377: I/FontsPackageChangeOp(2291): Package android.support.test.orchestrator has no metadata
02-24 19:46:02.377: W/Finsky(4877): [2] com.google.android.finsky.wear.cd.run(12): Dropping command=send_installed_apps due to Gms not connected
02-24 19:46:02.377: I/Finsky(4877): [2] com.google.android.finsky.wear.WearSupportService.b(67): Stopping WearSupportService
02-24 19:46:02.382: I/Icing(2291): IndexChimeraService.getServiceInterface callingPackage=com.google.android.gms componentName=AppsCorpus serviceId=32
02-24 19:46:02.382: I/Icing(2291): IndexChimeraService.getServiceInterface callingPackage=com.google.android.gms componentName=AppsCorpus serviceId=36
02-24 19:46:02.383: I/ChromeSync(2291): [Persistence,AffiliationManager] Fetching affiliations from the server.
02-24 19:46:02.391: D/PowerManagerService(1676): updateWakeLockWorkSourceInternal: lock=193461954 [Icing], ws=WorkSource{10014 com.google.android.gms, 10088 android.support.test.orchestrator}
02-24 19:46:02.397: D/AutofillUI(1676): destroySaveUiUiThread(): already destroyed
02-24 19:46:02.397: I/PeopleContactsSync(2291): triggerPendingContactsCleanup: no accounts
02-24 19:46:02.410: D/PowerManagerService(1676): updateWakeLockWorkSourceInternal: lock=193461954 [Icing], ws=WorkSource{10014 com.google.android.gms}
02-24 19:46:02.448: I/Icing(2291): Usage reports ok 0, Failed Usage reports 0, indexed 0, rejected 0, imm upload false
02-24 19:46:02.450: I/zygote(1676): Background concurrent copying GC freed 41667(2MB) AllocSpace objects, 23(1100KB) LOS objects, 42% free, 11MB/20MB, paused 371us total 124.616ms
02-24 19:46:02.459: I/Icing(2291): Usage reports ok 0, Failed Usage reports 0, indexed 0, rejected 0, imm upload false
02-24 19:46:02.686: I/Remoter(1534): Saved screenshot to '/data/screenshots/__pmv__-0084.jpg'
02-24 19:46:02.742: I/Icing(2291): Indexing com.google.android.gms-apps from com.google.android.gms
02-24 19:46:02.753: I/Icing(2291): Indexing done com.google.android.gms-apps
02-24 19:46:02.753: I/Icing(2291): Indexing com.google.android.gms-internal.3p:MobileApplication from com.google.android.gms
02-24 19:46:02.760: I/Icing(2291): Indexing done com.google.android.gms-internal.3p:MobileApplication
02-24 19:46:02.970: D/AndroidRuntime(5551): >>>>>> START com.android.internal.os.RuntimeInit uid 0 <<<<<<
02-24 19:46:03.023: W/app_process(5551): Unexpected CPU variant for X86 using defaults: x86
02-24 19:46:03.024: I/app_process(5551): The ClassLoaderContext is a special shared library.
02-24 19:46:03.025: W/nativebridge(5551): Failed to bind-mount /system/lib/x86/cpuinfo as /proc/cpuinfo: No such file or directory
02-24 19:46:03.040: D/AndroidRuntime(5551): Calling main entry com.android.commands.pm.Pm
02-24 19:46:03.093: I/Finsky(4877): [2] com.google.android.finsky.verifier.impl.PackageVerificationReceiver.onReceive(12): Verification requested, id = 6
02-24 19:46:03.095: W/Finsky(4877): [2] com.google.android.finsky.application.impl.a.dw(1487): No account configured on this device.
02-24 19:46:03.096: I/chatty(4877): uid=10028(com.android.vending) identical 3 lines
02-24 19:46:03.096: W/Finsky(4877): [2] com.google.android.finsky.application.impl.a.dw(1487): No account configured on this device.
02-24 19:46:03.102: I/Finsky(4877): [312] com.google.android.finsky.verifier.impl.ci.a(111): Skipping verification. Disabled by user setting
02-24 19:46:03.102: I/Finsky(4877): [312] com.google.android.finsky.verifier.impl.ci.a(119): Skipping anti malware verification due to pre-check failure
02-24 19:46:03.102: I/Finsky(4877): [2] com.google.android.finsky.verifier.impl.dr.c(191): Verifying id=6, result=1
02-24 19:46:03.103: W/Finsky(4877): [2] com.google.android.finsky.application.impl.a.dw(1487): No account configured on this device.
02-24 19:46:03.103: W/Finsky(4877): [2] com.google.android.finsky.application.impl.a.dw(1487): No account configured on this device.
02-24 19:46:03.104: I/Finsky(4877): [2] com.google.android.finsky.verifier.impl.dr.c(208): Verification complete: id=6, package_name=androidx.test.orchestrator
02-24 19:46:03.107: D/PowerManagerService(1676): acquireWakeLockInternal: lock=28731424, flags=0x1, tag="*dexopt*", ws=WorkSource{-1}, uid=1000, pid=1676
02-24 19:46:03.107: D/PowerManagerService(1676): updateWakeLockSummaryLocked: mWakefulness=Awake, mWakeLockSummary=0x1
02-24 19:46:03.107: D/PowerManagerService(1676): updateUserActivitySummaryLocked: mWakefulness=Awake, mUserActivitySummary=0x4, nextTimeout=-1 (6482538 ms ago)
02-24 19:46:03.107: D/PowerManagerService(1676): updateDisplayPowerStateLocked: mDisplayReady=true, policy=2, mWakefulness=1, mWakeLockSummary=0x1, mUserActivitySummary=0x4, mBootCompleted=true, mScreenBrightnessBoostInProgress=false, mIsVrModeEnabled= false, sQuiescent=false
02-24 19:46:03.107: I/PackageManager.DexOptimizer(1676): Running dexopt (dexoptNeeded=1) on: /data/app/androidx.test.orchestrator-FgwXgKrrCtLgZ40heNHmfA==/base.apk pkg=androidx.test.orchestrator isa=x86 dexoptFlags=boot_complete,debuggable,public target-filter=quicken oatDir=/data/app/androidx.test.orchestrator-FgwXgKrrCtLgZ40heNHmfA==/oat sharedLibraries=PCL[/system/framework/android.test.mock.jar:/system/framework/android.test.runner.jar]
