02-24 19:46:21.988: D/PowerManagerService(1676): updateUserActivitySummaryLocked: mWakefulness=Awake, mUserActivitySummary=0x4, nextTimeout=-1 (6501420 ms ago)
02-24 19:46:21.988: D/PowerManagerService(1676): updateDisplayPowerStateLocked: mDisplayReady=true, policy=2, mWakefulness=1, mWakeLockSummary=0x1, mUserActivitySummary=0x4, mBootCompleted=true, mScreenBrightnessBoostInProgress=false, mIsVrModeEnabled= false, sQuiescent=false
02-24 19:46:21.998: I/OcrModelUpStIntentOp(2291): Downloading text recognizer
02-24 19:46:22.000: D/PowerManagerService(1676): releaseWakeLockInternal: lock=244681690 [Icing], flags=0x0
02-24 19:46:22.000: D/PowerManagerService(1676): updateWakeLockSummaryLocked: mWakefulness=Awake, mWakeLockSummary=0x1
02-24 19:46:22.000: D/PowerManagerService(1676): updateUserActivitySummaryLocked: mWakefulness=Awake, mUserActivitySummary=0x4, nextTimeout=-1 (6501432 ms ago)
02-24 19:46:22.000: D/PowerManagerService(1676): updateDisplayPowerStateLocked: mDisplayReady=true, policy=2, mWakefulness=1, mWakeLockSummary=0x1, mUserActivitySummary=0x4, mBootCompleted=true, mScreenBrightnessBoostInProgress=false, mIsVrModeEnabled= false, sQuiescent=false
02-24 19:46:22.004: D/PowerManagerService(1676): acquireWakeLockInternal: lock=95758722, flags=0x1, tag="UlrDispSvcFastWL", ws=null, uid=10014, pid=1892
02-24 19:46:22.004: D/PowerManagerService(1676): updateWakeLockSummaryLocked: mWakefulness=Awake, mWakeLockSummary=0x1
02-24 19:46:22.004: D/PowerManagerService(1676): updateUserActivitySummaryLocked: mWakefulness=Awake, mUserActivitySummary=0x4, nextTimeout=-1 (6501435 ms ago)
02-24 19:46:22.004: D/PowerManagerService(1676): updateDisplayPowerStateLocked: mDisplayReady=true, policy=2, mWakefulness=1, mWakeLockSummary=0x1, mUserActivitySummary=0x4, mBootCompleted=true, mScreenBrightnessBoostInProgress=false, mIsVrModeEnabled= false, sQuiescent=false
02-24 19:46:22.009: D/PowerManagerService(1676): acquireWakeLockInternal: lock=6373933, flags=0x1, tag="GCoreFlp", ws=WorkSource{10014 com.google.android.gms}, uid=10014, pid=1892
02-24 19:46:22.009: D/PowerManagerService(1676): updateWakeLockSummaryLocked: mWakefulness=Awake, mWakeLockSummary=0x1
02-24 19:46:22.009: D/PowerManagerService(1676): updateUserActivitySummaryLocked: mWakefulness=Awake, mUserActivitySummary=0x4, nextTimeout=-1 (6501441 ms ago)
02-24 19:46:22.009: D/PowerManagerService(1676): updateDisplayPowerStateLocked: mDisplayReady=true, policy=2, mWakefulness=1, mWakeLockSummary=0x1, mUserActivitySummary=0x4, mBootCompleted=true, mScreenBrightnessBoostInProgress=false, mIsVrModeEnabled= false, sQuiescent=false
02-24 19:46:22.011: D/PowerManagerService(1676): releaseWakeLockInternal: lock=6373933 [GCoreFlp], flags=0x0
02-24 19:46:22.011: D/PowerManagerService(1676): updateWakeLockSummaryLocked: mWakefulness=Awake, mWakeLockSummary=0x1
02-24 19:46:22.011: D/PowerManagerService(1676): updateUserActivitySummaryLocked: mWakefulness=Awake, mUserActivitySummary=0x4, nextTimeout=-1 (6501442 ms ago)
02-24 19:46:22.011: D/PowerManagerService(1676): updateDisplayPowerStateLocked: mDisplayReady=true, policy=2, mWakefulness=1, mWakeLockSummary=0x1, mUserActivitySummary=0x4, mBootCompleted=true, mScreenBrightnessBoostInProgress=false, mIsVrModeEnabled= false, sQuiescent=false
02-24 19:46:22.011: I/GCoreUlr(1892): Unbound from all signal providers.
02-24 19:46:22.011: I/GCoreUlr(1892): Stopping handler for UlrDispSvcFast
02-24 19:46:22.011: E/NetworkScheduler(1892): Invalid component specified.
02-24 19:46:22.030: I/GCoreUlr(1892): DispatchingService ignoring Intent { act=android.net.wifi.WIFI_STATE_CHANGED flg=0x4000010 (has extras) } because ULR inactive
02-24 19:46:22.032: D/PowerManagerService(1676): acquireWakeLockInternal: lock=65127759, flags=0x1, tag="NlpWakeLock", ws=WorkSource{10014 com.google.android.gms}, uid=10014, pid=1892
02-24 19:46:22.033: D/PowerManagerService(1676): updateWakeLockSummaryLocked: mWakefulness=Awake, mWakeLockSummary=0x1
02-24 19:46:22.033: D/PowerManagerService(1676): updateUserActivitySummaryLocked: mWakefulness=Awake, mUserActivitySummary=0x4, nextTimeout=-1 (6501464 ms ago)
02-24 19:46:22.033: D/PowerManagerService(1676): updateDisplayPowerStateLocked: mDisplayReady=true, policy=2, mWakefulness=1, mWakeLockSummary=0x1, mUserActivitySummary=0x4, mBootCompleted=true, mScreenBrightnessBoostInProgress=false, mIsVrModeEnabled= false, sQuiescent=false
02-24 19:46:22.033: D/PowerManagerService(1676): releaseWakeLockInternal: lock=65127759 [NlpWakeLock], flags=0x0
02-24 19:46:22.033: D/PowerManagerService(1676): updateWakeLockSummaryLocked: mWakefulness=Awake, mWakeLockSummary=0x1
02-24 19:46:22.033: D/PowerManagerService(1676): updateUserActivitySummaryLocked: mWakefulness=Awake, mUserActivitySummary=0x4, nextTimeout=-1 (6501465 ms ago)
02-24 19:46:22.033: D/PowerManagerService(1676): updateDisplayPowerStateLocked: mDisplayReady=true, policy=2, mWakefulness=1, mWakeLockSummary=0x1, mUserActivitySummary=0x4, mBootCompleted=true, mScreenBrightnessBoostInProgress=false, mIsVrModeEnabled= false, sQuiescent=false
02-24 19:46:22.038: E/NetworkScheduler(1892): Invalid component specified.
02-24 19:46:22.039: D/PowerManagerService(1676): releaseWakeLockInternal: lock=95758722 [UlrDispSvcFastWL], flags=0x0
02-24 19:46:22.039: D/PowerManagerService(1676): updateWakeLockSummaryLocked: mWakefulness=Awake, mWakeLockSummary=0x1
02-24 19:46:22.039: D/PowerManagerService(1676): updateUserActivitySummaryLocked: mWakefulness=Awake, mUserActivitySummary=0x4, nextTimeout=-1 (6501470 ms ago)
02-24 19:46:22.039: D/PowerManagerService(1676): updateDisplayPowerStateLocked: mDisplayReady=true, policy=2, mWakefulness=1, mWakeLockSummary=0x1, mUserActivitySummary=0x4, mBootCompleted=true, mScreenBrightnessBoostInProgress=false, mIsVrModeEnabled= false, sQuiescent=false
02-24 19:46:22.045: I/Vision(2291): Details: ocr_x86.zip, ff3dcfd5e3828224849fbeffe1ed2e71a7ad3400
02-24 19:46:22.045: I/Vision(2291): Engine already satisfied by existing download for ocr
02-24 19:46:22.053: D/PowerManagerService(1676): releaseWakeLockInternal: lock=220654741 [*net_scheduler*], flags=0x0
02-24 19:46:22.053: D/PowerManagerService(1676): updateWakeLockSummaryLocked: mWakefulness=Awake, mWakeLockSummary=0x1
02-24 19:46:22.053: D/PowerManagerService(1676): updateUserActivitySummaryLocked: mWakefulness=Awake, mUserActivitySummary=0x4, nextTimeout=-1 (6501485 ms ago)
02-24 19:46:22.053: D/PowerManagerService(1676): updateDisplayPowerStateLocked: mDisplayReady=true, policy=2, mWakefulness=1, mWakeLockSummary=0x1, mUserActivitySummary=0x4, mBootCompleted=true, mScreenBrightnessBoostInProgress=false, mIsVrModeEnabled= false, sQuiescent=false
02-24 19:46:22.059: D/PowerManagerService(1676): acquireWakeLockInternal: lock=220654741, flags=0x1, tag="*net_scheduler*", ws=WorkSource{10014 com.google.android.gms}, uid=10014, pid=1892
02-24 19:46:22.059: D/PowerManagerService(1676): updateWakeLockSummaryLocked: mWakefulness=Awake, mWakeLockSummary=0x1
02-24 19:46:22.059: D/PowerManagerService(1676): updateUserActivitySummaryLocked: mWakefulness=Awake, mUserActivitySummary=0x4, nextTimeout=-1 (6501490 ms ago)
02-24 19:46:22.059: D/PowerManagerService(1676): updateDisplayPowerStateLocked: mDisplayReady=true, policy=2, mWakefulness=1, mWakeLockSummary=0x1, mUserActivitySummary=0x4, mBootCompleted=true, mScreenBrightnessBoostInProgress=false, mIsVrModeEnabled= false, sQuiescent=false
02-24 19:46:22.069: I/zygote(1892): Background concurrent copying GC freed 47980(3MB) AllocSpace objects, 6(248KB) LOS objects, 49% free, 7MB/14MB, paused 15.114ms total 304.468ms
02-24 19:46:22.073: D/PowerManagerService(1676): releaseWakeLockInternal: lock=220654741 [*net_scheduler*], flags=0x0
02-24 19:46:22.073: D/PowerManagerService(1676): updateWakeLockSummaryLocked: mWakefulness=Awake, mWakeLockSummary=0x1
02-24 19:46:22.073: D/PowerManagerService(1676): updateUserActivitySummaryLocked: mWakefulness=Awake, mUserActivitySummary=0x4, nextTimeout=-1 (6501504 ms ago)
02-24 19:46:22.073: D/PowerManagerService(1676): updateDisplayPowerStateLocked: mDisplayReady=true, policy=2, mWakefulness=1, mWakeLockSummary=0x1, mUserActivitySummary=0x4, mBootCompleted=true, mScreenBrightnessBoostInProgress=false, mIsVrModeEnabled= false, sQuiescent=false
02-24 19:46:22.092: W/zygote(5961): Unexpected CPU variant for X86 using defaults: x86
02-24 19:46:22.094: I/ActivityManager(1676): Start proc 5961:com.google.android.gms.ui/u0a14 for service com.google.android.gms/.chimera.UiIntentOperationService
02-24 19:46:22.098: E/IntentOperationSvc(1892): Failed to instantiate Chimera operation impl com.google.android.gms.instantapps.routing.PhenotypeUpdateIntentOperation, dropping operation
02-24 19:46:22.098: E/IntentOperationSvc(1892): java.lang.NoSuchMethodException: <init> []
02-24 19:46:22.098: E/IntentOperationSvc(1892): 	at java.lang.Class.getConstructor0(Class.java:2320)
02-24 19:46:22.098: E/IntentOperationSvc(1892): 	at java.lang.Class.getConstructor(Class.java:1725)
02-24 19:46:22.098: E/IntentOperationSvc(1892): 	at dnl.a(:com.google.android.gms@14367022@14.3.67 (040700-216465562):12)
02-24 19:46:22.098: E/IntentOperationSvc(1892): 	at dnm.run(:com.google.android.gms@14367022@14.3.67 (040700-216465562):67)
02-24 19:46:22.098: E/IntentOperationSvc(1892): 	at java.util.concurrent.ThreadPoolExecutor.runWorker(ThreadPoolExecutor.java:1162)
02-24 19:46:22.098: E/IntentOperationSvc(1892): 	at java.util.concurrent.ThreadPoolExecutor$Worker.run(ThreadPoolExecutor.java:636)
02-24 19:46:22.098: E/IntentOperationSvc(1892): 	at java.lang.Thread.run(Thread.java:764)
02-24 19:46:22.100: I/zygote(1892): Deoptimizing int dqx.a(bivh, dqw, java.lang.Comparable) due to JIT inline cache
02-24 19:46:22.111: I/TestSupport(2291): AwaitCommitOperation: SaveStrategy__enableSaving
02-24 19:46:22.115: I/TestSupport(2291): AwaitCommitOperation: uncommitted: FlagOverride(com.google.android.gms.auth.api.credentials, , Flag(SaveStrategy__enableSaving, false, 2, 0), false)
02-24 19:46:22.115: I/TestSupport(2291): AwaitCommitOperation:  sleeping for 10 msec.
02-24 19:46:22.136: I/zygote(5961): The ClassLoaderContext is a special shared library.
02-24 19:46:22.136: I/zygote(5961): The ClassLoaderContext is a special shared library.
02-24 19:46:22.154: W/GmsApplication(5961): Failed to invoke the SupplierSetterRegistry.
02-24 19:46:22.161: I/Remoter(1534): Saved screenshot to '/data/screenshots/__pmv__-0098.jpg'
02-24 19:46:22.180: V/NativeCrypto(5961): Registering com/google/android/gms/org/conscrypt/NativeCrypto's 287 native methods...
02-24 19:46:22.195: D/NetworkSecurityConfig(5961): Using Network Security Config from resource network_security_config debugBuild: false
02-24 19:46:22.195: I/ProviderInstaller(5961): Installed default security provider GmsCore_OpenSSL
02-24 19:46:22.258: W/Primes(5961): Primes not initialized, returning default (no-op) Primes instance which will ignore all calls. Please call Primes.initialize(...) before using any Primes API.
02-24 19:46:22.264: I/TestSupport(2291): AwaitCommitOperation: uncommitted: FlagOverride(com.google.android.gms.auth.api.credentials, , Flag(SaveStrategy__enableSaving, false, 2, 0), false)
02-24 19:46:22.264: I/TestSupport(2291): AwaitCommitOperation:  sleeping for 20 msec.
02-24 19:46:22.291: W/ModuleInitIntentOp(2291): Dropping unexpected action com.google.android.gms.phenotype.COMMITTED
02-24 19:46:22.294: D/PowerManagerService(1676): acquireWakeLockInternal: lock=139463809, flags=0x1, tag="CMWakeLock", ws=WorkSource{10014 com.google.android.gms}, uid=10014, pid=1892
02-24 19:46:22.294: D/PowerManagerService(1676): updateWakeLockSummaryLocked: mWakefulness=Awake, mWakeLockSummary=0x1
02-24 19:46:22.295: D/PowerManagerService(1676): updateUserActivitySummaryLocked: mWakefulness=Awake, mUserActivitySummary=0x4, nextTimeout=-1 (6501726 ms ago)
02-24 19:46:22.295: D/PowerManagerService(1676): updateDisplayPowerStateLocked: mDisplayReady=true, policy=2, mWakefulness=1, mWakeLockSummary=0x1, mUserActivitySummary=0x4, mBootCompleted=true, mScreenBrightnessBoostInProgress=false, mIsVrModeEnabled= false, sQuiescent=false
02-24 19:46:22.298: D/PowerManagerService(1676): releaseWakeLockInternal: lock=139463809 [CMWakeLock], flags=0x0
02-24 19:46:22.298: D/PowerManagerService(1676): updateWakeLockSummaryLocked: mWakefulness=Awake, mWakeLockSummary=0x1
02-24 19:46:22.298: D/PowerManagerService(1676): updateUserActivitySummaryLocked: mWakefulness=Awake, mUserActivitySummary=0x4, nextTimeout=-1 (6501729 ms ago)
02-24 19:46:22.298: D/PowerManagerService(1676): updateDisplayPowerStateLocked: mDisplayReady=true, policy=2, mWakefulness=1, mWakeLockSummary=0x1, mUserActivitySummary=0x4, mBootCompleted=true, mScreenBrightnessBoostInProgress=false, mIsVrModeEnabled= false, sQuiescent=false
02-24 19:46:22.300: I/PTCommittedOperation(1892): Receive new configuration for com.google.android.gms.auth.api.credentials
02-24 19:46:22.301: D/PowerManagerService(1676): acquireWakeLockInternal: lock=244681690, flags=0x1, tag="Icing", ws=WorkSource{10014 com.google.android.gms}, uid=10014, pid=2291
02-24 19:46:22.301: D/PowerManagerService(1676): updateWakeLockSummaryLocked: mWakefulness=Awake, mWakeLockSummary=0x1
02-24 19:46:22.302: D/PowerManagerService(1676): updateUserActivitySummaryLocked: mWakefulness=Awake, mUserActivitySummary=0x4, nextTimeout=-1 (6501733 ms ago)
02-24 19:46:22.302: D/PowerManagerService(1676): updateDisplayPowerStateLocked: mDisplayReady=true, policy=2, mWakefulness=1, mWakeLockSummary=0x1, mUserActivitySummary=0x4, mBootCompleted=true, mScreenBrightnessBoostInProgress=false, mIsVrModeEnabled= false, sQuiescent=false
02-24 19:46:22.310: D/PowerManagerService(1676): releaseWakeLockInternal: lock=244681690 [Icing], flags=0x0
02-24 19:46:22.311: D/PowerManagerService(1676): updateWakeLockSummaryLocked: mWakefulness=Awake, mWakeLockSummary=0x1
02-24 19:46:22.311: D/PowerManagerService(1676): updateUserActivitySummaryLocked: mWakefulness=Awake, mUserActivitySummary=0x4, nextTimeout=-1 (6501742 ms ago)
02-24 19:46:22.311: D/PowerManagerService(1676): updateDisplayPowerStateLocked: mDisplayReady=true, policy=2, mWakefulness=1, mWakeLockSummary=0x1, mUserActivitySummary=0x4, mBootCompleted=true, mScreenBrightnessBoostInProgress=false, mIsVrModeEnabled= false, sQuiescent=false
02-24 19:46:22.333: I/TestSupport(2291): AwaitCommitOperation: FlagOverride(com.google.android.gms.auth.api.credentials, , Flag(SaveStrategy__enableSaving, false, 2, 0), true) committed
02-24 19:46:22.333: I/TestSupport(2291): AwaitCommitOperation: no more uncommitted overrides
02-24 19:46:22.426: I/ActivityManager(1676): Start proc 5998:com.google.android.contacts/u0a25 for service com.google.android.contacts/com.google.android.apps.contacts.service.ContactsService
02-24 19:46:22.427: W/zygote(5998): Unexpected CPU variant for X86 using defaults: x86
02-24 19:46:22.428: I/TestSupport(2291): AwaitCommitOperation: *
02-24 19:46:22.432: I/TestSupport(2291): AwaitCommitOperation: FlagOverride(com.google.android.gms.auth.api.credentials, , Flag(SaveStrategy__enableSaving, false, 2, 0), true) committed
02-24 19:46:22.432: I/TestSupport(2291): AwaitCommitOperation: no more uncommitted overrides
02-24 19:46:22.457: I/zygote(5998): The ClassLoaderContext is a special shared library.
02-24 19:46:22.461: W/Conscrypt(1892): Could not set socket write timeout: java.net.SocketException: Socket closed
02-24 19:46:22.461: W/Conscrypt(1892): 	at com.google.android.gms.org.conscrypt.Platform.setSocketWriteTimeout(:com.google.android.gms@14367022@14.3.67 (040700-216465562):2)
02-24 19:46:22.461: W/Conscrypt(1892): 	at com.google.android.gms.org.conscrypt.ConscryptFileDescriptorSocket.setSoWriteTimeout(:com.google.android.gms@14367022@14.3.67 (040700-216465562):2)
02-24 19:46:22.507: I/TSDRIVER(5855): Handled command: PACKAGE
02-24 19:46:22.508: I/TSDRIVER(5855): CommandService onHandleIntent()
02-24 19:46:22.508: I/TSDRIVER(5855): Got command: PACKAGE
02-24 19:46:22.508: I/TSDRIVER(5855): flag package: Eh9jb20uZ29vZ2xlLmFuZHJvaWQuZ21zLmF1dG9maWxsGhQKEGF1dG9maWxsX2VuYWJsZWQYAA
02-24 19:46:22.508: I/TSDRIVER(5855): flag package: com.google.android.gms.autofill
02-24 19:46:22.510: I/TestSupport(2291): SetFlagOverridesOperation: com.google.android.gms.autofill, '', [Flag(autofill_enabled, false, 2, 0)]
02-24 19:46:22.514: I/GAv4(5998): Google Analytics 10.2.98 is starting up. To enable debug logging on a device run:
02-24 19:46:22.514: I/GAv4(5998):   adb shell setprop log.tag.GAv4 DEBUG
02-24 19:46:22.514: I/GAv4(5998):   adb logcat -s GAv4
02-24 19:46:22.516: W/Conscrypt(1892): Could not set socket write timeout: java.net.SocketException: Socket closed
02-24 19:46:22.516: W/Conscrypt(1892): 	at com.google.android.gms.org.conscrypt.Platform.setSocketWriteTimeout(:com.google.android.gms@14367022@14.3.67 (040700-216465562):2)
02-24 19:46:22.516: W/Conscrypt(1892): 	at com.google.android.gms.org.conscrypt.ConscryptFileDescriptorSocket.setSoWriteTimeout(:com.google.android.gms@14367022@14.3.67 (040700-216465562):2)
02-24 19:46:22.532: W/GAv4(5998): AnalyticsReceiver is not registered or is disabled. Register the receiver for reliable dispatching on non-Google Play devices. See http://goo.gl/8Rd3yj for instructions.
02-24 19:46:22.537: E/IntentOperationSvc(1892): Failed to instantiate Chimera operation impl com.google.android.gms.instantapps.routing.PhenotypeUpdateIntentOperation, dropping operation
02-24 19:46:22.537: E/IntentOperationSvc(1892): java.lang.NoSuchMethodException: <init> []
02-24 19:46:22.537: E/IntentOperationSvc(1892): 	at java.lang.Class.getConstructor0(Class.java:2320)
02-24 19:46:22.537: E/IntentOperationSvc(1892): 	at java.lang.Class.getConstructor(Class.java:1725)
02-24 19:46:22.537: E/IntentOperationSvc(1892): 	at dnl.a(:com.google.android.gms@14367022@14.3.67 (040700-216465562):12)
02-24 19:46:22.537: E/IntentOperationSvc(1892): 	at dnm.run(:com.google.android.gms@14367022@14.3.67 (040700-216465562):67)
02-24 19:46:22.537: E/IntentOperationSvc(1892): 	at java.util.concurrent.ThreadPoolExecutor.runWorker(ThreadPoolExecutor.java:1162)
02-24 19:46:22.537: E/IntentOperationSvc(1892): 	at java.util.concurrent.ThreadPoolExecutor$Worker.run(ThreadPoolExecutor.java:636)
02-24 19:46:22.537: E/IntentOperationSvc(1892): 	at java.lang.Thread.run(Thread.java:764)
02-24 19:46:22.551: I/TestSupport(2291): AwaitCommitOperation: autofill_enabled
02-24 19:46:22.563: I/TestSupport(2291): AwaitCommitOperation: uncommitted: FlagOverride(com.google.android.gms.autofill, , Flag(autofill_enabled, false, 2, 0), false)
02-24 19:46:22.563: I/TestSupport(2291): AwaitCommitOperation:  sleeping for 10 msec.
02-24 19:46:22.567: D/PowerManagerService(1676): acquireWakeLockInternal: lock=175229115, flags=0x1, tag="*job*/com.google.android.contacts/com.google.android.apps.contacts.service.ContactsService", ws=WorkSource{10025}, uid=1000, pid=1676
02-24 19:46:22.567: D/PowerManagerService(1676): updateWakeLockSummaryLocked: mWakefulness=Awake, mWakeLockSummary=0x1
02-24 19:46:22.567: D/PowerManagerService(1676): updateUserActivitySummaryLocked: mWakefulness=Awake, mUserActivitySummary=0x4, nextTimeout=-1 (6501999 ms ago)
02-24 19:46:22.567: D/PowerManagerService(1676): updateDisplayPowerStateLocked: mDisplayReady=true, policy=2, mWakefulness=1, mWakeLockSummary=0x1, mUserActivitySummary=0x4, mBootCompleted=true, mScreenBrightnessBoostInProgress=false, mIsVrModeEnabled= false, sQuiescent=false
02-24 19:46:22.572: W/GAv4(5998): CampaignTrackingReceiver is not registered, not exported or is disabled. Installation campaign tracking is not possible. See http://goo.gl/8Rd3yj for instructions.
02-24 19:46:22.579: W/GAv4(5998): AnalyticsService not registered in the app manifest. Hits might not be delivered reliably. See http://goo.gl/8Rd3yj for instructions.
02-24 19:46:22.615: W/ModuleInitIntentOp(2291): Dropping unexpected action com.google.android.gms.phenotype.COMMITTED
02-24 19:46:22.620: I/PTCommittedOperation(1892): Receive new configuration for com.google.android.gms.autofill
02-24 19:46:22.621: D/PowerManagerService(1676): acquireWakeLockInternal: lock=244681690, flags=0x1, tag="Icing", ws=WorkSource{10014 com.google.android.gms}, uid=10014, pid=2291
02-24 19:46:22.621: D/PowerManagerService(1676): updateWakeLockSummaryLocked: mWakefulness=Awake, mWakeLockSummary=0x1
02-24 19:46:22.621: D/PowerManagerService(1676): updateUserActivitySummaryLocked: mWakefulness=Awake, mUserActivitySummary=0x4, nextTimeout=-1 (6502052 ms ago)
02-24 19:46:22.621: D/PowerManagerService(1676): updateDisplayPowerStateLocked: mDisplayReady=true, policy=2, mWakefulness=1, mWakeLockSummary=0x1, mUserActivitySummary=0x4, mBootCompleted=true, mScreenBrightnessBoostInProgress=false, mIsVrModeEnabled= false, sQuiescent=false
02-24 19:46:22.621: D/PowerManagerService(1676): acquireWakeLockInternal: lock=139463809, flags=0x1, tag="CMWakeLock", ws=WorkSource{10014 com.google.android.gms}, uid=10014, pid=1892
02-24 19:46:22.621: D/PowerManagerService(1676): updateWakeLockSummaryLocked: mWakefulness=Awake, mWakeLockSummary=0x1
02-24 19:46:22.621: D/PowerManagerService(1676): updateUserActivitySummaryLocked: mWakefulness=Awake, mUserActivitySummary=0x4, nextTimeout=-1 (6502053 ms ago)
02-24 19:46:22.621: D/PowerManagerService(1676): updateDisplayPowerStateLocked: mDisplayReady=true, policy=2, mWakefulness=1, mWakeLockSummary=0x1, mUserActivitySummary=0x4, mBootCompleted=true, mScreenBrightnessBoostInProgress=false, mIsVrModeEnabled= false, sQuiescent=false
02-24 19:46:22.622: D/PowerManagerService(1676): releaseWakeLockInternal: lock=139463809 [CMWakeLock], flags=0x0
02-24 19:46:22.622: D/PowerManagerService(1676): updateWakeLockSummaryLocked: mWakefulness=Awake, mWakeLockSummary=0x1
02-24 19:46:22.622: D/PowerManagerService(1676): updateUserActivitySummaryLocked: mWakefulness=Awake, mUserActivitySummary=0x4, nextTimeout=-1 (6502053 ms ago)
02-24 19:46:22.622: D/PowerManagerService(1676): updateDisplayPowerStateLocked: mDisplayReady=true, policy=2, mWakefulness=1, mWakeLockSummary=0x1, mUserActivitySummary=0x4, mBootCompleted=true, mScreenBrightnessBoostInProgress=false, mIsVrModeEnabled= false, sQuiescent=false
02-24 19:46:22.623: D/PowerManagerService(1676): releaseWakeLockInternal: lock=244681690 [Icing], flags=0x0
02-24 19:46:22.623: D/PowerManagerService(1676): updateWakeLockSummaryLocked: mWakefulness=Awake, mWakeLockSummary=0x1
02-24 19:46:22.623: D/PowerManagerService(1676): updateUserActivitySummaryLocked: mWakefulness=Awake, mUserActivitySummary=0x4, nextTimeout=-1 (6502055 ms ago)
02-24 19:46:22.623: D/PowerManagerService(1676): updateDisplayPowerStateLocked: mDisplayReady=true, policy=2, mWakefulness=1, mWakeLockSummary=0x1, mUserActivitySummary=0x4, mBootCompleted=true, mScreenBrightnessBoostInProgress=false, mIsVrModeEnabled= false, sQuiescent=false
02-24 19:46:22.624: I/TestSupport(2291): AwaitCommitOperation: FlagOverride(com.google.android.gms.autofill, , Flag(autofill_enabled, false, 2, 0), true) committed
02-24 19:46:22.624: I/TestSupport(2291): AwaitCommitOperation: no more uncommitted overrides
02-24 19:46:22.628: D/PowerManagerService(1676): releaseWakeLockInternal: lock=175229115 [*job*/com.google.android.contacts/com.google.android.apps.contacts.service.ContactsService], flags=0x0
02-24 19:46:22.628: D/PowerManagerService(1676): updateWakeLockSummaryLocked: mWakefulness=Awake, mWakeLockSummary=0x1
02-24 19:46:22.628: D/PowerManagerService(1676): updateUserActivitySummaryLocked: mWakefulness=Awake, mUserActivitySummary=0x4, nextTimeout=-1 (6502060 ms ago)
02-24 19:46:22.628: D/PowerManagerService(1676): updateDisplayPowerStateLocked: mDisplayReady=true, policy=2, mWakefulness=1, mWakeLockSummary=0x1, mUserActivitySummary=0x4, mBootCompleted=true, mScreenBrightnessBoostInProgress=false, mIsVrModeEnabled= false, sQuiescent=false
02-24 19:46:22.710: D/PowerManagerService(1676): acquireWakeLockInternal: lock=254341155, flags=0x1, tag="*job*/com.google.android.googlequicksearchbox/com.google.android.apps.gsa.tasks.BackgroundTasksJobService", ws=WorkSource{10034}, uid=1000, pid=1676
02-24 19:46:22.710: D/PowerManagerService(1676): updateWakeLockSummaryLocked: mWakefulness=Awake, mWakeLockSummary=0x1
02-24 19:46:22.710: D/PowerManagerService(1676): updateUserActivitySummaryLocked: mWakefulness=Awake, mUserActivitySummary=0x4, nextTimeout=-1 (6502142 ms ago)
02-24 19:46:22.710: D/PowerManagerService(1676): updateDisplayPowerStateLocked: mDisplayReady=true, policy=2, mWakefulness=1, mWakeLockSummary=0x1, mUserActivitySummary=0x4, mBootCompleted=true, mScreenBrightnessBoostInProgress=false, mIsVrModeEnabled= false, sQuiescent=false
02-24 19:46:22.713: I/TestSupport(2291): AwaitCommitOperation: *
02-24 19:46:22.720: I/TestSupport(2291): AwaitCommitOperation: FlagOverride(com.google.android.gms.autofill, , Flag(autofill_enabled, false, 2, 0), true) committed
02-24 19:46:22.720: I/TestSupport(2291): AwaitCommitOperation: no more uncommitted overrides
02-24 19:46:22.737: D/AndroidRuntime(5996): >>>>>> START com.android.internal.os.RuntimeInit uid 0 <<<<<<
02-24 19:46:22.785: D/PowerManagerService(1676): acquireWakeLockInternal: lock=88483859, flags=0x1, tag="wake:CollectionChimeraSvc", ws=WorkSource{10014 com.google.android.gms}, uid=10014, pid=1892
02-24 19:46:22.785: D/PowerManagerService(1676): updateWakeLockSummaryLocked: mWakefulness=Awake, mWakeLockSummary=0x1
02-24 19:46:22.785: D/PowerManagerService(1676): updateUserActivitySummaryLocked: mWakefulness=Awake, mUserActivitySummary=0x4, nextTimeout=-1 (6502216 ms ago)
02-24 19:46:22.785: D/PowerManagerService(1676): updateDisplayPowerStateLocked: mDisplayReady=true, policy=2, mWakefulness=1, mWakeLockSummary=0x1, mUserActivitySummary=0x4, mBootCompleted=true, mScreenBrightnessBoostInProgress=false, mIsVrModeEnabled= false, sQuiescent=false
02-24 19:46:22.795: I/TSDRIVER(5855): Handled command: PACKAGE
02-24 19:46:22.821: W/app_process(5996): Unexpected CPU variant for X86 using defaults: x86
02-24 19:46:22.822: I/app_process(5996): The ClassLoaderContext is a special shared library.
02-24 19:46:22.822: W/nativebridge(5996): Failed to bind-mount /system/lib/x86/cpuinfo as /proc/cpuinfo: No such file or directory
02-24 19:46:22.836: D/PowerManagerService(1676): releaseWakeLockInternal: lock=88483859 [wake:CollectionChimeraSvc], flags=0x0
02-24 19:46:22.836: D/PowerManagerService(1676): updateWakeLockSummaryLocked: mWakefulness=Awake, mWakeLockSummary=0x1
02-24 19:46:22.836: D/PowerManagerService(1676): updateUserActivitySummaryLocked: mWakefulness=Awake, mUserActivitySummary=0x4, nextTimeout=-1 (6502267 ms ago)
02-24 19:46:22.836: D/PowerManagerService(1676): updateDisplayPowerStateLocked: mDisplayReady=true, policy=2, mWakefulness=1, mWakeLockSummary=0x1, mUserActivitySummary=0x4, mBootCompleted=true, mScreenBrightnessBoostInProgress=false, mIsVrModeEnabled= false, sQuiescent=false
02-24 19:46:22.842: D/AndroidRuntime(5996): Calling main entry com.android.commands.pm.Pm
02-24 19:46:22.844: I/app_process(5996): System.exit called, status: 0
02-24 19:46:22.844: I/AndroidRuntime(5996): VM exiting with result code 0.
02-24 19:46:22.855: I/ajhm(1892): updateFromConfigurations using legacy put method [CONTEXT service_id=51 ]
02-24 19:46:22.882: I/BlobLobber(2452): Received new velour config
02-24 19:46:22.883: I/BlobLobber(2452): Canceling downloads: []
02-24 19:46:22.886: D/PowerManagerService(1676): acquireWakeLockInternal: lock=158209202, flags=0x1, tag="*job*/com.google.android.googlequicksearchbox/com.google.android.apps.gsa.tasks.BackgroundTasksJobService", ws=WorkSource{10034}, uid=1000, pid=1676
02-24 19:46:22.886: D/PowerManagerService(1676): updateWakeLockSummaryLocked: mWakefulness=Awake, mWakeLockSummary=0x1
02-24 19:46:22.886: D/PowerManagerService(1676): updateUserActivitySummaryLocked: mWakefulness=Awake, mUserActivitySummary=0x4, nextTimeout=-1 (6502317 ms ago)
02-24 19:46:22.886: D/PowerManagerService(1676): updateDisplayPowerStateLocked: mDisplayReady=true, policy=2, mWakefulness=1, mWakeLockSummary=0x1, mUserActivitySummary=0x4, mBootCompleted=true, mScreenBrightnessBoostInProgress=false, mIsVrModeEnabled= false, sQuiescent=false
02-24 19:46:22.896: W/BlobLobber(2452): Skipping download (already active): JyPhVyYMSjWAwdV7UP7PAGw
02-24 19:46:22.906: W/BlobLobber(2452): Skipping download (already active): J3CCaVwqnZi2S8GjTAsewCg
02-24 19:46:22.907: W/BlobLobber(2452): Skipping download (already active): Jp8pgu8pEaqBtMZDDI0GX0A
02-24 19:46:22.909: D/PowerManagerService(1676): acquireWakeLockInternal: lock=31013891, flags=0x1, tag="RILJ", ws=null, uid=1001, pid=1908
02-24 19:46:22.909: D/PowerManagerService(1676): updateWakeLockSummaryLocked: mWakefulness=Awake, mWakeLockSummary=0x1
02-24 19:46:22.909: D/PowerManagerService(1676): updateUserActivitySummaryLocked: mWakefulness=Awake, mUserActivitySummary=0x4, nextTimeout=-1 (6502340 ms ago)
02-24 19:46:22.909: D/PowerManagerService(1676): updateDisplayPowerStateLocked: mDisplayReady=true, policy=2, mWakefulness=1, mWakeLockSummary=0x1, mUserActivitySummary=0x4, mBootCompleted=true, mScreenBrightnessBoostInProgress=false, mIsVrModeEnabled= false, sQuiescent=false
02-24 19:46:22.909: D/PowerManagerService(1676): updateWakeLockWorkSourceInternal: lock=31013891 [RILJ], ws=WorkSource{10034 com.google.android.googlequicksearchbox}
02-24 19:46:22.910: W/BlobLobber(2452): Skipping download (already active): main_apk
02-24 19:46:22.910: D/PowerManagerService(1676): updateWakeLockWorkSourceInternal: lock=31013891 [RILJ], ws=null
02-24 19:46:22.911: D/PowerManagerService(1676): releaseWakeLockInternal: lock=31013891 [RILJ], flags=0x0
02-24 19:46:22.911: D/PowerManagerService(1676): updateWakeLockSummaryLocked: mWakefulness=Awake, mWakeLockSummary=0x1
02-24 19:46:22.911: D/PowerManagerService(1676): updateUserActivitySummaryLocked: mWakefulness=Awake, mUserActivitySummary=0x4, nextTimeout=-1 (6502342 ms ago)
02-24 19:46:22.911: I/WifiService(1676): getWifiEnabledState uid=10034
02-24 19:46:22.911: D/PowerManagerService(1676): updateDisplayPowerStateLocked: mDisplayReady=true, policy=2, mWakefulness=1, mWakeLockSummary=0x1, mUserActivitySummary=0x4, mBootCompleted=true, mScreenBrightnessBoostInProgress=false, mIsVrModeEnabled= false, sQuiescent=false
02-24 19:46:22.911: W/Settings(2452): Setting mobile_data has moved from android.provider.Settings.Secure to android.provider.Settings.Global.
02-24 19:46:22.911: I/ModelDownloadController(2452): Handle the downloaded hotword model
02-24 19:46:22.911: I/ModelDownloadController(2452): the model is already used
02-24 19:46:22.915: W/BlobLobber(2452): Skipping download (already active): JS8AJ5YXhxoOjmXRdireLqQ
02-24 19:46:22.919: W/BlobLobber(2452): Skipping download (already active): JzJiBqSJ3uJsIcBcShVJhdw
02-24 19:46:22.920: W/BlobLobber(2452): Skipping download (already active): JA14XSXdNIgW9ArBu2MwSnQ
02-24 19:46:22.920: W/BlobLobber(2452): Skipping download (already active): JedSVOyMNkvit8TBmhRdBGw
02-24 19:46:22.922: W/BlobLobber(2452): Skipping download (already active): JAuwinfsT7Wj9QRS5uES9KQ
02-24 19:46:22.927: I/ajhm(1892): updateFromConfigurations using legacy put method [CONTEXT service_id=51 ]
02-24 19:46:22.929: W/BlobLobber(2452): Skipping download (already active): JfgZS4IowsVhv7i7yZwSdAA
02-24 19:46:22.941: I/ajji(1892): Scheduling adaptive one off task with window [14400, 604800] in seconds [CONTEXT service_id=51 ]
02-24 19:46:22.945: E/NetworkScheduler(1892): Invalid component specified.
02-24 19:46:22.947: D/PowerManagerService(1676): releaseWakeLockInternal: lock=98980266 [*net_scheduler*], flags=0x0
02-24 19:46:22.947: D/PowerManagerService(1676): updateWakeLockSummaryLocked: mWakefulness=Awake, mWakeLockSummary=0x1
02-24 19:46:22.947: D/PowerManagerService(1676): updateUserActivitySummaryLocked: mWakefulness=Awake, mUserActivitySummary=0x4, nextTimeout=-1 (6502378 ms ago)
02-24 19:46:22.947: D/PowerManagerService(1676): updateDisplayPowerStateLocked: mDisplayReady=true, policy=2, mWakefulness=1, mWakeLockSummary=0x1, mUserActivitySummary=0x4, mBootCompleted=true, mScreenBrightnessBoostInProgress=false, mIsVrModeEnabled= false, sQuiescent=false
02-24 19:46:22.947: W/BlobLobber(2452): Skipping download (already active): brain_en_us_201705_arm32_release_signed
02-24 19:46:22.950: D/PowerManagerService(1676): releaseWakeLockInternal: lock=158209202 [*job*/com.google.android.googlequicksearchbox/com.google.android.apps.gsa.tasks.BackgroundTasksJobService], flags=0x0
02-24 19:46:22.950: D/PowerManagerService(1676): updateWakeLockSummaryLocked: mWakefulness=Awake, mWakeLockSummary=0x1
02-24 19:46:22.950: D/PowerManagerService(1676): updateUserActivitySummaryLocked: mWakefulness=Awake, mUserActivitySummary=0x4, nextTimeout=-1 (6502382 ms ago)
02-24 19:46:22.950: D/PowerManagerService(1676): updateDisplayPowerStateLocked: mDisplayReady=true, policy=2, mWakefulness=1, mWakeLockSummary=0x1, mUserActivitySummary=0x4, mBootCompleted=true, mScreenBrightnessBoostInProgress=false, mIsVrModeEnabled= false, sQuiescent=false
02-24 19:46:22.960: D/PowerManagerService(1676): acquireWakeLockInternal: lock=220654741, flags=0x1, tag="*net_scheduler*", ws=WorkSource{10014 com.google.android.gms}, uid=10014, pid=1892
02-24 19:46:22.960: D/PowerManagerService(1676): updateWakeLockSummaryLocked: mWakefulness=Awake, mWakeLockSummary=0x1
02-24 19:46:22.960: D/PowerManagerService(1676): updateUserActivitySummaryLocked: mWakefulness=Awake, mUserActivitySummary=0x4, nextTimeout=-1 (6502392 ms ago)
02-24 19:46:22.960: D/PowerManagerService(1676): updateDisplayPowerStateLocked: mDisplayReady=true, policy=2, mWakefulness=1, mWakeLockSummary=0x1, mUserActivitySummary=0x4, mBootCompleted=true, mScreenBrightnessBoostInProgress=false, mIsVrModeEnabled= false, sQuiescent=false
02-24 19:46:22.971: D/PowerManagerService(1676): releaseWakeLockInternal: lock=220654741 [*net_scheduler*], flags=0x0
02-24 19:46:22.971: D/PowerManagerService(1676): updateWakeLockSummaryLocked: mWakefulness=Awake, mWakeLockSummary=0x1
02-24 19:46:22.971: D/PowerManagerService(1676): updateUserActivitySummaryLocked: mWakefulness=Awake, mUserActivitySummary=0x4, nextTimeout=-1 (6502402 ms ago)
02-24 19:46:22.971: D/PowerManagerService(1676): updateDisplayPowerStateLocked: mDisplayReady=true, policy=2, mWakefulness=1, mWakeLockSummary=0x1, mUserActivitySummary=0x4, mBootCompleted=true, mScreenBrightnessBoostInProgress=false, mIsVrModeEnabled= false, sQuiescent=false
02-24 19:46:22.987: E/ajhs(1892): Phenotype API error. Event # bpor@d91acf5a, EventCode: 7 [CONTEXT service_id=51 ]
02-24 19:46:22.987: E/ajhs(1892): ajgm: 29505: No config packages for log source, or config package not registered
02-24 19:46:22.987: E/ajhs(1892): 	at ajif.a(:com.google.android.gms@14367022@14.3.67 (040700-216465562):51)
02-24 19:46:22.987: E/ajhs(1892): 	at ajie.b(Unknown Source:2)
02-24 19:46:22.987: E/ajhs(1892): 	at ajhs.a(:com.google.android.gms@14367022@14.3.67 (040700-216465562):105)
02-24 19:46:22.987: E/ajhs(1892): 	at ajhs.a(:com.google.android.gms@14367022@14.3.67 (040700-216465562):99)
02-24 19:46:22.987: E/ajhs(1892): 	at xey.run(:com.google.android.gms@14367022@14.3.67 (040700-216465562):27)
02-24 19:46:22.987: E/ajhs(1892): 	at bdsa.run(:com.google.android.gms@14367022@14.3.67 (040700-216465562):2)
02-24 19:46:22.987: E/ajhs(1892): 	at qjt.run(:com.google.android.gms@14367022@14.3.67 (040700-216465562):35)
02-24 19:46:22.987: E/ajhs(1892): 	at java.util.concurrent.ThreadPoolExecutor.runWorker(ThreadPoolExecutor.java:1162)
02-24 19:46:22.987: E/ajhs(1892): 	at java.util.concurrent.ThreadPoolExecutor$Worker.run(ThreadPoolExecutor.java:636)
02-24 19:46:22.987: E/ajhs(1892): 	at qpu.run(Unknown Source:7)
02-24 19:46:22.987: E/ajhs(1892): 	at java.lang.Thread.run(Thread.java:764)
02-24 19:46:22.988: E/AsyncOperation(1892): serviceID=51, operation=GetExperimentTokensOperationCall
02-24 19:46:22.988: E/AsyncOperation(1892): OperationException[Status{statusCode=No config packages for log source, or config package not registered, resolution=null}]
02-24 19:46:22.988: E/AsyncOperation(1892): 	at ajhs.a(:com.google.android.gms@14367022@14.3.67 (040700-216465562):113)
02-24 19:46:22.988: E/AsyncOperation(1892): 	at ajhs.a(:com.google.android.gms@14367022@14.3.67 (040700-216465562):99)
02-24 19:46:22.988: E/AsyncOperation(1892): 	at xey.run(:com.google.android.gms@14367022@14.3.67 (040700-216465562):27)
02-24 19:46:22.988: E/AsyncOperation(1892): 	at bdsa.run(:com.google.android.gms@14367022@14.3.67 (040700-216465562):2)
02-24 19:46:22.988: E/AsyncOperation(1892): 	at qjt.run(:com.google.android.gms@14367022@14.3.67 (040700-216465562):35)
02-24 19:46:22.988: E/AsyncOperation(1892): 	at java.util.concurrent.ThreadPoolExecutor.runWorker(ThreadPoolExecutor.java:1162)
02-24 19:46:22.988: E/AsyncOperation(1892): 	at java.util.concurrent.ThreadPoolExecutor$Worker.run(ThreadPoolExecutor.java:636)
02-24 19:46:22.988: E/AsyncOperation(1892): 	at qpu.run(Unknown Source:7)
02-24 19:46:22.988: E/AsyncOperation(1892): 	at java.lang.Thread.run(Thread.java:764)
02-24 19:46:22.990: D/PowerManagerService(1676): releaseWakeLockInternal: lock=254341155 [*job*/com.google.android.googlequicksearchbox/com.google.android.apps.gsa.tasks.BackgroundTasksJobService], flags=0x0
02-24 19:46:22.990: D/PowerManagerService(1676): updateWakeLockSummaryLocked: mWakefulness=Awake, mWakeLockSummary=0x0
02-24 19:46:22.990: D/PowerManagerService(1676): updateUserActivitySummaryLocked: mWakefulness=Awake, mUserActivitySummary=0x4, nextTimeout=-1 (6502422 ms ago)
02-24 19:46:22.990: D/PowerManagerService(1676): updateDisplayPowerStateLocked: mDisplayReady=true, policy=2, mWakefulness=1, mWakeLockSummary=0x0, mUserActivitySummary=0x4, mBootCompleted=true, mScreenBrightnessBoostInProgress=false, mIsVrModeEnabled= false, sQuiescent=false
02-24 19:46:22.990: D/PowerManagerService(1676): Releasing suspend blocker "PowerManagerService.WakeLocks".
02-24 19:46:23.149: D/AndroidRuntime(6045): >>>>>> START com.android.internal.os.RuntimeInit uid 0 <<<<<<
02-24 19:46:23.216: W/app_process(6045): Unexpected CPU variant for X86 using defaults: x86
02-24 19:46:23.219: I/Remoter(1534): Saved screenshot to '/data/screenshots/__pmv__-0099.jpg'
02-24 19:46:23.305: I/app_process(6045): The ClassLoaderContext is a special shared library.
02-24 19:46:23.305: W/nativebridge(6045): Failed to bind-mount /system/lib/x86/cpuinfo as /proc/cpuinfo: No such file or directory
02-24 19:46:23.321: D/AndroidRuntime(6045): Calling main entry com.android.commands.am.Am
02-24 19:46:23.323: I/ActivityManager(1676): Force stopping com.google.android.apps.mtaas.tools appid=10083 user=0: start instr
02-24 19:46:23.329: W/zygote(6055): Unexpected CPU variant for X86 using defaults: x86
02-24 19:46:23.334: I/ActivityManager(1676): Start proc 6055:com.google.android.apps.mtaas.tools/u0a83 for added application com.google.android.apps.mtaas.tools
02-24 19:46:23.342: D/ChangeLocale(6055): Instrumentation completed successfully
02-24 19:46:23.342: I/ActivityManager(1676): Force stopping com.google.android.apps.mtaas.tools appid=10083 user=0: finished inst
02-24 19:46:23.342: I/ActivityManager(1676): Killing 6055:com.google.android.apps.mtaas.tools/u0a83 (adj 0): stop com.google.android.apps.mtaas.tools
02-24 19:46:23.342: W/Binder(1676): Outgoing transactions from this process must be FLAG_ONEWAY
02-24 19:46:23.342: W/Binder(1676): java.lang.Throwable
02-24 19:46:23.342: W/Binder(1676): 	at android.os.BinderProxy.transact(Binder.java:752)
02-24 19:46:23.342: W/Binder(1676): 	at android.app.IInstrumentationWatcher$Stub$Proxy.instrumentationFinished(IInstrumentationWatcher.java:160)
02-24 19:46:23.342: W/Binder(1676): 	at com.android.server.am.InstrumentationReporter$MyThread.run(InstrumentationReporter.java:86)
02-24 19:46:23.343: W/system_server(1676): kill(-6055, 9) failed: No such process
02-24 19:46:23.343: D/AndroidRuntime(6045): Shutting down VM
02-24 19:46:23.346: W/app_process(6045): Thread attaching while runtime is shutting down: Binder:6045_3
02-24 19:46:23.347: I/AndroidRuntime(6045): NOTE: attach of thread 'Binder:6045_3' failed
02-24 19:46:23.386: W/system_server(1676): kill(-6055, 9) failed: No such process
02-24 19:46:23.430: W/system_server(1676): kill(-6055, 9) failed: No such process
02-24 19:46:23.430: I/system_server(1676): Successfully killed process cgroup uid 10083 pid 6055 in 87ms
02-24 19:46:24.005: D/AutofillUI(1676): destroySaveUiUiThread(): already destroyed
02-24 19:46:24.278: I/Remoter(1534): Saved screenshot to '/data/screenshots/__pmv__-0100.jpg'
02-24 19:46:24.301: D/AndroidRuntime(6116): >>>>>> START com.android.internal.os.RuntimeInit uid 0 <<<<<<
02-24 19:46:24.304: W/app_process(6116): Could not reserve sentinel fault page
02-24 19:46:24.351: W/app_process(6116): Unexpected CPU variant for X86 using defaults: x86
02-24 19:46:24.352: I/app_process(6116): The ClassLoaderContext is a special shared library.
02-24 19:46:24.352: W/nativebridge(6116): Failed to bind-mount /system/lib/x86/cpuinfo as /proc/cpuinfo: No such file or directory
02-24 19:46:24.368: D/AndroidRuntime(6116): Calling main entry com.android.commands.input.Input
02-24 19:46:24.368: I/Input(6116): injectKeyEvent: KeyEvent { action=ACTION_DOWN, keyCode=KEYCODE_HOME, scanCode=0, metaState=0, flags=0x0, repeatCount=0, eventTime=6503799, downTime=6503799, deviceId=-1, source=0x101 }
02-24 19:46:24.369: D/PowerManagerService(1676): userActivityNoUpdateLocked: eventTime=6503799, event=1, flags=0x0, uid=1000
02-24 19:46:24.369: D/PowerManagerService(1676): updateUserActivitySummaryLocked: mWakefulness=Awake, mUserActivitySummary=0x1, nextTimeout=6556799 (in 53000 ms)
02-24 19:46:24.369: D/PowerManagerService(1676): updateDisplayPowerStateLocked: mDisplayReady=false, policy=3, mWakefulness=1, mWakeLockSummary=0x0, mUserActivitySummary=0x1, mBootCompleted=true, mScreenBrightnessBoostInProgress=false, mIsVrModeEnabled= false, sQuiescent=false
02-24 19:46:24.369: D/PowerManagerService(1676): updateDisplayPowerStateLocked: mDisplayReady=true, policy=3, mWakefulness=1, mWakeLockSummary=0x0, mUserActivitySummary=0x1, mBootCompleted=true, mScreenBrightnessBoostInProgress=false, mIsVrModeEnabled= false, sQuiescent=false
02-24 19:46:24.370: I/Input(6116): injectKeyEvent: KeyEvent { action=ACTION_UP, keyCode=KEYCODE_HOME, scanCode=0, metaState=0, flags=0x0, repeatCount=0, eventTime=6503799, downTime=6503799, deviceId=-1, source=0x101 }
02-24 19:46:24.371: D/PowerManagerService(1676): userActivityNoUpdateLocked: eventTime=6503801, event=0, flags=0x0, uid=1000
02-24 19:46:24.371: D/PowerManagerService(1676): updateUserActivitySummaryLocked: mWakefulness=Awake, mUserActivitySummary=0x1, nextTimeout=6556801 (in 53000 ms)
02-24 19:46:24.371: D/PowerManagerService(1676): updateDisplayPowerStateLocked: mDisplayReady=true, policy=3, mWakefulness=1, mWakeLockSummary=0x0, mUserActivitySummary=0x1, mBootCompleted=true, mScreenBrightnessBoostInProgress=false, mIsVrModeEnabled= false, sQuiescent=false
02-24 19:46:24.371: I/ActivityManager(1676): START u0 {act=android.intent.action.MAIN cat=[android.intent.category.HOME] flg=0x10200000 cmp=com.android.launcher3/.Launcher (has extras)} from uid 1000
02-24 19:46:24.373: D/AndroidRuntime(6116): Shutting down VM
02-24 19:46:24.390: I/GceLights(1676): set_light: dev 0xe68b4a00 state 0xd3ac8240
02-24 19:46:24.390: I/GceLights(1676): set_light: state value -15921907
02-24 19:46:24.405: I/GceLights(1676): set_light: dev 0xe68b4a00 state 0xd3ac8240
02-24 19:46:24.405: I/GceLights(1676): set_light: state value -15724528
02-24 19:46:24.421: I/GceLights(1676): set_light: dev 0xe68b4a00 state 0xd3ac8240
02-24 19:46:24.421: I/GceLights(1676): set_light: state value -15527149
02-24 19:46:24.437: I/GceLights(1676): set_light: dev 0xe68b4a00 state 0xd3ac8240
02-24 19:46:24.437: I/GceLights(1676): set_light: state value -15329770
02-24 19:46:24.454: I/GceLights(1676): set_light: dev 0xe68b4a00 state 0xd3ac8240
02-24 19:46:24.454: I/GceLights(1676): set_light: state value -15132391
02-24 19:46:24.479: I/GceLights(1676): set_light: dev 0xe68b4a00 state 0xd3ac8240
02-24 19:46:24.479: I/GceLights(1676): set_light: state value -14935012
02-24 19:46:24.487: I/GceLights(1676): set_light: dev 0xe68b4a00 state 0xd3ac8240
02-24 19:46:24.487: I/GceLights(1676): set_light: state value -14737633
02-24 19:46:24.504: I/GceLights(1676): set_light: dev 0xe68b4a00 state 0xd3ac8240
02-24 19:46:24.504: I/GceLights(1676): set_light: state value -14540254
02-24 19:46:24.521: I/GceLights(1676): set_light: dev 0xe68b4a00 state 0xd3ac8240
02-24 19:46:24.521: I/GceLights(1676): set_light: state value -14342875
02-24 19:46:24.537: I/GceLights(1676): set_light: dev 0xe68b4a00 state 0xd3ac8240
02-24 19:46:24.537: I/GceLights(1676): set_light: state value -14145496
02-24 19:46:24.568: I/GceLights(1676): set_light: dev 0xe68b4a00 state 0xd3ac8240
02-24 19:46:24.568: I/GceLights(1676): set_light: state value -13948117
02-24 19:46:24.571: I/GceLights(1676): set_light: dev 0xe68b4a00 state 0xd3ac8240
02-24 19:46:24.571: I/GceLights(1676): set_light: state value -13750738
02-24 19:46:24.588: I/GceLights(1676): set_light: dev 0xe68b4a00 state 0xd3ac8240
02-24 19:46:24.588: I/GceLights(1676): set_light: state value -13553359
02-24 19:46:24.604: I/GceLights(1676): set_light: dev 0xe68b4a00 state 0xd3ac8240
02-24 19:46:24.604: I/GceLights(1676): set_light: state value -13355980
02-24 19:46:24.621: I/GceLights(1676): set_light: dev 0xe68b4a00 state 0xd3ac8240
02-24 19:46:24.621: I/GceLights(1676): set_light: state value -13158601
02-24 19:46:24.636: I/ActivityManager(1676): START u0 {flg=0x10000000 cmp=com.google.android.apps.mtaas.backdrop/.BackdropActivity} from uid 0
02-24 19:46:24.637: I/GceLights(1676): set_light: dev 0xe68b4a00 state 0xd3ac8240
02-24 19:46:24.637: I/GceLights(1676): set_light: state value -12961222
02-24 19:46:24.640: D/PowerManagerService(1676): acquireWakeLockInternal: lock=16525435, flags=0x1, tag="*launch*", ws=WorkSource{10085}, uid=1000, pid=1676
02-24 19:46:24.640: D/PowerManagerService(1676): updateWakeLockSummaryLocked: mWakefulness=Awake, mWakeLockSummary=0x1
02-24 19:46:24.640: D/PowerManagerService(1676): updateUserActivitySummaryLocked: mWakefulness=Awake, mUserActivitySummary=0x1, nextTimeout=6556801 (in 52731 ms)
02-24 19:46:24.640: D/PowerManagerService(1676): updateDisplayPowerStateLocked: mDisplayReady=true, policy=3, mWakefulness=1, mWakeLockSummary=0x1, mUserActivitySummary=0x1, mBootCompleted=true, mScreenBrightnessBoostInProgress=false, mIsVrModeEnabled= false, sQuiescent=false
02-24 19:46:24.640: D/PowerManagerService(1676): Acquiring suspend blocker "PowerManagerService.WakeLocks".
02-24 19:46:24.642: W/System(1676): ClassLoader referenced unknown path: 
02-24 19:46:24.654: I/GceLights(1676): set_light: dev 0xe68b4a00 state 0xd3ac8240
02-24 19:46:24.654: I/GceLights(1676): set_light: state value -12763843
02-24 19:46:24.684: I/GceLights(1676): set_light: dev 0xe68b4a00 state 0xd3ac8240
02-24 19:46:24.684: I/GceLights(1676): set_light: state value -12566464
02-24 19:46:24.686: I/GceGrallocRegionRegistry(1540): Mapped gralloc-1540.28 hnd=0xe8723600 fd=8 base=0xe117e000 format=RGBA_8888(0x1) width=1440 height=2560
02-24 19:46:24.686: I/GceGrallocRegionRegistry(1540): Unmapped gralloc-1540.28 hnd=0xe8723600 fd=8 base=0xe117e000
02-24 19:46:24.686: I/GceGrallocRegionRegistry(1543): Mapped gralloc-1540.28 hnd=0xf4991500 fd=65 base=0xe5793000 format=RGBA_8888(0x1) width=1440 height=2560
02-24 19:46:24.687: D/vndksupport(1676): Loading /vendor/lib/hw/android.hardware.graphics.mapper@2.0-impl.so from current namespace instead of sphal namespace.
02-24 19:46:24.687: D/vndksupport(1676): Loading /vendor/lib/hw/gralloc.gce_x86.so from current namespace instead of sphal namespace.
02-24 19:46:24.687: I/GceLights(1676): set_light: dev 0xe68b4a00 state 0xd3ac8240
02-24 19:46:24.687: I/GceLights(1676): set_light: state value -12369085
02-24 19:46:24.701: I/GceGrallocRegionRegistry(1676): Mapped gralloc-1540.28 hnd=0xd5af7400 fd=173 base=0xcc3ee000 format=RGBA_8888(0x1) width=1440 height=2560
02-24 19:46:24.704: I/GceLights(1676): set_light: dev 0xe68b4a00 state 0xd3ac8240
02-24 19:46:24.704: I/GceLights(1676): set_light: state value -12171706
02-24 19:46:24.736: I/GceLights(1676): set_light: dev 0xe68b4a00 state 0xd3ac8240
02-24 19:46:24.737: I/GceLights(1676): set_light: state value -11974327
02-24 19:46:24.754: I/GceLights(1676): set_light: dev 0xe68b4a00 state 0xd3ac8240
02-24 19:46:24.754: I/GceLights(1676): set_light: state value -11579569
02-24 19:46:24.771: I/GceLights(1676): set_light: dev 0xe68b4a00 state 0xd3ac8240
02-24 19:46:24.771: I/GceLights(1676): set_light: state value -11382190
02-24 19:46:24.787: I/GceLights(1676): set_light: dev 0xe68b4a00 state 0xd3ac8240
02-24 19:46:24.787: I/GceLights(1676): set_light: state value -11184811
02-24 19:46:24.804: I/GceLights(1676): set_light: dev 0xe68b4a00 state 0xd3ac8240
02-24 19:46:24.804: I/GceLights(1676): set_light: state value -10987432
02-24 19:46:24.821: I/GceLights(1676): set_light: dev 0xe68b4a00 state 0xd3ac8240
02-24 19:46:24.821: I/GceLights(1676): set_light: state value -10790053
02-24 19:46:24.826: I/ActivityManager(1676): Start proc 6139:com.google.android.apps.mtaas.backdrop/u0a85 for activity com.google.android.apps.mtaas.backdrop/.BackdropActivity
02-24 19:46:24.837: I/GceLights(1676): set_light: dev 0xe68b4a00 state 0xd3ac8240
02-24 19:46:24.837: I/GceLights(1676): set_light: state value -10592674
02-24 19:46:24.848: W/zygote(6139): Unexpected CPU variant for X86 using defaults: x86
02-24 19:46:24.871: I/GceLights(1676): set_light: dev 0xe68b4a00 state 0xd3ac8240
02-24 19:46:24.871: I/GceLights(1676): set_light: state value -10395295
02-24 19:46:24.873: I/GceLights(1676): set_light: dev 0xe68b4a00 state 0xd3ac8240
