02-24 19:46:20.592: D/PowerManagerService(1676): updateWakeLockSummaryLocked: mWakefulness=Awake, mWakeLockSummary=0x1
02-24 19:46:20.592: D/PowerManagerService(1676): updateUserActivitySummaryLocked: mWakefulness=Awake, mUserActivitySummary=0x4, nextTimeout=-1 (6500023 ms ago)
02-24 19:46:20.592: D/PowerManagerService(1676): updateDisplayPowerStateLocked: mDisplayReady=true, policy=2, mWakefulness=1, mWakeLockSummary=0x1, mUserActivitySummary=0x4, mBootCompleted=true, mScreenBrightnessBoostInProgress=false, mIsVrModeEnabled= false, sQuiescent=false
02-24 19:46:20.615: I/GservicesProvider(2321): override update completed
02-24 19:46:20.626: I/ActivityManager(1676): Start proc 5881:com.google.android.apps.photos/u0a72 for broadcast com.google.android.apps.photos/com.google.android.apps.moviemaker.app.ApplicationEnabler$Receiver
02-24 19:46:20.629: W/zygote(5881): Unexpected CPU variant for X86 using defaults: x86
02-24 19:46:20.648: I/zygote(5881): The ClassLoaderContext is a special shared library.
02-24 19:46:20.650: I/Babel_ConcService(4961): Binding ConcurrentService
02-24 19:46:20.659: I/Telecom(1676): PhoneAccountRegistrar: SimCallManager queried, returning: null: TSI.gSCM@AK4
02-24 19:46:20.660: I/Babel_telephony(4961): TeleModule.updateConnectionManagerRegistration, registration preference changed from false to false
02-24 19:46:20.660: W/Babel_AcctMgr(4961): gBA: invalid account id: -1
02-24 19:46:20.660: W/Babel_AcctMgr(4961): gBA: invalid account id: -1
02-24 19:46:20.660: I/Babel_telephony(4961): TeleModule.updateIncomingCallRegistration, preferred account for incoming calls changed from: null to null
02-24 19:46:20.671: D/PowerManagerService(1676): acquireWakeLockInternal: lock=220654741, flags=0x1, tag="*net_scheduler*", ws=WorkSource{10014 com.google.android.gms}, uid=10014, pid=1892
02-24 19:46:20.671: D/PowerManagerService(1676): updateWakeLockSummaryLocked: mWakefulness=Awake, mWakeLockSummary=0x1
02-24 19:46:20.671: D/PowerManagerService(1676): updateUserActivitySummaryLocked: mWakefulness=Awake, mUserActivitySummary=0x4, nextTimeout=-1 (6500103 ms ago)
02-24 19:46:20.671: D/PowerManagerService(1676): updateDisplayPowerStateLocked: mDisplayReady=true, policy=2, mWakefulness=1, mWakeLockSummary=0x1, mUserActivitySummary=0x4, mBootCompleted=true, mScreenBrightnessBoostInProgress=false, mIsVrModeEnabled= false, sQuiescent=false
02-24 19:46:20.674: I/Babel_ConcService(4961): Scheduling delay with GcmNetworkManager of 264773 s for task fvmaccount_reg_renewal_92521_5 and tag network_connectivity_wakeup:persisted
02-24 19:46:20.677: I/Babel_ConcService(4961): Scheduling delay with GcmNetworkManager of 83616 s for task fyfDB_CLEANUP_3716267_4 and tag :persisted
02-24 19:46:20.685: I/Babel_ConcService(4961): Scheduling delay with GcmNetworkManager of 3599 s for task fyfDB_CLEANUP_6500065_5 and tag :persisted
02-24 19:46:20.689: D/PowerManagerService(1676): acquireWakeLockInternal: lock=245179653, flags=0x1, tag="Babel_ConcService", ws=null, uid=10062, pid=4961
02-24 19:46:20.689: D/PowerManagerService(1676): updateWakeLockSummaryLocked: mWakefulness=Awake, mWakeLockSummary=0x1
02-24 19:46:20.689: D/PowerManagerService(1676): updateUserActivitySummaryLocked: mWakefulness=Awake, mUserActivitySummary=0x4, nextTimeout=-1 (6500121 ms ago)
02-24 19:46:20.689: D/PowerManagerService(1676): updateDisplayPowerStateLocked: mDisplayReady=true, policy=2, mWakefulness=1, mWakeLockSummary=0x1, mUserActivitySummary=0x4, mBootCompleted=true, mScreenBrightnessBoostInProgress=false, mIsVrModeEnabled= false, sQuiescent=false
02-24 19:46:20.690: I/Babel_ConcService(4961): Acquired partial wake lock to keep ConcurrentService alive
02-24 19:46:20.690: D/PowerManagerService(1676): releaseWakeLockInternal: lock=245179653 [Babel_ConcService], flags=0x0
02-24 19:46:20.690: D/PowerManagerService(1676): updateWakeLockSummaryLocked: mWakefulness=Awake, mWakeLockSummary=0x1
02-24 19:46:20.690: D/PowerManagerService(1676): updateUserActivitySummaryLocked: mWakefulness=Awake, mUserActivitySummary=0x4, nextTimeout=-1 (6500122 ms ago)
02-24 19:46:20.690: D/PowerManagerService(1676): updateDisplayPowerStateLocked: mDisplayReady=true, policy=2, mWakefulness=1, mWakeLockSummary=0x1, mUserActivitySummary=0x4, mBootCompleted=true, mScreenBrightnessBoostInProgress=false, mIsVrModeEnabled= false, sQuiescent=false
02-24 19:46:20.690: I/Babel_ConcService(4961): Released partial wake lock as ConcurrentService became idle
02-24 19:46:20.691: D/PowerManagerService(1676): acquireWakeLockInternal: lock=245179653, flags=0x1, tag="Babel_ConcService", ws=null, uid=10062, pid=4961
02-24 19:46:20.691: D/PowerManagerService(1676): updateWakeLockSummaryLocked: mWakefulness=Awake, mWakeLockSummary=0x1
02-24 19:46:20.691: D/PowerManagerService(1676): updateUserActivitySummaryLocked: mWakefulness=Awake, mUserActivitySummary=0x4, nextTimeout=-1 (6500122 ms ago)
02-24 19:46:20.691: D/PowerManagerService(1676): updateDisplayPowerStateLocked: mDisplayReady=true, policy=2, mWakefulness=1, mWakeLockSummary=0x1, mUserActivitySummary=0x4, mBootCompleted=true, mScreenBrightnessBoostInProgress=false, mIsVrModeEnabled= false, sQuiescent=false
02-24 19:46:20.691: I/Babel_ConcService(4961): Acquired partial wake lock to keep ConcurrentService alive
02-24 19:46:20.691: D/PowerManagerService(1676): releaseWakeLockInternal: lock=245179653 [Babel_ConcService], flags=0x0
02-24 19:46:20.691: D/PowerManagerService(1676): updateWakeLockSummaryLocked: mWakefulness=Awake, mWakeLockSummary=0x1
02-24 19:46:20.691: D/PowerManagerService(1676): updateUserActivitySummaryLocked: mWakefulness=Awake, mUserActivitySummary=0x4, nextTimeout=-1 (6500123 ms ago)
02-24 19:46:20.691: D/PowerManagerService(1676): updateDisplayPowerStateLocked: mDisplayReady=true, policy=2, mWakefulness=1, mWakeLockSummary=0x1, mUserActivitySummary=0x4, mBootCompleted=true, mScreenBrightnessBoostInProgress=false, mIsVrModeEnabled= false, sQuiescent=false
02-24 19:46:20.691: I/Babel_ConcService(4961): Released partial wake lock as ConcurrentService became idle
02-24 19:46:20.699: I/zygote(5881): Do partial code cache collection, code=0B, data=15KB
02-24 19:46:20.707: I/zygote(5881): After code cache collection, code=0B, data=15KB
02-24 19:46:20.707: I/zygote(5881): Increasing code cache capacity to 128KB
02-24 19:46:20.751: I/TestSupport(2291): Broadcast sent: finsky.play_services_auto_update_enabled
02-24 19:46:20.755: D/PowerManagerService(1676): acquireWakeLockInternal: lock=245179653, flags=0x1, tag="Babel_ConcService", ws=null, uid=10062, pid=4961
02-24 19:46:20.755: D/PowerManagerService(1676): updateWakeLockSummaryLocked: mWakefulness=Awake, mWakeLockSummary=0x1
02-24 19:46:20.755: D/PowerManagerService(1676): updateUserActivitySummaryLocked: mWakefulness=Awake, mUserActivitySummary=0x4, nextTimeout=-1 (6500186 ms ago)
02-24 19:46:20.755: D/PowerManagerService(1676): updateDisplayPowerStateLocked: mDisplayReady=true, policy=2, mWakefulness=1, mWakeLockSummary=0x1, mUserActivitySummary=0x4, mBootCompleted=true, mScreenBrightnessBoostInProgress=false, mIsVrModeEnabled= false, sQuiescent=false
02-24 19:46:20.755: I/Babel_ConcService(4961): Acquired partial wake lock to keep ConcurrentService alive
02-24 19:46:20.755: D/PowerManagerService(1676): releaseWakeLockInternal: lock=245179653 [Babel_ConcService], flags=0x0
02-24 19:46:20.755: D/PowerManagerService(1676): updateWakeLockSummaryLocked: mWakefulness=Awake, mWakeLockSummary=0x1
02-24 19:46:20.755: D/PowerManagerService(1676): updateUserActivitySummaryLocked: mWakefulness=Awake, mUserActivitySummary=0x4, nextTimeout=-1 (6500187 ms ago)
02-24 19:46:20.755: D/PowerManagerService(1676): updateDisplayPowerStateLocked: mDisplayReady=true, policy=2, mWakefulness=1, mWakeLockSummary=0x1, mUserActivitySummary=0x4, mBootCompleted=true, mScreenBrightnessBoostInProgress=false, mIsVrModeEnabled= false, sQuiescent=false
02-24 19:46:20.755: I/Babel_ConcService(4961): Released partial wake lock as ConcurrentService became idle
02-24 19:46:20.757: I/TestSupport(2291): GServices override confirmed: finsky.play_services_auto_update_enabled=false
02-24 19:46:20.771: D/PowerManagerService(1676): acquireWakeLockInternal: lock=113246312, flags=0x1, tag="IntentOp:com.google.android.gms/.chimera.GmsIntentOperationService", ws=WorkSource{10014 com.google.android.gms}, uid=10014, pid=1892
02-24 19:46:20.771: D/PowerManagerService(1676): updateWakeLockSummaryLocked: mWakefulness=Awake, mWakeLockSummary=0x1
02-24 19:46:20.771: D/PowerManagerService(1676): updateUserActivitySummaryLocked: mWakefulness=Awake, mUserActivitySummary=0x4, nextTimeout=-1 (6500203 ms ago)
02-24 19:46:20.771: D/PowerManagerService(1676): updateDisplayPowerStateLocked: mDisplayReady=true, policy=2, mWakefulness=1, mWakeLockSummary=0x1, mUserActivitySummary=0x4, mBootCompleted=true, mScreenBrightnessBoostInProgress=false, mIsVrModeEnabled= false, sQuiescent=false
02-24 19:46:20.775: I/NetRec(1892): [389] agfw.b: onConfigChanged()
02-24 19:46:20.780: D/PowerManagerService(1676): acquireWakeLockInternal: lock=139463809, flags=0x1, tag="CMWakeLock", ws=WorkSource{10014 com.google.android.gms}, uid=10014, pid=1892
02-24 19:46:20.780: D/PowerManagerService(1676): updateWakeLockSummaryLocked: mWakefulness=Awake, mWakeLockSummary=0x1
02-24 19:46:20.780: D/PowerManagerService(1676): updateUserActivitySummaryLocked: mWakefulness=Awake, mUserActivitySummary=0x4, nextTimeout=-1 (6500211 ms ago)
02-24 19:46:20.780: D/PowerManagerService(1676): updateDisplayPowerStateLocked: mDisplayReady=true, policy=2, mWakefulness=1, mWakeLockSummary=0x1, mUserActivitySummary=0x4, mBootCompleted=true, mScreenBrightnessBoostInProgress=false, mIsVrModeEnabled= false, sQuiescent=false
02-24 19:46:20.780: I/GCoreUlr(1892): Starting service, intent=Intent { act=com.google.android.location.reporting.ACTION_UPDATE_WORLD cmp=com.google.android.gms/com.google.android.location.reporting.service.DispatchingService (has extras) }, extras=Bundle[{receiverAction=com.google.gservices.intent.action.GSERVICES_CHANGED}]
02-24 19:46:20.791: W/zygote(5907): Unexpected CPU variant for X86 using defaults: x86
02-24 19:46:20.793: I/ActivityManager(1676): Start proc 5907:com.google.process.gapps/u0a14 for broadcast com.google.android.gsf/.loginservice.ServicesWatcher
02-24 19:46:20.806: D/PowerManagerService(1676): acquireWakeLockInternal: lock=265867623, flags=0x1, tag="IntentOp:.reminders.notification.RefreshNotificationsIntentOperation", ws=WorkSource{10014 com.google.android.gms}, uid=10014, pid=2291
02-24 19:46:20.806: D/PowerManagerService(1676): updateWakeLockSummaryLocked: mWakefulness=Awake, mWakeLockSummary=0x1
02-24 19:46:20.806: D/PowerManagerService(1676): updateUserActivitySummaryLocked: mWakefulness=Awake, mUserActivitySummary=0x4, nextTimeout=-1 (6500238 ms ago)
02-24 19:46:20.806: D/PowerManagerService(1676): updateDisplayPowerStateLocked: mDisplayReady=true, policy=2, mWakefulness=1, mWakeLockSummary=0x1, mUserActivitySummary=0x4, mBootCompleted=true, mScreenBrightnessBoostInProgress=false, mIsVrModeEnabled= false, sQuiescent=false
02-24 19:46:20.807: I/zygote(5907): The ClassLoaderContext is a special shared library.
02-24 19:46:20.812: D/PowerManagerService(1676): releaseWakeLockInternal: lock=139463809 [CMWakeLock], flags=0x0
02-24 19:46:20.812: D/PowerManagerService(1676): updateWakeLockSummaryLocked: mWakefulness=Awake, mWakeLockSummary=0x1
02-24 19:46:20.812: D/PowerManagerService(1676): updateUserActivitySummaryLocked: mWakefulness=Awake, mUserActivitySummary=0x4, nextTimeout=-1 (6500243 ms ago)
02-24 19:46:20.812: D/PowerManagerService(1676): updateDisplayPowerStateLocked: mDisplayReady=true, policy=2, mWakefulness=1, mWakeLockSummary=0x1, mUserActivitySummary=0x4, mBootCompleted=true, mScreenBrightnessBoostInProgress=false, mIsVrModeEnabled= false, sQuiescent=false
02-24 19:46:20.829: D/PowerManagerService(1676): releaseWakeLockInternal: lock=113246312 [IntentOp:com.google.android.gms/.chimera.GmsIntentOperationService], flags=0x0
02-24 19:46:20.829: D/PowerManagerService(1676): updateWakeLockSummaryLocked: mWakefulness=Awake, mWakeLockSummary=0x1
02-24 19:46:20.829: D/PowerManagerService(1676): updateUserActivitySummaryLocked: mWakefulness=Awake, mUserActivitySummary=0x4, nextTimeout=-1 (6500261 ms ago)
02-24 19:46:20.829: D/PowerManagerService(1676): updateDisplayPowerStateLocked: mDisplayReady=true, policy=2, mWakefulness=1, mWakeLockSummary=0x1, mUserActivitySummary=0x4, mBootCompleted=true, mScreenBrightnessBoostInProgress=false, mIsVrModeEnabled= false, sQuiescent=false
02-24 19:46:20.831: I/GoogleHttpClient(5907): GMS http client unavailable, use old client
02-24 19:46:20.834: D/PowerManagerService(1676): acquireWakeLockInternal: lock=18931454, flags=0x1, tag="UlrDispSvcFastWL", ws=WorkSource{10014 com.google.android.gms}, uid=10014, pid=1892
02-24 19:46:20.834: D/PowerManagerService(1676): updateWakeLockSummaryLocked: mWakefulness=Awake, mWakeLockSummary=0x1
02-24 19:46:20.834: D/PowerManagerService(1676): updateUserActivitySummaryLocked: mWakefulness=Awake, mUserActivitySummary=0x4, nextTimeout=-1 (6500265 ms ago)
02-24 19:46:20.834: D/PowerManagerService(1676): updateDisplayPowerStateLocked: mDisplayReady=true, policy=2, mWakefulness=1, mWakeLockSummary=0x1, mUserActivitySummary=0x4, mBootCompleted=true, mScreenBrightnessBoostInProgress=false, mIsVrModeEnabled= false, sQuiescent=false
02-24 19:46:20.834: D/PowerManagerService(1676): updateWakeLockWorkSourceInternal: lock=18931454 [UlrDispSvcFastWL], ws=null
02-24 19:46:20.837: I/GCoreUlr(1892): WorldUpdater received intent Intent { act=com.google.android.location.reporting.ACTION_UPDATE_WORLD cmp=com.google.android.gms/com.google.android.location.reporting.service.DispatchingService (has extras) } with receiverAction com.google.gservices.intent.action.GSERVICES_CHANGED
02-24 19:46:20.842: I/TestSupport(2291): SetOverrideOperation: finsky.setup_wizard_additional_account_vpa_enable = false
02-24 19:46:20.848: D/PowerManagerService(1676): acquireWakeLockInternal: lock=103279882, flags=0x1, tag="*net_scheduler*", ws=WorkSource{10014 com.google.android.gms}, uid=10014, pid=1892
02-24 19:46:20.848: D/PowerManagerService(1676): updateWakeLockSummaryLocked: mWakefulness=Awake, mWakeLockSummary=0x1
02-24 19:46:20.848: D/PowerManagerService(1676): updateUserActivitySummaryLocked: mWakefulness=Awake, mUserActivitySummary=0x4, nextTimeout=-1 (6500280 ms ago)
02-24 19:46:20.848: D/PowerManagerService(1676): updateDisplayPowerStateLocked: mDisplayReady=true, policy=2, mWakefulness=1, mWakeLockSummary=0x1, mUserActivitySummary=0x4, mBootCompleted=true, mScreenBrightnessBoostInProgress=false, mIsVrModeEnabled= false, sQuiescent=false
02-24 19:46:20.877: I/GCoreUlr(1892): WorldUpdater:com.google.gservices.intent.action.GSERVICES_CHANGED: Ensuring that reporting is stopped because of reasons: (no Google accounts)
02-24 19:46:20.881: D/PowerManagerService(1676): acquireWakeLockInternal: lock=6373933, flags=0x1, tag="GCoreFlp", ws=WorkSource{10014 com.google.android.gms}, uid=10014, pid=1892
02-24 19:46:20.882: D/PowerManagerService(1676): updateWakeLockSummaryLocked: mWakefulness=Awake, mWakeLockSummary=0x1
02-24 19:46:20.882: D/PowerManagerService(1676): updateUserActivitySummaryLocked: mWakefulness=Awake, mUserActivitySummary=0x4, nextTimeout=-1 (6500313 ms ago)
02-24 19:46:20.882: D/PowerManagerService(1676): updateDisplayPowerStateLocked: mDisplayReady=true, policy=2, mWakefulness=1, mWakeLockSummary=0x1, mUserActivitySummary=0x4, mBootCompleted=true, mScreenBrightnessBoostInProgress=false, mIsVrModeEnabled= false, sQuiescent=false
02-24 19:46:20.884: D/PowerManagerService(1676): releaseWakeLockInternal: lock=6373933 [GCoreFlp], flags=0x0
02-24 19:46:20.884: D/PowerManagerService(1676): updateWakeLockSummaryLocked: mWakefulness=Awake, mWakeLockSummary=0x1
02-24 19:46:20.884: D/PowerManagerService(1676): updateUserActivitySummaryLocked: mWakefulness=Awake, mUserActivitySummary=0x4, nextTimeout=-1 (6500316 ms ago)
02-24 19:46:20.884: D/PowerManagerService(1676): updateDisplayPowerStateLocked: mDisplayReady=true, policy=2, mWakefulness=1, mWakeLockSummary=0x1, mUserActivitySummary=0x4, mBootCompleted=true, mScreenBrightnessBoostInProgress=false, mIsVrModeEnabled= false, sQuiescent=false
02-24 19:46:20.886: I/GCoreUlr(1892): Unbound from all signal providers.
02-24 19:46:20.886: W/ActivityManager(1676): Unable to start service Intent { cmp=com.google.android.gms/.analytics.service.RefreshEnabledStateService } U=0: not found
02-24 19:46:20.901: D/PowerManagerService(1676): acquireWakeLockInternal: lock=65127759, flags=0x1, tag="NlpWakeLock", ws=WorkSource{10014 com.google.android.gms}, uid=10014, pid=1892
02-24 19:46:20.901: D/PowerManagerService(1676): updateWakeLockSummaryLocked: mWakefulness=Awake, mWakeLockSummary=0x1
02-24 19:46:20.901: D/PowerManagerService(1676): updateUserActivitySummaryLocked: mWakefulness=Awake, mUserActivitySummary=0x4, nextTimeout=-1 (6500332 ms ago)
02-24 19:46:20.901: D/PowerManagerService(1676): updateDisplayPowerStateLocked: mDisplayReady=true, policy=2, mWakefulness=1, mWakeLockSummary=0x1, mUserActivitySummary=0x4, mBootCompleted=true, mScreenBrightnessBoostInProgress=false, mIsVrModeEnabled= false, sQuiescent=false
02-24 19:46:20.911: W/ChimeraUtils(2291): Non Chimera context
02-24 19:46:20.914: D/PowerManagerService(1676): releaseWakeLockInternal: lock=18931454 [UlrDispSvcFastWL], flags=0x0
02-24 19:46:20.914: D/PowerManagerService(1676): updateWakeLockSummaryLocked: mWakefulness=Awake, mWakeLockSummary=0x1
02-24 19:46:20.914: D/PowerManagerService(1676): updateUserActivitySummaryLocked: mWakefulness=Awake, mUserActivitySummary=0x4, nextTimeout=-1 (6500345 ms ago)
02-24 19:46:20.914: D/PowerManagerService(1676): updateDisplayPowerStateLocked: mDisplayReady=true, policy=2, mWakefulness=1, mWakeLockSummary=0x1, mUserActivitySummary=0x4, mBootCompleted=true, mScreenBrightnessBoostInProgress=false, mIsVrModeEnabled= false, sQuiescent=false
02-24 19:46:20.912: W/ChimeraUtils(2291): Non Chimera context
02-24 19:46:20.919: I/GeofencerStateMachine(1892): sendQueryLocationOptIn
02-24 19:46:20.919: D/PowerManagerService(1676): acquireWakeLockInternal: lock=190399708, flags=0x1, tag="Wakeful StateMachine: GeofencerStateMachine", ws=WorkSource{10014 com.google.android.gms}, uid=10014, pid=1892
02-24 19:46:20.919: D/PowerManagerService(1676): updateWakeLockSummaryLocked: mWakefulness=Awake, mWakeLockSummary=0x1
02-24 19:46:20.919: D/PowerManagerService(1676): updateUserActivitySummaryLocked: mWakefulness=Awake, mUserActivitySummary=0x4, nextTimeout=-1 (6500351 ms ago)
02-24 19:46:20.919: D/PowerManagerService(1676): updateDisplayPowerStateLocked: mDisplayReady=true, policy=2, mWakefulness=1, mWakeLockSummary=0x1, mUserActivitySummary=0x4, mBootCompleted=true, mScreenBrightnessBoostInProgress=false, mIsVrModeEnabled= false, sQuiescent=false
02-24 19:46:20.920: D/PowerManagerService(1676): acquireWakeLockInternal: lock=190399708, flags=0x1, tag="Wakeful StateMachine: GeofencerStateMachine", ws=WorkSource{10014 com.google.android.gms}, uid=10014, pid=1892
02-24 19:46:20.920: D/PowerManagerService(1676): updateWakeLockSummaryLocked: mWakefulness=Awake, mWakeLockSummary=0x1
02-24 19:46:20.920: D/PowerManagerService(1676): updateUserActivitySummaryLocked: mWakefulness=Awake, mUserActivitySummary=0x4, nextTimeout=-1 (6500351 ms ago)
02-24 19:46:20.920: D/PowerManagerService(1676): updateDisplayPowerStateLocked: mDisplayReady=true, policy=2, mWakefulness=1, mWakeLockSummary=0x1, mUserActivitySummary=0x4, mBootCompleted=true, mScreenBrightnessBoostInProgress=false, mIsVrModeEnabled= false, sQuiescent=false
02-24 19:46:20.921: D/PowerManagerService(1676): acquireWakeLockInternal: lock=190399708, flags=0x1, tag="Wakeful StateMachine: GeofencerStateMachine", ws=WorkSource{10014 com.google.android.gms}, uid=10014, pid=1892
02-24 19:46:20.921: D/PowerManagerService(1676): updateWakeLockSummaryLocked: mWakefulness=Awake, mWakeLockSummary=0x1
02-24 19:46:20.921: D/PowerManagerService(1676): updateUserActivitySummaryLocked: mWakefulness=Awake, mUserActivitySummary=0x4, nextTimeout=-1 (6500352 ms ago)
02-24 19:46:20.921: D/PowerManagerService(1676): updateDisplayPowerStateLocked: mDisplayReady=true, policy=2, mWakefulness=1, mWakeLockSummary=0x1, mUserActivitySummary=0x4, mBootCompleted=true, mScreenBrightnessBoostInProgress=false, mIsVrModeEnabled= false, sQuiescent=false
02-24 19:46:20.921: D/PowerManagerService(1676): acquireWakeLockInternal: lock=190399708, flags=0x1, tag="Wakeful StateMachine: GeofencerStateMachine", ws=WorkSource{10014 com.google.android.gms}, uid=10014, pid=1892
02-24 19:46:20.921: D/PowerManagerService(1676): updateWakeLockSummaryLocked: mWakefulness=Awake, mWakeLockSummary=0x1
02-24 19:46:20.921: D/PowerManagerService(1676): updateUserActivitySummaryLocked: mWakefulness=Awake, mUserActivitySummary=0x4, nextTimeout=-1 (6500353 ms ago)
02-24 19:46:20.921: D/PowerManagerService(1676): updateDisplayPowerStateLocked: mDisplayReady=true, policy=2, mWakefulness=1, mWakeLockSummary=0x1, mUserActivitySummary=0x4, mBootCompleted=true, mScreenBrightnessBoostInProgress=false, mIsVrModeEnabled= false, sQuiescent=false
02-24 19:46:20.921: D/PowerManagerService(1676): acquireWakeLockInternal: lock=190399708, flags=0x1, tag="Wakeful StateMachine: GeofencerStateMachine", ws=WorkSource{10014 com.google.android.gms}, uid=10014, pid=1892
02-24 19:46:20.921: D/PowerManagerService(1676): updateWakeLockSummaryLocked: mWakefulness=Awake, mWakeLockSummary=0x1
02-24 19:46:20.921: D/PowerManagerService(1676): updateUserActivitySummaryLocked: mWakefulness=Awake, mUserActivitySummary=0x4, nextTimeout=-1 (6500353 ms ago)
02-24 19:46:20.921: D/PowerManagerService(1676): updateDisplayPowerStateLocked: mDisplayReady=true, policy=2, mWakefulness=1, mWakeLockSummary=0x1, mUserActivitySummary=0x4, mBootCompleted=true, mScreenBrightnessBoostInProgress=false, mIsVrModeEnabled= false, sQuiescent=false
02-24 19:46:20.922: D/PowerManagerService(1676): acquireWakeLockInternal: lock=190399708, flags=0x1, tag="Wakeful StateMachine: GeofencerStateMachine", ws=WorkSource{10014 com.google.android.gms}, uid=10014, pid=1892
02-24 19:46:20.922: D/PowerManagerService(1676): updateWakeLockSummaryLocked: mWakefulness=Awake, mWakeLockSummary=0x1
02-24 19:46:20.922: D/PowerManagerService(1676): updateUserActivitySummaryLocked: mWakefulness=Awake, mUserActivitySummary=0x4, nextTimeout=-1 (6500354 ms ago)
02-24 19:46:20.922: D/PowerManagerService(1676): updateDisplayPowerStateLocked: mDisplayReady=true, policy=2, mWakefulness=1, mWakeLockSummary=0x1, mUserActivitySummary=0x4, mBootCompleted=true, mScreenBrightnessBoostInProgress=false, mIsVrModeEnabled= false, sQuiescent=false
02-24 19:46:20.921: I/chatty(1892): uid=10014 com.google.android.gms.persistent identical 4 lines
02-24 19:46:20.922: I/GeofencerStateMachine(1892): sendQueryLocationOptIn
02-24 19:46:20.923: D/CAR.SETUP(2291): Received GService flag change intent.
02-24 19:46:20.925: D/CAR.SETUP(2291): update DrivingMode components to false
02-24 19:46:20.927: I/ChromeSync(2291): [Sync,SyncIntentOperation] Handling the intent: Intent { act=com.google.gservices.intent.action.GSERVICES_CHANGED flg=0x1000010 cmp=com.google.android.gms/.chimera.GmsIntentOperationService$PersistentInternalReceiver }.
02-24 19:46:20.931: I/GeofencerStateMachine(1892): sendQueryLocationOptIn
02-24 19:46:20.931: D/PowerManagerService(1676): acquireWakeLockInternal: lock=190399708, flags=0x1, tag="Wakeful StateMachine: GeofencerStateMachine", ws=WorkSource{10014 com.google.android.gms}, uid=10014, pid=1892
02-24 19:46:20.931: D/PowerManagerService(1676): updateWakeLockSummaryLocked: mWakefulness=Awake, mWakeLockSummary=0x1
02-24 19:46:20.931: D/PowerManagerService(1676): updateUserActivitySummaryLocked: mWakefulness=Awake, mUserActivitySummary=0x4, nextTimeout=-1 (6500363 ms ago)
02-24 19:46:20.931: D/PowerManagerService(1676): updateDisplayPowerStateLocked: mDisplayReady=true, policy=2, mWakefulness=1, mWakeLockSummary=0x1, mUserActivitySummary=0x4, mBootCompleted=true, mScreenBrightnessBoostInProgress=false, mIsVrModeEnabled= false, sQuiescent=false
02-24 19:46:20.934: D/PowerManagerService(1676): acquireWakeLockInternal: lock=190399708, flags=0x1, tag="Wakeful StateMachine: GeofencerStateMachine", ws=WorkSource{10014 com.google.android.gms}, uid=10014, pid=1892
02-24 19:46:20.934: D/PowerManagerService(1676): updateWakeLockSummaryLocked: mWakefulness=Awake, mWakeLockSummary=0x1
02-24 19:46:20.934: D/PowerManagerService(1676): updateUserActivitySummaryLocked: mWakefulness=Awake, mUserActivitySummary=0x4, nextTimeout=-1 (6500365 ms ago)
02-24 19:46:20.934: D/PowerManagerService(1676): updateDisplayPowerStateLocked: mDisplayReady=true, policy=2, mWakefulness=1, mWakeLockSummary=0x1, mUserActivitySummary=0x4, mBootCompleted=true, mScreenBrightnessBoostInProgress=false, mIsVrModeEnabled= false, sQuiescent=false
02-24 19:46:20.944: D/PowerManagerService(1676): releaseWakeLockInternal: lock=190399708 [Wakeful StateMachine: GeofencerStateMachine], flags=0x0
02-24 19:46:20.944: D/PowerManagerService(1676): updateWakeLockSummaryLocked: mWakefulness=Awake, mWakeLockSummary=0x1
02-24 19:46:20.944: D/PowerManagerService(1676): updateUserActivitySummaryLocked: mWakefulness=Awake, mUserActivitySummary=0x4, nextTimeout=-1 (6500375 ms ago)
02-24 19:46:20.944: D/PowerManagerService(1676): updateDisplayPowerStateLocked: mDisplayReady=true, policy=2, mWakefulness=1, mWakeLockSummary=0x1, mUserActivitySummary=0x4, mBootCompleted=true, mScreenBrightnessBoostInProgress=false, mIsVrModeEnabled= false, sQuiescent=false
02-24 19:46:20.934: I/GeofencerStateMachine(1892): sendQueryLocationOptIn
02-24 19:46:20.973: E/NetworkScheduler(1892): Invalid component specified.
02-24 19:46:21.025: D/PowerManagerService(1676): acquireWakeLockInternal: lock=6373933, flags=0x1, tag="GCoreFlp", ws=WorkSource{10014 com.google.android.gms}, uid=10014, pid=1892
02-24 19:46:21.025: D/PowerManagerService(1676): updateWakeLockSummaryLocked: mWakefulness=Awake, mWakeLockSummary=0x1
02-24 19:46:21.025: D/PowerManagerService(1676): updateUserActivitySummaryLocked: mWakefulness=Awake, mUserActivitySummary=0x4, nextTimeout=-1 (6500457 ms ago)
02-24 19:46:21.025: D/PowerManagerService(1676): updateDisplayPowerStateLocked: mDisplayReady=true, policy=2, mWakefulness=1, mWakeLockSummary=0x1, mUserActivitySummary=0x4, mBootCompleted=true, mScreenBrightnessBoostInProgress=false, mIsVrModeEnabled= false, sQuiescent=false
02-24 19:46:21.026: D/PowerManagerService(1676): releaseWakeLockInternal: lock=6373933 [GCoreFlp], flags=0x0
02-24 19:46:21.026: D/PowerManagerService(1676): updateWakeLockSummaryLocked: mWakefulness=Awake, mWakeLockSummary=0x1
02-24 19:46:21.026: D/PowerManagerService(1676): updateUserActivitySummaryLocked: mWakefulness=Awake, mUserActivitySummary=0x4, nextTimeout=-1 (6500458 ms ago)
02-24 19:46:21.026: D/PowerManagerService(1676): updateDisplayPowerStateLocked: mDisplayReady=true, policy=2, mWakefulness=1, mWakeLockSummary=0x1, mUserActivitySummary=0x4, mBootCompleted=true, mScreenBrightnessBoostInProgress=false, mIsVrModeEnabled= false, sQuiescent=false
02-24 19:46:21.027: D/PowerManagerService(1676): releaseWakeLockInternal: lock=103279882 [*net_scheduler*], flags=0x0
02-24 19:46:21.027: D/PowerManagerService(1676): updateWakeLockSummaryLocked: mWakefulness=Awake, mWakeLockSummary=0x1
02-24 19:46:21.027: D/PowerManagerService(1676): updateUserActivitySummaryLocked: mWakefulness=Awake, mUserActivitySummary=0x4, nextTimeout=-1 (6500459 ms ago)
02-24 19:46:21.027: D/PowerManagerService(1676): updateDisplayPowerStateLocked: mDisplayReady=true, policy=2, mWakefulness=1, mWakeLockSummary=0x1, mUserActivitySummary=0x4, mBootCompleted=true, mScreenBrightnessBoostInProgress=false, mIsVrModeEnabled= false, sQuiescent=false
02-24 19:46:20.973: I/chatty(1892): uid=10014(com.google.android.gms) lowpool[8] identical 1 line
02-24 19:46:20.974: E/NetworkScheduler(1892): Invalid component specified.
02-24 19:46:21.029: I/GCoreUlr(1892): Unbound from all signal providers.
02-24 19:46:21.029: I/GCoreUlr(1892): Stopping handler for UlrDispSvcFast
02-24 19:46:21.031: I/Remoter(1534): Saved screenshot to '/data/screenshots/__pmv__-0097.jpg'
02-24 19:46:21.042: I/GservicesProvider(2321): override update completed
02-24 19:46:21.052: I/MobileDataHub(2291): Scheduling periodic tasks
02-24 19:46:21.053: W/MobileDataHub(2291): [Service] appsupload-periodic periodic task disabled
02-24 19:46:21.062: D/PowerManagerService(1676): acquireWakeLockInternal: lock=245179653, flags=0x1, tag="Babel_ConcService", ws=null, uid=10062, pid=4961
02-24 19:46:21.062: D/PowerManagerService(1676): updateWakeLockSummaryLocked: mWakefulness=Awake, mWakeLockSummary=0x1
02-24 19:46:21.062: D/PowerManagerService(1676): updateUserActivitySummaryLocked: mWakefulness=Awake, mUserActivitySummary=0x4, nextTimeout=-1 (6500493 ms ago)
02-24 19:46:21.062: D/PowerManagerService(1676): updateDisplayPowerStateLocked: mDisplayReady=true, policy=2, mWakefulness=1, mWakeLockSummary=0x1, mUserActivitySummary=0x4, mBootCompleted=true, mScreenBrightnessBoostInProgress=false, mIsVrModeEnabled= false, sQuiescent=false
02-24 19:46:21.062: I/Babel_ConcService(4961): Acquired partial wake lock to keep ConcurrentService alive
02-24 19:46:21.063: D/PowerManagerService(1676): releaseWakeLockInternal: lock=245179653 [Babel_ConcService], flags=0x0
02-24 19:46:21.063: D/PowerManagerService(1676): updateWakeLockSummaryLocked: mWakefulness=Awake, mWakeLockSummary=0x1
02-24 19:46:21.063: D/PowerManagerService(1676): updateUserActivitySummaryLocked: mWakefulness=Awake, mUserActivitySummary=0x4, nextTimeout=-1 (6500495 ms ago)
02-24 19:46:21.063: D/PowerManagerService(1676): updateDisplayPowerStateLocked: mDisplayReady=true, policy=2, mWakefulness=1, mWakeLockSummary=0x1, mUserActivitySummary=0x4, mBootCompleted=true, mScreenBrightnessBoostInProgress=false, mIsVrModeEnabled= false, sQuiescent=false
02-24 19:46:21.064: I/Babel_ConcService(4961): Released partial wake lock as ConcurrentService became idle
02-24 19:46:21.067: I/Telecom(1676): PhoneAccountRegistrar: SimCallManager queried, returning: null: TSI.gSCM@ALA
02-24 19:46:21.070: I/Babel_telephony(4961): TeleModule.updateConnectionManagerRegistration, registration preference changed from false to false
02-24 19:46:21.070: W/Babel_AcctMgr(4961): gBA: invalid account id: -1
02-24 19:46:21.070: W/Babel_AcctMgr(4961): gBA: invalid account id: -1
02-24 19:46:21.070: I/Babel_telephony(4961): TeleModule.updateIncomingCallRegistration, preferred account for incoming calls changed from: null to null
02-24 19:46:21.138: W/zygote(1892): Long monitor contention with owner netscheduler-queue-handler (2972) at void xxj.a(xxg, xus)(:com.google.android.gms@14367022@14.3.67 (040700-216465562):132) waiters=0 in int xxj.e(xvi) for 163ms
02-24 19:46:21.147: I/MS_Utils(2291): version of com.google.android.apps.maps = 956702333
02-24 19:46:21.150: D/PowerManagerService(1676): releaseWakeLockInternal: lock=65127759 [NlpWakeLock], flags=0x0
02-24 19:46:21.150: D/PowerManagerService(1676): updateWakeLockSummaryLocked: mWakefulness=Awake, mWakeLockSummary=0x1
02-24 19:46:21.150: D/PowerManagerService(1676): updateUserActivitySummaryLocked: mWakefulness=Awake, mUserActivitySummary=0x4, nextTimeout=-1 (6500581 ms ago)
02-24 19:46:21.150: D/PowerManagerService(1676): updateDisplayPowerStateLocked: mDisplayReady=true, policy=2, mWakefulness=1, mWakeLockSummary=0x1, mUserActivitySummary=0x4, mBootCompleted=true, mScreenBrightnessBoostInProgress=false, mIsVrModeEnabled= false, sQuiescent=false
02-24 19:46:21.150: D/PowerManagerService(1676): acquireWakeLockInternal: lock=65127759, flags=0x1, tag="NlpWakeLock", ws=WorkSource{10014 com.google.android.gms}, uid=10014, pid=1892
02-24 19:46:21.150: D/PowerManagerService(1676): updateWakeLockSummaryLocked: mWakefulness=Awake, mWakeLockSummary=0x1
02-24 19:46:21.150: D/PowerManagerService(1676): updateUserActivitySummaryLocked: mWakefulness=Awake, mUserActivitySummary=0x4, nextTimeout=-1 (6500582 ms ago)
02-24 19:46:21.150: D/PowerManagerService(1676): updateDisplayPowerStateLocked: mDisplayReady=true, policy=2, mWakefulness=1, mWakeLockSummary=0x1, mUserActivitySummary=0x4, mBootCompleted=true, mScreenBrightnessBoostInProgress=false, mIsVrModeEnabled= false, sQuiescent=false
02-24 19:46:21.162: D/PowerManagerService(1676): releaseWakeLockInternal: lock=220654741 [*net_scheduler*], flags=0x0
02-24 19:46:21.162: D/PowerManagerService(1676): updateWakeLockSummaryLocked: mWakefulness=Awake, mWakeLockSummary=0x1
02-24 19:46:21.162: D/PowerManagerService(1676): updateUserActivitySummaryLocked: mWakefulness=Awake, mUserActivitySummary=0x4, nextTimeout=-1 (6500594 ms ago)
02-24 19:46:21.162: D/PowerManagerService(1676): updateDisplayPowerStateLocked: mDisplayReady=true, policy=2, mWakefulness=1, mWakeLockSummary=0x1, mUserActivitySummary=0x4, mBootCompleted=true, mScreenBrightnessBoostInProgress=false, mIsVrModeEnabled= false, sQuiescent=false
02-24 19:46:21.167: E/NetworkScheduler(1892): Invalid component specified.
02-24 19:46:21.173: D/PowerManagerService(1676): releaseWakeLockInternal: lock=65127759 [NlpWakeLock], flags=0x0
02-24 19:46:21.173: D/PowerManagerService(1676): updateWakeLockSummaryLocked: mWakefulness=Awake, mWakeLockSummary=0x1
02-24 19:46:21.173: D/PowerManagerService(1676): updateUserActivitySummaryLocked: mWakefulness=Awake, mUserActivitySummary=0x4, nextTimeout=-1 (6500604 ms ago)
02-24 19:46:21.173: D/PowerManagerService(1676): updateDisplayPowerStateLocked: mDisplayReady=true, policy=2, mWakefulness=1, mWakeLockSummary=0x1, mUserActivitySummary=0x4, mBootCompleted=true, mScreenBrightnessBoostInProgress=false, mIsVrModeEnabled= false, sQuiescent=false
02-24 19:46:21.206: D/PowerManagerService(1676): releaseWakeLockInternal: lock=265867623 [IntentOp:.reminders.notification.RefreshNotificationsIntentOperation], flags=0x0
02-24 19:46:21.206: D/PowerManagerService(1676): updateWakeLockSummaryLocked: mWakefulness=Awake, mWakeLockSummary=0x1
02-24 19:46:21.206: D/PowerManagerService(1676): updateUserActivitySummaryLocked: mWakefulness=Awake, mUserActivitySummary=0x4, nextTimeout=-1 (6500638 ms ago)
02-24 19:46:21.206: D/PowerManagerService(1676): updateDisplayPowerStateLocked: mDisplayReady=true, policy=2, mWakefulness=1, mWakeLockSummary=0x1, mUserActivitySummary=0x4, mBootCompleted=true, mScreenBrightnessBoostInProgress=false, mIsVrModeEnabled= false, sQuiescent=false
02-24 19:46:21.211: I/SystemUpdate(2291): [Installation,ReceiverIntentOperation] Received intent: Intent { act=com.google.gservices.intent.action.GSERVICES_CHANGED flg=0x1000010 cmp=com.google.android.gms/.chimera.GmsIntentOperationService$PersistentInternalReceiver }.
02-24 19:46:21.213: D/PowerManagerService(1676): acquireWakeLockInternal: lock=220654741, flags=0x1, tag="*net_scheduler*", ws=WorkSource{10014 com.google.android.gms}, uid=10014, pid=1892
02-24 19:46:21.213: D/PowerManagerService(1676): updateWakeLockSummaryLocked: mWakefulness=Awake, mWakeLockSummary=0x1
02-24 19:46:21.213: D/PowerManagerService(1676): updateUserActivitySummaryLocked: mWakefulness=Awake, mUserActivitySummary=0x4, nextTimeout=-1 (6500644 ms ago)
02-24 19:46:21.213: D/PowerManagerService(1676): updateDisplayPowerStateLocked: mDisplayReady=true, policy=2, mWakefulness=1, mWakeLockSummary=0x1, mUserActivitySummary=0x4, mBootCompleted=true, mScreenBrightnessBoostInProgress=false, mIsVrModeEnabled= false, sQuiescent=false
02-24 19:46:21.247: V/EmulatedCamera_Factory(1552): getCameraInfo: id = 0
02-24 19:46:21.247: V/EmulatedCamera_Camera(1552): getCameraInfo
02-24 19:46:21.247: V/EmulatedCamera_BaseCamera(1552): getCameraInfo
02-24 19:46:21.255: I/OcrModelUpStIntentOp(2291): Updating ocr activity enabled=true (phenotypeFlag=true, lowRamDevice=false, prereqCheck=true)
02-24 19:46:21.259: I/TestSupport(2291): Broadcast sent: finsky.setup_wizard_additional_account_vpa_enable
02-24 19:46:21.264: I/TestSupport(2291): GServices override confirmed: finsky.setup_wizard_additional_account_vpa_enable=false
02-24 19:46:21.265: I/TSDRIVER(5855): Handled command: PACKAGE
02-24 19:46:21.273: I/zygote(1892): Background concurrent copying GC freed 73379(4MB) AllocSpace objects, 5(160KB) LOS objects, 49% free, 6MB/13MB, paused 49.580ms total 195.468ms
02-24 19:46:21.279: D/PowerManagerService(1676): acquireWakeLockInternal: lock=43694186, flags=0x1, tag="IntentOp:.reminders.notification.ScheduleLocationRemindersIntentOperation", ws=WorkSource{10014 com.google.android.gms}, uid=10014, pid=2291
02-24 19:46:21.279: D/PowerManagerService(1676): updateWakeLockSummaryLocked: mWakefulness=Awake, mWakeLockSummary=0x1
02-24 19:46:21.279: D/PowerManagerService(1676): updateUserActivitySummaryLocked: mWakefulness=Awake, mUserActivitySummary=0x4, nextTimeout=-1 (6500711 ms ago)
02-24 19:46:21.279: D/PowerManagerService(1676): updateDisplayPowerStateLocked: mDisplayReady=true, policy=2, mWakefulness=1, mWakeLockSummary=0x1, mUserActivitySummary=0x4, mBootCompleted=true, mScreenBrightnessBoostInProgress=false, mIsVrModeEnabled= false, sQuiescent=false
02-24 19:46:21.283: I/SystemUpdate(2291): [Execution,InstallationEventIntentOperation] Handling event of type 2.
02-24 19:46:21.289: D/PowerManagerService(1676): releaseWakeLockInternal: lock=43694186 [IntentOp:.reminders.notification.ScheduleLocationRemindersIntentOperation], flags=0x0
02-24 19:46:21.289: D/PowerManagerService(1676): updateWakeLockSummaryLocked: mWakefulness=Awake, mWakeLockSummary=0x1
02-24 19:46:21.289: D/PowerManagerService(1676): updateUserActivitySummaryLocked: mWakefulness=Awake, mUserActivitySummary=0x4, nextTimeout=-1 (6500720 ms ago)
02-24 19:46:21.289: D/PowerManagerService(1676): updateDisplayPowerStateLocked: mDisplayReady=true, policy=2, mWakefulness=1, mWakeLockSummary=0x1, mUserActivitySummary=0x4, mBootCompleted=true, mScreenBrightnessBoostInProgress=false, mIsVrModeEnabled= false, sQuiescent=false
02-24 19:46:21.301: D/PowerManagerService(1676): releaseWakeLockInternal: lock=220654741 [*net_scheduler*], flags=0x0
02-24 19:46:21.301: D/PowerManagerService(1676): updateWakeLockSummaryLocked: mWakefulness=Awake, mWakeLockSummary=0x1
02-24 19:46:21.301: D/PowerManagerService(1676): updateUserActivitySummaryLocked: mWakefulness=Awake, mUserActivitySummary=0x4, nextTimeout=-1 (6500733 ms ago)
02-24 19:46:21.301: D/PowerManagerService(1676): updateDisplayPowerStateLocked: mDisplayReady=true, policy=2, mWakefulness=1, mWakeLockSummary=0x1, mUserActivitySummary=0x4, mBootCompleted=true, mScreenBrightnessBoostInProgress=false, mIsVrModeEnabled= false, sQuiescent=false
02-24 19:46:21.305: D/PowerManagerService(1676): acquireWakeLockInternal: lock=44298550, flags=0x1, tag="IntentOp:com.google.android.gms/.chimera.GmsIntentOperationService", ws=WorkSource{10014 com.google.android.gms}, uid=10014, pid=1892
02-24 19:46:21.305: D/PowerManagerService(1676): updateWakeLockSummaryLocked: mWakefulness=Awake, mWakeLockSummary=0x1
02-24 19:46:21.305: D/PowerManagerService(1676): updateUserActivitySummaryLocked: mWakefulness=Awake, mUserActivitySummary=0x4, nextTimeout=-1 (6500737 ms ago)
02-24 19:46:21.305: D/PowerManagerService(1676): updateDisplayPowerStateLocked: mDisplayReady=true, policy=2, mWakefulness=1, mWakeLockSummary=0x1, mUserActivitySummary=0x4, mBootCompleted=true, mScreenBrightnessBoostInProgress=false, mIsVrModeEnabled= false, sQuiescent=false
02-24 19:46:21.308: I/NetRec(1892): [390] agfw.b: onConfigChanged()
02-24 19:46:21.308: I/SystemUpdate(2291): [Execution,InstallationIntentOperation] Received intent: Intent { act=com.google.android.gms.update.INSTALL_UPDATE cat=[targeted_intent_op_prefix:.update.execution.InstallationIntentOperation] cmp=com.google.android.gms/.chimera.GmsIntentOperationService }.
02-24 19:46:21.308: I/SystemUpdate(2291): [Execution,ExecutionManager] Action finished-execution executed for 0.00 seconds.
02-24 19:46:21.313: D/PowerManagerService(1676): acquireWakeLockInternal: lock=139463809, flags=0x1, tag="CMWakeLock", ws=WorkSource{10014 com.google.android.gms}, uid=10014, pid=1892
02-24 19:46:21.313: D/PowerManagerService(1676): updateWakeLockSummaryLocked: mWakefulness=Awake, mWakeLockSummary=0x1
02-24 19:46:21.313: D/PowerManagerService(1676): updateUserActivitySummaryLocked: mWakefulness=Awake, mUserActivitySummary=0x4, nextTimeout=-1 (6500745 ms ago)
02-24 19:46:21.313: D/PowerManagerService(1676): updateDisplayPowerStateLocked: mDisplayReady=true, policy=2, mWakefulness=1, mWakeLockSummary=0x1, mUserActivitySummary=0x4, mBootCompleted=true, mScreenBrightnessBoostInProgress=false, mIsVrModeEnabled= false, sQuiescent=false
02-24 19:46:21.314: I/GCoreUlr(1892): Starting service, intent=Intent { act=com.google.android.location.reporting.ACTION_UPDATE_WORLD cmp=com.google.android.gms/com.google.android.location.reporting.service.DispatchingService (has extras) }, extras=Bundle[{receiverAction=com.google.gservices.intent.action.GSERVICES_CHANGED}]
02-24 19:46:21.346: I/zygote(2291): Do partial code cache collection, code=986KB, data=622KB
02-24 19:46:21.346: I/zygote(2291): After code cache collection, code=977KB, data=618KB
02-24 19:46:21.346: I/zygote(2291): Increasing code cache capacity to 3MB
02-24 19:46:21.364: D/PowerManagerService(1676): acquireWakeLockInternal: lock=212247105, flags=0x1, tag="IntentOp:.reminders.notification.RefreshNotificationsIntentOperation", ws=WorkSource{10014 com.google.android.gms}, uid=10014, pid=2291
02-24 19:46:21.364: D/PowerManagerService(1676): updateWakeLockSummaryLocked: mWakefulness=Awake, mWakeLockSummary=0x1
02-24 19:46:21.364: D/PowerManagerService(1676): updateUserActivitySummaryLocked: mWakefulness=Awake, mUserActivitySummary=0x4, nextTimeout=-1 (6500796 ms ago)
02-24 19:46:21.364: D/PowerManagerService(1676): updateDisplayPowerStateLocked: mDisplayReady=true, policy=2, mWakefulness=1, mWakeLockSummary=0x1, mUserActivitySummary=0x4, mBootCompleted=true, mScreenBrightnessBoostInProgress=false, mIsVrModeEnabled= false, sQuiescent=false
02-24 19:46:21.366: I/TSDRIVER(5855): CommandService onHandleIntent()
02-24 19:46:21.366: I/TSDRIVER(5855): Got command: PACKAGE
02-24 19:46:21.366: I/TSDRIVER(5855): flag package: Eitjb20uZ29vZ2xlLmFuZHJvaWQuZ21zLmF1dGguYXBpLmNyZWRlbnRpYWxzGh4KGlNhdmVTdHJhdGVneV9fZW5hYmxlU2F2aW5nGAA
02-24 19:46:21.366: I/TSDRIVER(5855): flag package: com.google.android.gms.auth.api.credentials
02-24 19:46:21.376: D/PowerManagerService(1676): releaseWakeLockInternal: lock=139463809 [CMWakeLock], flags=0x0
02-24 19:46:21.376: D/PowerManagerService(1676): updateWakeLockSummaryLocked: mWakefulness=Awake, mWakeLockSummary=0x1
02-24 19:46:21.376: D/PowerManagerService(1676): updateUserActivitySummaryLocked: mWakefulness=Awake, mUserActivitySummary=0x4, nextTimeout=-1 (6500807 ms ago)
02-24 19:46:21.376: D/PowerManagerService(1676): updateDisplayPowerStateLocked: mDisplayReady=true, policy=2, mWakefulness=1, mWakeLockSummary=0x1, mUserActivitySummary=0x4, mBootCompleted=true, mScreenBrightnessBoostInProgress=false, mIsVrModeEnabled= false, sQuiescent=false
02-24 19:46:21.378: D/PowerManagerService(1676): releaseWakeLockInternal: lock=44298550 [IntentOp:com.google.android.gms/.chimera.GmsIntentOperationService], flags=0x0
02-24 19:46:21.378: D/PowerManagerService(1676): updateWakeLockSummaryLocked: mWakefulness=Awake, mWakeLockSummary=0x1
02-24 19:46:21.378: D/PowerManagerService(1676): updateUserActivitySummaryLocked: mWakefulness=Awake, mUserActivitySummary=0x4, nextTimeout=-1 (6500810 ms ago)
02-24 19:46:21.378: D/PowerManagerService(1676): updateDisplayPowerStateLocked: mDisplayReady=true, policy=2, mWakefulness=1, mWakeLockSummary=0x1, mUserActivitySummary=0x4, mBootCompleted=true, mScreenBrightnessBoostInProgress=false, mIsVrModeEnabled= false, sQuiescent=false
02-24 19:46:21.380: I/GeofencerStateMachine(1892): sendQueryLocationOptIn
02-24 19:46:21.380: D/PowerManagerService(1676): acquireWakeLockInternal: lock=190399708, flags=0x1, tag="Wakeful StateMachine: GeofencerStateMachine", ws=WorkSource{10014 com.google.android.gms}, uid=10014, pid=1892
02-24 19:46:21.380: D/PowerManagerService(1676): updateWakeLockSummaryLocked: mWakefulness=Awake, mWakeLockSummary=0x1
02-24 19:46:21.380: D/PowerManagerService(1676): updateUserActivitySummaryLocked: mWakefulness=Awake, mUserActivitySummary=0x4, nextTimeout=-1 (6500811 ms ago)
02-24 19:46:21.380: D/PowerManagerService(1676): updateDisplayPowerStateLocked: mDisplayReady=true, policy=2, mWakefulness=1, mWakeLockSummary=0x1, mUserActivitySummary=0x4, mBootCompleted=true, mScreenBrightnessBoostInProgress=false, mIsVrModeEnabled= false, sQuiescent=false
02-24 19:46:21.381: D/PowerManagerService(1676): acquireWakeLockInternal: lock=190399708, flags=0x1, tag="Wakeful StateMachine: GeofencerStateMachine", ws=WorkSource{10014 com.google.android.gms}, uid=10014, pid=1892
02-24 19:46:21.381: D/PowerManagerService(1676): updateWakeLockSummaryLocked: mWakefulness=Awake, mWakeLockSummary=0x1
02-24 19:46:21.381: D/PowerManagerService(1676): updateUserActivitySummaryLocked: mWakefulness=Awake, mUserActivitySummary=0x4, nextTimeout=-1 (6500812 ms ago)
02-24 19:46:21.381: D/PowerManagerService(1676): updateDisplayPowerStateLocked: mDisplayReady=true, policy=2, mWakefulness=1, mWakeLockSummary=0x1, mUserActivitySummary=0x4, mBootCompleted=true, mScreenBrightnessBoostInProgress=false, mIsVrModeEnabled= false, sQuiescent=false
02-24 19:46:21.382: D/PowerManagerService(1676): acquireWakeLockInternal: lock=58335613, flags=0x1, tag="UlrDispSvcFastWL", ws=WorkSource{10014 com.google.android.gms}, uid=10014, pid=1892
02-24 19:46:21.382: D/PowerManagerService(1676): updateWakeLockSummaryLocked: mWakefulness=Awake, mWakeLockSummary=0x1
02-24 19:46:21.382: D/PowerManagerService(1676): updateUserActivitySummaryLocked: mWakefulness=Awake, mUserActivitySummary=0x4, nextTimeout=-1 (6500813 ms ago)
02-24 19:46:21.382: D/PowerManagerService(1676): updateDisplayPowerStateLocked: mDisplayReady=true, policy=2, mWakefulness=1, mWakeLockSummary=0x1, mUserActivitySummary=0x4, mBootCompleted=true, mScreenBrightnessBoostInProgress=false, mIsVrModeEnabled= false, sQuiescent=false
02-24 19:46:21.382: D/PowerManagerService(1676): updateWakeLockWorkSourceInternal: lock=58335613 [UlrDispSvcFastWL], ws=null
02-24 19:46:21.384: D/PowerManagerService(1676): releaseWakeLockInternal: lock=190399708 [Wakeful StateMachine: GeofencerStateMachine], flags=0x0
02-24 19:46:21.384: D/PowerManagerService(1676): updateWakeLockSummaryLocked: mWakefulness=Awake, mWakeLockSummary=0x1
02-24 19:46:21.384: D/PowerManagerService(1676): updateUserActivitySummaryLocked: mWakefulness=Awake, mUserActivitySummary=0x4, nextTimeout=-1 (6500816 ms ago)
02-24 19:46:21.384: D/PowerManagerService(1676): updateDisplayPowerStateLocked: mDisplayReady=true, policy=2, mWakefulness=1, mWakeLockSummary=0x1, mUserActivitySummary=0x4, mBootCompleted=true, mScreenBrightnessBoostInProgress=false, mIsVrModeEnabled= false, sQuiescent=false
02-24 19:46:21.385: D/PowerManagerService(1676): acquireWakeLockInternal: lock=190399708, flags=0x1, tag="Wakeful StateMachine: GeofencerStateMachine", ws=WorkSource{10014 com.google.android.gms}, uid=10014, pid=1892
02-24 19:46:21.385: D/PowerManagerService(1676): updateWakeLockSummaryLocked: mWakefulness=Awake, mWakeLockSummary=0x1
02-24 19:46:21.385: D/PowerManagerService(1676): updateUserActivitySummaryLocked: mWakefulness=Awake, mUserActivitySummary=0x4, nextTimeout=-1 (6500817 ms ago)
02-24 19:46:21.385: D/PowerManagerService(1676): updateDisplayPowerStateLocked: mDisplayReady=true, policy=2, mWakefulness=1, mWakeLockSummary=0x1, mUserActivitySummary=0x4, mBootCompleted=true, mScreenBrightnessBoostInProgress=false, mIsVrModeEnabled= false, sQuiescent=false
02-24 19:46:21.387: D/PowerManagerService(1676): releaseWakeLockInternal: lock=190399708 [Wakeful StateMachine: GeofencerStateMachine], flags=0x0
02-24 19:46:21.387: D/PowerManagerService(1676): updateWakeLockSummaryLocked: mWakefulness=Awake, mWakeLockSummary=0x1
02-24 19:46:21.387: D/PowerManagerService(1676): updateUserActivitySummaryLocked: mWakefulness=Awake, mUserActivitySummary=0x4, nextTimeout=-1 (6500818 ms ago)
02-24 19:46:21.387: D/PowerManagerService(1676): updateDisplayPowerStateLocked: mDisplayReady=true, policy=2, mWakefulness=1, mWakeLockSummary=0x1, mUserActivitySummary=0x4, mBootCompleted=true, mScreenBrightnessBoostInProgress=false, mIsVrModeEnabled= false, sQuiescent=false
02-24 19:46:21.391: D/PowerManagerService(1676): acquireWakeLockInternal: lock=190399708, flags=0x1, tag="Wakeful StateMachine: GeofencerStateMachine", ws=WorkSource{10014 com.google.android.gms}, uid=10014, pid=1892
02-24 19:46:21.391: D/PowerManagerService(1676): updateWakeLockSummaryLocked: mWakefulness=Awake, mWakeLockSummary=0x1
02-24 19:46:21.391: D/PowerManagerService(1676): updateUserActivitySummaryLocked: mWakefulness=Awake, mUserActivitySummary=0x4, nextTimeout=-1 (6500822 ms ago)
02-24 19:46:21.391: D/PowerManagerService(1676): updateDisplayPowerStateLocked: mDisplayReady=true, policy=2, mWakefulness=1, mWakeLockSummary=0x1, mUserActivitySummary=0x4, mBootCompleted=true, mScreenBrightnessBoostInProgress=false, mIsVrModeEnabled= false, sQuiescent=false
02-24 19:46:21.393: D/PowerManagerService(1676): acquireWakeLockInternal: lock=190399708, flags=0x1, tag="Wakeful StateMachine: GeofencerStateMachine", ws=WorkSource{10014 com.google.android.gms}, uid=10014, pid=1892
02-24 19:46:21.393: D/PowerManagerService(1676): updateWakeLockSummaryLocked: mWakefulness=Awake, mWakeLockSummary=0x1
02-24 19:46:21.393: D/PowerManagerService(1676): updateUserActivitySummaryLocked: mWakefulness=Awake, mUserActivitySummary=0x4, nextTimeout=-1 (6500825 ms ago)
