02-24 19:46:03.120: W/dex2oat(5563): Unexpected CPU variant for X86 using defaults: x86
02-24 19:46:03.120: W/dex2oat(5563): Mismatch between dex2oat instruction set features (ISA: X86 Feature string: -ssse3,-sse4.1,-sse4.2,-avx,-avx2,-popcnt) and those of dex2oat executable (ISA: X86 Feature string: ssse3,-sse4.1,-sse4.2,-avx,-avx2,-popcnt) for the command line:
02-24 19:46:03.120: W/dex2oat(5563): /system/bin/dex2oat --zip-fd=7 --zip-location=base.apk --input-vdex-fd=-1 --output-vdex-fd=9 --oat-fd=8 --oat-location=/data/app/androidx.test.orchestrator-FgwXgKrrCtLgZ40heNHmfA==/oat/x86/base.odex --instruction-set=x86 --instruction-set-variant=x86 --instruction-set-features=default --runtime-arg -Xms64m --runtime-arg -Xmx512m --compiler-filter=quicken --swap-fd=10 --debuggable --classpath-dir=/data/app/androidx.test.orchestrator-FgwXgKrrCtLgZ40heNHmfA== --class-loader-context=PCL[/system/framework/android.test.mock.jar:/system/framework/android.test.runner.jar]
02-24 19:46:03.120: I/dex2oat(5563): /system/bin/dex2oat --input-vdex-fd=-1 --output-vdex-fd=9 --compiler-filter=quicken --debuggable --classpath-dir=/data/app/androidx.test.orchestrator-FgwXgKrrCtLgZ40heNHmfA== --class-loader-context=PCL[/system/framework/android.test.mock.jar:/system/framework/android.test.runner.jar]
02-24 19:46:03.162: I/dex2oat(5563): dex2oat took 42.429ms (54.228ms cpu) (threads: 2) arena alloc=3KB (3608B) java alloc=130KB (133600B) native alloc=1330KB (1362848B) free=1741KB (1782880B)
02-24 19:46:03.165: D/PowerManagerService(1676): releaseWakeLockInternal: lock=28731424 [*dexopt*], flags=0x0
02-24 19:46:03.165: D/PowerManagerService(1676): updateWakeLockSummaryLocked: mWakefulness=Awake, mWakeLockSummary=0x1
02-24 19:46:03.165: D/PowerManagerService(1676): updateUserActivitySummaryLocked: mWakefulness=Awake, mUserActivitySummary=0x4, nextTimeout=-1 (6482596 ms ago)
02-24 19:46:03.165: D/PowerManagerService(1676): updateDisplayPowerStateLocked: mDisplayReady=true, policy=2, mWakefulness=1, mWakeLockSummary=0x1, mUserActivitySummary=0x4, mBootCompleted=true, mScreenBrightnessBoostInProgress=false, mIsVrModeEnabled= false, sQuiescent=false
02-24 19:46:03.185: V/BackupManagerService(1676): restoreAtInstall pkg=androidx.test.orchestrator token=7 restoreSet=0
02-24 19:46:03.185: V/BackupManagerService(1676): Finishing install immediately
02-24 19:46:03.187: D/PowerManagerService(1676): acquireWakeLockInternal: lock=160702955, flags=0x1, tag="GnssLocationProvider", ws=null, uid=1000, pid=1676
02-24 19:46:03.187: D/PowerManagerService(1676): updateWakeLockSummaryLocked: mWakefulness=Awake, mWakeLockSummary=0x1
02-24 19:46:03.187: D/PowerManagerService(1676): updateUserActivitySummaryLocked: mWakefulness=Awake, mUserActivitySummary=0x4, nextTimeout=-1 (6482618 ms ago)
02-24 19:46:03.187: D/PowerManagerService(1676): updateDisplayPowerStateLocked: mDisplayReady=true, policy=2, mWakefulness=1, mWakeLockSummary=0x1, mUserActivitySummary=0x4, mBootCompleted=true, mScreenBrightnessBoostInProgress=false, mIsVrModeEnabled= false, sQuiescent=false
02-24 19:46:03.187: I/GnssLocationProvider(1676): WakeLock acquired by sendMessage(SET_REQUEST, 0, com.android.server.location.GnssLocationProvider$GpsRequest@2d12431)
02-24 19:46:03.187: D/PowerManagerService(1676): releaseWakeLockInternal: lock=160702955 [GnssLocationProvider], flags=0x0
02-24 19:46:03.187: D/PowerManagerService(1676): updateWakeLockSummaryLocked: mWakefulness=Awake, mWakeLockSummary=0x1
02-24 19:46:03.187: D/PowerManagerService(1676): updateUserActivitySummaryLocked: mWakefulness=Awake, mUserActivitySummary=0x4, nextTimeout=-1 (6482619 ms ago)
02-24 19:46:03.187: D/PowerManagerService(1676): updateDisplayPowerStateLocked: mDisplayReady=true, policy=2, mWakefulness=1, mWakeLockSummary=0x1, mUserActivitySummary=0x4, mBootCompleted=true, mScreenBrightnessBoostInProgress=false, mIsVrModeEnabled= false, sQuiescent=false
02-24 19:46:03.188: I/GnssLocationProvider(1676): WakeLock released by handleMessage(SET_REQUEST, 0, com.android.server.location.GnssLocationProvider$GpsRequest@2d12431)
02-24 19:46:03.188: D/PowerManagerService(1676): acquireWakeLockInternal: lock=144793900, flags=0x1, tag="GCoreFlp", ws=WorkSource{10014 com.google.android.gms}, uid=10014, pid=1892
02-24 19:46:03.188: D/PowerManagerService(1676): updateWakeLockSummaryLocked: mWakefulness=Awake, mWakeLockSummary=0x1
02-24 19:46:03.188: D/PowerManagerService(1676): updateUserActivitySummaryLocked: mWakefulness=Awake, mUserActivitySummary=0x4, nextTimeout=-1 (6482619 ms ago)
02-24 19:46:03.188: D/PowerManagerService(1676): updateDisplayPowerStateLocked: mDisplayReady=true, policy=2, mWakefulness=1, mWakeLockSummary=0x1, mUserActivitySummary=0x4, mBootCompleted=true, mScreenBrightnessBoostInProgress=false, mIsVrModeEnabled= false, sQuiescent=false
02-24 19:46:03.188: D/PowerManagerService(1676): releaseWakeLockInternal: lock=144793900 [GCoreFlp], flags=0x0
02-24 19:46:03.188: D/PowerManagerService(1676): updateWakeLockSummaryLocked: mWakefulness=Awake, mWakeLockSummary=0x1
02-24 19:46:03.188: D/PowerManagerService(1676): updateUserActivitySummaryLocked: mWakefulness=Awake, mUserActivitySummary=0x4, nextTimeout=-1 (6482620 ms ago)
02-24 19:46:03.188: D/PowerManagerService(1676): updateDisplayPowerStateLocked: mDisplayReady=true, policy=2, mWakefulness=1, mWakeLockSummary=0x1, mUserActivitySummary=0x4, mBootCompleted=true, mScreenBrightnessBoostInProgress=false, mIsVrModeEnabled= false, sQuiescent=false
02-24 19:46:03.189: D/VoldConnector(1676): SND -> {12 volume remount_uid 10089 read}
02-24 19:46:03.189: D/vold(1461): Remounting 10089 as mode read
02-24 19:46:03.190: D/VoldConnector(1676): RCV <- {200 12 Command succeeded}
02-24 19:46:03.191: D/VoldConnector(1676): SND -> {13 volume remount_uid 10089 write}
02-24 19:46:03.191: D/PowerManagerService(1676): acquireWakeLockInternal: lock=160702955, flags=0x1, tag="GnssLocationProvider", ws=null, uid=1000, pid=1676
02-24 19:46:03.191: D/PowerManagerService(1676): updateWakeLockSummaryLocked: mWakefulness=Awake, mWakeLockSummary=0x1
02-24 19:46:03.191: D/PowerManagerService(1676): updateUserActivitySummaryLocked: mWakefulness=Awake, mUserActivitySummary=0x4, nextTimeout=-1 (6482622 ms ago)
02-24 19:46:03.191: D/PowerManagerService(1676): updateDisplayPowerStateLocked: mDisplayReady=true, policy=2, mWakefulness=1, mWakeLockSummary=0x1, mUserActivitySummary=0x4, mBootCompleted=true, mScreenBrightnessBoostInProgress=false, mIsVrModeEnabled= false, sQuiescent=false
02-24 19:46:03.191: I/GnssLocationProvider(1676): WakeLock acquired by sendMessage(SET_REQUEST, 0, com.android.server.location.GnssLocationProvider$GpsRequest@46b6897)
02-24 19:46:03.191: D/PowerManagerService(1676): releaseWakeLockInternal: lock=160702955 [GnssLocationProvider], flags=0x0
02-24 19:46:03.191: D/PowerManagerService(1676): updateWakeLockSummaryLocked: mWakefulness=Awake, mWakeLockSummary=0x1
02-24 19:46:03.191: D/PowerManagerService(1676): updateUserActivitySummaryLocked: mWakefulness=Awake, mUserActivitySummary=0x4, nextTimeout=-1 (6482623 ms ago)
02-24 19:46:03.191: D/PowerManagerService(1676): updateDisplayPowerStateLocked: mDisplayReady=true, policy=2, mWakefulness=1, mWakeLockSummary=0x1, mUserActivitySummary=0x4, mBootCompleted=true, mScreenBrightnessBoostInProgress=false, mIsVrModeEnabled= false, sQuiescent=false
02-24 19:46:03.191: I/GnssLocationProvider(1676): WakeLock released by handleMessage(SET_REQUEST, 0, com.android.server.location.GnssLocationProvider$GpsRequest@46b6897)
02-24 19:46:03.192: D/PowerManagerService(1676): acquireWakeLockInternal: lock=144793900, flags=0x1, tag="GCoreFlp", ws=WorkSource{10014 com.google.android.gms}, uid=10014, pid=1892
02-24 19:46:03.192: D/PowerManagerService(1676): updateWakeLockSummaryLocked: mWakefulness=Awake, mWakeLockSummary=0x1
02-24 19:46:03.192: D/PowerManagerService(1676): updateUserActivitySummaryLocked: mWakefulness=Awake, mUserActivitySummary=0x4, nextTimeout=-1 (6482623 ms ago)
02-24 19:46:03.192: D/PowerManagerService(1676): updateDisplayPowerStateLocked: mDisplayReady=true, policy=2, mWakefulness=1, mWakeLockSummary=0x1, mUserActivitySummary=0x4, mBootCompleted=true, mScreenBrightnessBoostInProgress=false, mIsVrModeEnabled= false, sQuiescent=false
02-24 19:46:03.192: D/PowerManagerService(1676): releaseWakeLockInternal: lock=144793900 [GCoreFlp], flags=0x0
02-24 19:46:03.192: D/PowerManagerService(1676): updateWakeLockSummaryLocked: mWakefulness=Awake, mWakeLockSummary=0x1
02-24 19:46:03.192: D/PowerManagerService(1676): updateUserActivitySummaryLocked: mWakefulness=Awake, mUserActivitySummary=0x4, nextTimeout=-1 (6482623 ms ago)
02-24 19:46:03.192: D/PowerManagerService(1676): updateDisplayPowerStateLocked: mDisplayReady=true, policy=2, mWakefulness=1, mWakeLockSummary=0x1, mUserActivitySummary=0x4, mBootCompleted=true, mScreenBrightnessBoostInProgress=false, mIsVrModeEnabled= false, sQuiescent=false
02-24 19:46:03.192: D/vold(1461): Remounting 10089 as mode write
02-24 19:46:03.194: D/VoldConnector(1676): RCV <- {200 13 Command succeeded}
02-24 19:46:03.194: D/VoldConnector(1676): [ 02-24 19:46:03.195  1554: 1728 E/         ]
02-24 19:46:03.194: D/VoldConnector(1676): Couldn't opendir /data/app/vmdl1688487280.tmp: No such file or directory
02-24 19:46:03.195: E/installd(1554): Failed to delete /data/app/vmdl1688487280.tmp: No such file or directory
02-24 19:46:03.197: I/Pm(5551): Package androidx.test.orchestrator installed in 156 ms
02-24 19:46:03.200: D/Avrcp(1789): AvrcpServiceBroadcastReceiver-> Action: android.intent.action.PACKAGE_ADDED
02-24 19:46:03.200: D/Avrcp(1789): AvrcpServiceBroadcastReceiver-> packageName: androidx.test.orchestrator
02-24 19:46:03.200: D/Avrcp(1789): packageName: androidx.test.orchestrator removed: false
02-24 19:46:03.202: I/InputReader(1676): Reconfiguring input devices.  changes=0x00000010
02-24 19:46:03.202: D/Avrcp(1789): isBrowsableListUpdated: false
02-24 19:46:03.202: D/BluetoothMapAppObserver(1789): onReceive
02-24 19:46:03.202: D/BluetoothMapAppObserver(1789): The installed package is: androidx.test.orchestrator
02-24 19:46:03.202: W/BroadcastQueue(1676): Background execution not allowed: receiving Intent { act=android.intent.action.PACKAGE_ADDED dat=package:androidx.test.orchestrator flg=0x4000010 (has extras) } to com.android.musicfx/.Compatibility$Receiver
02-24 19:46:03.204: W/Finsky(4877): [2] com.google.android.finsky.application.impl.a.dw(1487): No account configured on this device.
02-24 19:46:03.205: W/Finsky(4877): [2] com.google.android.finsky.application.impl.a.dw(1487): No account configured on this device.
02-24 19:46:03.206: D/BluetoothMapAppObserver(1789): Found 0 application(s) with intent android.bluetooth.action.BLUETOOTH_MAP_PROVIDER
02-24 19:46:03.206: I/app_process(5551): System.exit called, status: 0
02-24 19:46:03.206: W/Finsky(4877): [2] com.google.android.finsky.application.impl.a.dw(1487): No account configured on this device.
02-24 19:46:03.206: I/AndroidRuntime(5551): VM exiting with result code 0.
02-24 19:46:03.209: W/Finsky(4877): [2] com.google.android.finsky.application.impl.a.dw(1487): No account configured on this device.
02-24 19:46:03.210: I/chatty(4877): uid=10028(com.android.vending) identical 2 lines
02-24 19:46:03.211: W/Finsky(4877): [2] com.google.android.finsky.application.impl.a.dw(1487): No account configured on this device.
02-24 19:46:03.212: D/BluetoothMapAppObserver(1789): Found 0 application(s) with intent android.bluetooth.action.BLUETOOTH_MAP_IM_PROVIDER
02-24 19:46:03.213: W/Finsky(4877): [2] com.google.android.finsky.application.impl.a.dw(1487): No account configured on this device.
02-24 19:46:03.220: I/Telecom(1676): DefaultDialerCache: Refreshing default dialer for user 0: now com.google.android.dialer: DDC.oR@AJY
02-24 19:46:03.217: I/chatty(4877): uid=10028(com.android.vending) identical 1 line
02-24 19:46:03.218: W/Finsky(4877): [2] com.google.android.finsky.application.impl.a.dw(1487): No account configured on this device.
02-24 19:46:03.227: D/CarrierSvcBindHelper(1908): No carrier app for: 0
02-24 19:46:03.230: I/Finsky(4877): [2] com.google.android.finsky.wear.WearSupportService.onStartCommand(21): Starting WearSupportService for auto_install
02-24 19:46:03.233: I/Finsky(4877): [2] com.google.android.finsky.wear.ar.a(80): Connecting to wearable; initiated by: com.google.android.finsky.wear.WearSupportService
02-24 19:46:03.234: I/Finsky(4877): [2] com.google.android.finsky.wear.WearSupportService.onStartCommand(21): Starting WearSupportService for send_installed_apps
02-24 19:46:03.236: I/Finsky(4877): [2] com.google.android.finsky.externalreferrer.e.a(52): Package state data is missing for androidx.test.orchestrator
02-24 19:46:03.237: W/Finsky(4877): [2] com.google.android.finsky.application.impl.a.dw(1487): No account configured on this device.
02-24 19:46:03.238: W/Finsky(4877): [2] com.google.android.finsky.application.impl.a.dw(1487): No account configured on this device.
02-24 19:46:03.241: I/Auth(2291): [SupervisedAccountIntentOperation] onHandleIntent(): android.intent.action.PACKAGE_ADDED
02-24 19:46:03.241: I/Auth(2291): [SupervisedAccountIntentOperation] This operation is disabled
02-24 19:46:03.241: I/ChromeSync(2291): [Sync,SyncIntentOperation] Handling the intent: Intent { act=android.intent.action.PACKAGE_ADDED dat=package:androidx.test.orchestrator flg=0x4000010 cmp=com.google.android.gms/.chimera.GmsIntentOperationService (has extras) }.
02-24 19:46:03.241: I/FontsPackageChangeOp(2291): Package androidx.test.orchestrator has no metadata
02-24 19:46:03.242: I/ChromeSync(2291): [Persistence,AffiliationManager] No affiliation data for android://N50vJU0zrJ8WOzDt6r3GDtfqrkROFOSiqHcmppwn3vxaRC4hFpNn4UsL7XlvjtlfcWuDAQhmck0qjQPwsrpMNg==@androidx.test.orchestrator/. Marking affiliation data as stale...
02-24 19:46:03.249: D/ImsResolver(1908): maybeAddedImsService, packageName: androidx.test.orchestrator
02-24 19:46:03.251: D/CarrierConfigLoader(1908): mHandler: 9 phoneId: 0
02-24 19:46:03.251: D/PowerManagerService(1676): updateWakeLockWorkSourceInternal: lock=193461954 [Icing], ws=WorkSource{10014 com.google.android.gms, 10089 androidx.test.orchestrator}
02-24 19:46:03.251: W/BroadcastQueue(1676): Background execution not allowed: receiving Intent { act=android.intent.action.PACKAGE_ADDED dat=package:androidx.test.orchestrator flg=0x4000010 (has extras) } to com.google.android.googlequicksearchbox/com.google.android.apps.gsa.googlequicksearchbox.GelStubAppWatcher
02-24 19:46:03.253: I/ChromeSync(2291): [Persistence,AffiliationManager] Fetching affiliations from the server.
02-24 19:46:03.257: I/Wear_Controller(1892): Wear requires a companion app to be installed.
02-24 19:46:03.257: I/WearableService(1892): onCreate: Wearable Services not starting. Wear is not available on this device.
02-24 19:46:03.260: I/PeopleContactsSync(2291): triggerPendingContactsCleanup: no accounts
02-24 19:46:03.260: W/WearableService(1892): onGetService: Wear is not available on this device.
02-24 19:46:03.262: E/Finsky(4877): [2] com.google.android.finsky.wear.au.a(3): onConnectionFailed: ConnectionResult{statusCode=API_UNAVAILABLE, resolution=null, message=null}
02-24 19:46:03.265: W/Finsky(4877): [2] com.google.android.finsky.wear.cd.run(12): Dropping command=auto_install due to Gms not connected
02-24 19:46:03.265: I/Finsky(4877): [2] com.google.android.finsky.wear.WearSupportService.b(67): Stopping WearSupportService
02-24 19:46:03.265: W/Finsky(4877): [2] com.google.android.finsky.wear.cd.run(12): Dropping command=send_installed_apps due to Gms not connected
02-24 19:46:03.265: I/Finsky(4877): [2] com.google.android.finsky.wear.WearSupportService.b(67): Stopping WearSupportService
02-24 19:46:03.276: D/PowerManagerService(1676): updateWakeLockWorkSourceInternal: lock=193461954 [Icing], ws=WorkSource{10014 com.google.android.gms}
02-24 19:46:03.277: I/Icing(2291): IndexChimeraService.getServiceInterface callingPackage=com.google.android.gms componentName=AppsCorpus serviceId=36
02-24 19:46:03.277: I/Icing(2291): IndexChimeraService.getServiceInterface callingPackage=com.google.android.gms componentName=AppsCorpus serviceId=32
02-24 19:46:03.292: D/AutofillUI(1676): destroySaveUiUiThread(): already destroyed
02-24 19:46:03.309: I/Icing(2291): Usage reports ok 0, Failed Usage reports 0, indexed 0, rejected 0, imm upload false
02-24 19:46:03.330: I/Icing(2291): Usage reports ok 0, Failed Usage reports 0, indexed 0, rejected 0, imm upload false
02-24 19:46:03.354: I/zygote(1676): Background concurrent copying GC freed 39261(2000KB) AllocSpace objects, 23(1100KB) LOS objects, 42% free, 11MB/20MB, paused 322us total 159.227ms
02-24 19:46:03.461: I/Icing(2291): Indexing com.google.android.gms-apps from com.google.android.gms
02-24 19:46:03.462: I/Icing(2291): Indexing done com.google.android.gms-apps
02-24 19:46:03.747: I/Remoter(1534): Saved screenshot to '/data/screenshots/__pmv__-0085.jpg'
02-24 19:46:03.862: D/AndroidRuntime(5587): >>>>>> START com.android.internal.os.RuntimeInit uid 0 <<<<<<
02-24 19:46:03.915: W/app_process(5587): Unexpected CPU variant for X86 using defaults: x86
02-24 19:46:03.916: I/app_process(5587): The ClassLoaderContext is a special shared library.
02-24 19:46:03.916: W/nativebridge(5587): Failed to bind-mount /system/lib/x86/cpuinfo as /proc/cpuinfo: No such file or directory
02-24 19:46:03.931: D/AndroidRuntime(5587): Calling main entry com.android.commands.pm.Pm
02-24 19:46:03.977: I/Finsky(4877): [2] com.google.android.finsky.verifier.impl.PackageVerificationReceiver.onReceive(12): Verification requested, id = 7
02-24 19:46:03.979: W/Finsky(4877): [2] com.google.android.finsky.application.impl.a.dw(1487): No account configured on this device.
02-24 19:46:03.980: I/chatty(4877): uid=10028(com.android.vending) identical 3 lines
02-24 19:46:03.980: W/Finsky(4877): [2] com.google.android.finsky.application.impl.a.dw(1487): No account configured on this device.
02-24 19:46:03.985: I/Finsky(4877): [315] com.google.android.finsky.verifier.impl.ci.a(111): Skipping verification. Disabled by user setting
02-24 19:46:03.985: I/Finsky(4877): [315] com.google.android.finsky.verifier.impl.ci.a(119): Skipping anti malware verification due to pre-check failure
02-24 19:46:03.985: I/Finsky(4877): [2] com.google.android.finsky.verifier.impl.dr.c(191): Verifying id=7, result=1
02-24 19:46:03.986: W/Finsky(4877): [2] com.google.android.finsky.application.impl.a.dw(1487): No account configured on this device.
02-24 19:46:03.986: W/Finsky(4877): [2] com.google.android.finsky.application.impl.a.dw(1487): No account configured on this device.
02-24 19:46:03.986: I/Finsky(4877): [2] com.google.android.finsky.verifier.impl.dr.c(208): Verification complete: id=7, package_name=android.support.test.services
02-24 19:46:03.990: D/PowerManagerService(1676): acquireWakeLockInternal: lock=28731424, flags=0x1, tag="*dexopt*", ws=WorkSource{-1}, uid=1000, pid=1676
02-24 19:46:03.990: D/PowerManagerService(1676): updateWakeLockSummaryLocked: mWakefulness=Awake, mWakeLockSummary=0x1
02-24 19:46:03.990: D/PowerManagerService(1676): updateUserActivitySummaryLocked: mWakefulness=Awake, mUserActivitySummary=0x4, nextTimeout=-1 (6483421 ms ago)
02-24 19:46:03.990: D/PowerManagerService(1676): updateDisplayPowerStateLocked: mDisplayReady=true, policy=2, mWakefulness=1, mWakeLockSummary=0x1, mUserActivitySummary=0x4, mBootCompleted=true, mScreenBrightnessBoostInProgress=false, mIsVrModeEnabled= false, sQuiescent=false
02-24 19:46:03.990: I/PackageManager.DexOptimizer(1676): Running dexopt (dexoptNeeded=1) on: /data/app/android.support.test.services-ZXaGpup3RJ-poRuo-sOezQ==/base.apk pkg=android.support.test.services isa=x86 dexoptFlags=boot_complete,public target-filter=quicken oatDir=/data/app/android.support.test.services-ZXaGpup3RJ-poRuo-sOezQ==/oat sharedLibraries=PCL[]
02-24 19:46:04.000: W/dex2oat(5599): Unexpected CPU variant for X86 using defaults: x86
02-24 19:46:04.000: W/dex2oat(5599): Mismatch between dex2oat instruction set features (ISA: X86 Feature string: -ssse3,-sse4.1,-sse4.2,-avx,-avx2,-popcnt) and those of dex2oat executable (ISA: X86 Feature string: ssse3,-sse4.1,-sse4.2,-avx,-avx2,-popcnt) for the command line:
02-24 19:46:04.000: W/dex2oat(5599): /system/bin/dex2oat --zip-fd=7 --zip-location=base.apk --input-vdex-fd=-1 --output-vdex-fd=9 --oat-fd=8 --oat-location=/data/app/android.support.test.services-ZXaGpup3RJ-poRuo-sOezQ==/oat/x86/base.odex --instruction-set=x86 --instruction-set-variant=x86 --instruction-set-features=default --runtime-arg -Xms64m --runtime-arg -Xmx512m --compiler-filter=quicken --swap-fd=10 --classpath-dir=/data/app/android.support.test.services-ZXaGpup3RJ-poRuo-sOezQ== --class-loader-context=PCL[]
02-24 19:46:04.000: I/dex2oat(5599): /system/bin/dex2oat --input-vdex-fd=-1 --output-vdex-fd=9 --compiler-filter=quicken --classpath-dir=/data/app/android.support.test.services-ZXaGpup3RJ-poRuo-sOezQ== --class-loader-context=PCL[]
02-24 19:46:04.044: I/dex2oat(5599): dex2oat took 43.761ms (44.316ms cpu) (threads: 2) arena alloc=3KB (3352B) java alloc=114KB (117504B) native alloc=1374KB (1407400B) free=1185KB (1214040B)
02-24 19:46:04.046: D/PowerManagerService(1676): releaseWakeLockInternal: lock=28731424 [*dexopt*], flags=0x0
02-24 19:46:04.046: D/PowerManagerService(1676): updateWakeLockSummaryLocked: mWakefulness=Awake, mWakeLockSummary=0x1
02-24 19:46:04.046: D/PowerManagerService(1676): updateUserActivitySummaryLocked: mWakefulness=Awake, mUserActivitySummary=0x4, nextTimeout=-1 (6483478 ms ago)
02-24 19:46:04.046: D/PowerManagerService(1676): updateDisplayPowerStateLocked: mDisplayReady=true, policy=2, mWakefulness=1, mWakeLockSummary=0x1, mUserActivitySummary=0x4, mBootCompleted=true, mScreenBrightnessBoostInProgress=false, mIsVrModeEnabled= false, sQuiescent=false
02-24 19:46:04.067: V/BackupManagerService(1676): restoreAtInstall pkg=android.support.test.services token=8 restoreSet=0
02-24 19:46:04.067: V/BackupManagerService(1676): Finishing install immediately
02-24 19:46:04.067: V/BackupManagerService(1676): [ 02-24 19:46:04.074  1554: 1728 E/         ]
02-24 19:46:04.067: V/BackupManagerService(1676): Couldn't opendir /data/app/vmdl578674832.tmp: No such file or directory
02-24 19:46:04.074: E/installd(1554): Failed to delete /data/app/vmdl578674832.tmp: No such file or directory
02-24 19:46:04.075: I/Pm(5587): Package android.support.test.services installed in 144 ms
02-24 19:46:04.076: D/PackageInstaller(1676): Ignoring abandon after commit relinquished control
02-24 19:46:04.078: I/app_process(5587): System.exit called, status: 0
02-24 19:46:04.078: I/AndroidRuntime(5587): VM exiting with result code 0.
02-24 19:46:04.080: D/Avrcp(1789): AvrcpServiceBroadcastReceiver-> Action: android.intent.action.PACKAGE_ADDED
02-24 19:46:04.080: D/Avrcp(1789): AvrcpServiceBroadcastReceiver-> packageName: android.support.test.services
02-24 19:46:04.081: D/Avrcp(1789): packageName: android.support.test.services removed: false
02-24 19:46:04.081: D/Avrcp(1789): isBrowsableListUpdated: false
02-24 19:46:04.081: D/BluetoothMapAppObserver(1789): onReceive
02-24 19:46:04.081: D/BluetoothMapAppObserver(1789): The installed package is: android.support.test.services
02-24 19:46:04.081: D/BluetoothMapAppObserver(1789): Found 0 application(s) with intent android.bluetooth.action.BLUETOOTH_MAP_PROVIDER
02-24 19:46:04.081: D/BluetoothMapAppObserver(1789): Found 0 application(s) with intent android.bluetooth.action.BLUETOOTH_MAP_IM_PROVIDER
02-24 19:46:04.083: I/InputReader(1676): Reconfiguring input devices.  changes=0x00000010
02-24 19:46:04.084: W/BroadcastQueue(1676): Background execution not allowed: receiving Intent { act=android.intent.action.PACKAGE_ADDED dat=package:android.support.test.services flg=0x4000010 (has extras) } to com.android.musicfx/.Compatibility$Receiver
02-24 19:46:04.087: W/Finsky(4877): [2] com.google.android.finsky.application.impl.a.dw(1487): No account configured on this device.
02-24 19:46:04.090: I/Telecom(1676): DefaultDialerCache: Refreshing default dialer for user 0: now com.google.android.dialer: DDC.oR@AJo
02-24 19:46:04.099: I/chatty(4877): uid=10028(com.android.vending) identical 8 lines
02-24 19:46:04.100: W/Finsky(4877): [2] com.google.android.finsky.application.impl.a.dw(1487): No account configured on this device.
02-24 19:46:04.102: I/Finsky(4877): [2] com.google.android.finsky.wear.WearSupportService.onStartCommand(21): Starting WearSupportService for auto_install
02-24 19:46:04.102: D/CarrierSvcBindHelper(1908): No carrier app for: 0
02-24 19:46:04.103: I/Finsky(4877): [2] com.google.android.finsky.wear.ar.a(80): Connecting to wearable; initiated by: com.google.android.finsky.wear.WearSupportService
02-24 19:46:04.106: I/Finsky(4877): [2] com.google.android.finsky.wear.WearSupportService.onStartCommand(21): Starting WearSupportService for send_installed_apps
02-24 19:46:04.106: I/Finsky(4877): [2] com.google.android.finsky.externalreferrer.e.a(52): Package state data is missing for android.support.test.services
02-24 19:46:04.107: W/Finsky(4877): [2] com.google.android.finsky.application.impl.a.dw(1487): No account configured on this device.
02-24 19:46:04.108: W/Finsky(4877): [2] com.google.android.finsky.application.impl.a.dw(1487): No account configured on this device.
02-24 19:46:04.110: D/ImsResolver(1908): maybeAddedImsService, packageName: android.support.test.services
02-24 19:46:04.110: D/CarrierConfigLoader(1908): mHandler: 9 phoneId: 0
02-24 19:46:04.111: W/WearableService(1892): onGetService: Wear is not available on this device.
02-24 19:46:04.116: D/AutofillUI(1676): destroySaveUiUiThread(): already destroyed
02-24 19:46:04.118: I/Auth(2291): [SupervisedAccountIntentOperation] onHandleIntent(): android.intent.action.PACKAGE_ADDED
02-24 19:46:04.118: I/Auth(2291): [SupervisedAccountIntentOperation] This operation is disabled
02-24 19:46:04.120: W/BroadcastQueue(1676): Background execution not allowed: receiving Intent { act=android.intent.action.PACKAGE_ADDED dat=package:android.support.test.services flg=0x4000010 (has extras) } to com.google.android.googlequicksearchbox/com.google.android.apps.gsa.googlequicksearchbox.GelStubAppWatcher
02-24 19:46:04.120: I/ChromeSync(2291): [Sync,SyncIntentOperation] Handling the intent: Intent { act=android.intent.action.PACKAGE_ADDED dat=package:android.support.test.services flg=0x4000010 cmp=com.google.android.gms/.chimera.GmsIntentOperationService (has extras) }.
02-24 19:46:04.122: E/Finsky(4877): [2] com.google.android.finsky.wear.au.a(3): onConnectionFailed: ConnectionResult{statusCode=API_UNAVAILABLE, resolution=null, message=null}
02-24 19:46:04.122: I/ChromeSync(2291): [Persistence,AffiliationManager] No affiliation data for android://N50vJU0zrJ8WOzDt6r3GDtfqrkROFOSiqHcmppwn3vxaRC4hFpNn4UsL7XlvjtlfcWuDAQhmck0qjQPwsrpMNg==@android.support.test.services/. Marking affiliation data as stale...
02-24 19:46:04.123: W/Finsky(4877): [2] com.google.android.finsky.wear.cd.run(12): Dropping command=auto_install due to Gms not connected
02-24 19:46:04.123: I/FontsPackageChangeOp(2291): Package android.support.test.services has no metadata
02-24 19:46:04.123: I/Finsky(4877): [2] com.google.android.finsky.wear.WearSupportService.b(67): Stopping WearSupportService
02-24 19:46:04.124: W/Finsky(4877): [2] com.google.android.finsky.wear.cd.run(12): Dropping command=send_installed_apps due to Gms not connected
02-24 19:46:04.125: I/Finsky(4877): [2] com.google.android.finsky.wear.WearSupportService.b(67): Stopping WearSupportService
02-24 19:46:04.126: I/ChromeSync(2291): [Persistence,AffiliationManager] Fetching affiliations from the server.
02-24 19:46:04.137: I/PeopleContactsSync(2291): triggerPendingContactsCleanup: no accounts
02-24 19:46:04.153: D/PowerManagerService(1676): updateWakeLockWorkSourceInternal: lock=193461954 [Icing], ws=WorkSource{10014 com.google.android.gms, 10090 android.support.test.services}
02-24 19:46:04.155: I/Icing(2291): IndexChimeraService.getServiceInterface callingPackage=com.google.android.gms componentName=AppsCorpus serviceId=32
02-24 19:46:04.155: I/Icing(2291): IndexChimeraService.getServiceInterface callingPackage=com.google.android.gms componentName=AppsCorpus serviceId=36
02-24 19:46:04.158: D/PowerManagerService(1676): updateWakeLockWorkSourceInternal: lock=193461954 [Icing], ws=WorkSource{10014 com.google.android.gms}
02-24 19:46:04.190: I/Icing(2291): Usage reports ok 0, Failed Usage reports 0, indexed 0, rejected 0, imm upload false
02-24 19:46:04.196: I/zygote(1676): Background concurrent copying GC freed 41409(2MB) AllocSpace objects, 23(1100KB) LOS objects, 42% free, 11MB/20MB, paused 31us total 123.013ms
02-24 19:46:04.197: I/Icing(2291): Usage reports ok 0, Failed Usage reports 0, indexed 0, rejected 0, imm upload false
02-24 19:46:04.333: I/Icing(2291): Indexing com.google.android.gms-apps from com.google.android.gms
02-24 19:46:04.333: I/Icing(2291): Indexing done com.google.android.gms-apps
02-24 19:46:04.722: D/AndroidRuntime(5623): >>>>>> START com.android.internal.os.RuntimeInit uid 0 <<<<<<
02-24 19:46:04.725: W/app_process(5623): Could not reserve sentinel fault page
02-24 19:46:04.788: W/app_process(5623): Unexpected CPU variant for X86 using defaults: x86
02-24 19:46:04.789: I/app_process(5623): The ClassLoaderContext is a special shared library.
02-24 19:46:04.789: W/nativebridge(5623): Failed to bind-mount /system/lib/x86/cpuinfo as /proc/cpuinfo: No such file or directory
02-24 19:46:04.808: I/Remoter(1534): Saved screenshot to '/data/screenshots/__pmv__-0086.jpg'
02-24 19:46:04.810: D/AndroidRuntime(5623): Calling main entry com.android.commands.pm.Pm
02-24 19:46:04.857: I/Finsky(4877): [2] com.google.android.finsky.verifier.impl.PackageVerificationReceiver.onReceive(12): Verification requested, id = 8
02-24 19:46:04.859: W/Finsky(4877): [2] com.google.android.finsky.application.impl.a.dw(1487): No account configured on this device.
02-24 19:46:04.865: I/chatty(4877): uid=10028(com.android.vending) identical 3 lines
02-24 19:46:04.865: W/Finsky(4877): [2] com.google.android.finsky.application.impl.a.dw(1487): No account configured on this device.
02-24 19:46:04.871: I/Finsky(4877): [312] com.google.android.finsky.verifier.impl.ci.a(111): Skipping verification. Disabled by user setting
02-24 19:46:04.871: I/Finsky(4877): [312] com.google.android.finsky.verifier.impl.ci.a(119): Skipping anti malware verification due to pre-check failure
02-24 19:46:04.871: I/Finsky(4877): [2] com.google.android.finsky.verifier.impl.dr.c(191): Verifying id=8, result=1
02-24 19:46:04.872: W/Finsky(4877): [312] com.google.android.finsky.application.impl.a.dw(1487): No account configured on this device.
02-24 19:46:04.873: W/Finsky(4877): [312] com.google.android.finsky.application.impl.a.dw(1487): No account configured on this device.
02-24 19:46:04.875: I/Finsky(4877): [2] com.google.android.finsky.verifier.impl.dr.c(208): Verification complete: id=8, package_name=androidx.test.services
02-24 19:46:04.875: D/PowerManagerService(1676): acquireWakeLockInternal: lock=28731424, flags=0x1, tag="*dexopt*", ws=WorkSource{-1}, uid=1000, pid=1676
02-24 19:46:04.875: D/PowerManagerService(1676): updateWakeLockSummaryLocked: mWakefulness=Awake, mWakeLockSummary=0x1
02-24 19:46:04.875: D/PowerManagerService(1676): updateUserActivitySummaryLocked: mWakefulness=Awake, mUserActivitySummary=0x4, nextTimeout=-1 (6484306 ms ago)
02-24 19:46:04.875: D/PowerManagerService(1676): updateDisplayPowerStateLocked: mDisplayReady=true, policy=2, mWakefulness=1, mWakeLockSummary=0x1, mUserActivitySummary=0x4, mBootCompleted=true, mScreenBrightnessBoostInProgress=false, mIsVrModeEnabled= false, sQuiescent=false
02-24 19:46:04.875: I/PackageManager.DexOptimizer(1676): Running dexopt (dexoptNeeded=1) on: /data/app/androidx.test.services-KlmHgMcibBP6H4MjugvM8w==/base.apk pkg=androidx.test.services isa=x86 dexoptFlags=boot_complete,debuggable,public target-filter=quicken oatDir=/data/app/androidx.test.services-KlmHgMcibBP6H4MjugvM8w==/oat sharedLibraries=PCL[]
02-24 19:46:04.886: W/dex2oat(5635): Unexpected CPU variant for X86 using defaults: x86
02-24 19:46:04.886: W/dex2oat(5635): Mismatch between dex2oat instruction set features (ISA: X86 Feature string: -ssse3,-sse4.1,-sse4.2,-avx,-avx2,-popcnt) and those of dex2oat executable (ISA: X86 Feature string: ssse3,-sse4.1,-sse4.2,-avx,-avx2,-popcnt) for the command line:
02-24 19:46:04.886: W/dex2oat(5635): /system/bin/dex2oat --zip-fd=7 --zip-location=base.apk --input-vdex-fd=-1 --output-vdex-fd=9 --oat-fd=8 --oat-location=/data/app/androidx.test.services-KlmHgMcibBP6H4MjugvM8w==/oat/x86/base.odex --instruction-set=x86 --instruction-set-variant=x86 --instruction-set-features=default --runtime-arg -Xms64m --runtime-arg -Xmx512m --compiler-filter=quicken --swap-fd=10 --debuggable --classpath-dir=/data/app/androidx.test.services-KlmHgMcibBP6H4MjugvM8w== --class-loader-context=PCL[]
02-24 19:46:04.886: I/dex2oat(5635): /system/bin/dex2oat --input-vdex-fd=-1 --output-vdex-fd=9 --compiler-filter=quicken --debuggable --classpath-dir=/data/app/androidx.test.services-KlmHgMcibBP6H4MjugvM8w== --class-loader-context=PCL[]
02-24 19:46:04.927: I/dex2oat(5635): dex2oat took 40.985ms (44.035ms cpu) (threads: 2) arena alloc=4KB (4456B) java alloc=114KB (117504B) native alloc=1346KB (1379264B) free=1213KB (1242176B)
02-24 19:46:04.929: D/PowerManagerService(1676): releaseWakeLockInternal: lock=28731424 [*dexopt*], flags=0x0
02-24 19:46:04.929: D/PowerManagerService(1676): updateWakeLockSummaryLocked: mWakefulness=Awake, mWakeLockSummary=0x1
02-24 19:46:04.929: D/PowerManagerService(1676): updateUserActivitySummaryLocked: mWakefulness=Awake, mUserActivitySummary=0x4, nextTimeout=-1 (6484360 ms ago)
02-24 19:46:04.929: D/PowerManagerService(1676): updateDisplayPowerStateLocked: mDisplayReady=true, policy=2, mWakefulness=1, mWakeLockSummary=0x1, mUserActivitySummary=0x4, mBootCompleted=true, mScreenBrightnessBoostInProgress=false, mIsVrModeEnabled= false, sQuiescent=false
02-24 19:46:04.949: V/BackupManagerService(1676): restoreAtInstall pkg=androidx.test.services token=9 restoreSet=0
02-24 19:46:04.949: V/BackupManagerService(1676): Finishing install immediately
02-24 19:46:04.949: V/BackupManagerService(1676): [ 02-24 19:46:04.954  1554: 1728 E/         ]
02-24 19:46:04.949: V/BackupManagerService(1676): Couldn't opendir /data/app/vmdl1667730864.tmp: No such file or directory
02-24 19:46:04.954: E/installd(1554): Failed to delete /data/app/vmdl1667730864.tmp: No such file or directory
02-24 19:46:04.960: I/Pm(5623): Package androidx.test.services installed in 149 ms
02-24 19:46:04.962: D/Avrcp(1789): AvrcpServiceBroadcastReceiver-> Action: android.intent.action.PACKAGE_ADDED
02-24 19:46:04.962: D/Avrcp(1789): AvrcpServiceBroadcastReceiver-> packageName: androidx.test.services
02-24 19:46:04.962: D/Avrcp(1789): packageName: androidx.test.services removed: false
02-24 19:46:04.962: W/BroadcastQueue(1676): Background execution not allowed: receiving Intent { act=android.intent.action.PACKAGE_ADDED dat=package:androidx.test.services flg=0x4000010 (has extras) } to com.android.musicfx/.Compatibility$Receiver
02-24 19:46:04.968: I/InputReader(1676): Reconfiguring input devices.  changes=0x00000010
02-24 19:46:04.970: D/Avrcp(1789): isBrowsableListUpdated: false
02-24 19:46:04.970: D/BluetoothMapAppObserver(1789): onReceive
02-24 19:46:04.970: D/BluetoothMapAppObserver(1789): The installed package is: androidx.test.services
02-24 19:46:04.970: D/BluetoothMapAppObserver(1789): Found 0 application(s) with intent android.bluetooth.action.BLUETOOTH_MAP_PROVIDER
02-24 19:46:04.970: D/BluetoothMapAppObserver(1789): Found 0 application(s) with intent android.bluetooth.action.BLUETOOTH_MAP_IM_PROVIDER
02-24 19:46:04.972: W/Finsky(4877): [2] com.google.android.finsky.application.impl.a.dw(1487): No account configured on this device.
02-24 19:46:04.974: I/chatty(4877): uid=10028(com.android.vending) identical 2 lines
02-24 19:46:04.975: W/Finsky(4877): [2] com.google.android.finsky.application.impl.a.dw(1487): No account configured on this device.
02-24 19:46:04.977: I/app_process(5623): System.exit called, status: 0
02-24 19:46:04.977: I/AndroidRuntime(5623): VM exiting with result code 0.
02-24 19:46:04.986: D/CarrierSvcBindHelper(1908): No carrier app for: 0
02-24 19:46:04.989: W/Finsky(4877): [2] com.google.android.finsky.application.impl.a.dw(1487): No account configured on this device.
02-24 19:46:04.989: I/Telecom(1676): DefaultDialerCache: Refreshing default dialer for user 0: now com.google.android.dialer: DDC.oR@AJ4
02-24 19:46:04.993: W/Finsky(4877): [2] com.google.android.finsky.application.impl.a.dw(1487): No account configured on this device.
02-24 19:46:04.994: D/ImsResolver(1908): maybeAddedImsService, packageName: androidx.test.services
02-24 19:46:04.994: D/CarrierConfigLoader(1908): mHandler: 9 phoneId: 0
02-24 19:46:04.999: W/Finsky(4877): [2] com.google.android.finsky.application.impl.a.dw(1487): No account configured on this device.
02-24 19:46:05.000: D/AutofillUI(1676): destroySaveUiUiThread(): already destroyed
02-24 19:46:05.002: I/chatty(4877): uid=10028(com.android.vending) identical 2 lines
02-24 19:46:05.003: W/Finsky(4877): [2] com.google.android.finsky.application.impl.a.dw(1487): No account configured on this device.
02-24 19:46:05.007: I/Finsky(4877): [2] com.google.android.finsky.wear.WearSupportService.onStartCommand(21): Starting WearSupportService for auto_install
02-24 19:46:05.011: I/Finsky(4877): [2] com.google.android.finsky.wear.ar.a(80): Connecting to wearable; initiated by: com.google.android.finsky.wear.WearSupportService
02-24 19:46:05.012: I/Finsky(4877): [2] com.google.android.finsky.wear.WearSupportService.onStartCommand(21): Starting WearSupportService for send_installed_apps
02-24 19:46:05.012: I/Finsky(4877): [2] com.google.android.finsky.externalreferrer.e.a(52): Package state data is missing for androidx.test.services
02-24 19:46:05.013: W/Finsky(4877): [2] com.google.android.finsky.application.impl.a.dw(1487): No account configured on this device.
02-24 19:46:05.017: W/BroadcastQueue(1676): Background execution not allowed: receiving Intent { act=android.intent.action.PACKAGE_ADDED dat=package:androidx.test.services flg=0x4000010 (has extras) } to com.google.android.googlequicksearchbox/com.google.android.apps.gsa.googlequicksearchbox.GelStubAppWatcher
02-24 19:46:05.021: W/Finsky(4877): [2] com.google.android.finsky.application.impl.a.dw(1487): No account configured on this device.
02-24 19:46:05.023: I/Auth(2291): [SupervisedAccountIntentOperation] onHandleIntent(): android.intent.action.PACKAGE_ADDED
02-24 19:46:05.023: I/Auth(2291): [SupervisedAccountIntentOperation] This operation is disabled
02-24 19:46:05.023: I/ChromeSync(2291): [Sync,SyncIntentOperation] Handling the intent: Intent { act=android.intent.action.PACKAGE_ADDED dat=package:androidx.test.services flg=0x4000010 cmp=com.google.android.gms/.chimera.GmsIntentOperationService (has extras) }.
02-24 19:46:05.024: I/ChromeSync(2291): [Persistence,AffiliationManager] No affiliation data for android://N50vJU0zrJ8WOzDt6r3GDtfqrkROFOSiqHcmppwn3vxaRC4hFpNn4UsL7XlvjtlfcWuDAQhmck0qjQPwsrpMNg==@androidx.test.services/. Marking affiliation data as stale...
02-24 19:46:05.027: I/FontsPackageChangeOp(2291): Package androidx.test.services has no metadata
02-24 19:46:05.029: I/ChromeSync(2291): [Persistence,AffiliationManager] Fetching affiliations from the server.
02-24 19:46:05.033: D/PowerManagerService(1676): updateWakeLockWorkSourceInternal: lock=193461954 [Icing], ws=WorkSource{10014 com.google.android.gms, 10091 androidx.test.services}
02-24 19:46:05.033: I/Wear_Controller(1892): Wear requires a companion app to be installed.
02-24 19:46:05.033: I/WearableService(1892): onCreate: Wearable Services not starting. Wear is not available on this device.
02-24 19:46:05.035: D/PowerManagerService(1676): updateWakeLockWorkSourceInternal: lock=193461954 [Icing], ws=WorkSource{10014 com.google.android.gms}
02-24 19:46:05.039: W/WearableService(1892): onGetService: Wear is not available on this device.
02-24 19:46:05.046: E/Finsky(4877): [2] com.google.android.finsky.wear.au.a(3): onConnectionFailed: ConnectionResult{statusCode=API_UNAVAILABLE, resolution=null, message=null}
02-24 19:46:05.047: W/Finsky(4877): [2] com.google.android.finsky.wear.cd.run(12): Dropping command=auto_install due to Gms not connected
02-24 19:46:05.047: I/Finsky(4877): [2] com.google.android.finsky.wear.WearSupportService.b(67): Stopping WearSupportService
02-24 19:46:05.047: W/Finsky(4877): [2] com.google.android.finsky.wear.cd.run(12): Dropping command=send_installed_apps due to Gms not connected
02-24 19:46:05.047: I/Finsky(4877): [2] com.google.android.finsky.wear.WearSupportService.b(67): Stopping WearSupportService
02-24 19:46:05.049: I/PeopleContactsSync(2291): triggerPendingContactsCleanup: no accounts
02-24 19:46:05.060: I/Icing(2291): IndexChimeraService.getServiceInterface callingPackage=com.google.android.gms componentName=AppsCorpus serviceId=32
02-24 19:46:05.061: I/Icing(2291): IndexChimeraService.getServiceInterface callingPackage=com.google.android.gms componentName=AppsCorpus serviceId=36
02-24 19:46:05.068: I/zygote(1676): Background concurrent copying GC freed 39337(1960KB) AllocSpace objects, 23(1100KB) LOS objects, 42% free, 11MB/19MB, paused 44us total 118.071ms
02-24 19:46:05.099: I/Icing(2291): Usage reports ok 0, Failed Usage reports 0, indexed 0, rejected 0, imm upload false
02-24 19:46:05.110: I/Icing(2291): Usage reports ok 0, Failed Usage reports 0, indexed 0, rejected 0, imm upload false
02-24 19:46:05.192: I/Icing(2291): Indexing com.google.android.gms-apps from com.google.android.gms
02-24 19:46:05.193: I/Icing(2291): Indexing done com.google.android.gms-apps
02-24 19:46:05.585: D/AndroidRuntime(5659): >>>>>> START com.android.internal.os.RuntimeInit uid 0 <<<<<<
02-24 19:46:05.639: W/app_process(5659): Unexpected CPU variant for X86 using defaults: x86
02-24 19:46:05.640: I/app_process(5659): The ClassLoaderContext is a special shared library.
02-24 19:46:05.640: W/nativebridge(5659): Failed to bind-mount /system/lib/x86/cpuinfo as /proc/cpuinfo: No such file or directory
02-24 19:46:05.656: D/AndroidRuntime(5659): Calling main entry com.android.commands.pm.Pm
02-24 19:46:05.702: I/Finsky(4877): [2] com.google.android.finsky.verifier.impl.PackageVerificationReceiver.onReceive(12): Verification requested, id = 9
02-24 19:46:05.703: W/Finsky(4877): [2] com.google.android.finsky.application.impl.a.dw(1487): No account configured on this device.
02-24 19:46:05.704: I/chatty(4877): uid=10028(com.android.vending) identical 3 lines
02-24 19:46:05.704: W/Finsky(4877): [2] com.google.android.finsky.application.impl.a.dw(1487): No account configured on this device.
02-24 19:46:05.709: I/Finsky(4877): [315] com.google.android.finsky.verifier.impl.ci.a(111): Skipping verification. Disabled by user setting
02-24 19:46:05.709: I/Finsky(4877): [315] com.google.android.finsky.verifier.impl.ci.a(119): Skipping anti malware verification due to pre-check failure
02-24 19:46:05.709: I/Finsky(4877): [2] com.google.android.finsky.verifier.impl.dr.c(191): Verifying id=9, result=1
02-24 19:46:05.709: W/Finsky(4877): [2] com.google.android.finsky.application.impl.a.dw(1487): No account configured on this device.
02-24 19:46:05.710: I/PackageParser(1676): com.google.android.apps.mtaas.stubapp: compat added android.permission.WRITE_EXTERNAL_STORAGE android.permission.READ_PHONE_STATE
02-24 19:46:05.712: D/PowerManagerService(1676): acquireWakeLockInternal: lock=28731424, flags=0x1, tag="*dexopt*", ws=WorkSource{-1}, uid=1000, pid=1676
02-24 19:46:05.712: D/PowerManagerService(1676): updateWakeLockSummaryLocked: mWakefulness=Awake, mWakeLockSummary=0x1
02-24 19:46:05.712: D/PowerManagerService(1676): updateUserActivitySummaryLocked: mWakefulness=Awake, mUserActivitySummary=0x4, nextTimeout=-1 (6485144 ms ago)
02-24 19:46:05.712: D/PowerManagerService(1676): updateDisplayPowerStateLocked: mDisplayReady=true, policy=2, mWakefulness=1, mWakeLockSummary=0x1, mUserActivitySummary=0x4, mBootCompleted=true, mScreenBrightnessBoostInProgress=false, mIsVrModeEnabled= false, sQuiescent=false
02-24 19:46:05.712: W/Finsky(4877): [2] com.google.android.finsky.application.impl.a.dw(1487): No account configured on this device.
02-24 19:46:05.713: I/PackageManager.DexOptimizer(1676): Running dexopt (dexoptNeeded=1) on: /data/app/com.google.android.apps.mtaas.stubapp-BwTSjP3EYu4AjjMmBIYVrQ==/base.apk pkg=com.google.android.apps.mtaas.stubapp isa=x86 dexoptFlags=boot_complete,public target-filter=quicken oatDir=/data/app/com.google.android.apps.mtaas.stubapp-BwTSjP3EYu4AjjMmBIYVrQ==/oat sharedLibraries=PCL[]
02-24 19:46:05.713: I/Finsky(4877): [2] com.google.android.finsky.verifier.impl.dr.c(208): Verification complete: id=9, package_name=com.google.android.apps.mtaas.stubapp
02-24 19:46:05.723: W/dex2oat(5671): Unexpected CPU variant for X86 using defaults: x86
02-24 19:46:05.723: W/dex2oat(5671): Mismatch between dex2oat instruction set features (ISA: X86 Feature string: -ssse3,-sse4.1,-sse4.2,-avx,-avx2,-popcnt) and those of dex2oat executable (ISA: X86 Feature string: ssse3,-sse4.1,-sse4.2,-avx,-avx2,-popcnt) for the command line:
02-24 19:46:05.723: W/dex2oat(5671): /system/bin/dex2oat --zip-fd=7 --zip-location=base.apk --input-vdex-fd=-1 --output-vdex-fd=9 --oat-fd=8 --oat-location=/data/app/com.google.android.apps.mtaas.stubapp-BwTSjP3EYu4AjjMmBIYVrQ==/oat/x86/base.odex --instruction-set=x86 --instruction-set-variant=x86 --instruction-set-features=default --runtime-arg -Xms64m --runtime-arg -Xmx512m --compiler-filter=quicken --swap-fd=10 --classpath-dir=/data/app/com.google.android.apps.mtaas.stubapp-BwTSjP3EYu4AjjMmBIYVrQ== --class-loader-context=PCL[]
02-24 19:46:05.723: I/dex2oat(5671): /system/bin/dex2oat --input-vdex-fd=-1 --output-vdex-fd=9 --compiler-filter=quicken --classpath-dir=/data/app/com.google.android.apps.mtaas.stubapp-BwTSjP3EYu4AjjMmBIYVrQ== --class-loader-context=PCL[]
02-24 19:46:05.747: I/dex2oat(5671): dex2oat took 24.358ms (22.625ms cpu) (threads: 2) arena alloc=792B (792B) java alloc=16KB (16400B) native alloc=975KB (998640B) free=1072KB (1098512B)
02-24 19:46:05.749: D/PowerManagerService(1676): releaseWakeLockInternal: lock=28731424 [*dexopt*], flags=0x0
02-24 19:46:05.750: D/PowerManagerService(1676): updateWakeLockSummaryLocked: mWakefulness=Awake, mWakeLockSummary=0x1
02-24 19:46:05.750: D/PowerManagerService(1676): updateUserActivitySummaryLocked: mWakefulness=Awake, mUserActivitySummary=0x4, nextTimeout=-1 (6485181 ms ago)
02-24 19:46:05.750: D/PowerManagerService(1676): updateDisplayPowerStateLocked: mDisplayReady=true, policy=2, mWakefulness=1, mWakeLockSummary=0x1, mUserActivitySummary=0x4, mBootCompleted=true, mScreenBrightnessBoostInProgress=false, mIsVrModeEnabled= false, sQuiescent=false
02-24 19:46:05.771: V/BackupManagerService(1676): restoreAtInstall pkg=com.google.android.apps.mtaas.stubapp token=a restoreSet=0
02-24 19:46:05.771: V/BackupManagerService(1676): Finishing install immediately
02-24 19:46:05.771: V/BackupManagerService(1676): [ 02-24 19:46:05.773  1554: 1728 E/         ]
02-24 19:46:05.771: V/BackupManagerService(1676): Couldn't opendir /data/app/vmdl1041720269.tmp: No such file or directory
02-24 19:46:05.773: E/installd(1554): Failed to delete /data/app/vmdl1041720269.tmp: No such file or directory
02-24 19:46:05.775: I/Pm(5659): Package com.google.android.apps.mtaas.stubapp installed in 118 ms
02-24 19:46:05.776: D/Avrcp(1789): AvrcpServiceBroadcastReceiver-> Action: android.intent.action.PACKAGE_ADDED
02-24 19:46:05.776: D/Avrcp(1789): AvrcpServiceBroadcastReceiver-> packageName: com.google.android.apps.mtaas.stubapp
02-24 19:46:05.776: D/Avrcp(1789): packageName: com.google.android.apps.mtaas.stubapp removed: false
02-24 19:46:05.776: D/Avrcp(1789): isBrowsableListUpdated: false
02-24 19:46:05.776: D/BluetoothMapAppObserver(1789): onReceive
02-24 19:46:05.776: D/BluetoothMapAppObserver(1789): The installed package is: com.google.android.apps.mtaas.stubapp
02-24 19:46:05.777: D/BluetoothMapAppObserver(1789): Found 0 application(s) with intent android.bluetooth.action.BLUETOOTH_MAP_PROVIDER
02-24 19:46:05.777: D/BluetoothMapAppObserver(1789): Found 0 application(s) with intent android.bluetooth.action.BLUETOOTH_MAP_IM_PROVIDER
02-24 19:46:05.781: W/BroadcastQueue(1676): Background execution not allowed: receiving Intent { act=android.intent.action.PACKAGE_ADDED dat=package:com.google.android.apps.mtaas.stubapp flg=0x4000010 (has extras) } to com.android.musicfx/.Compatibility$Receiver
02-24 19:46:05.784: I/InputReader(1676): Reconfiguring input devices.  changes=0x00000010
02-24 19:46:05.785: I/Telecom(1676): DefaultDialerCache: Refreshing default dialer for user 0: now com.google.android.dialer: DDC.oR@AKI
02-24 19:46:05.785: W/Finsky(4877): [2] com.google.android.finsky.application.impl.a.dw(1487): No account configured on this device.
02-24 19:46:05.786: I/app_process(5659): System.exit called, status: 0
02-24 19:46:05.786: I/AndroidRuntime(5659): VM exiting with result code 0.
02-24 19:46:05.789: W/Finsky(4877): [2] com.google.android.finsky.application.impl.a.dw(1487): No account configured on this device.
02-24 19:46:05.795: I/chatty(4877): uid=10028(com.android.vending) identical 2 lines
02-24 19:46:05.796: W/Finsky(4877): [2] com.google.android.finsky.application.impl.a.dw(1487): No account configured on this device.
02-24 19:46:05.796: I/zygote(4877): Do partial code cache collection, code=29KB, data=23KB
02-24 19:46:05.796: I/zygote(4877): After code cache collection, code=29KB, data=23KB
02-24 19:46:05.796: I/zygote(4877): Increasing code cache capacity to 128KB
