03-15 20:39:53.886: I/GceGrallocRegionRegistry(1538): Mapped gralloc-1538.52 hnd=0xf350d080 fd=6 base=0xf26ee000 format=RGBA_8888(0x1) width=1440 height=2560
03-15 20:39:53.886: I/GceGrallocRegionRegistry(1541): Mapped gralloc-1538.52 hnd=0xefc93300 fd=73 base=0xd7eee000 format=RGBA_8888(0x1) width=1440 height=2560
03-15 20:39:53.892: I/GceGrallocRegionRegistry(1538): Unmapped gralloc-1538.52 hnd=0xf350d080 fd=6 base=0xf26ee000
03-15 20:39:53.919: I/Remoter(1532): Saved screenshot to '/data/screenshots/__pmv__-0122.jpg'
03-15 20:39:54.071: I/Telecom(1676): PhoneAccountRegistrar: SimCallManager queried, returning: null: TSI.gSCM@ALQ
03-15 20:39:54.085: I/Babel_telephony(5960): TeleModule.updateConnectionManagerRegistration, registration preference changed from false to false
03-15 20:39:54.085: W/Babel_AcctMgr(5960): gBA: invalid account id: -1
03-15 20:39:54.085: W/Babel_AcctMgr(5960): gBA: invalid account id: -1
03-15 20:39:54.085: I/Babel_telephony(5960): TeleModule.updateIncomingCallRegistration, preferred account for incoming calls changed from: null to null
03-15 20:39:54.089: I/Telecom(1676): PhoneAccountRegistrar: SimCallManager queried, returning: null: TSI.gSCM@ALY
03-15 20:39:54.122: E/memtrack(1676): Couldn't load memtrack module
03-15 20:39:54.122: W/android.os.Debug(1676): failed to get memory consumption info: -1
03-15 20:39:54.258: I/Choreographer(6951): Skipped 181 frames!  The application may be doing too much work on its main thread.
03-15 20:39:54.302: I/ActivityManager(1676): Killing 5809:com.google.process.gapps/u0a53 (adj 906): empty #17
03-15 20:39:54.306: W/system_server(1676): kill(-5809, 9) failed: No such process
03-15 20:39:54.344: I/chatty(1676): uid=1000(system) ActivityManager identical 1 line
03-15 20:39:54.384: W/system_server(1676): kill(-5809, 9) failed: No such process
03-15 20:39:54.384: I/system_server(1676): Successfully killed process cgroup uid 10053 pid 5809 in 78ms
03-15 20:39:54.405: E/memtrack(1676): Couldn't load memtrack module
03-15 20:39:54.405: W/android.os.Debug(1676): failed to get memory consumption info: -1
03-15 20:39:54.427: E/TaskPersister(1676): File error accessing recents directory (directory doesn't exist?).
03-15 20:39:54.641: E/dual_mode_controller(1534): LE scan
03-15 20:39:54.709: I/GceGrallocRegionRegistry(6951): Mapped gralloc-1538.52 hnd=0xd13ff700 fd=64 base=0xc45ee000 format=RGBA_8888(0x1) width=1440 height=2560
03-15 20:39:54.756: I/ActivityManager(1676): Displayed com.chanbo.sampleapp.dev/com.chanbo.sampleapp.ui.detail.MovieDetailActivity: +3s943ms
03-15 20:39:54.858: E/memtrack(1676): Couldn't load memtrack module
03-15 20:39:54.859: W/android.os.Debug(1676): failed to get memory consumption info: -1
03-15 20:39:54.884: I/GceGrallocRegionRegistry(6951): Mapped gralloc-1538.51 hnd=0xd1843640 fd=63 base=0xc34ee000 format=RGBA_8888(0x1) width=1440 height=2560
03-15 20:39:54.921: I/GceGrallocRegionRegistry(6951): Unmapped gralloc-1538.49 hnd=0xd13baa80 fd=62 base=0xca26e000
03-15 20:39:54.922: I/GceGrallocRegionRegistry(6951): Unmapped gralloc-1538.48 hnd=0xd297dec0 fd=53 base=0xcba83000
03-15 20:39:54.923: I/GceGrallocRegionRegistry(6951): Unmapped gralloc-1538.47 hnd=0xd001be00 fd=52 base=0xcc99a000
03-15 20:39:54.923: I/GceGrallocRegionRegistry(1541): Unmapped gralloc-1538.48 hnd=0xefc93500 fd=62 base=0xe1a53000
03-15 20:39:54.926: I/GceGrallocRegionRegistry(1541): Unmapped gralloc-1538.47 hnd=0xefc93540 fd=70 base=0xdf0fe000
03-15 20:39:54.946: D/PowerManagerService(1676): releaseWakeLockInternal: lock=172883323 [*launch*], flags=0x0
03-15 20:39:54.946: D/PowerManagerService(1676): updateWakeLockSummaryLocked: mWakefulness=Awake, mWakeLockSummary=0x1
03-15 20:39:54.946: D/PowerManagerService(1676): updateUserActivitySummaryLocked: mWakefulness=Awake, mUserActivitySummary=0x1, nextTimeout=1676899 (in 48175 ms)
03-15 20:39:54.946: D/PowerManagerService(1676): updateDisplayPowerStateLocked: mDisplayReady=true, policy=3, mWakefulness=1, mWakeLockSummary=0x1, mUserActivitySummary=0x1, mBootCompleted=true, mScreenBrightnessBoostInProgress=false, mIsVrModeEnabled= false, sQuiescent=false
03-15 20:39:55.017: I/zygote(1944): Background concurrent copying GC freed 295780(10MB) AllocSpace objects, 6(640KB) LOS objects, 49% free, 9MB/18MB, paused 63us total 369.987ms
03-15 20:39:55.032: D/PowerManagerService(1676): releaseWakeLockInternal: lock=93537653 [*net_scheduler*], flags=0x0
03-15 20:39:55.032: D/PowerManagerService(1676): updateWakeLockSummaryLocked: mWakefulness=Awake, mWakeLockSummary=0x1
03-15 20:39:55.032: D/PowerManagerService(1676): updateUserActivitySummaryLocked: mWakefulness=Awake, mUserActivitySummary=0x1, nextTimeout=1676899 (in 48089 ms)
03-15 20:39:55.032: D/PowerManagerService(1676): updateDisplayPowerStateLocked: mDisplayReady=true, policy=3, mWakefulness=1, mWakeLockSummary=0x1, mUserActivitySummary=0x1, mBootCompleted=true, mScreenBrightnessBoostInProgress=false, mIsVrModeEnabled= false, sQuiescent=false
03-15 20:39:55.034: D/PowerManagerService(1676): acquireWakeLockInternal: lock=81073035, flags=0x1, tag="*net_scheduler*", ws=WorkSource{10014 com.google.android.gms}, uid=10014, pid=1944
03-15 20:39:55.034: D/PowerManagerService(1676): updateWakeLockSummaryLocked: mWakefulness=Awake, mWakeLockSummary=0x1
03-15 20:39:55.034: D/PowerManagerService(1676): updateUserActivitySummaryLocked: mWakefulness=Awake, mUserActivitySummary=0x1, nextTimeout=1676899 (in 48087 ms)
03-15 20:39:55.034: D/PowerManagerService(1676): updateDisplayPowerStateLocked: mDisplayReady=true, policy=3, mWakefulness=1, mWakeLockSummary=0x1, mUserActivitySummary=0x1, mBootCompleted=true, mScreenBrightnessBoostInProgress=false, mIsVrModeEnabled= false, sQuiescent=false
03-15 20:39:55.036: D/PowerManagerService(1676): releaseWakeLockInternal: lock=81073035 [*net_scheduler*], flags=0x0
03-15 20:39:55.036: D/PowerManagerService(1676): updateWakeLockSummaryLocked: mWakefulness=Awake, mWakeLockSummary=0x1
03-15 20:39:55.036: D/PowerManagerService(1676): updateUserActivitySummaryLocked: mWakefulness=Awake, mUserActivitySummary=0x1, nextTimeout=1676899 (in 48085 ms)
03-15 20:39:55.036: D/PowerManagerService(1676): updateDisplayPowerStateLocked: mDisplayReady=true, policy=3, mWakefulness=1, mWakeLockSummary=0x1, mUserActivitySummary=0x1, mBootCompleted=true, mScreenBrightnessBoostInProgress=false, mIsVrModeEnabled= false, sQuiescent=false
03-15 20:39:55.037: D/PowerManagerService(1676): acquireWakeLockInternal: lock=81073035, flags=0x1, tag="*net_scheduler*", ws=WorkSource{10014 com.google.android.gms}, uid=10014, pid=1944
03-15 20:39:55.037: D/PowerManagerService(1676): updateWakeLockSummaryLocked: mWakefulness=Awake, mWakeLockSummary=0x1
03-15 20:39:55.037: D/PowerManagerService(1676): updateUserActivitySummaryLocked: mWakefulness=Awake, mUserActivitySummary=0x1, nextTimeout=1676899 (in 48084 ms)
03-15 20:39:55.037: D/PowerManagerService(1676): updateDisplayPowerStateLocked: mDisplayReady=true, policy=3, mWakefulness=1, mWakeLockSummary=0x1, mUserActivitySummary=0x1, mBootCompleted=true, mScreenBrightnessBoostInProgress=false, mIsVrModeEnabled= false, sQuiescent=false
03-15 20:39:55.120: D/PowerManagerService(1676): acquireWakeLockInternal: lock=101865976, flags=0x1, tag="*net_scheduler*", ws=WorkSource{10014 com.google.android.gms}, uid=10014, pid=1944
03-15 20:39:55.121: D/PowerManagerService(1676): updateWakeLockSummaryLocked: mWakefulness=Awake, mWakeLockSummary=0x1
03-15 20:39:55.121: D/PowerManagerService(1676): updateUserActivitySummaryLocked: mWakefulness=Awake, mUserActivitySummary=0x1, nextTimeout=1676899 (in 48001 ms)
03-15 20:39:55.121: D/PowerManagerService(1676): updateDisplayPowerStateLocked: mDisplayReady=true, policy=3, mWakefulness=1, mWakeLockSummary=0x1, mUserActivitySummary=0x1, mBootCompleted=true, mScreenBrightnessBoostInProgress=false, mIsVrModeEnabled= false, sQuiescent=false
03-15 20:39:55.154: I/GceGrallocRegionRegistry(6951): Mapped gralloc-1538.50 hnd=0xcd6ff740 fd=60 base=0xcba83000 format=RGBA_8888(0x1) width=1440 height=2560
03-15 20:39:55.171: D/LifecycleMonitor(6951): Lifecycle status change: com.chanbo.sampleapp.ui.main.MainActivity@a7df0ca in: STOPPED
03-15 20:39:55.211: I/GceGrallocRegionRegistry(1541): Unmapped gralloc-1538.49 hnd=0xefc93400 fd=65 base=0xe2865000
03-15 20:39:55.264: E/memtrack(1676): Couldn't load memtrack module
03-15 20:39:55.264: W/android.os.Debug(1676): failed to get memory consumption info: -1
03-15 20:39:55.307: D/PowerManagerService(1676): releaseWakeLockInternal: lock=81073035 [*net_scheduler*], flags=0x0
03-15 20:39:55.307: D/PowerManagerService(1676): updateWakeLockSummaryLocked: mWakefulness=Awake, mWakeLockSummary=0x1
03-15 20:39:55.307: D/PowerManagerService(1676): updateUserActivitySummaryLocked: mWakefulness=Awake, mUserActivitySummary=0x1, nextTimeout=1676899 (in 47814 ms)
03-15 20:39:55.307: D/PowerManagerService(1676): updateDisplayPowerStateLocked: mDisplayReady=true, policy=3, mWakefulness=1, mWakeLockSummary=0x1, mUserActivitySummary=0x1, mBootCompleted=true, mScreenBrightnessBoostInProgress=false, mIsVrModeEnabled= false, sQuiescent=false
03-15 20:39:55.309: W/ChimeraUtils(1944): Non Chimera context
03-15 20:39:55.361: I/Remoter(1532): Saved screenshot to '/data/screenshots/__pmv__-0123.jpg'
03-15 20:39:55.309: W/ChimeraUtils(1944): Non Chimera context
03-15 20:39:55.426: I/TestRunner(6951): finished: testRecyclerView(com.chanbo.sampleapp.MainActivityTest)
