03-15 20:39:45.770: I/TestRunner(6951): started: testRecyclerView(com.chanbo.sampleapp.MainActivityTest)
03-15 20:39:45.771: I/MonitoringInstr(6951): Activities that are still in CREATED to STOPPED: 0
03-15 20:39:45.775: W/Settings(6951): Setting always_finish_activities has moved from android.provider.Settings.System to android.provider.Settings.Global, returning read-only value.
03-15 20:39:45.780: I/ActivityManager(1676): START u0 {act=android.intent.action.MAIN cat=[android.intent.category.LAUNCHER] flg=0x10008000 cmp=com.chanbo.sampleapp.dev.test/androidx.test.core.app.InstrumentationActivityInvoker$BootstrapActivity (has extras)} from uid 10095
03-15 20:39:45.783: D/PowerManagerService(1676): acquireWakeLockInternal: lock=172883323, flags=0x1, tag="*launch*", ws=WorkSource{10096}, uid=1000, pid=1676
03-15 20:39:45.783: D/PowerManagerService(1676): updateWakeLockSummaryLocked: mWakefulness=Awake, mWakeLockSummary=0x1
03-15 20:39:45.783: D/PowerManagerService(1676): updateUserActivitySummaryLocked: mWakefulness=Awake, mUserActivitySummary=0x1, nextTimeout=1646451 (in 26890 ms)
03-15 20:39:45.783: D/PowerManagerService(1676): updateDisplayPowerStateLocked: mDisplayReady=true, policy=3, mWakefulness=1, mWakeLockSummary=0x1, mUserActivitySummary=0x1, mBootCompleted=true, mScreenBrightnessBoostInProgress=false, mIsVrModeEnabled= false, sQuiescent=false
03-15 20:39:45.795: I/ActivityManager(1676): Start proc 7007:com.chanbo.sampleapp.dev.test/u0a96 for activity com.chanbo.sampleapp.dev.test/androidx.test.core.app.InstrumentationActivityInvoker$BootstrapActivity
03-15 20:39:45.797: I/ActivityManager(1676): Killing 5894:com.android.providers.calendar/u0a3 (adj 906): empty #17
03-15 20:39:45.799: I/zygote(7007): Late-enabling -Xcheck:jni
03-15 20:39:45.801: W/system_server(1676): kill(-5894, 9) failed: No such process
03-15 20:39:45.814: W/zygote(7007): Unexpected CPU variant for X86 using defaults: x86
03-15 20:39:45.832: I/GceGrallocRegionRegistry(1538): Mapped gralloc-1538.42 hnd=0xf350d000 fd=6 base=0xf27cf000 format=RGBA_8888(0x1) width=1440 height=2392
03-15 20:39:45.832: I/GceGrallocRegionRegistry(1541): Mapped gralloc-1538.42 hnd=0xefc93100 fd=62 base=0xdff10000 format=RGBA_8888(0x1) width=1440 height=2392
03-15 20:39:45.833: I/GceGrallocRegionRegistry(1676): Mapped gralloc-1538.42 hnd=0xd23fe700 fd=212 base=0xc96d6000 format=RGBA_8888(0x1) width=1440 height=2392
03-15 20:39:45.842: I/GceGrallocRegionRegistry(1538): Unmapped gralloc-1538.42 hnd=0xf350d000 fd=6 base=0xf27cf000
03-15 20:39:45.843: W/system_server(1676): kill(-5894, 9) failed: No such process
03-15 20:39:45.846: I/zygote(7007): The ClassLoaderContext is a special shared library.
03-15 20:39:45.847: I/zygote(7007): The ClassLoaderContext is a special shared library.
03-15 20:39:45.848: D/OpenGLRenderer(1676): HWUI GL Pipeline
03-15 20:39:45.868: I/GceGrallocRegionRegistry(5674): Unmapped gralloc-1538.40 hnd=0xd19e1a80 fd=50 base=0xcb60f000
03-15 20:39:45.869: I/GceGrallocRegionRegistry(5674): Unmapped gralloc-1538.39 hnd=0xd19e1980 fd=49 base=0xcc421000
03-15 20:39:45.869: I/GceGrallocRegionRegistry(5674): Unmapped gralloc-1538.38 hnd=0xd06fac40 fd=47 base=0xcd233000
03-15 20:39:45.870: D/PermissionCache(1541): checking android.permission.READ_FRAME_BUFFER for uid=1000 => granted (332 us)
03-15 20:39:45.871: I/GceGrallocRegionRegistry(1538): Mapped gralloc-1538.43 hnd=0xf350d080 fd=6 base=0xf26ee000 format=RGBA_8888(0x1) width=1440 height=2560
03-15 20:39:45.871: I/GceGrallocRegionRegistry(1676): Mapped gralloc-1538.43 hnd=0xd224ccc0 fd=210 base=0xc40ee000 format=RGBA_8888(0x1) width=1440 height=2560
03-15 20:39:45.872: I/GceGrallocRegionRegistry(1538): Unmapped gralloc-1538.43 hnd=0xf350d080 fd=6 base=0xf26ee000
03-15 20:39:45.872: I/GceGrallocRegionRegistry(1541): Mapped gralloc-1538.43 hnd=0xf01fbb80 fd=67 base=0xdf0fe000 format=RGBA_8888(0x1) width=1440 height=2560
03-15 20:39:45.885: W/system_server(1676): kill(-5894, 9) failed: No such process
03-15 20:39:45.885: I/system_server(1676): Successfully killed process cgroup uid 10003 pid 5894 in 84ms
03-15 20:39:45.961: I/GceGrallocRegionRegistry(1541): Unmapped gralloc-1538.43 hnd=0xf01fbb80 fd=67 base=0xdf0fe000
03-15 20:39:45.992: I/GceGrallocRegionRegistry(1830): Mapped gralloc-1538.43 hnd=0xd0ec3cc0 fd=84 base=0xc626e000 format=RGBA_8888(0x1) width=1440 height=2560
03-15 20:39:46.014: I/ActivityManager(1676): START u0 {act=android.intent.action.MAIN cat=[android.intent.category.LAUNCHER] cmp=com.chanbo.sampleapp.dev/com.chanbo.sampleapp.ui.main.MainActivity} from uid 10095
03-15 20:39:46.017: D/PowerManagerService(1676): updateWakeLockWorkSourceInternal: lock=172883323 [*launch*], ws=WorkSource{10095}
03-15 20:39:46.017: D/PowerManagerService(1676): acquireWakeLockInternal: lock=172883323, flags=0x1, tag="*launch*", ws=WorkSource{10095}, uid=1000, pid=1676
03-15 20:39:46.017: D/PowerManagerService(1676): updateWakeLockSummaryLocked: mWakefulness=Awake, mWakeLockSummary=0x1
03-15 20:39:46.017: D/PowerManagerService(1676): updateUserActivitySummaryLocked: mWakefulness=Awake, mUserActivitySummary=0x1, nextTimeout=1646451 (in 26656 ms)
03-15 20:39:46.017: D/PowerManagerService(1676): updateDisplayPowerStateLocked: mDisplayReady=true, policy=3, mWakefulness=1, mWakeLockSummary=0x1, mUserActivitySummary=0x1, mBootCompleted=true, mScreenBrightnessBoostInProgress=false, mIsVrModeEnabled= false, sQuiescent=false
03-15 20:39:46.034: W//system/bin/hwservicemanager(1460): getTransport: Cannot find entry android.hardware.configstore@1.0::ISurfaceFlingerConfigs/default in either framework or device manifest.
03-15 20:39:46.035: I/system_server(1676): android::hardware::configstore::V1_0::ISurfaceFlingerConfigs::hasWideColorDisplay retrieved: 0
03-15 20:39:46.035: I/OpenGLRenderer(1676): Initialized EGL, version 1.4
03-15 20:39:46.035: D/OpenGLRenderer(1676): Swap behavior 1
03-15 20:39:46.133: E/memtrack(1676): Couldn't load memtrack module
03-15 20:39:46.133: W/android.os.Debug(1676): failed to get memory consumption info: -1
03-15 20:39:46.191: D/vndksupport(1676): Loading /vendor/lib/hw/gralloc.gce_x86.so from current namespace instead of sphal namespace.
03-15 20:39:46.253: I/GceGrallocRegionRegistry(1541): Unmapped gralloc-1538.38 hnd=0xf01fbc00 fd=47 base=0xe2865000
03-15 20:39:46.255: I/GceGrallocRegionRegistry(1541): Unmapped gralloc-1538.39 hnd=0xf01fb900 fd=57 base=0xe1a53000
03-15 20:39:46.267: W/zygote(1676): Long monitor contention with owner Binder:1676_3 (1758) at void com.android.server.am.ActivityManagerService.activityPaused(android.os.IBinder)(ActivityManagerService.java:7421) waiters=0 in void com.android.server.am.ActivityManagerService.dispatchProcessesChanged() for 164ms
03-15 20:39:46.267: W/Looper(1676): Dispatch took 164ms on android.ui, h=Handler (com.android.server.am.ActivityManagerService$UiHandler) {a216404} cb=null msg=31
03-15 20:39:46.309: D/LifecycleMonitor(6951): Lifecycle status change: com.chanbo.sampleapp.ui.main.MainActivity@a7df0ca in: PRE_ON_CREATE
03-15 20:39:46.309: D/LifecycleMonitor(6951): running callback: androidx.test.core.app.ActivityScenario$1@d39423b
03-15 20:39:46.309: D/LifecycleMonitor(6951): callback completes: androidx.test.core.app.ActivityScenario$1@d39423b
03-15 20:39:46.425: I/zygote(6951): Background concurrent copying GC freed 21967(1222KB) AllocSpace objects, 0(0B) LOS objects, 49% free, 1555KB/3MB, paused 1.421ms total 133.152ms
03-15 20:39:46.446: I/zygote(6951): Rejecting re-init on previously-failed class java.lang.Class<androidx.core.view.ViewCompat$2>: java.lang.NoClassDefFoundError: Failed resolution of: Landroid/view/View$OnUnhandledKeyEventListener;
03-15 20:39:46.446: I/zygote(6951):   at void androidx.core.view.ViewCompat.setOnApplyWindowInsetsListener(android.view.View, androidx.core.view.OnApplyWindowInsetsListener) (ViewCompat.java:2423)
03-15 20:39:46.446: I/zygote(6951):   at android.view.ViewGroup androidx.appcompat.app.AppCompatDelegateImpl.createSubDecor() (AppCompatDelegateImpl.java:638)
03-15 20:39:46.446: I/zygote(6951):   at void androidx.appcompat.app.AppCompatDelegateImpl.ensureSubDecor() (AppCompatDelegateImpl.java:519)
03-15 20:39:46.446: I/zygote(6951):   at void androidx.appcompat.app.AppCompatDelegateImpl.setContentView(int) (AppCompatDelegateImpl.java:467)
03-15 20:39:46.446: I/zygote(6951):   at void androidx.appcompat.app.AppCompatActivity.setContentView(int) (AppCompatActivity.java:141)
03-15 20:39:46.446: I/zygote(6951):   at androidx.databinding.ViewDataBinding androidx.databinding.DataBindingUtil.setContentView(android.app.Activity, int, androidx.databinding.DataBindingComponent) (DataBindingUtil.java:303)
03-15 20:39:46.446: I/zygote(6951):   at androidx.databinding.ViewDataBinding androidx.databinding.DataBindingUtil.setContentView(android.app.Activity, int) (DataBindingUtil.java:284)
03-15 20:39:46.446: I/zygote(6951):   at void com.chanbo.sampleapp.ui.base.BaseActivity.onCreate(android.os.Bundle) (BaseActivity.kt:22)
03-15 20:39:46.446: I/zygote(6951):   at void android.app.Activity.performCreate(android.os.Bundle, android.os.PersistableBundle) (Activity.java:7000)
03-15 20:39:46.446: I/zygote(6951):   at void android.app.Activity.performCreate(android.os.Bundle) (Activity.java:6991)
03-15 20:39:46.446: I/zygote(6951):   at void android.app.Instrumentation.callActivityOnCreate(android.app.Activity, android.os.Bundle) (Instrumentation.java:1214)
03-15 20:39:46.446: I/zygote(6951):   at void androidx.test.runner.MonitoringInstrumentation.callActivityOnCreate(android.app.Activity, android.os.Bundle) (MonitoringInstrumentation.java:680)
03-15 20:39:46.446: I/zygote(6951):   at android.app.Activity android.app.ActivityThread.performLaunchActivity(android.app.ActivityThread$ActivityClientRecord, android.content.Intent) (ActivityThread.java:2731)
03-15 20:39:46.446: I/zygote(6951):   at void android.app.ActivityThread.handleLaunchActivity(android.app.ActivityThread$ActivityClientRecord, android.content.Intent, java.lang.String) (ActivityThread.java:2856)
03-15 20:39:46.446: I/zygote(6951):   at void android.app.ActivityThread.-wrap11(android.app.ActivityThread, android.app.ActivityThread$ActivityClientRecord, android.content.Intent, java.lang.String) (ActivityThread.java:-1)
03-15 20:39:46.446: I/zygote(6951):   at void android.app.ActivityThread$H.handleMessage(android.os.Message) (ActivityThread.java:1589)
03-15 20:39:46.446: I/zygote(6951):   at void android.os.Handler.dispatchMessage(android.os.Message) (Handler.java:106)
03-15 20:39:46.446: I/zygote(6951):   at void android.os.Looper.loop() (Looper.java:164)
03-15 20:39:46.446: I/zygote(6951):   at void android.app.ActivityThread.main(java.lang.String[]) (ActivityThread.java:6494)
03-15 20:39:46.446: I/zygote(6951):   at java.lang.Object java.lang.reflect.Method.invoke(java.lang.Object, java.lang.Object[]) (Method.java:-2)
03-15 20:39:46.446: I/zygote(6951):   at void com.android.internal.os.RuntimeInit$MethodAndArgsCaller.run() (RuntimeInit.java:438)
03-15 20:39:46.446: I/zygote(6951):   at void com.android.internal.os.ZygoteInit.main(java.lang.String[]) (ZygoteInit.java:807)
03-15 20:39:46.446: I/zygote(6951): Caused by: java.lang.ClassNotFoundException: Didn't find class "android.view.View$OnUnhandledKeyEventListener" on path: DexPathList[[zip file "/system/framework/android.test.runner.jar", zip file "/system/framework/android.test.mock.jar", zip file "/data/app/com.chanbo.sampleapp.dev.test-dHxFjjE89Y1bWG3rRye__Q==/base.apk", zip file "/data/app/com.chanbo.sampleapp.dev-SAGVoyFKRHM20l1yujXboQ==/base.apk"],nativeLibraryDirectories=[/data/app/com.chanbo.sampleapp.dev.test-dHxFjjE89Y1bWG3rRye__Q==/lib/x86, /data/app/com.chanbo.sampleapp.dev-SAGVoyFKRHM20l1yujXboQ==/lib/x86, /system/lib, /system/vendor/lib]]
03-15 20:39:46.446: I/zygote(6951):   at java.lang.Class dalvik.system.BaseDexClassLoader.findClass(java.lang.String) (BaseDexClassLoader.java:125)
03-15 20:39:46.446: I/zygote(6951):   at java.lang.Class java.lang.ClassLoader.loadClass(java.lang.String, boolean) (ClassLoader.java:379)
03-15 20:39:46.446: I/zygote(6951):   at java.lang.Class java.lang.ClassLoader.loadClass(java.lang.String) (ClassLoader.java:312)
03-15 20:39:46.446: I/zygote(6951):   at void androidx.core.view.ViewCompat.setOnApplyWindowInsetsListener(android.view.View, androidx.core.view.OnApplyWindowInsetsListener) (ViewCompat.java:2423)
03-15 20:39:46.446: I/zygote(6951):   at android.view.ViewGroup androidx.appcompat.app.AppCompatDelegateImpl.createSubDecor() (AppCompatDelegateImpl.java:638)
03-15 20:39:46.446: I/zygote(6951):   at void androidx.appcompat.app.AppCompatDelegateImpl.ensureSubDecor() (AppCompatDelegateImpl.java:519)
03-15 20:39:46.446: I/zygote(6951):   at void androidx.appcompat.app.AppCompatDelegateImpl.setContentView(int) (AppCompatDelegateImpl.java:467)
03-15 20:39:46.447: I/zygote(6951):   at void androidx.appcompat.app.AppCompatActivity.setContentView(int) (AppCompatActivity.java:141)
03-15 20:39:46.447: I/zygote(6951):   at androidx.databinding.ViewDataBinding androidx.databinding.DataBindingUtil.setContentView(android.app.Activity, int, androidx.databinding.DataBindingComponent) (DataBindingUtil.java:303)
03-15 20:39:46.447: I/zygote(6951):   at androidx.databinding.ViewDataBinding androidx.databinding.DataBindingUtil.setContentView(android.app.Activity, int) (DataBindingUtil.java:284)
03-15 20:39:46.447: I/zygote(6951):   at void com.chanbo.sampleapp.ui.base.BaseActivity.onCreate(android.os.Bundle) (BaseActivity.kt:22)
03-15 20:39:46.447: I/zygote(6951):   at void android.app.Activity.performCreate(android.os.Bundle, android.os.PersistableBundle) (Activity.java:7000)
03-15 20:39:46.447: I/zygote(6951):   at void android.app.Activity.performCreate(android.os.Bundle) (Activity.java:6991)
03-15 20:39:46.447: I/zygote(6951):   at void android.app.Instrumentation.callActivityOnCreate(android.app.Activity, android.os.Bundle) (Instrumentation.java:1214)
03-15 20:39:46.447: I/zygote(6951):   at void androidx.test.runner.MonitoringInstrumentation.callActivityOnCreate(android.app.Activity, android.os.Bundle) (MonitoringInstrumentation.java:680)
03-15 20:39:46.447: I/zygote(6951):   at android.app.Activity android.app.ActivityThread.performLaunchActivity(android.app.ActivityThread$ActivityClientRecord, android.content.Intent) (ActivityThread.java:2731)
03-15 20:39:46.447: I/zygote(6951):   at void android.app.ActivityThread.handleLaunchActivity(android.app.ActivityThread$ActivityClientRecord, android.content.Intent, java.lang.String) (ActivityThread.java:2856)
03-15 20:39:46.447: I/zygote(6951):   at void android.app.ActivityThread.-wrap11(android.app.ActivityThread, android.app.ActivityThread$ActivityClientRecord, android.content.Intent, java.lang.String) (ActivityThread.java:-1)
03-15 20:39:46.447: I/zygote(6951):   at void android.app.ActivityThread$H.handleMessage(android.os.Message) (ActivityThread.java:1589)
03-15 20:39:46.447: I/zygote(6951):   at void android.os.Handler.dispatchMessage(android.os.Message) (Handler.java:106)
03-15 20:39:46.447: I/zygote(6951):   at void android.os.Looper.loop() (Looper.java:164)
03-15 20:39:46.447: I/zygote(6951):   at void android.app.ActivityThread.main(java.lang.String[]) (ActivityThread.java:6494)
03-15 20:39:46.447: I/zygote(6951):   at java.lang.Object java.lang.reflect.Method.invoke(java.lang.Object, java.lang.Object[]) (Method.java:-2)
03-15 20:39:46.447: I/zygote(6951):   at void com.android.internal.os.RuntimeInit$MethodAndArgsCaller.run() (RuntimeInit.java:438)
03-15 20:39:46.447: I/zygote(6951):   at void com.android.internal.os.ZygoteInit.main(java.lang.String[]) (ZygoteInit.java:807)
03-15 20:39:46.447: I/zygote(6951): Rejecting re-init on previously-failed class java.lang.Class<androidx.core.view.ViewCompat$2>: java.lang.NoClassDefFoundError: Failed resolution of: Landroid/view/View$OnUnhandledKeyEventListener;
03-15 20:39:46.447: I/zygote(6951):   at void androidx.core.view.ViewCompat.setOnApplyWindowInsetsListener(android.view.View, androidx.core.view.OnApplyWindowInsetsListener) (ViewCompat.java:2423)
03-15 20:39:46.447: I/zygote(6951):   at android.view.ViewGroup androidx.appcompat.app.AppCompatDelegateImpl.createSubDecor() (AppCompatDelegateImpl.java:638)
03-15 20:39:46.447: I/zygote(6951):   at void androidx.appcompat.app.AppCompatDelegateImpl.ensureSubDecor() (AppCompatDelegateImpl.java:519)
03-15 20:39:46.447: I/zygote(6951):   at void androidx.appcompat.app.AppCompatDelegateImpl.setContentView(int) (AppCompatDelegateImpl.java:467)
03-15 20:39:46.447: I/zygote(6951):   at void androidx.appcompat.app.AppCompatActivity.setContentView(int) (AppCompatActivity.java:141)
03-15 20:39:46.447: I/zygote(6951):   at androidx.databinding.ViewDataBinding androidx.databinding.DataBindingUtil.setContentView(android.app.Activity, int, androidx.databinding.DataBindingComponent) (DataBindingUtil.java:303)
03-15 20:39:46.447: I/zygote(6951):   at androidx.databinding.ViewDataBinding androidx.databinding.DataBindingUtil.setContentView(android.app.Activity, int) (DataBindingUtil.java:284)
03-15 20:39:46.447: I/zygote(6951):   at void com.chanbo.sampleapp.ui.base.BaseActivity.onCreate(android.os.Bundle) (BaseActivity.kt:22)
03-15 20:39:46.447: I/zygote(6951):   at void android.app.Activity.performCreate(android.os.Bundle, android.os.PersistableBundle) (Activity.java:7000)
03-15 20:39:46.447: I/zygote(6951):   at void android.app.Activity.performCreate(android.os.Bundle) (Activity.java:6991)
03-15 20:39:46.447: I/zygote(6951):   at void android.app.Instrumentation.callActivityOnCreate(android.app.Activity, android.os.Bundle) (Instrumentation.java:1214)
03-15 20:39:46.447: I/zygote(6951):   at void androidx.test.runner.MonitoringInstrumentation.callActivityOnCreate(android.app.Activity, android.os.Bundle) (MonitoringInstrumentation.java:680)
03-15 20:39:46.447: I/zygote(6951):   at android.app.Activity android.app.ActivityThread.performLaunchActivity(android.app.ActivityThread$ActivityClientRecord, android.content.Intent) (ActivityThread.java:2731)
03-15 20:39:46.447: I/zygote(6951):   at void android.app.ActivityThread.handleLaunchActivity(android.app.ActivityThread$ActivityClientRecord, android.content.Intent, java.lang.String) (ActivityThread.java:2856)
03-15 20:39:46.447: I/zygote(6951):   at void android.app.ActivityThread.-wrap11(android.app.ActivityThread, android.app.ActivityThread$ActivityClientRecord, android.content.Intent, java.lang.String) (ActivityThread.java:-1)
03-15 20:39:46.447: I/zygote(6951):   at void android.app.ActivityThread$H.handleMessage(android.os.Message) (ActivityThread.java:1589)
03-15 20:39:46.447: I/zygote(6951):   at void android.os.Handler.dispatchMessage(android.os.Message) (Handler.java:106)
03-15 20:39:46.447: I/zygote(6951):   at void android.os.Looper.loop() (Looper.java:164)
03-15 20:39:46.447: I/zygote(6951):   at void android.app.ActivityThread.main(java.lang.String[]) (ActivityThread.java:6494)
03-15 20:39:46.447: I/zygote(6951):   at java.lang.Object java.lang.reflect.Method.invoke(java.lang.Object, java.lang.Object[]) (Method.java:-2)
03-15 20:39:46.447: I/zygote(6951):   at void com.android.internal.os.RuntimeInit$MethodAndArgsCaller.run() (RuntimeInit.java:438)
03-15 20:39:46.447: I/zygote(6951):   at void com.android.internal.os.ZygoteInit.main(java.lang.String[]) (ZygoteInit.java:807)
03-15 20:39:46.447: I/zygote(6951): Caused by: java.lang.ClassNotFoundException: Didn't find class "android.view.View$OnUnhandledKeyEventListener" on path: DexPathList[[zip file "/system/framework/android.test.runner.jar", zip file "/system/framework/android.test.mock.jar", zip file "/data/app/com.chanbo.sampleapp.dev.test-dHxFjjE89Y1bWG3rRye__Q==/base.apk", zip file "/data/app/com.chanbo.sampleapp.dev-SAGVoyFKRHM20l1yujXboQ==/base.apk"],nativeLibraryDirectories=[/data/app/com.chanbo.sampleapp.dev.test-dHxFjjE89Y1bWG3rRye__Q==/lib/x86, /data/app/com.chanbo.sampleapp.dev-SAGVoyFKRHM20l1yujXboQ==/lib/x86, /system/lib, /system/vendor/lib]]
03-15 20:39:46.447: I/zygote(6951):   at java.lang.Class dalvik.system.BaseDexClassLoader.findClass(java.lang.String) (BaseDexClassLoader.java:125)
03-15 20:39:46.447: I/zygote(6951):   at java.lang.Class java.lang.ClassLoader.loadClass(java.lang.String, boolean) (ClassLoader.java:379)
03-15 20:39:46.447: I/zygote(6951):   at java.lang.Class java.lang.ClassLoader.loadClass(java.lang.String) (ClassLoader.java:312)
03-15 20:39:46.447: I/zygote(6951):   at void androidx.core.view.ViewCompat.setOnApplyWindowInsetsListener(android.view.View, androidx.core.view.OnApplyWindowInsetsListener) (ViewCompat.java:2423)
03-15 20:39:46.447: I/zygote(6951):   at android.view.ViewGroup androidx.appcompat.app.AppCompatDelegateImpl.createSubDecor() (AppCompatDelegateImpl.java:638)
03-15 20:39:46.447: I/zygote(6951):   at void androidx.appcompat.app.AppCompatDelegateImpl.ensureSubDecor() (AppCompatDelegateImpl.java:519)
03-15 20:39:46.447: I/zygote(6951):   at void androidx.appcompat.app.AppCompatDelegateImpl.setContentView(int) (AppCompatDelegateImpl.java:467)
03-15 20:39:46.447: I/zygote(6951):   at void androidx.appcompat.app.AppCompatActivity.setContentView(int) (AppCompatActivity.java:141)
03-15 20:39:46.447: I/zygote(6951):   at androidx.databinding.ViewDataBinding androidx.databinding.DataBindingUtil.setContentView(android.app.Activity, int, androidx.databinding.DataBindingComponent) (DataBindingUtil.java:303)
03-15 20:39:46.447: I/zygote(6951):   at androidx.databinding.ViewDataBinding androidx.databinding.DataBindingUtil.setContentView(android.app.Activity, int) (DataBindingUtil.java:284)
03-15 20:39:46.447: I/zygote(6951):   at void com.chanbo.sampleapp.ui.base.BaseActivity.onCreate(android.os.Bundle) (BaseActivity.kt:22)
03-15 20:39:46.447: I/zygote(6951):   at void android.app.Activity.performCreate(android.os.Bundle, android.os.PersistableBundle) (Activity.java:7000)
03-15 20:39:46.447: I/zygote(6951):   at void android.app.Activity.performCreate(android.os.Bundle) (Activity.java:6991)
03-15 20:39:46.447: I/zygote(6951):   at void android.app.Instrumentation.callActivityOnCreate(android.app.Activity, android.os.Bundle) (Instrumentation.java:1214)
03-15 20:39:46.447: I/zygote(6951):   at void androidx.test.runner.MonitoringInstrumentation.callActivityOnCreate(android.app.Activity, android.os.Bundle) (MonitoringInstrumentation.java:680)
03-15 20:39:46.447: I/zygote(6951):   at android.app.Activity android.app.ActivityThread.performLaunchActivity(android.app.ActivityThread$ActivityClientRecord, android.content.Intent) (ActivityThread.java:2731)
03-15 20:39:46.447: I/zygote(6951):   at void android.app.ActivityThread.handleLaunchActivity(android.app.ActivityThread$ActivityClientRecord, android.content.Intent, java.lang.String) (ActivityThread.java:2856)
03-15 20:39:46.447: I/zygote(6951):   at void android.app.ActivityThread.-wrap11(android.app.ActivityThread, android.app.ActivityThread$ActivityClientRecord, android.content.Intent, java.lang.String) (ActivityThread.java:-1)
03-15 20:39:46.447: I/zygote(6951):   at void android.app.ActivityThread$H.handleMessage(android.os.Message) (ActivityThread.java:1589)
03-15 20:39:46.447: I/zygote(6951):   at void android.os.Handler.dispatchMessage(android.os.Message) (Handler.java:106)
03-15 20:39:46.447: I/zygote(6951):   at void android.os.Looper.loop() (Looper.java:164)
03-15 20:39:46.447: I/zygote(6951):   at void android.app.ActivityThread.main(java.lang.String[]) (ActivityThread.java:6494)
03-15 20:39:46.447: I/zygote(6951):   at java.lang.Object java.lang.reflect.Method.invoke(java.lang.Object, java.lang.Object[]) (Method.java:-2)
03-15 20:39:46.447: I/zygote(6951):   at void com.android.internal.os.RuntimeInit$MethodAndArgsCaller.run() (RuntimeInit.java:438)
03-15 20:39:46.447: I/zygote(6951):   at void com.android.internal.os.ZygoteInit.main(java.lang.String[]) (ZygoteInit.java:807)
03-15 20:39:46.448: I/zygote(6951): Rejecting re-init on previously-failed class java.lang.Class<androidx.core.view.ViewCompat$2>: java.lang.NoClassDefFoundError: Failed resolution of: Landroid/view/View$OnUnhandledKeyEventListener;
03-15 20:39:46.448: I/zygote(6951):   at void androidx.core.view.ViewCompat.setOnApplyWindowInsetsListener(android.view.View, androidx.core.view.OnApplyWindowInsetsListener) (ViewCompat.java:2423)
03-15 20:39:46.448: I/zygote(6951):   at android.view.ViewGroup androidx.appcompat.app.AppCompatDelegateImpl.createSubDecor() (AppCompatDelegateImpl.java:638)
03-15 20:39:46.448: I/zygote(6951):   at void androidx.appcompat.app.AppCompatDelegateImpl.ensureSubDecor() (AppCompatDelegateImpl.java:519)
03-15 20:39:46.448: I/zygote(6951):   at void androidx.appcompat.app.AppCompatDelegateImpl.setContentView(int) (AppCompatDelegateImpl.java:467)
03-15 20:39:46.448: I/zygote(6951):   at void androidx.appcompat.app.AppCompatActivity.setContentView(int) (AppCompatActivity.java:141)
03-15 20:39:46.448: I/zygote(6951):   at androidx.databinding.ViewDataBinding androidx.databinding.DataBindingUtil.setContentView(android.app.Activity, int, androidx.databinding.DataBindingComponent) (DataBindingUtil.java:303)
03-15 20:39:46.448: I/zygote(6951):   at androidx.databinding.ViewDataBinding androidx.databinding.DataBindingUtil.setContentView(android.app.Activity, int) (DataBindingUtil.java:284)
03-15 20:39:46.448: I/zygote(6951):   at void com.chanbo.sampleapp.ui.base.BaseActivity.onCreate(android.os.Bundle) (BaseActivity.kt:22)
03-15 20:39:46.448: I/zygote(6951):   at void android.app.Activity.performCreate(android.os.Bundle, android.os.PersistableBundle) (Activity.java:7000)
03-15 20:39:46.448: I/zygote(6951):   at void android.app.Activity.performCreate(android.os.Bundle) (Activity.java:6991)
03-15 20:39:46.448: I/zygote(6951):   at void android.app.Instrumentation.callActivityOnCreate(android.app.Activity, android.os.Bundle) (Instrumentation.java:1214)
03-15 20:39:46.448: I/zygote(6951):   at void androidx.test.runner.MonitoringInstrumentation.callActivityOnCreate(android.app.Activity, android.os.Bundle) (MonitoringInstrumentation.java:680)
03-15 20:39:46.448: I/zygote(6951):   at android.app.Activity android.app.ActivityThread.performLaunchActivity(android.app.ActivityThread$ActivityClientRecord, android.content.Intent) (ActivityThread.java:2731)
03-15 20:39:46.448: I/zygote(6951):   at void android.app.ActivityThread.handleLaunchActivity(android.app.ActivityThread$ActivityClientRecord, android.content.Intent, java.lang.String) (ActivityThread.java:2856)
03-15 20:39:46.448: I/zygote(6951):   at void android.app.ActivityThread.-wrap11(android.app.ActivityThread, android.app.ActivityThread$ActivityClientRecord, android.content.Intent, java.lang.String) (ActivityThread.java:-1)
03-15 20:39:46.448: I/zygote(6951):   at void android.app.ActivityThread$H.handleMessage(android.os.Message) (ActivityThread.java:1589)
03-15 20:39:46.448: I/zygote(6951):   at void android.os.Handler.dispatchMessage(android.os.Message) (Handler.java:106)
03-15 20:39:46.448: I/zygote(6951):   at void android.os.Looper.loop() (Looper.java:164)
03-15 20:39:46.448: I/zygote(6951):   at void android.app.ActivityThread.main(java.lang.String[]) (ActivityThread.java:6494)
03-15 20:39:46.448: I/zygote(6951):   at java.lang.Object java.lang.reflect.Method.invoke(java.lang.Object, java.lang.Object[]) (Method.java:-2)
03-15 20:39:46.448: I/zygote(6951):   at void com.android.internal.os.RuntimeInit$MethodAndArgsCaller.run() (RuntimeInit.java:438)
03-15 20:39:46.448: I/zygote(6951):   at void com.android.internal.os.ZygoteInit.main(java.lang.String[]) (ZygoteInit.java:807)
03-15 20:39:46.448: I/zygote(6951): Caused by: java.lang.ClassNotFoundException: Didn't find class "android.view.View$OnUnhandledKeyEventListener" on path: DexPathList[[zip file "/system/framework/android.test.runner.jar", zip file "/system/framework/android.test.mock.jar", zip file "/data/app/com.chanbo.sampleapp.dev.test-dHxFjjE89Y1bWG3rRye__Q==/base.apk", zip file "/data/app/com.chanbo.sampleapp.dev-SAGVoyFKRHM20l1yujXboQ==/base.apk"],nativeLibraryDirectories=[/data/app/com.chanbo.sampleapp.dev.test-dHxFjjE89Y1bWG3rRye__Q==/lib/x86, /data/app/com.chanbo.sampleapp.dev-SAGVoyFKRHM20l1yujXboQ==/lib/x86, /system/lib, /system/vendor/lib]]
03-15 20:39:46.448: I/zygote(6951):   at java.lang.Class dalvik.system.BaseDexClassLoader.findClass(java.lang.String) (BaseDexClassLoader.java:125)
03-15 20:39:46.448: I/zygote(6951):   at java.lang.Class java.lang.ClassLoader.loadClass(java.lang.String, boolean) (ClassLoader.java:379)
03-15 20:39:46.448: I/zygote(6951):   at java.lang.Class java.lang.ClassLoader.loadClass(java.lang.String) (ClassLoader.java:312)
03-15 20:39:46.448: I/zygote(6951):   at void androidx.core.view.ViewCompat.setOnApplyWindowInsetsListener(android.view.View, androidx.core.view.OnApplyWindowInsetsListener) (ViewCompat.java:2423)
03-15 20:39:46.448: I/zygote(6951):   at android.view.ViewGroup androidx.appcompat.app.AppCompatDelegateImpl.createSubDecor() (AppCompatDelegateImpl.java:638)
03-15 20:39:46.448: I/zygote(6951):   at void androidx.appcompat.app.AppCompatDelegateImpl.ensureSubDecor() (AppCompatDelegateImpl.java:519)
03-15 20:39:46.448: I/zygote(6951):   at void androidx.appcompat.app.AppCompatDelegateImpl.setContentView(int) (AppCompatDelegateImpl.java:467)
03-15 20:39:46.448: I/zygote(6951):   at void androidx.appcompat.app.AppCompatActivity.setContentView(int) (AppCompatActivity.java:141)
03-15 20:39:46.448: I/zygote(6951):   at androidx.databinding.ViewDataBinding androidx.databinding.DataBindingUtil.setContentView(android.app.Activity, int, androidx.databinding.DataBindingComponent) (DataBindingUtil.java:303)
03-15 20:39:46.448: I/zygote(6951):   at androidx.databinding.ViewDataBinding androidx.databinding.DataBindingUtil.setContentView(android.app.Activity, int) (DataBindingUtil.java:284)
03-15 20:39:46.448: I/zygote(6951):   at void com.chanbo.sampleapp.ui.base.BaseActivity.onCreate(android.os.Bundle) (BaseActivity.kt:22)
03-15 20:39:46.448: I/zygote(6951):   at void android.app.Activity.performCreate(android.os.Bundle, android.os.PersistableBundle) (Activity.java:7000)
03-15 20:39:46.448: I/zygote(6951):   at void android.app.Activity.performCreate(android.os.Bundle) (Activity.java:6991)
03-15 20:39:46.448: I/zygote(6951):   at void android.app.Instrumentation.callActivityOnCreate(android.app.Activity, android.os.Bundle) (Instrumentation.java:1214)
03-15 20:39:46.448: I/zygote(6951):   at void androidx.test.runner.MonitoringInstrumentation.callActivityOnCreate(android.app.Activity, android.os.Bundle) (MonitoringInstrumentation.java:680)
03-15 20:39:46.448: I/zygote(6951):   at android.app.Activity android.app.ActivityThread.performLaunchActivity(android.app.ActivityThread$ActivityClientRecord, android.content.Intent) (ActivityThread.java:2731)
03-15 20:39:46.448: I/zygote(6951):   at void android.app.ActivityThread.handleLaunchActivity(android.app.ActivityThread$ActivityClientRecord, android.content.Intent, java.lang.String) (ActivityThread.java:2856)
03-15 20:39:46.448: I/zygote(6951):   at void android.app.ActivityThread.-wrap11(android.app.ActivityThread, android.app.ActivityThread$ActivityClientRecord, android.content.Intent, java.lang.String) (ActivityThread.java:-1)
03-15 20:39:46.448: I/zygote(6951):   at void android.app.ActivityThread$H.handleMessage(android.os.Message) (ActivityThread.java:1589)
03-15 20:39:46.448: I/zygote(6951):   at void android.os.Handler.dispatchMessage(android.os.Message) (Handler.java:106)
03-15 20:39:46.448: I/zygote(6951):   at void android.os.Looper.loop() (Looper.java:164)
03-15 20:39:46.448: I/zygote(6951):   at void android.app.ActivityThread.main(java.lang.String[]) (ActivityThread.java:6494)
03-15 20:39:46.448: I/zygote(6951):   at java.lang.Object java.lang.reflect.Method.invoke(java.lang.Object, java.lang.Object[]) (Method.java:-2)
03-15 20:39:46.448: I/zygote(6951):   at void com.android.internal.os.RuntimeInit$MethodAndArgsCaller.run() (RuntimeInit.java:438)
03-15 20:39:46.448: I/zygote(6951):   at void com.android.internal.os.ZygoteInit.main(java.lang.String[]) (ZygoteInit.java:807)
03-15 20:39:46.479: I/AppCompatViewInflater(6951): app:theme is now deprecated. Please move to using android:theme instead.
03-15 20:39:46.509: I/KOIN(6951): +-- 'com.chanbo.sampleapp.ui.main.MainViewModel'
03-15 20:39:46.586: E/memtrack(1676): Couldn't load memtrack module
03-15 20:39:46.586: W/android.os.Debug(1676): failed to get memory consumption info: -1
03-15 20:39:46.641: E/dual_mode_controller(1534): LE scan
03-15 20:39:46.732: I/Remoter(1532): Saved screenshot to '/data/screenshots/__pmv__-0116.jpg'
03-15 20:39:46.735: I/zygote(6951): Background concurrent copying GC freed 7326(819KB) AllocSpace objects, 3(112KB) LOS objects, 50% free, 2MB/5MB, paused 176us total 103.475ms
03-15 20:39:46.806: I/zygote(1676): NativeAlloc concurrent copying GC freed 32220(1784KB) AllocSpace objects, 19(636KB) LOS objects, 42% free, 10MB/18MB, paused 86us total 214.514ms
03-15 20:39:46.825: I/zygote(6951): Do partial code cache collection, code=60KB, data=33KB
03-15 20:39:46.835: E/memtrack(1676): Couldn't load memtrack module
03-15 20:39:46.835: W/android.os.Debug(1676): failed to get memory consumption info: -1
03-15 20:39:46.835: I/zygote(6951): After code cache collection, code=54KB, data=31KB
03-15 20:39:46.835: I/zygote(6951): Increasing code cache capacity to 256KB
03-15 20:39:46.894: I/KOIN(6951): \-- (*) Created
03-15 20:39:46.917: D/PowerManagerService(1676): acquireWakeLockInternal: lock=176731448, flags=0x1, tag="CMWakeLock", ws=WorkSource{10014 com.google.android.gms}, uid=10014, pid=1944
03-15 20:39:46.917: D/PowerManagerService(1676): updateWakeLockSummaryLocked: mWakefulness=Awake, mWakeLockSummary=0x1
03-15 20:39:46.917: D/PowerManagerService(1676): updateUserActivitySummaryLocked: mWakefulness=Awake, mUserActivitySummary=0x1, nextTimeout=1646451 (in 25756 ms)
03-15 20:39:46.918: D/PowerManagerService(1676): updateDisplayPowerStateLocked: mDisplayReady=true, policy=3, mWakefulness=1, mWakeLockSummary=0x1, mUserActivitySummary=0x1, mBootCompleted=true, mScreenBrightnessBoostInProgress=false, mIsVrModeEnabled= false, sQuiescent=false
03-15 20:39:46.918: D/PowerManagerService(1676): releaseWakeLockInternal: lock=176731448 [CMWakeLock], flags=0x0
03-15 20:39:46.919: D/PowerManagerService(1676): updateWakeLockSummaryLocked: mWakefulness=Awake, mWakeLockSummary=0x1
03-15 20:39:46.919: D/PowerManagerService(1676): updateUserActivitySummaryLocked: mWakefulness=Awake, mUserActivitySummary=0x1, nextTimeout=1646451 (in 25755 ms)
03-15 20:39:46.919: D/PowerManagerService(1676): updateDisplayPowerStateLocked: mDisplayReady=true, policy=3, mWakefulness=1, mWakeLockSummary=0x1, mUserActivitySummary=0x1, mBootCompleted=true, mScreenBrightnessBoostInProgress=false, mIsVrModeEnabled= false, sQuiescent=false
03-15 20:39:46.919: W/arqq(1944): Empty context buffer. Thus might mean that the context is not synced down.
03-15 20:39:46.919: W/armt(1944): Empty context model while retrieving upload opt-in status!
03-15 20:39:46.928: D/LifecycleMonitor(6951): Lifecycle status change: com.chanbo.sampleapp.ui.main.MainActivity@a7df0ca in: CREATED
03-15 20:39:46.928: D/LifecycleMonitor(6951): running callback: androidx.test.core.app.ActivityScenario$1@d39423b
03-15 20:39:46.928: D/LifecycleMonitor(6951): callback completes: androidx.test.core.app.ActivityScenario$1@d39423b
03-15 20:39:46.963: I/KOIN(6951): +-- 'com.chanbo.sampleapp.ui.toprated.TopRatedViewModel'
03-15 20:39:46.965: I/KOIN(6951): |	+-- 'com.chanbo.sampleapp.api.Repository'
03-15 20:39:46.965: I/KOIN(6951): |	|	+-- 'com.chanbo.sampleapp.api.MovieApi'
03-15 20:39:46.981: I/KOIN(6951): |	|	|	+-- 'okhttp3.OkHttpClient'
03-15 20:39:47.007: I/KOIN(6951): |	|	|	|	+-- 'okhttp3.Interceptor'
03-15 20:39:47.009: I/KOIN(6951): |	|	|	|	\-- (*) Created
03-15 20:39:47.010: D/NetworkSecurityConfig(6951): No Network Security Config specified, using platform default
03-15 20:39:47.015: I/KOIN(6951): |	|	|	\-- (*) Created
03-15 20:39:47.029: I/KOIN(6951): |	|	\-- (*) Created
03-15 20:39:47.030: I/KOIN(6951): |	\-- (*) Created
03-15 20:39:47.032: I/KOIN(6951): \-- (*) Created
03-15 20:39:47.036: E/memtrack(1676): Couldn't load memtrack module
03-15 20:39:47.036: W/android.os.Debug(1676): failed to get memory consumption info: -1
03-15 20:39:47.045: D/LifecycleMonitor(6951): Lifecycle status change: com.chanbo.sampleapp.ui.main.MainActivity@a7df0ca in: STARTED
03-15 20:39:47.045: D/LifecycleMonitor(6951): running callback: androidx.test.core.app.ActivityScenario$1@d39423b
03-15 20:39:47.045: D/LifecycleMonitor(6951): callback completes: androidx.test.core.app.ActivityScenario$1@d39423b
03-15 20:39:47.049: D/LifecycleMonitor(6951): Lifecycle status change: com.chanbo.sampleapp.ui.main.MainActivity@a7df0ca in: RESUMED
03-15 20:39:47.049: D/LifecycleMonitor(6951): running callback: androidx.test.core.app.ActivityScenario$1@d39423b
03-15 20:39:47.050: D/LifecycleMonitor(6951): callback completes: androidx.test.core.app.ActivityScenario$1@d39423b
03-15 20:39:47.072: D/OpenGLRenderer(6951): HWUI GL Pipeline
03-15 20:39:47.078: I/Choreographer(6951): Skipped 34 frames!  The application may be doing too much work on its main thread.
03-15 20:39:47.110: I/GceGrallocRegionRegistry(1538): Mapped gralloc-1538.44 hnd=0xf350d040 fd=6 base=0xf26ee000 format=RGBA_8888(0x1) width=1440 height=2560
03-15 20:39:47.110: W//system/bin/hwservicemanager(1460): getTransport: Cannot find entry android.hardware.configstore@1.0::ISurfaceFlingerConfigs/default in either framework or device manifest.
03-15 20:39:47.110: I/GceGrallocRegionRegistry(1538): Unmapped gralloc-1538.44 hnd=0xf350d040 fd=6 base=0xf26ee000
03-15 20:39:47.110: I/GceGrallocRegionRegistry(1541): Mapped gralloc-1538.44 hnd=0xefc93400 fd=57 base=0xe2865000 format=RGBA_8888(0x1) width=1440 height=2560
03-15 20:39:47.118: I/GceGrallocRegionRegistry(1538): Mapped gralloc-1538.45 hnd=0xf350d080 fd=6 base=0xf26ee000 format=RGBA_8888(0x1) width=1440 height=2560
03-15 20:39:47.118: I/GceGrallocRegionRegistry(1541): Mapped gralloc-1538.45 hnd=0xefc93500 fd=65 base=0xe1a53000 format=RGBA_8888(0x1) width=1440 height=2560
03-15 20:39:47.118: I/GceGrallocRegionRegistry(1538): Mapped gralloc-1538.46 hnd=0xf3923600 fd=9 base=0xec37e000 format=RGBA_8888(0x1) width=1440 height=2560
03-15 20:39:47.118: I/GceGrallocRegionRegistry(1538): Unmapped gralloc-1538.45 hnd=0xf350d080 fd=6 base=0xf26ee000
03-15 20:39:47.118: I/GceGrallocRegionRegistry(1541): Mapped gralloc-1538.46 hnd=0xefc93540 fd=70 base=0xdf0fe000 format=RGBA_8888(0x1) width=1440 height=2560
03-15 20:39:47.118: I/com.chanbo.sampleapp.dev(6951): android::hardware::configstore::V1_0::ISurfaceFlingerConfigs::hasWideColorDisplay retrieved: 0
03-15 20:39:47.118: I/OpenGLRenderer(6951): Initialized EGL, version 1.4
03-15 20:39:47.118: D/OpenGLRenderer(6951): Swap behavior 1
03-15 20:39:47.118: I/GceGrallocRegionRegistry(1538): Unmapped gralloc-1538.46 hnd=0xf3923600 fd=9 base=0xec37e000
03-15 20:39:47.178: D/NetworkModuleKt$networkModule(6951): --> GET https://api.themoviedb.org/3/movie/popular?api_key=bcc94b1a7fe4d2ac8a21513d1f62fbb7&page=1
03-15 20:39:47.180: D/NetworkModuleKt$networkModule(6951): --> END GET
03-15 20:39:47.220: E/memtrack(1676): Couldn't load memtrack module
03-15 20:39:47.220: W/android.os.Debug(1676): failed to get memory consumption info: -1
03-15 20:39:47.373: D/NetworkModuleKt$networkModule(6951): <-- 200 OK https://api.themoviedb.org/3/movie/popular?api_key=bcc94b1a7fe4d2ac8a21513d1f62fbb7&page=1 (192ms)
03-15 20:39:47.373: D/NetworkModuleKt$networkModule(6951): Access-Control-Allow-Origin: *
03-15 20:39:47.374: D/NetworkModuleKt$networkModule(6951): Access-Control-Expose-Headers: ETag, X-RateLimit-Limit, X-RateLimit-Remaining, X-RateLimit-Reset, Retry-After
03-15 20:39:47.374: D/NetworkModuleKt$networkModule(6951): Cache-Control: public, max-age=21600
03-15 20:39:47.374: D/NetworkModuleKt$networkModule(6951): Content-Type: application/json;charset=utf-8
03-15 20:39:47.374: D/NetworkModuleKt$networkModule(6951): Date: Sat, 16 Mar 2019 03:39:47 GMT
03-15 20:39:47.374: D/NetworkModuleKt$networkModule(6951): Server: openresty
03-15 20:39:47.375: D/NetworkModuleKt$networkModule(6951): Vary: Accept-Encoding
03-15 20:39:47.375: D/NetworkModuleKt$networkModule(6951): X-RateLimit-Limit: 40
03-15 20:39:47.375: D/NetworkModuleKt$networkModule(6951): X-RateLimit-Remaining: 39
03-15 20:39:47.375: D/NetworkModuleKt$networkModule(6951): X-RateLimit-Reset: 1552707597
03-15 20:39:47.375: D/NetworkModuleKt$networkModule(6951): Connection: keep-alive
03-15 20:39:47.382: D/NetworkModuleKt$networkModule(6951): {"page":1,"total_results":19835,"total_pages":992,"results":[{"vote_count":1869,"id":299537,"video":false,"vote_average":7.3,"title":"Captain Marvel","popularity":528.983,"poster_path":"\/AtsgWhDnHTq68L0lLsUrCnM7TjG.jpg","original_language":"en","original_title":"Captain Marvel","genre_ids":[28,12,878],"backdrop_path":"\/w2PMyoyLU22YvrGK3smVM9fW1jj.jpg","adult":false,"overview":"The story follows Carol Danvers as she becomes one of the universe’s most powerful heroes when Earth is caught in the middle of a galactic war between two alien races. Set in the 1990s, Captain Marvel is an all-new adventure from a previously unseen period in the history of the Marvel Cinematic Universe.","release_date":"2019-03-06"},{"vote_count":57,"id":450001,"video":false,"vote_average":5.4,"title":"Master Z: Ip Man Legacy","popularity":401.721,"poster_path":"\/2WfjB6FUDTIBVI2y02UGbnHR82s.jpg","original_language":"cn","original_title":"葉問外傳：張天志","genre_ids":[28],"backdrop_path":"\/grtVFGJ4ts0nDAPpc1JWbBoVKTu.jpg","adult":false,"overview":"After being defeated by Ip Man, Cheung Tin Chi is attempting to keep a low profile. While going about his business, he gets into a fight with a foreigner by the name of Davidson, who is a big boss behind the bar district. Tin Chi fights hard with Wing Chun and earns respect.","release_date":"2018-12-20"},{"vote_count":1009,"id":166428,"video":false,"vote_average":7.8,"title":"How to Train Your Dragon: The Hidden World","popularity":386.794,"poster_path":"\/xvx4Yhf0DVH8G4LzNISpMfFBDy2.jpg","original_language":"en","original_title":"How to Train Your Dragon: The Hidden World","genre_ids":[16,10751,12],"backdrop_path":"\/h3KN24PrOheHVYs9ypuOIdFBEpX.jpg","adult":false,"overview":"As Hiccup fulfills his dream of creating a peaceful dragon utopia, Toothless’ discovery of an untamed, elusive mate draws the Night Fury away. When danger mounts at home and Hiccup’s reign as village chief is tested, both dragon and rider must make impossible decisions to save their kind.","release_date":"2019-01-03"},{"vote_count":361,"id":512196,"video":false,"vote_average":6.2,"title":"Happy Death Day 2U","popularity":213.238,"poster_path":"\/4tdnePOkOOzwuGPEOAHp8UA4vqx.jpg","original_language":"en","original_title":"Happy Death Day 2U","genre_ids":[27,9648,53,878,35],"backdrop_path":"\/c9k20OP8HEgVxUGRAqvlDLSouyY.jpg","adult":false,"overview":"Collegian Tree Gelbman wakes up in horror to learn that she's stuck in a parallel universe. Her boyfriend Carter is now with someone else, and her friends and fellow students seem to be completely different versions of themselves. When Tree discovers that Carter's roommate has been altering time, she finds herself once again the target of a masked killer. When the psychopath starts to go after her inner circle, Tree soon realizes that she must die over and over again to save everyone.","release_date":"2019-02-13"},{"vote_count":1505,"id":399579,"video":false,"vote_average":6.7,"title":"Alita: Battle Angel","popularity":185.352,"poster_path":"\/xRWht48C2V8XNfzvPehyClOvDni.jpg","original_language":"en","original_title":"Alita: Battle Angel","genre_ids":[28,878,53,12],"backdrop_path":"\/aQXTw3wIWuFMy0beXRiZ1xVKtcf.jpg","adult":false,"overview":"When Alita awakens with no memory of who she is in a future world she does not recognize, she is taken in by Ido, a compassionate doctor who realizes that somewhere in this abandoned cyborg shell is the heart and soul of a young woman with an extraordinary past.","release_date":"2019-01-31"},{"vote_count":4446,"id":297802,"video":false,"vote_average":6.8,"title":"Aquaman","popularity":178.051,"poster_path":"\/5Kg76ldv7VxeX9YlcQXiowHgdX6.jpg","original_language":"en","original_title":"Aquaman","genre_ids":[28,12,14,878],"backdrop_path":"\/9QusGjxcYvfPD1THg6oW3RLeNn7.jpg","adult":false,"overview":"Once home to the most advanced civilization on Earth, the city of Atlantis is now an underwater kingdom ruled by the power-hungry King Orm. With a vast army at his dispo
03-15 20:39:47.382: D/NetworkModuleKt$networkModule(6951): sal, Orm plans to conquer the remaining oceanic people -- and then the surface world. Standing in his way is Aquaman, Orm's half-human, half-Atlantean brother and true heir to the throne. With help from royal counselor Vulko, Aquaman must retrieve the legendary Trident of Atlan and embrace his destiny as protector of the deep.","release_date":"2018-12-07"},{"vote_count":2579,"id":324857,"video":false,"vote_average":8.5,"title":"Spider-Man: Into the Spider-Verse","popularity":157.499,"poster_path":"\/iiZZdoQBEYBv6id8su7ImL0oCbD.jpg","original_language":"en","original_title":"Spider-Man: Into the Spider-Verse","genre_ids":[28,12,16,878,35],"backdrop_path":"\/uUiId6cG32JSRI6RyBQSvQtLjz2.jpg","adult":false,"overview":"Miles Morales is juggling his life between being a high school student and being a spider-man. When Wilson \"Kingpin\" Fisk uses a super collider, others from across the Spider-Verse are transported to this dimension.","release_date":"2018-12-07"},{"vote_count":3876,"id":338952,"video":false,"vote_average":6.9,"title":"Fantastic Beasts: The Crimes of Grindelwald","popularity":141.684,"poster_path":"\/fMMrl8fD9gRCFJvsx0SuFwkEOop.jpg","original_language":"en","original_title":"Fantastic Beasts: The Crimes of Grindelwald","genre_ids":[10751,14,12],"backdrop_path":"\/wDN3FIcQQ1HI7mz1OOKYHSQtaiE.jpg","adult":false,"overview":"Gellert Grindelwald has escaped imprisonment and has begun gathering followers to his cause—elevating wizards above all non-magical beings. The only one capable of putting a stop to him is the wizard he once called his closest friend, Albus Dumbledore. However, Dumbledore will need to seek help from the wizard who had thwarted Grindelwald once before, his former student Newt Scamander, who agrees to help, unaware of the dangers that lie ahead. Lines are drawn as love and loyalty are tested, even among the truest friends and family, in an increasingly divided wizarding world.","release_date":"2018-11-14"},{"vote_count":998,"id":400650,"video":false,"vote_average":6.7,"title":"Mary Poppins Returns","popularity":136.17,"poster_path":"\/uTVGku4LibMGyKgQvjBtv3OYfAX.jpg","original_language":"en","original_title":"Mary Poppins Returns","genre_ids":[14,10751,35],"backdrop_path":"\/cwiJQXezWz876K3jS57Sq56RYCZ.jpg","adult":false,"overview":"In Depression-era London, a now-grown Jane and Michael Banks, along with Michael's three children, are visited by the enigmatic Mary Poppins following a personal loss. Through her unique magical skills, and with the aid of her friend Jack, she helps the family rediscover the joy and wonder missing in their lives.","release_date":"2018-12-13"},{"vote_count":12069,"id":299536,"video":false,"vote_average":8.3,"title":"Avengers: Infinity War","popularity":128.391,"poster_path":"\/7WsyChQLEftFiDOVTGkv3hFpyyt.jpg","original_language":"en","original_title":"Avengers: Infinity War","genre_ids":[12,28,14],"backdrop_path":"\/bOGkgRGdhrBYJSLpXaxhXVstddV.jpg","adult":false,"overview":"As the Avengers and their allies have continued to protect the world from threats too large for any one hero to handle, a new danger has emerged from the cosmic shadows: Thanos. A despot of intergalactic infamy, his goal is to collect all six Infinity Stones, artifacts of unimaginable power, and use them to inflict his twisted will on all of reality. Everything the Avengers have fought for has led up to this moment - the fate of Earth and existence itself has never been more uncertain.","release_date":"2018-04-25"},{"vote_count":24,"id":390634,"video":false,"vote_average":4.7,"title":"Fate\/stay night: Heaven’s Feel II. lost butterfly","popularity":120.611,"poster_path":"\/4tS0iyKQBDFqVpVcH21MSJwXZdq.jpg","original_language":"ja","original_title":"劇場版「Fate\/stay night [Heaven's Feel] ⅠⅠ. lost butterfly」","genre_ids":[16,28,14,12],"backdrop_path":"\/3haESpzscyP1pLl2BxQ9j5KK9cM.jpg","adult":false,"overview":"Theatrical-release adaptation of the visual novel \"Fate\/stay night\", following the third and fina
