03-05 22:47:13.053: D/PowerManagerService(1678): updateUserActivitySummaryLocked: mWakefulness=Awake, mUserActivitySummary=0x4, nextTimeout=-1 (181771 ms ago)
03-05 22:47:13.053: D/PowerManagerService(1678): updateDisplayPowerStateLocked: mDisplayReady=true, policy=2, mWakefulness=1, mWakeLockSummary=0x1, mUserActivitySummary=0x4, mBootCompleted=true, mScreenBrightnessBoostInProgress=false, mIsVrModeEnabled= false, sQuiescent=false
03-05 22:47:13.065: E/dual_mode_controller(1532): LE scan
03-05 22:47:13.412: D/AndroidRuntime(4645): >>>>>> START com.android.internal.os.RuntimeInit uid 0 <<<<<<
03-05 22:47:13.462: W/app_process(4645): Unexpected CPU variant for X86 using defaults: x86
03-05 22:47:13.463: I/app_process(4645): The ClassLoaderContext is a special shared library.
03-05 22:47:13.463: W/nativebridge(4645): Failed to bind-mount /system/lib/x86/cpuinfo as /proc/cpuinfo: No such file or directory
03-05 22:47:13.480: D/AndroidRuntime(4645): Calling main entry com.android.commands.pm.Pm
03-05 22:47:13.530: I/Finsky(4454): [2] com.google.android.finsky.verifier.impl.PackageVerificationReceiver.onReceive(12): Verification requested, id = 3
03-05 22:47:13.532: W/Finsky(4454): [2] com.google.android.finsky.application.impl.a.dw(1487): No account configured on this device.
03-05 22:47:13.533: I/chatty(4454): uid=10028(com.android.vending) identical 3 lines
03-05 22:47:13.533: W/Finsky(4454): [2] com.google.android.finsky.application.impl.a.dw(1487): No account configured on this device.
03-05 22:47:13.538: I/Finsky(4454): [284] com.google.android.finsky.verifier.impl.ci.a(111): Skipping verification. Disabled by user setting
03-05 22:47:13.538: I/Finsky(4454): [284] com.google.android.finsky.verifier.impl.ci.a(119): Skipping anti malware verification due to pre-check failure
03-05 22:47:13.538: I/Finsky(4454): [2] com.google.android.finsky.verifier.impl.dr.c(191): Verifying id=3, result=1
03-05 22:47:13.539: W/Finsky(4454): [284] com.google.android.finsky.application.impl.a.dw(1487): No account configured on this device.
03-05 22:47:13.540: W/Finsky(4454): [284] com.google.android.finsky.application.impl.a.dw(1487): No account configured on this device.
03-05 22:47:13.540: I/Finsky(4454): [2] com.google.android.finsky.verifier.impl.dr.c(208): Verification complete: id=3, package_name=com.google.android.apps.auth.test.support
03-05 22:47:13.542: I/PackageParser(1678): com.google.android.apps.auth.test.support: compat added android.permission.WRITE_EXTERNAL_STORAGE android.permission.READ_PHONE_STATE
03-05 22:47:13.543: D/PowerManagerService(1678): acquireWakeLockInternal: lock=49911144, flags=0x1, tag="*dexopt*", ws=WorkSource{-1}, uid=1000, pid=1678
03-05 22:47:13.543: D/PowerManagerService(1678): updateWakeLockSummaryLocked: mWakefulness=Awake, mWakeLockSummary=0x1
03-05 22:47:13.543: D/PowerManagerService(1678): updateUserActivitySummaryLocked: mWakefulness=Awake, mUserActivitySummary=0x4, nextTimeout=-1 (182261 ms ago)
03-05 22:47:13.543: D/PowerManagerService(1678): updateDisplayPowerStateLocked: mDisplayReady=true, policy=2, mWakefulness=1, mWakeLockSummary=0x1, mUserActivitySummary=0x4, mBootCompleted=true, mScreenBrightnessBoostInProgress=false, mIsVrModeEnabled= false, sQuiescent=false
03-05 22:47:13.544: I/PackageManager.DexOptimizer(1678): Running dexopt (dexoptNeeded=1) on: /data/app/com.google.android.apps.auth.test.support-rgAS1BFdbK3lb52XClDNbg==/base.apk pkg=com.google.android.apps.auth.test.support isa=x86 dexoptFlags=boot_complete,public target-filter=quicken oatDir=/data/app/com.google.android.apps.auth.test.support-rgAS1BFdbK3lb52XClDNbg==/oat sharedLibraries=PCL[]
03-05 22:47:13.553: W/dex2oat(4657): Unexpected CPU variant for X86 using defaults: x86
03-05 22:47:13.553: W/dex2oat(4657): Mismatch between dex2oat instruction set features (ISA: X86 Feature string: -ssse3,-sse4.1,-sse4.2,-avx,-avx2,-popcnt) and those of dex2oat executable (ISA: X86 Feature string: ssse3,-sse4.1,-sse4.2,-avx,-avx2,-popcnt) for the command line:
03-05 22:47:13.553: W/dex2oat(4657): /system/bin/dex2oat --zip-fd=7 --zip-location=base.apk --input-vdex-fd=-1 --output-vdex-fd=9 --oat-fd=8 --oat-location=/data/app/com.google.android.apps.auth.test.support-rgAS1BFdbK3lb52XClDNbg==/oat/x86/base.odex --instruction-set=x86 --instruction-set-variant=x86 --instruction-set-features=default --runtime-arg -Xms64m --runtime-arg -Xmx512m --compiler-filter=quicken --swap-fd=10 --classpath-dir=/data/app/com.google.android.apps.auth.test.support-rgAS1BFdbK3lb52XClDNbg== --class-loader-context=PCL[]
03-05 22:47:13.554: I/dex2oat(4657): /system/bin/dex2oat --input-vdex-fd=-1 --output-vdex-fd=9 --compiler-filter=quicken --classpath-dir=/data/app/com.google.android.apps.auth.test.support-rgAS1BFdbK3lb52XClDNbg== --class-loader-context=PCL[]
03-05 22:47:13.664: I/dex2oat(4657): dex2oat took 110.701ms (183.927ms cpu) (threads: 2) arena alloc=1784B (1784B) java alloc=302KB (309856B) native alloc=1254KB (1285048B) free=1817KB (1860680B)
03-05 22:47:13.666: D/PowerManagerService(1678): releaseWakeLockInternal: lock=49911144 [*dexopt*], flags=0x0
03-05 22:47:13.666: D/PowerManagerService(1678): updateWakeLockSummaryLocked: mWakefulness=Awake, mWakeLockSummary=0x1
03-05 22:47:13.666: D/PowerManagerService(1678): updateUserActivitySummaryLocked: mWakefulness=Awake, mUserActivitySummary=0x4, nextTimeout=-1 (182384 ms ago)
03-05 22:47:13.666: D/PowerManagerService(1678): updateDisplayPowerStateLocked: mDisplayReady=true, policy=2, mWakefulness=1, mWakeLockSummary=0x1, mUserActivitySummary=0x4, mBootCompleted=true, mScreenBrightnessBoostInProgress=false, mIsVrModeEnabled= false, sQuiescent=false
03-05 22:47:13.684: V/BackupManagerService(1678): restoreAtInstall pkg=com.google.android.apps.auth.test.support token=4 restoreSet=0
03-05 22:47:13.684: V/BackupManagerService(1678): Finishing install immediately
03-05 22:47:13.684: V/BackupManagerService(1678): [ 03-05 22:47:13.693  1547: 1547 E/         ]
03-05 22:47:13.684: V/BackupManagerService(1678): Couldn't opendir /data/app/vmdl498397533.tmp: No such file or directory
03-05 22:47:13.693: E/installd(1547): Failed to delete /data/app/vmdl498397533.tmp: No such file or directory
03-05 22:47:13.694: I/Pm(4645): Package com.google.android.apps.auth.test.support installed in 213 ms
03-05 22:47:13.694: D/PackageInstaller(1678): Ignoring abandon after commit relinquished control
03-05 22:47:13.695: I/app_process(4645): System.exit called, status: 0
03-05 22:47:13.695: I/AndroidRuntime(4645): VM exiting with result code 0.
03-05 22:47:13.698: D/Avrcp(1787): AvrcpServiceBroadcastReceiver-> Action: android.intent.action.PACKAGE_ADDED
03-05 22:47:13.698: D/Avrcp(1787): AvrcpServiceBroadcastReceiver-> packageName: com.google.android.apps.auth.test.support
03-05 22:47:13.698: D/Avrcp(1787): packageName: com.google.android.apps.auth.test.support removed: false
03-05 22:47:13.698: W/BroadcastQueue(1678): Background execution not allowed: receiving Intent { act=android.intent.action.PACKAGE_ADDED dat=package:com.google.android.apps.auth.test.support flg=0x4000010 (has extras) } to com.android.musicfx/.Compatibility$Receiver
03-05 22:47:13.699: I/InputReader(1678): Reconfiguring input devices.  changes=0x00000010
03-05 22:47:13.700: D/Avrcp(1787): isBrowsableListUpdated: false
03-05 22:47:13.700: D/BluetoothMapAppObserver(1787): onReceive
03-05 22:47:13.700: D/BluetoothMapAppObserver(1787): The installed package is: com.google.android.apps.auth.test.support
03-05 22:47:13.700: D/BluetoothMapAppObserver(1787): Found 0 application(s) with intent android.bluetooth.action.BLUETOOTH_MAP_PROVIDER
03-05 22:47:13.701: D/BluetoothMapAppObserver(1787): Found 0 application(s) with intent android.bluetooth.action.BLUETOOTH_MAP_IM_PROVIDER
03-05 22:47:13.705: W/Finsky(4454): [2] com.google.android.finsky.application.impl.a.dw(1487): No account configured on this device.
03-05 22:47:13.712: I/Telecom(1678): DefaultDialerCache: Refreshing default dialer for user 0: now com.google.android.dialer: DDC.oR@AGc
03-05 22:47:13.710: I/chatty(4454): uid=10028(com.android.vending) identical 8 lines
03-05 22:47:13.711: W/Finsky(4454): [2] com.google.android.finsky.application.impl.a.dw(1487): No account configured on this device.
03-05 22:47:13.727: I/Finsky(4454): [2] com.google.android.finsky.wear.WearSupportService.onStartCommand(21): Starting WearSupportService for auto_install
03-05 22:47:13.727: I/Finsky(4454): [2] com.google.android.finsky.wear.ar.a(80): Connecting to wearable; initiated by: com.google.android.finsky.wear.WearSupportService
03-05 22:47:13.740: D/CarrierSvcBindHelper(1930): No carrier app for: 0
03-05 22:47:13.742: D/ImsResolver(1930): maybeAddedImsService, packageName: com.google.android.apps.auth.test.support
03-05 22:47:13.742: D/CarrierConfigLoader(1930): mHandler: 9 phoneId: 0
03-05 22:47:13.743: I/Finsky(4454): [2] com.google.android.finsky.wear.WearSupportService.onStartCommand(21): Starting WearSupportService for send_installed_apps
03-05 22:47:13.744: I/Finsky(4454): [2] com.google.android.finsky.externalreferrer.e.a(52): Package state data is missing for com.google.android.apps.auth.test.support
03-05 22:47:13.745: W/Finsky(4454): [2] com.google.android.finsky.application.impl.a.dw(1487): No account configured on this device.
03-05 22:47:13.745: W/Finsky(4454): [2] com.google.android.finsky.application.impl.a.dw(1487): No account configured on this device.
03-05 22:47:13.748: W/WearableService(1905): onGetService: Wear is not available on this device.
03-05 22:47:13.749: E/Finsky(4454): [2] com.google.android.finsky.wear.au.a(3): onConnectionFailed: ConnectionResult{statusCode=API_UNAVAILABLE, resolution=null, message=null}
03-05 22:47:13.749: W/Finsky(4454): [2] com.google.android.finsky.wear.cd.run(12): Dropping command=auto_install due to Gms not connected
03-05 22:47:13.749: I/Finsky(4454): [2] com.google.android.finsky.wear.WearSupportService.b(67): Stopping WearSupportService
03-05 22:47:13.750: W/Finsky(4454): [2] com.google.android.finsky.wear.cd.run(12): Dropping command=send_installed_apps due to Gms not connected
03-05 22:47:13.750: I/Finsky(4454): [2] com.google.android.finsky.wear.WearSupportService.b(67): Stopping WearSupportService
03-05 22:47:13.751: D/AutofillUI(1678): destroySaveUiUiThread(): already destroyed
03-05 22:47:13.751: I/Auth(2301): [SupervisedAccountIntentOperation] onHandleIntent(): android.intent.action.PACKAGE_ADDED
03-05 22:47:13.751: I/Auth(2301): [SupervisedAccountIntentOperation] This operation is disabled
03-05 22:47:13.751: I/ChromeSync(2301): [Sync,SyncIntentOperation] Handling the intent: Intent { act=android.intent.action.PACKAGE_ADDED dat=package:com.google.android.apps.auth.test.support flg=0x4000010 cmp=com.google.android.gms/.chimera.GmsIntentOperationService (has extras) }.
03-05 22:47:13.753: I/ChromeSync(2301): [Persistence,AffiliationManager] No affiliation data for android://7G-Efj82hZdHSUvuVB5_HPiHcWccXsypYCo6U8Kc9sLlMNs7HSOe_3VRyq6k0G49kSzhdL3KFII22IkttNSGIg==@com.google.android.apps.auth.test.support/. Marking affiliation data as stale...
03-05 22:47:13.760: W/BroadcastQueue(1678): Background execution not allowed: receiving Intent { act=android.intent.action.PACKAGE_ADDED dat=package:com.google.android.apps.auth.test.support flg=0x4000010 (has extras) } to com.google.android.googlequicksearchbox/com.google.android.apps.gsa.googlequicksearchbox.GelStubAppWatcher
03-05 22:47:13.760: I/PeopleContactsSync(2301): triggerPendingContactsCleanup: no accounts
03-05 22:47:13.762: I/ChromeSync(2301): [Persistence,AffiliationManager] Fetching affiliations from the server.
03-05 22:47:13.769: D/PowerManagerService(1678): updateWakeLockWorkSourceInternal: lock=59258805 [Icing], ws=WorkSource{10014 com.google.android.gms, 10086 com.google.android.apps.auth.test.support}
03-05 22:47:13.770: E/memtrack(1678): Couldn't load memtrack module
03-05 22:47:13.770: W/android.os.Debug(1678): failed to get memory consumption info: -1
03-05 22:47:13.770: I/Icing(2301): IndexChimeraService.getServiceInterface callingPackage=com.google.android.gms componentName=AppsCorpus serviceId=32
03-05 22:47:13.770: I/Icing(2301): IndexChimeraService.getServiceInterface callingPackage=com.google.android.gms componentName=AppsCorpus serviceId=36
03-05 22:47:13.776: D/PowerManagerService(1678): updateWakeLockWorkSourceInternal: lock=59258805 [Icing], ws=WorkSource{10014 com.google.android.gms}
03-05 22:47:13.809: I/zygote(1678): Background concurrent copying GC freed 41970(2MB) AllocSpace objects, 23(1100KB) LOS objects, 42% free, 11MB/19MB, paused 83us total 123.350ms
03-05 22:47:13.827: I/Icing(2301): Usage reports ok 0, Failed Usage reports 0, indexed 0, rejected 0, imm upload false
03-05 22:47:13.921: D/PowerManagerService(1678): acquireWakeLockInternal: lock=191122930, flags=0x1, tag="*net_scheduler*", ws=WorkSource{10014 com.google.android.gms}, uid=10014, pid=1905
03-05 22:47:13.921: D/PowerManagerService(1678): updateWakeLockSummaryLocked: mWakefulness=Awake, mWakeLockSummary=0x1
03-05 22:47:13.921: D/PowerManagerService(1678): updateUserActivitySummaryLocked: mWakefulness=Awake, mUserActivitySummary=0x4, nextTimeout=-1 (182639 ms ago)
03-05 22:47:13.921: D/PowerManagerService(1678): updateDisplayPowerStateLocked: mDisplayReady=true, policy=2, mWakefulness=1, mWakeLockSummary=0x1, mUserActivitySummary=0x4, mBootCompleted=true, mScreenBrightnessBoostInProgress=false, mIsVrModeEnabled= false, sQuiescent=false
03-05 22:47:13.936: D/PowerManagerService(1678): acquireWakeLockInternal: lock=77667395, flags=0x1, tag="*net_scheduler*", ws=WorkSource{10014 com.google.android.gms}, uid=10014, pid=1905
03-05 22:47:13.936: D/PowerManagerService(1678): updateWakeLockSummaryLocked: mWakefulness=Awake, mWakeLockSummary=0x1
03-05 22:47:13.936: D/PowerManagerService(1678): updateUserActivitySummaryLocked: mWakefulness=Awake, mUserActivitySummary=0x4, nextTimeout=-1 (182654 ms ago)
03-05 22:47:13.936: D/PowerManagerService(1678): updateDisplayPowerStateLocked: mDisplayReady=true, policy=2, mWakefulness=1, mWakeLockSummary=0x1, mUserActivitySummary=0x4, mBootCompleted=true, mScreenBrightnessBoostInProgress=false, mIsVrModeEnabled= false, sQuiescent=false
03-05 22:47:13.985: D/PowerManagerService(1678): acquireWakeLockInternal: lock=223804409, flags=0x1, tag="*net_scheduler*", ws=WorkSource{10014 com.google.android.gms}, uid=10014, pid=1905
03-05 22:47:13.985: D/PowerManagerService(1678): updateWakeLockSummaryLocked: mWakefulness=Awake, mWakeLockSummary=0x1
03-05 22:47:13.985: D/PowerManagerService(1678): updateUserActivitySummaryLocked: mWakefulness=Awake, mUserActivitySummary=0x4, nextTimeout=-1 (182703 ms ago)
03-05 22:47:13.985: D/PowerManagerService(1678): updateDisplayPowerStateLocked: mDisplayReady=true, policy=2, mWakefulness=1, mWakeLockSummary=0x1, mUserActivitySummary=0x4, mBootCompleted=true, mScreenBrightnessBoostInProgress=false, mIsVrModeEnabled= false, sQuiescent=false
03-05 22:47:13.845: I/Icing(2301): Usage reports ok 0, Failed Usage reports 0, indexed 0, rejected 0, imm upload false
03-05 22:47:13.986: I/Icing(2301): Indexing com.google.android.gms-apps from com.google.android.gms
03-05 22:47:13.992: I/PlatformStatsCollectorService(2301): Scheduled SurfaceFlinger task with period 86400 sec.
03-05 22:47:13.998: E/NetworkScheduler(1905): Invalid component specified.
03-05 22:47:14.023: I/Remoter(1530): Saved screenshot to '/data/screenshots/__pmv__-0077.jpg'
03-05 22:47:14.033: I/Icing(2301): Indexing com.google.android.gms-internal.3p:MobileApplication from com.google.android.gms
03-05 22:47:14.037: I/PlatformStatsCollectorService(2301): Scheduled Procstats task with period 86400 sec.
03-05 22:47:14.038: E/NetworkScheduler(1905): Invalid component specified.
03-05 22:47:14.038: D/PowerManagerService(1678): releaseWakeLockInternal: lock=191122930 [*net_scheduler*], flags=0x0
03-05 22:47:14.038: D/PowerManagerService(1678): updateWakeLockSummaryLocked: mWakefulness=Awake, mWakeLockSummary=0x1
03-05 22:47:14.038: D/PowerManagerService(1678): updateUserActivitySummaryLocked: mWakefulness=Awake, mUserActivitySummary=0x4, nextTimeout=-1 (182756 ms ago)
03-05 22:47:14.038: D/PowerManagerService(1678): updateDisplayPowerStateLocked: mDisplayReady=true, policy=2, mWakefulness=1, mWakeLockSummary=0x1, mUserActivitySummary=0x4, mBootCompleted=true, mScreenBrightnessBoostInProgress=false, mIsVrModeEnabled= false, sQuiescent=false
03-05 22:47:14.038: D/PowerManagerService(1678): releaseWakeLockInternal: lock=77667395 [*net_scheduler*], flags=0x0
03-05 22:47:14.038: D/PowerManagerService(1678): updateWakeLockSummaryLocked: mWakefulness=Awake, mWakeLockSummary=0x1
03-05 22:47:14.038: D/PowerManagerService(1678): updateUserActivitySummaryLocked: mWakefulness=Awake, mUserActivitySummary=0x4, nextTimeout=-1 (182756 ms ago)
03-05 22:47:14.038: D/PowerManagerService(1678): updateDisplayPowerStateLocked: mDisplayReady=true, policy=2, mWakefulness=1, mWakeLockSummary=0x1, mUserActivitySummary=0x4, mBootCompleted=true, mScreenBrightnessBoostInProgress=false, mIsVrModeEnabled= false, sQuiescent=false
03-05 22:47:14.046: I/Icing(2301): Indexing done com.google.android.gms-apps
03-05 22:47:14.048: D/PowerManagerService(1678): releaseWakeLockInternal: lock=223804409 [*net_scheduler*], flags=0x0
03-05 22:47:14.048: D/PowerManagerService(1678): updateWakeLockSummaryLocked: mWakefulness=Awake, mWakeLockSummary=0x1
03-05 22:47:14.048: D/PowerManagerService(1678): updateUserActivitySummaryLocked: mWakefulness=Awake, mUserActivitySummary=0x4, nextTimeout=-1 (182766 ms ago)
03-05 22:47:14.048: D/PowerManagerService(1678): updateDisplayPowerStateLocked: mDisplayReady=true, policy=2, mWakefulness=1, mWakeLockSummary=0x1, mUserActivitySummary=0x4, mBootCompleted=true, mScreenBrightnessBoostInProgress=false, mIsVrModeEnabled= false, sQuiescent=false
03-05 22:47:14.053: I/Icing(2301): Indexing done com.google.android.gms-internal.3p:MobileApplication
03-05 22:47:14.065: E/dual_mode_controller(1532): LE scan
03-05 22:47:14.192: I/zygote(4454): Waiting for a blocking GC ProfileSaver
03-05 22:47:14.377: D/AndroidRuntime(4685): >>>>>> START com.android.internal.os.RuntimeInit uid 0 <<<<<<
03-05 22:47:14.380: W/app_process(4685): Could not reserve sentinel fault page
03-05 22:47:14.427: W/app_process(4685): Unexpected CPU variant for X86 using defaults: x86
03-05 22:47:14.429: I/app_process(4685): The ClassLoaderContext is a special shared library.
03-05 22:47:14.429: W/nativebridge(4685): Failed to bind-mount /system/lib/x86/cpuinfo as /proc/cpuinfo: No such file or directory
03-05 22:47:14.443: D/AndroidRuntime(4685): Calling main entry com.android.commands.pm.Pm
03-05 22:47:14.494: I/Finsky(4454): [2] com.google.android.finsky.verifier.impl.PackageVerificationReceiver.onReceive(12): Verification requested, id = 4
03-05 22:47:14.496: W/Finsky(4454): [2] com.google.android.finsky.application.impl.a.dw(1487): No account configured on this device.
03-05 22:47:14.498: I/chatty(4454): uid=10028(com.android.vending) identical 3 lines
03-05 22:47:14.498: W/Finsky(4454): [2] com.google.android.finsky.application.impl.a.dw(1487): No account configured on this device.
03-05 22:47:14.503: I/Finsky(4454): [285] com.google.android.finsky.verifier.impl.ci.a(111): Skipping verification. Disabled by user setting
03-05 22:47:14.503: I/Finsky(4454): [285] com.google.android.finsky.verifier.impl.ci.a(119): Skipping anti malware verification due to pre-check failure
03-05 22:47:14.503: I/Finsky(4454): [2] com.google.android.finsky.verifier.impl.dr.c(191): Verifying id=4, result=1
03-05 22:47:14.504: W/Finsky(4454): [2] com.google.android.finsky.application.impl.a.dw(1487): No account configured on this device.
03-05 22:47:14.505: W/Finsky(4454): [2] com.google.android.finsky.application.impl.a.dw(1487): No account configured on this device.
03-05 22:47:14.505: I/Finsky(4454): [2] com.google.android.finsky.verifier.impl.dr.c(208): Verification complete: id=4, package_name=com.google.android.apps.mtaas.testloop
03-05 22:47:14.508: D/PowerManagerService(1678): acquireWakeLockInternal: lock=49911144, flags=0x1, tag="*dexopt*", ws=WorkSource{-1}, uid=1000, pid=1678
03-05 22:47:14.508: D/PowerManagerService(1678): updateWakeLockSummaryLocked: mWakefulness=Awake, mWakeLockSummary=0x1
03-05 22:47:14.508: D/PowerManagerService(1678): updateUserActivitySummaryLocked: mWakefulness=Awake, mUserActivitySummary=0x4, nextTimeout=-1 (183226 ms ago)
03-05 22:47:14.508: D/PowerManagerService(1678): updateDisplayPowerStateLocked: mDisplayReady=true, policy=2, mWakefulness=1, mWakeLockSummary=0x1, mUserActivitySummary=0x4, mBootCompleted=true, mScreenBrightnessBoostInProgress=false, mIsVrModeEnabled= false, sQuiescent=false
03-05 22:47:14.508: I/PackageManager.DexOptimizer(1678): Running dexopt (dexoptNeeded=1) on: /data/app/com.google.android.apps.mtaas.testloop-JaStX9QuLOP3539IAPKjcQ==/base.apk pkg=com.google.android.apps.mtaas.testloop isa=x86 dexoptFlags=boot_complete,public target-filter=quicken oatDir=/data/app/com.google.android.apps.mtaas.testloop-JaStX9QuLOP3539IAPKjcQ==/oat sharedLibraries=PCL[]
03-05 22:47:14.517: W/dex2oat(4697): Unexpected CPU variant for X86 using defaults: x86
03-05 22:47:14.518: W/dex2oat(4697): Mismatch between dex2oat instruction set features (ISA: X86 Feature string: -ssse3,-sse4.1,-sse4.2,-avx,-avx2,-popcnt) and those of dex2oat executable (ISA: X86 Feature string: ssse3,-sse4.1,-sse4.2,-avx,-avx2,-popcnt) for the command line:
03-05 22:47:14.518: W/dex2oat(4697): /system/bin/dex2oat --zip-fd=7 --zip-location=base.apk --input-vdex-fd=-1 --output-vdex-fd=9 --oat-fd=8 --oat-location=/data/app/com.google.android.apps.mtaas.testloop-JaStX9QuLOP3539IAPKjcQ==/oat/x86/base.odex --instruction-set=x86 --instruction-set-variant=x86 --instruction-set-features=default --runtime-arg -Xms64m --runtime-arg -Xmx512m --compiler-filter=quicken --swap-fd=10 --classpath-dir=/data/app/com.google.android.apps.mtaas.testloop-JaStX9QuLOP3539IAPKjcQ== --class-loader-context=PCL[]
03-05 22:47:14.518: I/dex2oat(4697): /system/bin/dex2oat --input-vdex-fd=-1 --output-vdex-fd=9 --compiler-filter=quicken --classpath-dir=/data/app/com.google.android.apps.mtaas.testloop-JaStX9QuLOP3539IAPKjcQ== --class-loader-context=PCL[]
03-05 22:47:14.776: I/dex2oat(4697): dex2oat took 259.060ms (433.796ms cpu) (threads: 2) arena alloc=2344B (2344B) java alloc=931KB (954088B) native alloc=2MB (2502016B) free=1652KB (1692288B)
03-05 22:47:14.779: D/PowerManagerService(1678): releaseWakeLockInternal: lock=49911144 [*dexopt*], flags=0x0
03-05 22:47:14.779: D/PowerManagerService(1678): updateWakeLockSummaryLocked: mWakefulness=Awake, mWakeLockSummary=0x1
03-05 22:47:14.779: D/PowerManagerService(1678): updateUserActivitySummaryLocked: mWakefulness=Awake, mUserActivitySummary=0x4, nextTimeout=-1 (183497 ms ago)
03-05 22:47:14.779: D/PowerManagerService(1678): updateDisplayPowerStateLocked: mDisplayReady=true, policy=2, mWakefulness=1, mWakeLockSummary=0x1, mUserActivitySummary=0x4, mBootCompleted=true, mScreenBrightnessBoostInProgress=false, mIsVrModeEnabled= false, sQuiescent=false
03-05 22:47:14.797: V/BackupManagerService(1678): restoreAtInstall pkg=com.google.android.apps.mtaas.testloop token=5 restoreSet=0
03-05 22:47:14.797: V/BackupManagerService(1678): Finishing install immediately
03-05 22:47:14.799: D/PowerManagerService(1678): acquireWakeLockInternal: lock=105486427, flags=0x1, tag="GnssLocationProvider", ws=null, uid=1000, pid=1678
03-05 22:47:14.799: D/PowerManagerService(1678): updateWakeLockSummaryLocked: mWakefulness=Awake, mWakeLockSummary=0x1
03-05 22:47:14.799: D/PowerManagerService(1678): updateUserActivitySummaryLocked: mWakefulness=Awake, mUserActivitySummary=0x4, nextTimeout=-1 (183517 ms ago)
03-05 22:47:14.799: D/PowerManagerService(1678): updateDisplayPowerStateLocked: mDisplayReady=true, policy=2, mWakefulness=1, mWakeLockSummary=0x1, mUserActivitySummary=0x4, mBootCompleted=true, mScreenBrightnessBoostInProgress=false, mIsVrModeEnabled= false, sQuiescent=false
03-05 22:47:14.799: I/GnssLocationProvider(1678): WakeLock acquired by sendMessage(SET_REQUEST, 0, com.android.server.location.GnssLocationProvider$GpsRequest@549908)
03-05 22:47:14.799: D/PowerManagerService(1678): releaseWakeLockInternal: lock=105486427 [GnssLocationProvider], flags=0x0
03-05 22:47:14.799: D/PowerManagerService(1678): updateWakeLockSummaryLocked: mWakefulness=Awake, mWakeLockSummary=0x1
03-05 22:47:14.799: D/PowerManagerService(1678): updateUserActivitySummaryLocked: mWakefulness=Awake, mUserActivitySummary=0x4, nextTimeout=-1 (183517 ms ago)
03-05 22:47:14.799: D/PowerManagerService(1678): updateDisplayPowerStateLocked: mDisplayReady=true, policy=2, mWakefulness=1, mWakeLockSummary=0x1, mUserActivitySummary=0x4, mBootCompleted=true, mScreenBrightnessBoostInProgress=false, mIsVrModeEnabled= false, sQuiescent=false
03-05 22:47:14.800: D/VoldConnector(1678): SND -> {8 volume remount_uid 10087 read}
03-05 22:47:14.800: D/vold(1463): Remounting 10087 as mode read
03-05 22:47:14.802: D/PowerManagerService(1678): acquireWakeLockInternal: lock=248891553, flags=0x1, tag="GCoreFlp", ws=WorkSource{10014 com.google.android.gms}, uid=10014, pid=1905
03-05 22:47:14.802: D/PowerManagerService(1678): updateWakeLockSummaryLocked: mWakefulness=Awake, mWakeLockSummary=0x1
03-05 22:47:14.802: D/PowerManagerService(1678): updateUserActivitySummaryLocked: mWakefulness=Awake, mUserActivitySummary=0x4, nextTimeout=-1 (183520 ms ago)
03-05 22:47:14.802: D/PowerManagerService(1678): updateDisplayPowerStateLocked: mDisplayReady=true, policy=2, mWakefulness=1, mWakeLockSummary=0x1, mUserActivitySummary=0x4, mBootCompleted=true, mScreenBrightnessBoostInProgress=false, mIsVrModeEnabled= false, sQuiescent=false
03-05 22:47:14.802: I/GnssLocationProvider(1678): WakeLock released by handleMessage(SET_REQUEST, 0, com.android.server.location.GnssLocationProvider$GpsRequest@549908)
03-05 22:47:14.802: D/PowerManagerService(1678): releaseWakeLockInternal: lock=248891553 [GCoreFlp], flags=0x0
03-05 22:47:14.802: D/PowerManagerService(1678): updateWakeLockSummaryLocked: mWakefulness=Awake, mWakeLockSummary=0x1
03-05 22:47:14.802: D/PowerManagerService(1678): updateUserActivitySummaryLocked: mWakefulness=Awake, mUserActivitySummary=0x4, nextTimeout=-1 (183520 ms ago)
03-05 22:47:14.802: D/PowerManagerService(1678): updateDisplayPowerStateLocked: mDisplayReady=true, policy=2, mWakefulness=1, mWakeLockSummary=0x1, mUserActivitySummary=0x4, mBootCompleted=true, mScreenBrightnessBoostInProgress=false, mIsVrModeEnabled= false, sQuiescent=false
03-05 22:47:14.803: D/VoldConnector(1678): RCV <- {200 8 Command succeeded}
03-05 22:47:14.803: D/VoldConnector(1678): SND -> {9 volume remount_uid 10087 write}
03-05 22:47:14.804: D/PowerManagerService(1678): acquireWakeLockInternal: lock=105486427, flags=0x1, tag="GnssLocationProvider", ws=null, uid=1000, pid=1678
03-05 22:47:14.804: D/PowerManagerService(1678): updateWakeLockSummaryLocked: mWakefulness=Awake, mWakeLockSummary=0x1
03-05 22:47:14.804: D/PowerManagerService(1678): updateUserActivitySummaryLocked: mWakefulness=Awake, mUserActivitySummary=0x4, nextTimeout=-1 (183522 ms ago)
03-05 22:47:14.804: D/PowerManagerService(1678): updateDisplayPowerStateLocked: mDisplayReady=true, policy=2, mWakefulness=1, mWakeLockSummary=0x1, mUserActivitySummary=0x4, mBootCompleted=true, mScreenBrightnessBoostInProgress=false, mIsVrModeEnabled= false, sQuiescent=false
03-05 22:47:14.804: I/GnssLocationProvider(1678): WakeLock acquired by sendMessage(SET_REQUEST, 0, com.android.server.location.GnssLocationProvider$GpsRequest@c1e3a87)
03-05 22:47:14.804: D/vold(1463): Remounting 10087 as mode write
03-05 22:47:14.804: D/PowerManagerService(1678): releaseWakeLockInternal: lock=105486427 [GnssLocationProvider], flags=0x0
03-05 22:47:14.804: D/PowerManagerService(1678): updateWakeLockSummaryLocked: mWakefulness=Awake, mWakeLockSummary=0x1
03-05 22:47:14.804: D/PowerManagerService(1678): updateUserActivitySummaryLocked: mWakefulness=Awake, mUserActivitySummary=0x4, nextTimeout=-1 (183522 ms ago)
03-05 22:47:14.804: D/PowerManagerService(1678): updateDisplayPowerStateLocked: mDisplayReady=true, policy=2, mWakefulness=1, mWakeLockSummary=0x1, mUserActivitySummary=0x4, mBootCompleted=true, mScreenBrightnessBoostInProgress=false, mIsVrModeEnabled= false, sQuiescent=false
03-05 22:47:14.806: D/VoldConnector(1678): RCV <- {200 9 Command succeeded}
03-05 22:47:14.806: D/VoldConnector(1678): [ 03-05 22:47:14.807  1547: 1547 E/         ]
03-05 22:47:14.806: D/VoldConnector(1678): Couldn't opendir /data/app/vmdl892615072.tmp: No such file or directory
03-05 22:47:14.807: E/installd(1547): Failed to delete /data/app/vmdl892615072.tmp: No such file or directory
03-05 22:47:14.807: I/GnssLocationProvider(1678): WakeLock released by handleMessage(SET_REQUEST, 0, com.android.server.location.GnssLocationProvider$GpsRequest@c1e3a87)
03-05 22:47:14.810: D/PowerManagerService(1678): acquireWakeLockInternal: lock=248891553, flags=0x1, tag="GCoreFlp", ws=WorkSource{10014 com.google.android.gms}, uid=10014, pid=1905
03-05 22:47:14.810: D/PowerManagerService(1678): updateWakeLockSummaryLocked: mWakefulness=Awake, mWakeLockSummary=0x1
03-05 22:47:14.810: D/PowerManagerService(1678): updateUserActivitySummaryLocked: mWakefulness=Awake, mUserActivitySummary=0x4, nextTimeout=-1 (183527 ms ago)
03-05 22:47:14.810: D/PowerManagerService(1678): updateDisplayPowerStateLocked: mDisplayReady=true, policy=2, mWakefulness=1, mWakeLockSummary=0x1, mUserActivitySummary=0x4, mBootCompleted=true, mScreenBrightnessBoostInProgress=false, mIsVrModeEnabled= false, sQuiescent=false
03-05 22:47:14.810: D/PowerManagerService(1678): releaseWakeLockInternal: lock=248891553 [GCoreFlp], flags=0x0
03-05 22:47:14.810: D/PowerManagerService(1678): updateWakeLockSummaryLocked: mWakefulness=Awake, mWakeLockSummary=0x1
03-05 22:47:14.810: D/PowerManagerService(1678): updateUserActivitySummaryLocked: mWakefulness=Awake, mUserActivitySummary=0x4, nextTimeout=-1 (183528 ms ago)
03-05 22:47:14.810: D/PowerManagerService(1678): updateDisplayPowerStateLocked: mDisplayReady=true, policy=2, mWakefulness=1, mWakeLockSummary=0x1, mUserActivitySummary=0x4, mBootCompleted=true, mScreenBrightnessBoostInProgress=false, mIsVrModeEnabled= false, sQuiescent=false
03-05 22:47:14.810: I/Pm(4685): Package com.google.android.apps.mtaas.testloop installed in 366 ms
03-05 22:47:14.811: W/BroadcastQueue(1678): Background execution not allowed: receiving Intent { act=android.intent.action.PACKAGE_ADDED dat=package:com.google.android.apps.mtaas.testloop flg=0x4000010 (has extras) } to com.android.musicfx/.Compatibility$Receiver
03-05 22:47:14.813: D/Avrcp(1787): AvrcpServiceBroadcastReceiver-> Action: android.intent.action.PACKAGE_ADDED
03-05 22:47:14.813: D/Avrcp(1787): AvrcpServiceBroadcastReceiver-> packageName: com.google.android.apps.mtaas.testloop
03-05 22:47:14.813: D/Avrcp(1787): packageName: com.google.android.apps.mtaas.testloop removed: false
03-05 22:47:14.815: I/InputReader(1678): Reconfiguring input devices.  changes=0x00000010
03-05 22:47:14.815: D/Avrcp(1787): isBrowsableListUpdated: false
03-05 22:47:14.815: D/BluetoothMapAppObserver(1787): onReceive
03-05 22:47:14.815: D/BluetoothMapAppObserver(1787): The installed package is: com.google.android.apps.mtaas.testloop
03-05 22:47:14.815: D/BluetoothMapAppObserver(1787): Found 0 application(s) with intent android.bluetooth.action.BLUETOOTH_MAP_PROVIDER
03-05 22:47:14.816: D/BluetoothMapAppObserver(1787): Found 0 application(s) with intent android.bluetooth.action.BLUETOOTH_MAP_IM_PROVIDER
03-05 22:47:14.822: W/Finsky(4454): [2] com.google.android.finsky.application.impl.a.dw(1487): No account configured on this device.
03-05 22:47:14.828: I/chatty(4454): uid=10028(com.android.vending) identical 8 lines
03-05 22:47:14.830: W/Finsky(4454): [2] com.google.android.finsky.application.impl.a.dw(1487): No account configured on this device.
03-05 22:47:14.834: I/app_process(4685): System.exit called, status: 0
03-05 22:47:14.834: I/AndroidRuntime(4685): VM exiting with result code 0.
03-05 22:47:14.840: D/CarrierSvcBindHelper(1930): No carrier app for: 0
03-05 22:47:14.842: I/Telecom(1678): DefaultDialerCache: Refreshing default dialer for user 0: now com.google.android.dialer: DDC.oR@AGs
03-05 22:47:14.847: D/ImsResolver(1930): maybeAddedImsService, packageName: com.google.android.apps.mtaas.testloop
03-05 22:47:14.849: D/CarrierConfigLoader(1930): mHandler: 9 phoneId: 0
03-05 22:47:14.851: D/AutofillUI(1678): destroySaveUiUiThread(): already destroyed
03-05 22:47:14.853: I/Finsky(4454): [2] com.google.android.finsky.wear.WearSupportService.onStartCommand(21): Starting WearSupportService for auto_install
03-05 22:47:14.863: I/Finsky(4454): [2] com.google.android.finsky.wear.ar.a(80): Connecting to wearable; initiated by: com.google.android.finsky.wear.WearSupportService
03-05 22:47:14.870: I/Finsky(4454): [2] com.google.android.finsky.wear.WearSupportService.onStartCommand(21): Starting WearSupportService for send_installed_apps
03-05 22:47:14.870: I/Auth(2301): [SupervisedAccountIntentOperation] onHandleIntent(): android.intent.action.PACKAGE_ADDED
03-05 22:47:14.870: I/Auth(2301): [SupervisedAccountIntentOperation] This operation is disabled
03-05 22:47:14.871: I/ChromeSync(2301): [Sync,SyncIntentOperation] Handling the intent: Intent { act=android.intent.action.PACKAGE_ADDED dat=package:com.google.android.apps.mtaas.testloop flg=0x4000010 cmp=com.google.android.gms/.chimera.GmsIntentOperationService (has extras) }.
03-05 22:47:14.872: I/ChromeSync(2301): [Persistence,AffiliationManager] No affiliation data for android://N50vJU0zrJ8WOzDt6r3GDtfqrkROFOSiqHcmppwn3vxaRC4hFpNn4UsL7XlvjtlfcWuDAQhmck0qjQPwsrpMNg==@com.google.android.apps.mtaas.testloop/. Marking affiliation data as stale...
03-05 22:47:14.872: I/FontsPackageChangeOp(2301): Package com.google.android.apps.mtaas.testloop has no metadata
03-05 22:47:14.872: I/Finsky(4454): [2] com.google.android.finsky.externalreferrer.e.a(52): Package state data is missing for com.google.android.apps.mtaas.testloop
03-05 22:47:14.876: W/Finsky(4454): [2] com.google.android.finsky.application.impl.a.dw(1487): No account configured on this device.
03-05 22:47:14.877: W/BroadcastQueue(1678): Background execution not allowed: receiving Intent { act=android.intent.action.PACKAGE_ADDED dat=package:com.google.android.apps.mtaas.testloop flg=0x4000010 (has extras) } to com.google.android.googlequicksearchbox/com.google.android.apps.gsa.googlequicksearchbox.GelStubAppWatcher
03-05 22:47:14.879: W/Finsky(4454): [2] com.google.android.finsky.application.impl.a.dw(1487): No account configured on this device.
03-05 22:47:14.879: I/ChromeSync(2301): [Persistence,AffiliationManager] Fetching affiliations from the server.
03-05 22:47:14.890: D/PowerManagerService(1678): updateWakeLockWorkSourceInternal: lock=59258805 [Icing], ws=WorkSource{10014 com.google.android.gms, 10087 com.google.android.apps.mtaas.testloop}
03-05 22:47:14.895: W/WearableService(1905): onGetService: Wear is not available on this device.
03-05 22:47:14.900: E/Finsky(4454): [2] com.google.android.finsky.wear.au.a(3): onConnectionFailed: ConnectionResult{statusCode=API_UNAVAILABLE, resolution=null, message=null}
03-05 22:47:14.900: W/Finsky(4454): [2] com.google.android.finsky.wear.cd.run(12): Dropping command=auto_install due to Gms not connected
03-05 22:47:14.900: I/Finsky(4454): [2] com.google.android.finsky.wear.WearSupportService.b(67): Stopping WearSupportService
03-05 22:47:14.900: W/Finsky(4454): [2] com.google.android.finsky.wear.cd.run(12): Dropping command=send_installed_apps due to Gms not connected
03-05 22:47:14.901: I/Finsky(4454): [2] com.google.android.finsky.wear.WearSupportService.b(67): Stopping WearSupportService
03-05 22:47:14.906: I/PeopleContactsSync(2301): triggerPendingContactsCleanup: no accounts
03-05 22:47:14.930: I/Icing(2301): IndexChimeraService.getServiceInterface callingPackage=com.google.android.gms componentName=AppsCorpus serviceId=32
03-05 22:47:14.930: I/Icing(2301): IndexChimeraService.getServiceInterface callingPackage=com.google.android.gms componentName=AppsCorpus serviceId=36
03-05 22:47:14.963: I/zygote(1678): Background concurrent copying GC freed 40991(2MB) AllocSpace objects, 23(1100KB) LOS objects, 42% free, 11MB/20MB, paused 123us total 156.229ms
03-05 22:47:14.974: D/PowerManagerService(1678): updateWakeLockWorkSourceInternal: lock=59258805 [Icing], ws=WorkSource{10014 com.google.android.gms}
03-05 22:47:14.975: I/Icing(2301): Indexing com.google.android.gms-apps from com.google.android.gms
03-05 22:47:15.021: I/Icing(2301): Usage reports ok 0, Failed Usage reports 0, indexed 0, rejected 0, imm upload false
03-05 22:47:15.033: I/Icing(2301): Usage reports ok 0, Failed Usage reports 0, indexed 0, rejected 0, imm upload false
03-05 22:47:15.037: I/Icing(2301): Indexing done com.google.android.gms-apps
03-05 22:47:15.065: E/dual_mode_controller(1532): LE scan
03-05 22:47:15.076: I/Remoter(1530): Saved screenshot to '/data/screenshots/__pmv__-0078.jpg'
03-05 22:47:15.090: D/PowerManagerService(1678): acquireWakeLockInternal: lock=206967085, flags=0x1, tag="*net_scheduler*", ws=WorkSource{10014 com.google.android.gms}, uid=10014, pid=1905
03-05 22:47:15.090: D/PowerManagerService(1678): updateWakeLockSummaryLocked: mWakefulness=Awake, mWakeLockSummary=0x1
03-05 22:47:15.090: D/PowerManagerService(1678): updateUserActivitySummaryLocked: mWakefulness=Awake, mUserActivitySummary=0x4, nextTimeout=-1 (183808 ms ago)
03-05 22:47:15.090: D/PowerManagerService(1678): updateDisplayPowerStateLocked: mDisplayReady=true, policy=2, mWakefulness=1, mWakeLockSummary=0x1, mUserActivitySummary=0x4, mBootCompleted=true, mScreenBrightnessBoostInProgress=false, mIsVrModeEnabled= false, sQuiescent=false
03-05 22:47:15.101: D/PowerManagerService(1678): acquireWakeLockInternal: lock=263140962, flags=0x1, tag="*net_scheduler*", ws=WorkSource{10081 com.google.android.apps.walletnfcrel}, uid=10014, pid=1905
03-05 22:47:15.101: D/PowerManagerService(1678): updateWakeLockSummaryLocked: mWakefulness=Awake, mWakeLockSummary=0x1
03-05 22:47:15.101: D/PowerManagerService(1678): updateUserActivitySummaryLocked: mWakefulness=Awake, mUserActivitySummary=0x4, nextTimeout=-1 (183819 ms ago)
03-05 22:47:15.101: D/PowerManagerService(1678): updateDisplayPowerStateLocked: mDisplayReady=true, policy=2, mWakefulness=1, mWakeLockSummary=0x1, mUserActivitySummary=0x4, mBootCompleted=true, mScreenBrightnessBoostInProgress=false, mIsVrModeEnabled= false, sQuiescent=false
03-05 22:47:15.115: W/SyncValuablesTaskSvc(3043): Unable to inject account
03-05 22:47:15.116: D/PowerManagerService(1678): releaseWakeLockInternal: lock=263140962 [*net_scheduler*], flags=0x0
03-05 22:47:15.116: D/PowerManagerService(1678): updateWakeLockSummaryLocked: mWakefulness=Awake, mWakeLockSummary=0x1
03-05 22:47:15.116: D/PowerManagerService(1678): updateUserActivitySummaryLocked: mWakefulness=Awake, mUserActivitySummary=0x4, nextTimeout=-1 (183834 ms ago)
03-05 22:47:15.116: D/PowerManagerService(1678): updateDisplayPowerStateLocked: mDisplayReady=true, policy=2, mWakefulness=1, mWakeLockSummary=0x1, mUserActivitySummary=0x4, mBootCompleted=true, mScreenBrightnessBoostInProgress=false, mIsVrModeEnabled= false, sQuiescent=false
03-05 22:47:15.121: D/PowerManagerService(1678): acquireWakeLockInternal: lock=125065392, flags=0x1, tag="*net_scheduler*", ws=WorkSource{10014 com.google.android.gms}, uid=10014, pid=1905
03-05 22:47:15.121: D/PowerManagerService(1678): updateWakeLockSummaryLocked: mWakefulness=Awake, mWakeLockSummary=0x1
03-05 22:47:15.121: D/PowerManagerService(1678): updateUserActivitySummaryLocked: mWakefulness=Awake, mUserActivitySummary=0x4, nextTimeout=-1 (183839 ms ago)
03-05 22:47:15.121: D/PowerManagerService(1678): updateDisplayPowerStateLocked: mDisplayReady=true, policy=2, mWakefulness=1, mWakeLockSummary=0x1, mUserActivitySummary=0x4, mBootCompleted=true, mScreenBrightnessBoostInProgress=false, mIsVrModeEnabled= false, sQuiescent=false
03-05 22:47:15.134: D/PowerManagerService(1678): releaseWakeLockInternal: lock=125065392 [*net_scheduler*], flags=0x0
03-05 22:47:15.134: D/PowerManagerService(1678): updateWakeLockSummaryLocked: mWakefulness=Awake, mWakeLockSummary=0x1
03-05 22:47:15.134: D/PowerManagerService(1678): updateUserActivitySummaryLocked: mWakefulness=Awake, mUserActivitySummary=0x4, nextTimeout=-1 (183852 ms ago)
03-05 22:47:15.134: D/PowerManagerService(1678): updateDisplayPowerStateLocked: mDisplayReady=true, policy=2, mWakefulness=1, mWakeLockSummary=0x1, mUserActivitySummary=0x4, mBootCompleted=true, mScreenBrightnessBoostInProgress=false, mIsVrModeEnabled= false, sQuiescent=false
03-05 22:47:15.137: D/PowerManagerService(1678): releaseWakeLockInternal: lock=206967085 [*net_scheduler*], flags=0x0
03-05 22:47:15.137: D/PowerManagerService(1678): updateWakeLockSummaryLocked: mWakefulness=Awake, mWakeLockSummary=0x1
03-05 22:47:15.137: D/PowerManagerService(1678): updateUserActivitySummaryLocked: mWakefulness=Awake, mUserActivitySummary=0x4, nextTimeout=-1 (183855 ms ago)
03-05 22:47:15.137: D/PowerManagerService(1678): updateDisplayPowerStateLocked: mDisplayReady=true, policy=2, mWakefulness=1, mWakeLockSummary=0x1, mUserActivitySummary=0x4, mBootCompleted=true, mScreenBrightnessBoostInProgress=false, mIsVrModeEnabled= false, sQuiescent=false
03-05 22:47:15.138: D/PowerManagerService(1678): acquireWakeLockInternal: lock=206967085, flags=0x1, tag="*net_scheduler*", ws=WorkSource{10014 com.google.android.gms}, uid=10014, pid=1905
03-05 22:47:15.138: D/PowerManagerService(1678): updateWakeLockSummaryLocked: mWakefulness=Awake, mWakeLockSummary=0x1
03-05 22:47:15.138: D/PowerManagerService(1678): updateUserActivitySummaryLocked: mWakefulness=Awake, mUserActivitySummary=0x4, nextTimeout=-1 (183856 ms ago)
03-05 22:47:15.138: D/PowerManagerService(1678): updateDisplayPowerStateLocked: mDisplayReady=true, policy=2, mWakefulness=1, mWakeLockSummary=0x1, mUserActivitySummary=0x4, mBootCompleted=true, mScreenBrightnessBoostInProgress=false, mIsVrModeEnabled= false, sQuiescent=false
03-05 22:47:15.148: D/PowerManagerService(1678): acquireWakeLockInternal: lock=256792238, flags=0x1, tag="*net_scheduler*", ws=WorkSource{10014 com.google.android.gms}, uid=10014, pid=1905
03-05 22:47:15.148: D/PowerManagerService(1678): updateWakeLockSummaryLocked: mWakefulness=Awake, mWakeLockSummary=0x1
03-05 22:47:15.148: D/PowerManagerService(1678): updateUserActivitySummaryLocked: mWakefulness=Awake, mUserActivitySummary=0x4, nextTimeout=-1 (183865 ms ago)
03-05 22:47:15.148: D/PowerManagerService(1678): updateDisplayPowerStateLocked: mDisplayReady=true, policy=2, mWakefulness=1, mWakeLockSummary=0x1, mUserActivitySummary=0x4, mBootCompleted=true, mScreenBrightnessBoostInProgress=false, mIsVrModeEnabled= false, sQuiescent=false
03-05 22:47:15.171: D/PowerManagerService(1678): releaseWakeLockInternal: lock=206967085 [*net_scheduler*], flags=0x0
03-05 22:47:15.171: D/PowerManagerService(1678): updateWakeLockSummaryLocked: mWakefulness=Awake, mWakeLockSummary=0x1
03-05 22:47:15.171: D/PowerManagerService(1678): updateUserActivitySummaryLocked: mWakefulness=Awake, mUserActivitySummary=0x4, nextTimeout=-1 (183889 ms ago)
03-05 22:47:15.171: D/PowerManagerService(1678): updateDisplayPowerStateLocked: mDisplayReady=true, policy=2, mWakefulness=1, mWakeLockSummary=0x1, mUserActivitySummary=0x4, mBootCompleted=true, mScreenBrightnessBoostInProgress=false, mIsVrModeEnabled= false, sQuiescent=false
03-05 22:47:15.172: D/PowerManagerService(1678): acquireWakeLockInternal: lock=206967085, flags=0x1, tag="*net_scheduler*", ws=WorkSource{10014 com.google.android.gms}, uid=10014, pid=1905
03-05 22:47:15.172: D/PowerManagerService(1678): updateWakeLockSummaryLocked: mWakefulness=Awake, mWakeLockSummary=0x1
03-05 22:47:15.172: D/PowerManagerService(1678): updateUserActivitySummaryLocked: mWakefulness=Awake, mUserActivitySummary=0x4, nextTimeout=-1 (183890 ms ago)
03-05 22:47:15.172: D/PowerManagerService(1678): updateDisplayPowerStateLocked: mDisplayReady=true, policy=2, mWakefulness=1, mWakeLockSummary=0x1, mUserActivitySummary=0x4, mBootCompleted=true, mScreenBrightnessBoostInProgress=false, mIsVrModeEnabled= false, sQuiescent=false
03-05 22:47:15.187: D/PowerManagerService(1678): releaseWakeLockInternal: lock=256792238 [*net_scheduler*], flags=0x0
03-05 22:47:15.187: D/PowerManagerService(1678): updateWakeLockSummaryLocked: mWakefulness=Awake, mWakeLockSummary=0x1
03-05 22:47:15.187: D/PowerManagerService(1678): updateUserActivitySummaryLocked: mWakefulness=Awake, mUserActivitySummary=0x4, nextTimeout=-1 (183905 ms ago)
03-05 22:47:15.187: D/PowerManagerService(1678): updateDisplayPowerStateLocked: mDisplayReady=true, policy=2, mWakefulness=1, mWakeLockSummary=0x1, mUserActivitySummary=0x4, mBootCompleted=true, mScreenBrightnessBoostInProgress=false, mIsVrModeEnabled= false, sQuiescent=false
03-05 22:47:15.189: D/PowerManagerService(1678): acquireWakeLockInternal: lock=20860892, flags=0x1, tag="*net_scheduler*", ws=WorkSource{10014 com.google.android.gms}, uid=10014, pid=1905
03-05 22:47:15.189: D/PowerManagerService(1678): updateWakeLockSummaryLocked: mWakefulness=Awake, mWakeLockSummary=0x1
03-05 22:47:15.189: D/PowerManagerService(1678): updateUserActivitySummaryLocked: mWakefulness=Awake, mUserActivitySummary=0x4, nextTimeout=-1 (183907 ms ago)
03-05 22:47:15.189: D/PowerManagerService(1678): updateDisplayPowerStateLocked: mDisplayReady=true, policy=2, mWakefulness=1, mWakeLockSummary=0x1, mUserActivitySummary=0x4, mBootCompleted=true, mScreenBrightnessBoostInProgress=false, mIsVrModeEnabled= false, sQuiescent=false
03-05 22:47:15.200: D/PowerManagerService(1678): releaseWakeLockInternal: lock=20860892 [*net_scheduler*], flags=0x0
03-05 22:47:15.200: D/PowerManagerService(1678): updateWakeLockSummaryLocked: mWakefulness=Awake, mWakeLockSummary=0x1
03-05 22:47:15.200: D/PowerManagerService(1678): updateUserActivitySummaryLocked: mWakefulness=Awake, mUserActivitySummary=0x4, nextTimeout=-1 (183918 ms ago)
03-05 22:47:15.200: D/PowerManagerService(1678): updateDisplayPowerStateLocked: mDisplayReady=true, policy=2, mWakefulness=1, mWakeLockSummary=0x1, mUserActivitySummary=0x4, mBootCompleted=true, mScreenBrightnessBoostInProgress=false, mIsVrModeEnabled= false, sQuiescent=false
03-05 22:47:15.213: D/PowerManagerService(1678): acquireWakeLockInternal: lock=61681594, flags=0x1, tag="*net_scheduler*", ws=WorkSource{10014 com.google.android.gms}, uid=10014, pid=1905
03-05 22:47:15.213: D/PowerManagerService(1678): updateWakeLockSummaryLocked: mWakefulness=Awake, mWakeLockSummary=0x1
03-05 22:47:15.213: D/PowerManagerService(1678): updateUserActivitySummaryLocked: mWakefulness=Awake, mUserActivitySummary=0x4, nextTimeout=-1 (183931 ms ago)
03-05 22:47:15.213: D/PowerManagerService(1678): updateDisplayPowerStateLocked: mDisplayReady=true, policy=2, mWakefulness=1, mWakeLockSummary=0x1, mUserActivitySummary=0x4, mBootCompleted=true, mScreenBrightnessBoostInProgress=false, mIsVrModeEnabled= false, sQuiescent=false
03-05 22:47:15.225: D/PowerManagerService(1678): releaseWakeLockInternal: lock=61681594 [*net_scheduler*], flags=0x0
03-05 22:47:15.225: D/PowerManagerService(1678): updateWakeLockSummaryLocked: mWakefulness=Awake, mWakeLockSummary=0x1
03-05 22:47:15.225: D/PowerManagerService(1678): updateUserActivitySummaryLocked: mWakefulness=Awake, mUserActivitySummary=0x4, nextTimeout=-1 (183942 ms ago)
03-05 22:47:15.225: D/PowerManagerService(1678): updateDisplayPowerStateLocked: mDisplayReady=true, policy=2, mWakefulness=1, mWakeLockSummary=0x1, mUserActivitySummary=0x4, mBootCompleted=true, mScreenBrightnessBoostInProgress=false, mIsVrModeEnabled= false, sQuiescent=false
03-05 22:47:15.232: D/PowerManagerService(1678): releaseWakeLockInternal: lock=206967085 [*net_scheduler*], flags=0x0
03-05 22:47:15.232: D/PowerManagerService(1678): updateWakeLockSummaryLocked: mWakefulness=Awake, mWakeLockSummary=0x1
03-05 22:47:15.232: D/PowerManagerService(1678): updateUserActivitySummaryLocked: mWakefulness=Awake, mUserActivitySummary=0x4, nextTimeout=-1 (183950 ms ago)
03-05 22:47:15.232: D/PowerManagerService(1678): updateDisplayPowerStateLocked: mDisplayReady=true, policy=2, mWakefulness=1, mWakeLockSummary=0x1, mUserActivitySummary=0x4, mBootCompleted=true, mScreenBrightnessBoostInProgress=false, mIsVrModeEnabled= false, sQuiescent=false
03-05 22:47:15.233: D/PowerManagerService(1678): acquireWakeLockInternal: lock=206967085, flags=0x1, tag="*net_scheduler*", ws=WorkSource{10014 com.google.android.gms}, uid=10014, pid=1905
03-05 22:47:15.233: D/PowerManagerService(1678): updateWakeLockSummaryLocked: mWakefulness=Awake, mWakeLockSummary=0x1
03-05 22:47:15.233: D/PowerManagerService(1678): updateUserActivitySummaryLocked: mWakefulness=Awake, mUserActivitySummary=0x4, nextTimeout=-1 (183951 ms ago)
03-05 22:47:15.233: D/PowerManagerService(1678): updateDisplayPowerStateLocked: mDisplayReady=true, policy=2, mWakefulness=1, mWakeLockSummary=0x1, mUserActivitySummary=0x4, mBootCompleted=true, mScreenBrightnessBoostInProgress=false, mIsVrModeEnabled= false, sQuiescent=false
03-05 22:47:15.237: E/NetworkScheduler.ATC(1905): Unable to resolve correct action against com.google.android.inputmethod.latin/com.firebase.jobdispatcher.GooglePlayReceiver for user #0 to instantiate callback. Not executing task.
03-05 22:47:15.238: E/NetworkScheduler(1905): Unknown result code received: 4
03-05 22:47:15.238: E/NetworkScheduler.ATC(1905): Unable to resolve correct action against com.google.android.inputmethod.latin/com.google.android.apps.inputmethod.libs.latin5.LanguageModelDownloadService for user #0 to instantiate callback. Not executing task.
