03-05 22:47:16.272: D/PowerManagerService(1678): updateDisplayPowerStateLocked: mDisplayReady=true, policy=2, mWakefulness=1, mWakeLockSummary=0x1, mUserActivitySummary=0x4, mBootCompleted=true, mScreenBrightnessBoostInProgress=false, mIsVrModeEnabled= false, sQuiescent=false
03-05 22:47:16.274: W/ModuleInitIntentOp(2301): Dropping unexpected action com.google.android.gms.phenotype.COMMITTED
03-05 22:47:16.282: I/PTCommittedOperation(1905): Receive new configuration for com.google.android.client_error_logging
03-05 22:47:16.282: D/PowerManagerService(1678): acquireWakeLockInternal: lock=77199573, flags=0x1, tag="CMWakeLock", ws=WorkSource{10014 com.google.android.gms}, uid=10014, pid=1905
03-05 22:47:16.282: D/PowerManagerService(1678): updateWakeLockSummaryLocked: mWakefulness=Awake, mWakeLockSummary=0x1
03-05 22:47:16.282: D/PowerManagerService(1678): updateUserActivitySummaryLocked: mWakefulness=Awake, mUserActivitySummary=0x4, nextTimeout=-1 (185000 ms ago)
03-05 22:47:16.282: D/PowerManagerService(1678): updateDisplayPowerStateLocked: mDisplayReady=true, policy=2, mWakefulness=1, mWakeLockSummary=0x1, mUserActivitySummary=0x4, mBootCompleted=true, mScreenBrightnessBoostInProgress=false, mIsVrModeEnabled= false, sQuiescent=false
03-05 22:47:16.283: D/PowerManagerService(1678): releaseWakeLockInternal: lock=77199573 [CMWakeLock], flags=0x0
03-05 22:47:16.283: D/PowerManagerService(1678): updateWakeLockSummaryLocked: mWakefulness=Awake, mWakeLockSummary=0x1
03-05 22:47:16.283: D/PowerManagerService(1678): updateUserActivitySummaryLocked: mWakefulness=Awake, mUserActivitySummary=0x4, nextTimeout=-1 (185001 ms ago)
03-05 22:47:16.283: D/PowerManagerService(1678): updateDisplayPowerStateLocked: mDisplayReady=true, policy=2, mWakefulness=1, mWakeLockSummary=0x1, mUserActivitySummary=0x4, mBootCompleted=true, mScreenBrightnessBoostInProgress=false, mIsVrModeEnabled= false, sQuiescent=false
03-05 22:47:16.284: D/PowerManagerService(1678): acquireWakeLockInternal: lock=206967085, flags=0x1, tag="*net_scheduler*", ws=WorkSource{10014 com.google.android.gms}, uid=10014, pid=1905
03-05 22:47:16.284: D/PowerManagerService(1678): updateWakeLockSummaryLocked: mWakefulness=Awake, mWakeLockSummary=0x1
03-05 22:47:16.284: D/PowerManagerService(1678): updateUserActivitySummaryLocked: mWakefulness=Awake, mUserActivitySummary=0x4, nextTimeout=-1 (185001 ms ago)
03-05 22:47:16.284: D/PowerManagerService(1678): updateDisplayPowerStateLocked: mDisplayReady=true, policy=2, mWakefulness=1, mWakeLockSummary=0x1, mUserActivitySummary=0x4, mBootCompleted=true, mScreenBrightnessBoostInProgress=false, mIsVrModeEnabled= false, sQuiescent=false
03-05 22:47:16.285: I/GeofencerStateMachine(1905): removeGeofences: removeRequest=RemoveGeofencingRequest[REMOVE_BY_PENDING_INTENT pendingIntent=PendingIntent[creatorPackage=com.google.android.gms], packageName=null]
03-05 22:47:16.285: D/PowerManagerService(1678): acquireWakeLockInternal: lock=51774415, flags=0x1, tag="Wakeful StateMachine: GeofencerStateMachine", ws=WorkSource{10014 com.google.android.gms}, uid=10014, pid=1905
03-05 22:47:16.285: D/PowerManagerService(1678): updateWakeLockSummaryLocked: mWakefulness=Awake, mWakeLockSummary=0x1
03-05 22:47:16.285: D/PowerManagerService(1678): updateUserActivitySummaryLocked: mWakefulness=Awake, mUserActivitySummary=0x4, nextTimeout=-1 (185003 ms ago)
03-05 22:47:16.285: D/PowerManagerService(1678): updateDisplayPowerStateLocked: mDisplayReady=true, policy=2, mWakefulness=1, mWakeLockSummary=0x1, mUserActivitySummary=0x4, mBootCompleted=true, mScreenBrightnessBoostInProgress=false, mIsVrModeEnabled= false, sQuiescent=false
03-05 22:47:16.286: D/PowerManagerService(1678): releaseWakeLockInternal: lock=51774415 [Wakeful StateMachine: GeofencerStateMachine], flags=0x0
03-05 22:47:16.286: D/PowerManagerService(1678): updateWakeLockSummaryLocked: mWakefulness=Awake, mWakeLockSummary=0x1
03-05 22:47:16.286: D/PowerManagerService(1678): updateUserActivitySummaryLocked: mWakefulness=Awake, mUserActivitySummary=0x4, nextTimeout=-1 (185003 ms ago)
03-05 22:47:16.286: D/PowerManagerService(1678): updateDisplayPowerStateLocked: mDisplayReady=true, policy=2, mWakefulness=1, mWakeLockSummary=0x1, mUserActivitySummary=0x4, mBootCompleted=true, mScreenBrightnessBoostInProgress=false, mIsVrModeEnabled= false, sQuiescent=false
03-05 22:47:16.286: D/PowerManagerService(1678): acquireWakeLockInternal: lock=51774415, flags=0x1, tag="Wakeful StateMachine: GeofencerStateMachine", ws=WorkSource{10014 com.google.android.gms}, uid=10014, pid=1905
03-05 22:47:16.286: D/PowerManagerService(1678): updateWakeLockSummaryLocked: mWakefulness=Awake, mWakeLockSummary=0x1
03-05 22:47:16.286: D/PowerManagerService(1678): updateUserActivitySummaryLocked: mWakefulness=Awake, mUserActivitySummary=0x4, nextTimeout=-1 (185004 ms ago)
03-05 22:47:16.286: D/PowerManagerService(1678): updateDisplayPowerStateLocked: mDisplayReady=true, policy=2, mWakefulness=1, mWakeLockSummary=0x1, mUserActivitySummary=0x4, mBootCompleted=true, mScreenBrightnessBoostInProgress=false, mIsVrModeEnabled= false, sQuiescent=false
03-05 22:47:16.286: D/PowerManagerService(1678): releaseWakeLockInternal: lock=51774415 [Wakeful StateMachine: GeofencerStateMachine], flags=0x0
03-05 22:47:16.287: D/PowerManagerService(1678): updateWakeLockSummaryLocked: mWakefulness=Awake, mWakeLockSummary=0x1
03-05 22:47:16.287: D/PowerManagerService(1678): updateUserActivitySummaryLocked: mWakefulness=Awake, mUserActivitySummary=0x4, nextTimeout=-1 (185004 ms ago)
03-05 22:47:16.287: D/PowerManagerService(1678): updateDisplayPowerStateLocked: mDisplayReady=true, policy=2, mWakefulness=1, mWakeLockSummary=0x1, mUserActivitySummary=0x4, mBootCompleted=true, mScreenBrightnessBoostInProgress=false, mIsVrModeEnabled= false, sQuiescent=false
03-05 22:47:16.297: D/PowerManagerService(1678): acquireWakeLockInternal: lock=51774415, flags=0x1, tag="Wakeful StateMachine: GeofencerStateMachine", ws=WorkSource{10014 com.google.android.gms}, uid=10014, pid=1905
03-05 22:47:16.297: D/PowerManagerService(1678): updateWakeLockSummaryLocked: mWakefulness=Awake, mWakeLockSummary=0x1
03-05 22:47:16.297: D/PowerManagerService(1678): updateUserActivitySummaryLocked: mWakefulness=Awake, mUserActivitySummary=0x4, nextTimeout=-1 (185014 ms ago)
03-05 22:47:16.297: D/PowerManagerService(1678): updateDisplayPowerStateLocked: mDisplayReady=true, policy=2, mWakefulness=1, mWakeLockSummary=0x1, mUserActivitySummary=0x4, mBootCompleted=true, mScreenBrightnessBoostInProgress=false, mIsVrModeEnabled= false, sQuiescent=false
03-05 22:47:16.297: D/PowerManagerService(1678): releaseWakeLockInternal: lock=51774415 [Wakeful StateMachine: GeofencerStateMachine], flags=0x0
03-05 22:47:16.297: D/PowerManagerService(1678): updateWakeLockSummaryLocked: mWakefulness=Awake, mWakeLockSummary=0x1
03-05 22:47:16.297: D/PowerManagerService(1678): updateUserActivitySummaryLocked: mWakefulness=Awake, mUserActivitySummary=0x4, nextTimeout=-1 (185015 ms ago)
03-05 22:47:16.297: D/PowerManagerService(1678): updateDisplayPowerStateLocked: mDisplayReady=true, policy=2, mWakefulness=1, mWakeLockSummary=0x1, mUserActivitySummary=0x4, mBootCompleted=true, mScreenBrightnessBoostInProgress=false, mIsVrModeEnabled= false, sQuiescent=false
03-05 22:47:16.303: D/PowerManagerService(1678): updateWakeLockWorkSourceInternal: lock=59258805 [Icing], ws=WorkSource{10014 com.google.android.gms}
03-05 22:47:16.286: I/chatty(1905): uid=10014 com.google.android.gms.persistent identical 1 line
03-05 22:47:16.296: I/GeofencerStateMachine(1905): removeGeofences: removeRequest=RemoveGeofencingRequest[REMOVE_BY_PENDING_INTENT pendingIntent=PendingIntent[creatorPackage=com.google.android.gms], packageName=null]
03-05 22:47:16.327: I/Icing(2301): Usage reports ok 0, Failed Usage reports 0, indexed 0, rejected 0, imm upload false
03-05 22:47:16.336: D/PowerManagerService(1678): releaseWakeLockInternal: lock=206967085 [*net_scheduler*], flags=0x0
03-05 22:47:16.336: D/PowerManagerService(1678): updateWakeLockSummaryLocked: mWakefulness=Awake, mWakeLockSummary=0x1
03-05 22:47:16.336: D/PowerManagerService(1678): updateUserActivitySummaryLocked: mWakefulness=Awake, mUserActivitySummary=0x4, nextTimeout=-1 (185054 ms ago)
03-05 22:47:16.336: D/PowerManagerService(1678): updateDisplayPowerStateLocked: mDisplayReady=true, policy=2, mWakefulness=1, mWakeLockSummary=0x1, mUserActivitySummary=0x4, mBootCompleted=true, mScreenBrightnessBoostInProgress=false, mIsVrModeEnabled= false, sQuiescent=false
03-05 22:47:16.343: D/PowerManagerService(1678): acquireWakeLockInternal: lock=206967085, flags=0x1, tag="*net_scheduler*", ws=WorkSource{10014 com.google.android.gms}, uid=10014, pid=1905
03-05 22:47:16.343: D/PowerManagerService(1678): updateWakeLockSummaryLocked: mWakefulness=Awake, mWakeLockSummary=0x1
03-05 22:47:16.343: D/PowerManagerService(1678): updateUserActivitySummaryLocked: mWakefulness=Awake, mUserActivitySummary=0x4, nextTimeout=-1 (185060 ms ago)
03-05 22:47:16.343: D/PowerManagerService(1678): updateDisplayPowerStateLocked: mDisplayReady=true, policy=2, mWakefulness=1, mWakeLockSummary=0x1, mUserActivitySummary=0x4, mBootCompleted=true, mScreenBrightnessBoostInProgress=false, mIsVrModeEnabled= false, sQuiescent=false
03-05 22:47:16.354: D/PowerManagerService(1678): acquireWakeLockInternal: lock=34491729, flags=0x1, tag="*net_scheduler*", ws=WorkSource{10078 com.google.android.videos}, uid=10014, pid=1905
03-05 22:47:16.354: D/PowerManagerService(1678): updateWakeLockSummaryLocked: mWakefulness=Awake, mWakeLockSummary=0x1
03-05 22:47:16.354: D/PowerManagerService(1678): updateUserActivitySummaryLocked: mWakefulness=Awake, mUserActivitySummary=0x4, nextTimeout=-1 (185072 ms ago)
03-05 22:47:16.354: D/PowerManagerService(1678): updateDisplayPowerStateLocked: mDisplayReady=true, policy=2, mWakefulness=1, mWakeLockSummary=0x1, mUserActivitySummary=0x4, mBootCompleted=true, mScreenBrightnessBoostInProgress=false, mIsVrModeEnabled= false, sQuiescent=false
03-05 22:47:16.363: W/ModuleInitIntentOp(2301): Dropping unexpected action com.google.android.gms.phenotype.COMMITTED
03-05 22:47:16.371: I/PTCommittedOperation(1905): Receive new configuration for com.google.android.gms.romanesco
03-05 22:47:16.371: D/PowerManagerService(1678): acquireWakeLockInternal: lock=77199573, flags=0x1, tag="CMWakeLock", ws=WorkSource{10014 com.google.android.gms}, uid=10014, pid=1905
03-05 22:47:16.371: D/PowerManagerService(1678): updateWakeLockSummaryLocked: mWakefulness=Awake, mWakeLockSummary=0x1
03-05 22:47:16.371: D/PowerManagerService(1678): updateUserActivitySummaryLocked: mWakefulness=Awake, mUserActivitySummary=0x4, nextTimeout=-1 (185089 ms ago)
03-05 22:47:16.372: D/PowerManagerService(1678): updateDisplayPowerStateLocked: mDisplayReady=true, policy=2, mWakefulness=1, mWakeLockSummary=0x1, mUserActivitySummary=0x4, mBootCompleted=true, mScreenBrightnessBoostInProgress=false, mIsVrModeEnabled= false, sQuiescent=false
03-05 22:47:16.383: I/Icing(2301): Usage reports ok 0, Failed Usage reports 0, indexed 0, rejected 0, imm upload false
03-05 22:47:16.385: D/PowerManagerService(1678): releaseWakeLockInternal: lock=77199573 [CMWakeLock], flags=0x0
03-05 22:47:16.385: D/PowerManagerService(1678): updateWakeLockSummaryLocked: mWakefulness=Awake, mWakeLockSummary=0x1
03-05 22:47:16.385: D/PowerManagerService(1678): updateUserActivitySummaryLocked: mWakefulness=Awake, mUserActivitySummary=0x4, nextTimeout=-1 (185103 ms ago)
03-05 22:47:16.385: D/PowerManagerService(1678): updateDisplayPowerStateLocked: mDisplayReady=true, policy=2, mWakefulness=1, mWakeLockSummary=0x1, mUserActivitySummary=0x4, mBootCompleted=true, mScreenBrightnessBoostInProgress=false, mIsVrModeEnabled= false, sQuiescent=false
03-05 22:47:16.401: W/zygote(4775): Unexpected CPU variant for X86 using defaults: x86
03-05 22:47:16.401: I/ActivityManager(1678): Start proc 4775:com.google.android.videos/u0a78 for service com.google.android.videos/.service.drm.RefreshLicenseTaskService
03-05 22:47:16.414: I/zygote(1905): Background concurrent copying GC freed 57666(3MB) AllocSpace objects, 0(0B) LOS objects, 49% free, 8MB/16MB, paused 2.886ms total 248.288ms
03-05 22:47:16.423: D/PowerManagerService(1678): releaseWakeLockInternal: lock=206967085 [*net_scheduler*], flags=0x0
03-05 22:47:16.423: D/PowerManagerService(1678): updateWakeLockSummaryLocked: mWakefulness=Awake, mWakeLockSummary=0x1
03-05 22:47:16.423: D/PowerManagerService(1678): updateUserActivitySummaryLocked: mWakefulness=Awake, mUserActivitySummary=0x4, nextTimeout=-1 (185141 ms ago)
03-05 22:47:16.423: D/PowerManagerService(1678): updateDisplayPowerStateLocked: mDisplayReady=true, policy=2, mWakefulness=1, mWakeLockSummary=0x1, mUserActivitySummary=0x4, mBootCompleted=true, mScreenBrightnessBoostInProgress=false, mIsVrModeEnabled= false, sQuiescent=false
03-05 22:47:16.423: D/PowerManagerService(1678): acquireWakeLockInternal: lock=206967085, flags=0x1, tag="*net_scheduler*", ws=WorkSource{10014 com.google.android.gms}, uid=10014, pid=1905
03-05 22:47:16.423: D/PowerManagerService(1678): updateWakeLockSummaryLocked: mWakefulness=Awake, mWakeLockSummary=0x1
03-05 22:47:16.423: D/PowerManagerService(1678): updateUserActivitySummaryLocked: mWakefulness=Awake, mUserActivitySummary=0x4, nextTimeout=-1 (185141 ms ago)
03-05 22:47:16.423: D/PowerManagerService(1678): updateDisplayPowerStateLocked: mDisplayReady=true, policy=2, mWakefulness=1, mWakeLockSummary=0x1, mUserActivitySummary=0x4, mBootCompleted=true, mScreenBrightnessBoostInProgress=false, mIsVrModeEnabled= false, sQuiescent=false
03-05 22:47:16.430: I/zygote(4775): The ClassLoaderContext is a special shared library.
03-05 22:47:16.430: I/Icing(2301): Indexing done com.google.android.gms-internal.3p:MobileApplication
03-05 22:47:16.442: W/ModuleInitIntentOp(2301): Dropping unexpected action com.google.android.gms.phenotype.COMMITTED
03-05 22:47:16.447: I/PTCommittedOperation(1905): Receive new configuration for com.google.android.gms.easysignin
03-05 22:47:16.447: D/PowerManagerService(1678): acquireWakeLockInternal: lock=77199573, flags=0x1, tag="CMWakeLock", ws=WorkSource{10014 com.google.android.gms}, uid=10014, pid=1905
03-05 22:47:16.447: D/PowerManagerService(1678): updateWakeLockSummaryLocked: mWakefulness=Awake, mWakeLockSummary=0x1
03-05 22:47:16.448: D/PowerManagerService(1678): updateUserActivitySummaryLocked: mWakefulness=Awake, mUserActivitySummary=0x4, nextTimeout=-1 (185165 ms ago)
03-05 22:47:16.448: D/PowerManagerService(1678): updateDisplayPowerStateLocked: mDisplayReady=true, policy=2, mWakefulness=1, mWakeLockSummary=0x1, mUserActivitySummary=0x4, mBootCompleted=true, mScreenBrightnessBoostInProgress=false, mIsVrModeEnabled= false, sQuiescent=false
03-05 22:47:16.448: D/PowerManagerService(1678): releaseWakeLockInternal: lock=77199573 [CMWakeLock], flags=0x0
03-05 22:47:16.448: D/PowerManagerService(1678): updateWakeLockSummaryLocked: mWakefulness=Awake, mWakeLockSummary=0x1
03-05 22:47:16.448: D/PowerManagerService(1678): updateUserActivitySummaryLocked: mWakefulness=Awake, mUserActivitySummary=0x4, nextTimeout=-1 (185166 ms ago)
03-05 22:47:16.448: D/PowerManagerService(1678): updateDisplayPowerStateLocked: mDisplayReady=true, policy=2, mWakefulness=1, mWakeLockSummary=0x1, mUserActivitySummary=0x4, mBootCompleted=true, mScreenBrightnessBoostInProgress=false, mIsVrModeEnabled= false, sQuiescent=false
03-05 22:47:16.465: D/PowerManagerService(1678): releaseWakeLockInternal: lock=206967085 [*net_scheduler*], flags=0x0
03-05 22:47:16.465: D/PowerManagerService(1678): updateWakeLockSummaryLocked: mWakefulness=Awake, mWakeLockSummary=0x1
03-05 22:47:16.465: D/PowerManagerService(1678): updateUserActivitySummaryLocked: mWakefulness=Awake, mUserActivitySummary=0x4, nextTimeout=-1 (185183 ms ago)
03-05 22:47:16.465: D/PowerManagerService(1678): updateDisplayPowerStateLocked: mDisplayReady=true, policy=2, mWakefulness=1, mWakeLockSummary=0x1, mUserActivitySummary=0x4, mBootCompleted=true, mScreenBrightnessBoostInProgress=false, mIsVrModeEnabled= false, sQuiescent=false
03-05 22:47:16.474: W/ModuleInitIntentOp(2301): Dropping unexpected action com.google.android.gms.phenotype.COMMITTED
03-05 22:47:16.481: I/PTCommittedOperation(1905): Receive new configuration for com.google.android.gms.accountsettings
03-05 22:47:16.482: D/PowerManagerService(1678): acquireWakeLockInternal: lock=77199573, flags=0x1, tag="CMWakeLock", ws=WorkSource{10014 com.google.android.gms}, uid=10014, pid=1905
03-05 22:47:16.482: D/PowerManagerService(1678): updateWakeLockSummaryLocked: mWakefulness=Awake, mWakeLockSummary=0x1
03-05 22:47:16.482: D/PowerManagerService(1678): updateUserActivitySummaryLocked: mWakefulness=Awake, mUserActivitySummary=0x4, nextTimeout=-1 (185200 ms ago)
03-05 22:47:16.482: D/PowerManagerService(1678): updateDisplayPowerStateLocked: mDisplayReady=true, policy=2, mWakefulness=1, mWakeLockSummary=0x1, mUserActivitySummary=0x4, mBootCompleted=true, mScreenBrightnessBoostInProgress=false, mIsVrModeEnabled= false, sQuiescent=false
03-05 22:47:16.483: D/PowerManagerService(1678): releaseWakeLockInternal: lock=77199573 [CMWakeLock], flags=0x0
03-05 22:47:16.483: D/PowerManagerService(1678): updateWakeLockSummaryLocked: mWakefulness=Awake, mWakeLockSummary=0x1
03-05 22:47:16.484: D/PowerManagerService(1678): updateUserActivitySummaryLocked: mWakefulness=Awake, mUserActivitySummary=0x4, nextTimeout=-1 (185201 ms ago)
03-05 22:47:16.484: D/PowerManagerService(1678): updateDisplayPowerStateLocked: mDisplayReady=true, policy=2, mWakefulness=1, mWakeLockSummary=0x1, mUserActivitySummary=0x4, mBootCompleted=true, mScreenBrightnessBoostInProgress=false, mIsVrModeEnabled= false, sQuiescent=false
03-05 22:47:16.563: E/NetworkScheduler(1905): Invalid component specified.
03-05 22:47:16.601: W/ModuleInitIntentOp(2301): Dropping unexpected action com.google.android.gms.phenotype.COMMITTED
03-05 22:47:16.608: I/PTCommittedOperation(1905): Receive new configuration for com.google.android.gms.backup
03-05 22:47:16.609: D/PowerManagerService(1678): acquireWakeLockInternal: lock=77199573, flags=0x1, tag="CMWakeLock", ws=WorkSource{10014 com.google.android.gms}, uid=10014, pid=1905
03-05 22:47:16.609: D/PowerManagerService(1678): updateWakeLockSummaryLocked: mWakefulness=Awake, mWakeLockSummary=0x1
03-05 22:47:16.609: D/PowerManagerService(1678): updateUserActivitySummaryLocked: mWakefulness=Awake, mUserActivitySummary=0x4, nextTimeout=-1 (185327 ms ago)
03-05 22:47:16.609: D/PowerManagerService(1678): updateDisplayPowerStateLocked: mDisplayReady=true, policy=2, mWakefulness=1, mWakeLockSummary=0x1, mUserActivitySummary=0x4, mBootCompleted=true, mScreenBrightnessBoostInProgress=false, mIsVrModeEnabled= false, sQuiescent=false
03-05 22:47:16.613: D/PowerManagerService(1678): releaseWakeLockInternal: lock=77199573 [CMWakeLock], flags=0x0
03-05 22:47:16.613: D/PowerManagerService(1678): updateWakeLockSummaryLocked: mWakefulness=Awake, mWakeLockSummary=0x1
03-05 22:47:16.613: D/PowerManagerService(1678): updateUserActivitySummaryLocked: mWakefulness=Awake, mUserActivitySummary=0x4, nextTimeout=-1 (185331 ms ago)
03-05 22:47:16.613: D/PowerManagerService(1678): updateDisplayPowerStateLocked: mDisplayReady=true, policy=2, mWakefulness=1, mWakeLockSummary=0x1, mUserActivitySummary=0x4, mBootCompleted=true, mScreenBrightnessBoostInProgress=false, mIsVrModeEnabled= false, sQuiescent=false
03-05 22:47:16.640: W/ModuleInitIntentOp(2301): Dropping unexpected action com.google.android.gms.phenotype.COMMITTED
03-05 22:47:16.643: I/MetadataService(1530): Processed 0 update/creates for instance/attributes/
03-05 22:47:16.643: I/MetadataService(1530): Processed 0 update/creates for project/attributes/
03-05 22:47:16.643: I/MetadataService(1530): Processed 0 update/creates for testing/attributes/
03-05 22:47:16.648: I/PTCommittedOperation(1905): Receive new configuration for com.google.android.gms.beacon
03-05 22:47:16.649: D/PowerManagerService(1678): acquireWakeLockInternal: lock=77199573, flags=0x1, tag="CMWakeLock", ws=WorkSource{10014 com.google.android.gms}, uid=10014, pid=1905
03-05 22:47:16.649: D/PowerManagerService(1678): updateWakeLockSummaryLocked: mWakefulness=Awake, mWakeLockSummary=0x1
03-05 22:47:16.649: D/PowerManagerService(1678): updateUserActivitySummaryLocked: mWakefulness=Awake, mUserActivitySummary=0x4, nextTimeout=-1 (185367 ms ago)
03-05 22:47:16.649: D/PowerManagerService(1678): updateDisplayPowerStateLocked: mDisplayReady=true, policy=2, mWakefulness=1, mWakeLockSummary=0x1, mUserActivitySummary=0x4, mBootCompleted=true, mScreenBrightnessBoostInProgress=false, mIsVrModeEnabled= false, sQuiescent=false
03-05 22:47:16.650: D/PowerManagerService(1678): releaseWakeLockInternal: lock=77199573 [CMWakeLock], flags=0x0
03-05 22:47:16.650: D/PowerManagerService(1678): updateWakeLockSummaryLocked: mWakefulness=Awake, mWakeLockSummary=0x1
03-05 22:47:16.650: D/PowerManagerService(1678): updateUserActivitySummaryLocked: mWakefulness=Awake, mUserActivitySummary=0x4, nextTimeout=-1 (185368 ms ago)
03-05 22:47:16.650: D/PowerManagerService(1678): updateDisplayPowerStateLocked: mDisplayReady=true, policy=2, mWakefulness=1, mWakeLockSummary=0x1, mUserActivitySummary=0x4, mBootCompleted=true, mScreenBrightnessBoostInProgress=false, mIsVrModeEnabled= false, sQuiescent=false
03-05 22:47:16.657: W/Conscrypt(1905): Could not set socket write timeout: java.net.SocketException: Socket closed
03-05 22:47:16.657: W/Conscrypt(1905): 	at com.google.android.gms.org.conscrypt.Platform.setSocketWriteTimeout(:com.google.android.gms@14367022@14.3.67 (040700-216465562):2)
03-05 22:47:16.657: W/Conscrypt(1905): 	at com.google.android.gms.org.conscrypt.ConscryptFileDescriptorSocket.setSoWriteTimeout(:com.google.android.gms@14367022@14.3.67 (040700-216465562):2)
03-05 22:47:16.669: W/Conscrypt(1905): Could not set socket write timeout: java.net.SocketException: Socket closed
03-05 22:47:16.669: W/Conscrypt(1905): 	at com.google.android.gms.org.conscrypt.Platform.setSocketWriteTimeout(:com.google.android.gms@14367022@14.3.67 (040700-216465562):2)
03-05 22:47:16.669: W/Conscrypt(1905): 	at com.google.android.gms.org.conscrypt.ConscryptFileDescriptorSocket.setSoWriteTimeout(:com.google.android.gms@14367022@14.3.67 (040700-216465562):2)
03-05 22:47:16.679: W/ModuleInitIntentOp(2301): Dropping unexpected action com.google.android.gms.phenotype.COMMITTED
03-05 22:47:16.683: I/PTCommittedOperation(1905): Receive new configuration for com.google.android.gms.auth_account
03-05 22:47:16.684: D/PowerManagerService(1678): acquireWakeLockInternal: lock=77199573, flags=0x1, tag="CMWakeLock", ws=WorkSource{10014 com.google.android.gms}, uid=10014, pid=1905
03-05 22:47:16.684: D/PowerManagerService(1678): updateWakeLockSummaryLocked: mWakefulness=Awake, mWakeLockSummary=0x1
03-05 22:47:16.684: D/PowerManagerService(1678): updateUserActivitySummaryLocked: mWakefulness=Awake, mUserActivitySummary=0x4, nextTimeout=-1 (185402 ms ago)
03-05 22:47:16.684: D/PowerManagerService(1678): updateDisplayPowerStateLocked: mDisplayReady=true, policy=2, mWakefulness=1, mWakeLockSummary=0x1, mUserActivitySummary=0x4, mBootCompleted=true, mScreenBrightnessBoostInProgress=false, mIsVrModeEnabled= false, sQuiescent=false
03-05 22:47:16.685: D/PowerManagerService(1678): releaseWakeLockInternal: lock=77199573 [CMWakeLock], flags=0x0
03-05 22:47:16.685: D/PowerManagerService(1678): updateWakeLockSummaryLocked: mWakefulness=Awake, mWakeLockSummary=0x1
03-05 22:47:16.685: D/PowerManagerService(1678): updateUserActivitySummaryLocked: mWakefulness=Awake, mUserActivitySummary=0x4, nextTimeout=-1 (185403 ms ago)
03-05 22:47:16.685: D/PowerManagerService(1678): updateDisplayPowerStateLocked: mDisplayReady=true, policy=2, mWakefulness=1, mWakeLockSummary=0x1, mUserActivitySummary=0x4, mBootCompleted=true, mScreenBrightnessBoostInProgress=false, mIsVrModeEnabled= false, sQuiescent=false
03-05 22:47:16.709: E/memtrack(1678): Couldn't load memtrack module
03-05 22:47:16.709: W/android.os.Debug(1678): failed to get memory consumption info: -1
03-05 22:47:16.714: W/ModuleInitIntentOp(2301): Dropping unexpected action com.google.android.gms.phenotype.COMMITTED
03-05 22:47:16.720: I/PTCommittedOperation(1905): Receive new configuration for com.google.android.gms.family
03-05 22:47:16.721: D/PowerManagerService(1678): acquireWakeLockInternal: lock=77199573, flags=0x1, tag="CMWakeLock", ws=WorkSource{10014 com.google.android.gms}, uid=10014, pid=1905
03-05 22:47:16.721: D/PowerManagerService(1678): updateWakeLockSummaryLocked: mWakefulness=Awake, mWakeLockSummary=0x1
03-05 22:47:16.721: D/PowerManagerService(1678): updateUserActivitySummaryLocked: mWakefulness=Awake, mUserActivitySummary=0x4, nextTimeout=-1 (185439 ms ago)
03-05 22:47:16.721: D/PowerManagerService(1678): updateDisplayPowerStateLocked: mDisplayReady=true, policy=2, mWakefulness=1, mWakeLockSummary=0x1, mUserActivitySummary=0x4, mBootCompleted=true, mScreenBrightnessBoostInProgress=false, mIsVrModeEnabled= false, sQuiescent=false
03-05 22:47:16.727: D/PowerManagerService(1678): releaseWakeLockInternal: lock=77199573 [CMWakeLock], flags=0x0
03-05 22:47:16.727: D/PowerManagerService(1678): updateWakeLockSummaryLocked: mWakefulness=Awake, mWakeLockSummary=0x1
03-05 22:47:16.727: D/PowerManagerService(1678): updateUserActivitySummaryLocked: mWakefulness=Awake, mUserActivitySummary=0x4, nextTimeout=-1 (185445 ms ago)
03-05 22:47:16.727: D/PowerManagerService(1678): updateDisplayPowerStateLocked: mDisplayReady=true, policy=2, mWakefulness=1, mWakeLockSummary=0x1, mUserActivitySummary=0x4, mBootCompleted=true, mScreenBrightnessBoostInProgress=false, mIsVrModeEnabled= false, sQuiescent=false
03-05 22:47:16.748: W/ModuleInitIntentOp(2301): Dropping unexpected action com.google.android.gms.phenotype.COMMITTED
03-05 22:47:16.752: I/PTCommittedOperation(1905): Receive new configuration for com.google.android.gms.smart_profile
03-05 22:47:16.753: D/PowerManagerService(1678): acquireWakeLockInternal: lock=77199573, flags=0x1, tag="CMWakeLock", ws=WorkSource{10014 com.google.android.gms}, uid=10014, pid=1905
03-05 22:47:16.753: D/PowerManagerService(1678): updateWakeLockSummaryLocked: mWakefulness=Awake, mWakeLockSummary=0x1
03-05 22:47:16.753: D/PowerManagerService(1678): updateUserActivitySummaryLocked: mWakefulness=Awake, mUserActivitySummary=0x4, nextTimeout=-1 (185471 ms ago)
03-05 22:47:16.753: D/PowerManagerService(1678): updateDisplayPowerStateLocked: mDisplayReady=true, policy=2, mWakefulness=1, mWakeLockSummary=0x1, mUserActivitySummary=0x4, mBootCompleted=true, mScreenBrightnessBoostInProgress=false, mIsVrModeEnabled= false, sQuiescent=false
03-05 22:47:16.753: D/PowerManagerService(1678): releaseWakeLockInternal: lock=77199573 [CMWakeLock], flags=0x0
03-05 22:47:16.753: D/PowerManagerService(1678): updateWakeLockSummaryLocked: mWakefulness=Awake, mWakeLockSummary=0x1
03-05 22:47:16.753: D/PowerManagerService(1678): updateUserActivitySummaryLocked: mWakefulness=Awake, mUserActivitySummary=0x4, nextTimeout=-1 (185471 ms ago)
03-05 22:47:16.753: D/PowerManagerService(1678): updateDisplayPowerStateLocked: mDisplayReady=true, policy=2, mWakefulness=1, mWakeLockSummary=0x1, mUserActivitySummary=0x4, mBootCompleted=true, mScreenBrightnessBoostInProgress=false, mIsVrModeEnabled= false, sQuiescent=false
03-05 22:47:16.770: E/memtrack(1678): Couldn't load memtrack module
03-05 22:47:16.770: W/android.os.Debug(1678): failed to get memory consumption info: -1
03-05 22:47:16.778: D/AndroidRuntime(4797): >>>>>> START com.android.internal.os.RuntimeInit uid 0 <<<<<<
03-05 22:47:16.782: W/app_process(4797): Could not reserve sentinel fault page
03-05 22:47:16.820: W/ModuleInitIntentOp(2301): Dropping unexpected action com.google.android.gms.phenotype.COMMITTED
03-05 22:47:16.825: I/MultiDex(4775): VM with version 2.1.0 has multidex support
03-05 22:47:16.825: I/MultiDex(4775): install
03-05 22:47:16.825: I/MultiDex(4775): VM has multidex support, MultiDex support library is disabled.
03-05 22:47:16.828: I/PTCommittedOperation(1905): Receive new configuration for com.google.android.location
03-05 22:47:16.829: D/PowerManagerService(1678): acquireWakeLockInternal: lock=77199573, flags=0x1, tag="CMWakeLock", ws=WorkSource{10014 com.google.android.gms}, uid=10014, pid=1905
03-05 22:47:16.829: D/PowerManagerService(1678): updateWakeLockSummaryLocked: mWakefulness=Awake, mWakeLockSummary=0x1
03-05 22:47:16.829: D/PowerManagerService(1678): updateUserActivitySummaryLocked: mWakefulness=Awake, mUserActivitySummary=0x4, nextTimeout=-1 (185547 ms ago)
03-05 22:47:16.829: D/PowerManagerService(1678): updateDisplayPowerStateLocked: mDisplayReady=true, policy=2, mWakefulness=1, mWakeLockSummary=0x1, mUserActivitySummary=0x4, mBootCompleted=true, mScreenBrightnessBoostInProgress=false, mIsVrModeEnabled= false, sQuiescent=false
03-05 22:47:16.831: D/PowerManagerService(1678): releaseWakeLockInternal: lock=77199573 [CMWakeLock], flags=0x0
03-05 22:47:16.831: D/PowerManagerService(1678): updateWakeLockSummaryLocked: mWakefulness=Awake, mWakeLockSummary=0x1
03-05 22:47:16.831: D/PowerManagerService(1678): updateUserActivitySummaryLocked: mWakefulness=Awake, mUserActivitySummary=0x4, nextTimeout=-1 (185549 ms ago)
03-05 22:47:16.831: D/PowerManagerService(1678): updateDisplayPowerStateLocked: mDisplayReady=true, policy=2, mWakefulness=1, mWakeLockSummary=0x1, mUserActivitySummary=0x4, mBootCompleted=true, mScreenBrightnessBoostInProgress=false, mIsVrModeEnabled= false, sQuiescent=false
03-05 22:47:16.851: W/app_process(4797): Unexpected CPU variant for X86 using defaults: x86
03-05 22:47:16.852: I/app_process(4797): The ClassLoaderContext is a special shared library.
03-05 22:47:16.852: W/nativebridge(4797): Failed to bind-mount /system/lib/x86/cpuinfo as /proc/cpuinfo: No such file or directory
03-05 22:47:16.873: D/AndroidRuntime(4797): Calling main entry com.android.commands.pm.Pm
03-05 22:47:16.913: E/IntentOperationSvc(1905): Failed to instantiate Chimera operation impl com.google.android.gms.instantapps.routing.PhenotypeUpdateIntentOperation, dropping operation
03-05 22:47:16.913: E/IntentOperationSvc(1905): java.lang.NoSuchMethodException: <init> []
03-05 22:47:16.913: E/IntentOperationSvc(1905): 	at java.lang.Class.getConstructor0(Class.java:2320)
03-05 22:47:16.913: E/IntentOperationSvc(1905): 	at java.lang.Class.getConstructor(Class.java:1725)
03-05 22:47:16.913: E/IntentOperationSvc(1905): 	at dnl.a(:com.google.android.gms@14367022@14.3.67 (040700-216465562):12)
03-05 22:47:16.913: E/IntentOperationSvc(1905): 	at dnm.run(:com.google.android.gms@14367022@14.3.67 (040700-216465562):67)
03-05 22:47:16.913: E/IntentOperationSvc(1905): 	at java.util.concurrent.ThreadPoolExecutor.runWorker(ThreadPoolExecutor.java:1162)
03-05 22:47:16.913: E/IntentOperationSvc(1905): 	at java.util.concurrent.ThreadPoolExecutor$Worker.run(ThreadPoolExecutor.java:636)
03-05 22:47:16.913: E/IntentOperationSvc(1905): 	at java.lang.Thread.run(Thread.java:764)
03-05 22:47:16.934: W/ModuleInitIntentOp(2301): Dropping unexpected action com.google.android.gms.phenotype.COMMITTED
03-05 22:47:16.940: I/PTCommittedOperation(1905): Receive new configuration for com.google.android.gms.growth
03-05 22:47:16.942: D/PowerManagerService(1678): acquireWakeLockInternal: lock=77199573, flags=0x1, tag="CMWakeLock", ws=WorkSource{10014 com.google.android.gms}, uid=10014, pid=1905
03-05 22:47:16.942: D/PowerManagerService(1678): updateWakeLockSummaryLocked: mWakefulness=Awake, mWakeLockSummary=0x1
03-05 22:47:16.942: D/PowerManagerService(1678): updateUserActivitySummaryLocked: mWakefulness=Awake, mUserActivitySummary=0x4, nextTimeout=-1 (185660 ms ago)
03-05 22:47:16.942: D/PowerManagerService(1678): updateDisplayPowerStateLocked: mDisplayReady=true, policy=2, mWakefulness=1, mWakeLockSummary=0x1, mUserActivitySummary=0x4, mBootCompleted=true, mScreenBrightnessBoostInProgress=false, mIsVrModeEnabled= false, sQuiescent=false
03-05 22:47:16.946: D/PowerManagerService(1678): releaseWakeLockInternal: lock=77199573 [CMWakeLock], flags=0x0
03-05 22:47:16.946: D/PowerManagerService(1678): updateWakeLockSummaryLocked: mWakefulness=Awake, mWakeLockSummary=0x1
03-05 22:47:16.946: D/PowerManagerService(1678): updateUserActivitySummaryLocked: mWakefulness=Awake, mUserActivitySummary=0x4, nextTimeout=-1 (185664 ms ago)
03-05 22:47:16.946: D/PowerManagerService(1678): updateDisplayPowerStateLocked: mDisplayReady=true, policy=2, mWakefulness=1, mWakeLockSummary=0x1, mUserActivitySummary=0x4, mBootCompleted=true, mScreenBrightnessBoostInProgress=false, mIsVrModeEnabled= false, sQuiescent=false
03-05 22:47:16.947: I/Finsky(4454): [2] com.google.android.finsky.verifier.impl.PackageVerificationReceiver.onReceive(12): Verification requested, id = 6
03-05 22:47:16.950: W/Finsky(4454): [2] com.google.android.finsky.application.impl.a.dw(1487): No account configured on this device.
03-05 22:47:16.952: I/chatty(4454): uid=10028(com.android.vending) identical 3 lines
03-05 22:47:16.953: W/Finsky(4454): [2] com.google.android.finsky.application.impl.a.dw(1487): No account configured on this device.
03-05 22:47:16.967: I/Finsky(4454): [285] com.google.android.finsky.verifier.impl.ci.a(111): Skipping verification. Disabled by user setting
03-05 22:47:16.967: I/Finsky(4454): [285] com.google.android.finsky.verifier.impl.ci.a(119): Skipping anti malware verification due to pre-check failure
03-05 22:47:16.967: I/Finsky(4454): [2] com.google.android.finsky.verifier.impl.dr.c(191): Verifying id=6, result=1
03-05 22:47:16.968: W/Finsky(4454): [2] com.google.android.finsky.application.impl.a.dw(1487): No account configured on this device.
03-05 22:47:16.968: W/Finsky(4454): [2] com.google.android.finsky.application.impl.a.dw(1487): No account configured on this device.
03-05 22:47:16.969: I/Finsky(4454): [2] com.google.android.finsky.verifier.impl.dr.c(208): Verification complete: id=6, package_name=androidx.test.orchestrator
03-05 22:47:16.976: D/PowerManagerService(1678): acquireWakeLockInternal: lock=49911144, flags=0x1, tag="*dexopt*", ws=WorkSource{-1}, uid=1000, pid=1678
03-05 22:47:16.976: D/PowerManagerService(1678): updateWakeLockSummaryLocked: mWakefulness=Awake, mWakeLockSummary=0x1
03-05 22:47:16.976: D/PowerManagerService(1678): updateUserActivitySummaryLocked: mWakefulness=Awake, mUserActivitySummary=0x4, nextTimeout=-1 (185694 ms ago)
03-05 22:47:16.976: D/PowerManagerService(1678): updateDisplayPowerStateLocked: mDisplayReady=true, policy=2, mWakefulness=1, mWakeLockSummary=0x1, mUserActivitySummary=0x4, mBootCompleted=true, mScreenBrightnessBoostInProgress=false, mIsVrModeEnabled= false, sQuiescent=false
03-05 22:47:16.977: I/PackageManager.DexOptimizer(1678): Running dexopt (dexoptNeeded=1) on: /data/app/androidx.test.orchestrator-A4wbFklOf7pmcb60dxwX4A==/base.apk pkg=androidx.test.orchestrator isa=x86 dexoptFlags=boot_complete,debuggable,public target-filter=quicken oatDir=/data/app/androidx.test.orchestrator-A4wbFklOf7pmcb60dxwX4A==/oat sharedLibraries=PCL[/system/framework/android.test.mock.jar:/system/framework/android.test.runner.jar]
03-05 22:47:17.000: W/dex2oat(4827): Unexpected CPU variant for X86 using defaults: x86
03-05 22:47:17.000: W/dex2oat(4827): Mismatch between dex2oat instruction set features (ISA: X86 Feature string: -ssse3,-sse4.1,-sse4.2,-avx,-avx2,-popcnt) and those of dex2oat executable (ISA: X86 Feature string: ssse3,-sse4.1,-sse4.2,-avx,-avx2,-popcnt) for the command line:
03-05 22:47:17.000: W/dex2oat(4827): /system/bin/dex2oat --zip-fd=7 --zip-location=base.apk --input-vdex-fd=-1 --output-vdex-fd=9 --oat-fd=8 --oat-location=/data/app/androidx.test.orchestrator-A4wbFklOf7pmcb60dxwX4A==/oat/x86/base.odex --instruction-set=x86 --instruction-set-variant=x86 --instruction-set-features=default --runtime-arg -Xms64m --runtime-arg -Xmx512m --compiler-filter=quicken --swap-fd=10 --debuggable --classpath-dir=/data/app/androidx.test.orchestrator-A4wbFklOf7pmcb60dxwX4A== --class-loader-context=PCL[/system/framework/android.test.mock.jar:/system/framework/android.test.runner.jar]
03-05 22:47:17.000: I/dex2oat(4827): /system/bin/dex2oat --input-vdex-fd=-1 --output-vdex-fd=9 --compiler-filter=quicken --debuggable --classpath-dir=/data/app/androidx.test.orchestrator-A4wbFklOf7pmcb60dxwX4A== --class-loader-context=PCL[/system/framework/android.test.mock.jar:/system/framework/android.test.runner.jar]
03-05 22:47:17.016: D/PowerManagerService(1678): acquireWakeLockInternal: lock=25435563, flags=0x1, tag="wake:CollectionChimeraSvc", ws=WorkSource{10014 com.google.android.gms}, uid=10014, pid=1905
03-05 22:47:17.016: D/PowerManagerService(1678): updateWakeLockSummaryLocked: mWakefulness=Awake, mWakeLockSummary=0x1
03-05 22:47:17.016: D/PowerManagerService(1678): updateUserActivitySummaryLocked: mWakefulness=Awake, mUserActivitySummary=0x4, nextTimeout=-1 (185734 ms ago)
03-05 22:47:17.016: D/PowerManagerService(1678): updateDisplayPowerStateLocked: mDisplayReady=true, policy=2, mWakefulness=1, mWakeLockSummary=0x1, mUserActivitySummary=0x4, mBootCompleted=true, mScreenBrightnessBoostInProgress=false, mIsVrModeEnabled= false, sQuiescent=false
03-05 22:47:17.030: W/ModuleInitIntentOp(2301): Dropping unexpected action com.google.android.gms.phenotype.COMMITTED
03-05 22:47:17.039: I/PTCommittedOperation(1905): Receive new configuration for com.google.android.gms.notifications
03-05 22:47:17.039: D/PowerManagerService(1678): acquireWakeLockInternal: lock=77199573, flags=0x1, tag="CMWakeLock", ws=WorkSource{10014 com.google.android.gms}, uid=10014, pid=1905
03-05 22:47:17.039: D/PowerManagerService(1678): updateWakeLockSummaryLocked: mWakefulness=Awake, mWakeLockSummary=0x1
03-05 22:47:17.039: D/PowerManagerService(1678): updateUserActivitySummaryLocked: mWakefulness=Awake, mUserActivitySummary=0x4, nextTimeout=-1 (185757 ms ago)
03-05 22:47:17.039: D/PowerManagerService(1678): updateDisplayPowerStateLocked: mDisplayReady=true, policy=2, mWakefulness=1, mWakeLockSummary=0x1, mUserActivitySummary=0x4, mBootCompleted=true, mScreenBrightnessBoostInProgress=false, mIsVrModeEnabled= false, sQuiescent=false
03-05 22:47:17.040: D/PowerManagerService(1678): releaseWakeLockInternal: lock=77199573 [CMWakeLock], flags=0x0
03-05 22:47:17.040: D/PowerManagerService(1678): updateWakeLockSummaryLocked: mWakefulness=Awake, mWakeLockSummary=0x1
03-05 22:47:17.040: D/PowerManagerService(1678): updateUserActivitySummaryLocked: mWakefulness=Awake, mUserActivitySummary=0x4, nextTimeout=-1 (185758 ms ago)
03-05 22:47:17.040: D/PowerManagerService(1678): updateDisplayPowerStateLocked: mDisplayReady=true, policy=2, mWakefulness=1, mWakeLockSummary=0x1, mUserActivitySummary=0x4, mBootCompleted=true, mScreenBrightnessBoostInProgress=false, mIsVrModeEnabled= false, sQuiescent=false
03-05 22:47:17.045: D/PowerManagerService(1678): releaseWakeLockInternal: lock=25435563 [wake:CollectionChimeraSvc], flags=0x0
03-05 22:47:17.045: D/PowerManagerService(1678): updateWakeLockSummaryLocked: mWakefulness=Awake, mWakeLockSummary=0x1
03-05 22:47:17.045: D/PowerManagerService(1678): updateUserActivitySummaryLocked: mWakefulness=Awake, mUserActivitySummary=0x4, nextTimeout=-1 (185763 ms ago)
03-05 22:47:17.045: D/PowerManagerService(1678): updateDisplayPowerStateLocked: mDisplayReady=true, policy=2, mWakefulness=1, mWakeLockSummary=0x1, mUserActivitySummary=0x4, mBootCompleted=true, mScreenBrightnessBoostInProgress=false, mIsVrModeEnabled= false, sQuiescent=false
03-05 22:47:17.046: I/ajhm(1905): updateFromConfigurations using legacy put method [CONTEXT service_id=51 ]
03-05 22:47:17.065: E/dual_mode_controller(1532): LE scan
03-05 22:47:17.097: W/Finsky(4454): [293] com.google.android.finsky.application.impl.a.dw(1487): No account configured on this device.
03-05 22:47:17.097: W/ActivityManager(1678): Background start not allowed: service Intent { cmp=com.google.android.videos/.service.pinning.TransferService (has extras) } to com.google.android.videos/.service.pinning.TransferService from pid=4775 uid=10078 pkg=com.google.android.videos
03-05 22:47:17.098: I/Finsky(4454): [293] com.google.android.finsky.ds.a.a(63): Apps signed by first-party test keys will be allowed
03-05 22:47:17.099: I/Finsky(4454): [293] com.google.android.finsky.contentfilterui.m.a(8): Received content filters request from com.google.android.videos
03-05 22:47:17.105: W/ModuleInitIntentOp(2301): Dropping unexpected action com.google.android.gms.phenotype.COMMITTED
03-05 22:47:17.109: I/PlayMovies(4775): RefreshLicenseTaskService.forceLicenseRefreshNow:66 Scheduled task now refresh_license_forced
03-05 22:47:17.110: I/PTCommittedOperation(1905): Receive new configuration for com.google.android.gms.auth.api.signin
03-05 22:47:17.111: D/PowerManagerService(1678): acquireWakeLockInternal: lock=77199573, flags=0x1, tag="CMWakeLock", ws=WorkSource{10014 com.google.android.gms}, uid=10014, pid=1905
03-05 22:47:17.111: D/PowerManagerService(1678): updateWakeLockSummaryLocked: mWakefulness=Awake, mWakeLockSummary=0x1
03-05 22:47:17.111: D/PowerManagerService(1678): updateUserActivitySummaryLocked: mWakefulness=Awake, mUserActivitySummary=0x4, nextTimeout=-1 (185829 ms ago)
03-05 22:47:17.111: D/PowerManagerService(1678): updateDisplayPowerStateLocked: mDisplayReady=true, policy=2, mWakefulness=1, mWakeLockSummary=0x1, mUserActivitySummary=0x4, mBootCompleted=true, mScreenBrightnessBoostInProgress=false, mIsVrModeEnabled= false, sQuiescent=false
03-05 22:47:17.111: D/PowerManagerService(1678): releaseWakeLockInternal: lock=77199573 [CMWakeLock], flags=0x0
03-05 22:47:17.111: D/PowerManagerService(1678): updateWakeLockSummaryLocked: mWakefulness=Awake, mWakeLockSummary=0x1
03-05 22:47:17.111: D/PowerManagerService(1678): updateUserActivitySummaryLocked: mWakefulness=Awake, mUserActivitySummary=0x4, nextTimeout=-1 (185829 ms ago)
03-05 22:47:17.111: D/PowerManagerService(1678): updateDisplayPowerStateLocked: mDisplayReady=true, policy=2, mWakefulness=1, mWakeLockSummary=0x1, mUserActivitySummary=0x4, mBootCompleted=true, mScreenBrightnessBoostInProgress=false, mIsVrModeEnabled= false, sQuiescent=false
03-05 22:47:17.111: W/Finsky(4454): [293] com.google.android.finsky.application.impl.a.dw(1487): No account configured on this device.
03-05 22:47:17.114: D/PlayMovies(4775): PersistentCache.cleanup:104 Cache is below limit, no need to shrink: [size=0, limit=5242880]
03-05 22:47:17.115: E/NetworkScheduler(1905): Invalid component specified.
03-05 22:47:17.116: D/PowerManagerService(1678): acquireWakeLockInternal: lock=206967085, flags=0x1, tag="*net_scheduler*", ws=WorkSource{10014 com.google.android.gms}, uid=10014, pid=1905
03-05 22:47:17.116: D/PowerManagerService(1678): updateWakeLockSummaryLocked: mWakefulness=Awake, mWakeLockSummary=0x1
03-05 22:47:17.116: D/PowerManagerService(1678): updateUserActivitySummaryLocked: mWakefulness=Awake, mUserActivitySummary=0x4, nextTimeout=-1 (185834 ms ago)
03-05 22:47:17.116: D/PowerManagerService(1678): updateDisplayPowerStateLocked: mDisplayReady=true, policy=2, mWakefulness=1, mWakeLockSummary=0x1, mUserActivitySummary=0x4, mBootCompleted=true, mScreenBrightnessBoostInProgress=false, mIsVrModeEnabled= false, sQuiescent=false
03-05 22:47:17.124: I/PlayMovies(4775): RefreshLicenseTaskService.onRunTask:96 On run task refresh_license
03-05 22:47:17.130: D/PowerManagerService(1678): releaseWakeLockInternal: lock=34491729 [*net_scheduler*], flags=0x0
03-05 22:47:17.130: D/PowerManagerService(1678): updateWakeLockSummaryLocked: mWakefulness=Awake, mWakeLockSummary=0x1
03-05 22:47:17.130: D/PowerManagerService(1678): updateUserActivitySummaryLocked: mWakefulness=Awake, mUserActivitySummary=0x4, nextTimeout=-1 (185848 ms ago)
03-05 22:47:17.130: D/PowerManagerService(1678): updateDisplayPowerStateLocked: mDisplayReady=true, policy=2, mWakefulness=1, mWakeLockSummary=0x1, mUserActivitySummary=0x4, mBootCompleted=true, mScreenBrightnessBoostInProgress=false, mIsVrModeEnabled= false, sQuiescent=false
03-05 22:47:17.132: I/dex2oat(4827): dex2oat took 132.672ms (71.525ms cpu) (threads: 2) arena alloc=4KB (5080B) java alloc=114KB (117216B) native alloc=1327KB (1358928B) free=1744KB (1786800B)
03-05 22:47:17.135: D/Primes(4775): Package metric disabled.
03-05 22:47:17.135: D/Primes(4775): Battery metric disabled
03-05 22:47:17.135: D/Primes(4775): MagicEye logging metric disabled
03-05 22:47:17.135: D/PowerManagerService(1678): releaseWakeLockInternal: lock=49911144 [*dexopt*], flags=0x0
03-05 22:47:17.135: D/PowerManagerService(1678): updateWakeLockSummaryLocked: mWakefulness=Awake, mWakeLockSummary=0x1
03-05 22:47:17.136: D/PowerManagerService(1678): updateUserActivitySummaryLocked: mWakefulness=Awake, mUserActivitySummary=0x4, nextTimeout=-1 (185853 ms ago)
03-05 22:47:17.136: D/PowerManagerService(1678): updateDisplayPowerStateLocked: mDisplayReady=true, policy=2, mWakefulness=1, mWakeLockSummary=0x1, mUserActivitySummary=0x4, mBootCompleted=true, mScreenBrightnessBoostInProgress=false, mIsVrModeEnabled= false, sQuiescent=false
03-05 22:47:17.139: I/ajhm(1905): updateFromConfigurations using legacy put method [CONTEXT service_id=51 ]
03-05 22:47:17.162: I/ajji(1905): Scheduling adaptive one off task with window [14400, 604800] in seconds [CONTEXT service_id=51 ]
03-05 22:47:17.171: D/PowerManagerService(1678): releaseWakeLockInternal: lock=217491411 [*net_scheduler*], flags=0x0
03-05 22:47:17.172: D/PowerManagerService(1678): updateWakeLockSummaryLocked: mWakefulness=Awake, mWakeLockSummary=0x1
03-05 22:47:17.172: D/PowerManagerService(1678): updateUserActivitySummaryLocked: mWakefulness=Awake, mUserActivitySummary=0x4, nextTimeout=-1 (185889 ms ago)
03-05 22:47:17.172: D/PowerManagerService(1678): updateDisplayPowerStateLocked: mDisplayReady=true, policy=2, mWakefulness=1, mWakeLockSummary=0x1, mUserActivitySummary=0x4, mBootCompleted=true, mScreenBrightnessBoostInProgress=false, mIsVrModeEnabled= false, sQuiescent=false
03-05 22:47:17.174: V/BackupManagerService(1678): restoreAtInstall pkg=androidx.test.orchestrator token=7 restoreSet=0
03-05 22:47:17.174: V/BackupManagerService(1678): Finishing install immediately
03-05 22:47:17.174: E/NetworkScheduler(1905): Invalid component specified.
03-05 22:47:17.176: D/PowerManagerService(1678): acquireWakeLockInternal: lock=105486427, flags=0x1, tag="GnssLocationProvider", ws=null, uid=1000, pid=1678
03-05 22:47:17.176: D/PowerManagerService(1678): updateWakeLockSummaryLocked: mWakefulness=Awake, mWakeLockSummary=0x1
03-05 22:47:17.176: D/PowerManagerService(1678): updateUserActivitySummaryLocked: mWakefulness=Awake, mUserActivitySummary=0x4, nextTimeout=-1 (185894 ms ago)
03-05 22:47:17.176: D/VoldConnector(1678): SND -> {12 volume remount_uid 10089 read}
03-05 22:47:17.176: D/PowerManagerService(1678): updateDisplayPowerStateLocked: mDisplayReady=true, policy=2, mWakefulness=1, mWakeLockSummary=0x1, mUserActivitySummary=0x4, mBootCompleted=true, mScreenBrightnessBoostInProgress=false, mIsVrModeEnabled= false, sQuiescent=false
03-05 22:47:17.176: I/GnssLocationProvider(1678): WakeLock acquired by sendMessage(SET_REQUEST, 0, com.android.server.location.GnssLocationProvider$GpsRequest@6568a02)
03-05 22:47:17.176: D/PowerManagerService(1678): releaseWakeLockInternal: lock=105486427 [GnssLocationProvider], flags=0x0
03-05 22:47:17.176: D/PowerManagerService(1678): updateWakeLockSummaryLocked: mWakefulness=Awake, mWakeLockSummary=0x1
03-05 22:47:17.176: D/PowerManagerService(1678): updateUserActivitySummaryLocked: mWakefulness=Awake, mUserActivitySummary=0x4, nextTimeout=-1 (185894 ms ago)
03-05 22:47:17.176: D/PowerManagerService(1678): updateDisplayPowerStateLocked: mDisplayReady=true, policy=2, mWakefulness=1, mWakeLockSummary=0x1, mUserActivitySummary=0x4, mBootCompleted=true, mScreenBrightnessBoostInProgress=false, mIsVrModeEnabled= false, sQuiescent=false
03-05 22:47:17.176: I/GnssLocationProvider(1678): WakeLock released by handleMessage(SET_REQUEST, 0, com.android.server.location.GnssLocationProvider$GpsRequest@6568a02)
03-05 22:47:17.177: D/PowerManagerService(1678): acquireWakeLockInternal: lock=7442195, flags=0x1, tag="GCoreFlp", ws=WorkSource{10014 com.google.android.gms}, uid=10014, pid=1905
03-05 22:47:17.177: D/PowerManagerService(1678): updateWakeLockSummaryLocked: mWakefulness=Awake, mWakeLockSummary=0x1
03-05 22:47:17.177: D/PowerManagerService(1678): updateUserActivitySummaryLocked: mWakefulness=Awake, mUserActivitySummary=0x4, nextTimeout=-1 (185895 ms ago)
03-05 22:47:17.177: D/PowerManagerService(1678): updateDisplayPowerStateLocked: mDisplayReady=true, policy=2, mWakefulness=1, mWakeLockSummary=0x1, mUserActivitySummary=0x4, mBootCompleted=true, mScreenBrightnessBoostInProgress=false, mIsVrModeEnabled= false, sQuiescent=false
03-05 22:47:17.178: D/vold(1463): Remounting 10089 as mode read
03-05 22:47:17.180: D/VoldConnector(1678): RCV <- {200 12 Command succeeded}
03-05 22:47:17.181: D/PowerManagerService(1678): acquireWakeLockInternal: lock=105486427, flags=0x1, tag="GnssLocationProvider", ws=null, uid=1000, pid=1678
03-05 22:47:17.181: D/PowerManagerService(1678): updateWakeLockSummaryLocked: mWakefulness=Awake, mWakeLockSummary=0x1
03-05 22:47:17.181: D/PowerManagerService(1678): updateUserActivitySummaryLocked: mWakefulness=Awake, mUserActivitySummary=0x4, nextTimeout=-1 (185899 ms ago)
03-05 22:47:17.181: D/PowerManagerService(1678): updateDisplayPowerStateLocked: mDisplayReady=true, policy=2, mWakefulness=1, mWakeLockSummary=0x1, mUserActivitySummary=0x4, mBootCompleted=true, mScreenBrightnessBoostInProgress=false, mIsVrModeEnabled= false, sQuiescent=false
03-05 22:47:17.181: I/GnssLocationProvider(1678): WakeLock acquired by sendMessage(SET_REQUEST, 0, com.android.server.location.GnssLocationProvider$GpsRequest@2873349)
