03-05 22:47:06.065: E/dual_mode_controller(1532): LE scan
03-05 22:47:06.548: I/Remoter(1530): Saved screenshot to '/data/screenshots/__pmv__-0070.jpg'
03-05 22:47:07.588: I/Remoter(1530): Saved screenshot to '/data/screenshots/__pmv__-0071.jpg'
03-05 22:47:08.634: I/Remoter(1530): Saved screenshot to '/data/screenshots/__pmv__-0072.jpg'
03-05 22:47:07.065: I/chatty(1532): uid=1002 bluetooth@1.0-s identical 1 line
03-05 22:47:08.065: E/dual_mode_controller(1532): LE scan
03-05 22:47:08.927: D/AndroidRuntime(4426): >>>>>> START com.android.internal.os.RuntimeInit uid 0 <<<<<<
03-05 22:47:08.979: W/app_process(4426): Unexpected CPU variant for X86 using defaults: x86
03-05 22:47:09.008: I/app_process(4426): The ClassLoaderContext is a special shared library.
03-05 22:47:09.008: W/nativebridge(4426): Failed to bind-mount /system/lib/x86/cpuinfo as /proc/cpuinfo: No such file or directory
03-05 22:47:09.024: D/AndroidRuntime(4426): Calling main entry com.android.commands.pm.Pm
03-05 22:47:09.065: E/dual_mode_controller(1532): LE scan
03-05 22:47:09.127: W/zygote(4437): Unexpected CPU variant for X86 using defaults: x86
03-05 22:47:09.131: I/ActivityManager(1678): Start proc 4437:com.android.defcontainer/u0a6 for service com.android.defcontainer/.DefaultContainerService
03-05 22:47:09.133: I/ActivityManager(1678): Killing 2993:com.google.android.apps.messaging:rcs/u0a73 (adj 906): empty #17
03-05 22:47:09.133: I/ActivityManager(1678): Killing 4083:com.google.android.play.games.ui/u0a71 (adj 906): empty #18
03-05 22:47:09.137: W/system_server(1678): kill(-2993, 9) failed: No such process
03-05 22:47:09.143: E/memtrack(1678): Couldn't load memtrack module
03-05 22:47:09.143: W/android.os.Debug(1678): failed to get memory consumption info: -1
03-05 22:47:09.146: I/zygote(4437): The ClassLoaderContext is a special shared library.
03-05 22:47:09.172: I/ndk_translation(4454): Initialized NDK translation, version 0.1.14
03-05 22:47:09.173: W/system_server(1678): kill(-2993, 9) failed: No such process
03-05 22:47:09.175: E/nativebridge(4454): not compatible with version 2, cannot get signal handler
03-05 22:47:09.175: I/ActivityManager(1678): Start proc 4454:com.android.vending/u0a28 for broadcast com.android.vending/com.google.android.finsky.verifier.impl.PackageVerificationReceiver
03-05 22:47:09.175: I/chatty(4454): uid=10028(com.android.vending) android.vendin identical 63 lines
03-05 22:47:09.175: E/nativebridge(4454): not compatible with version 2, cannot get signal handler
03-05 22:47:09.175: W/zygote(4454): Unexpected CPU variant for X86 using defaults: x86
03-05 22:47:09.184: E/memtrack(1678): Couldn't load memtrack module
03-05 22:47:09.184: W/android.os.Debug(1678): failed to get memory consumption info: -1
03-05 22:47:09.213: W/system_server(1678): kill(-2993, 9) failed: No such process
03-05 22:47:09.213: I/system_server(1678): Successfully killed process cgroup uid 10073 pid 2993 in 75ms
03-05 22:47:09.213: W/system_server(1678): kill(-4083, 9) failed: No such process
03-05 22:47:09.213: I/system_server(1678): Successfully killed process cgroup uid 10071 pid 4083 in 0ms
03-05 22:47:09.246: W/Finsky(4454): [2] com.google.android.finsky.application.impl.a.dw(1487): No account configured on this device.
03-05 22:47:09.256: I/chatty(4454): uid=10028(com.android.vending) identical 3 lines
03-05 22:47:09.259: W/Finsky(4454): [2] com.google.android.finsky.application.impl.a.dw(1487): No account configured on this device.
03-05 22:47:09.259: I/Finsky(4454): [258] com.google.android.finsky.da.a.k.a(7): Started reading experiment flags from file [SKocQA9EQQFTb-1gQsc5WsjVhGA].
03-05 22:47:09.260: I/Finsky(4454): [258] com.google.android.finsky.da.a.k.a(44): Finished reading experiment flags from file [SKocQA9EQQFTb-1gQsc5WsjVhGA].
03-05 22:47:09.261: W/Finsky(4454): [259] com.google.android.finsky.application.impl.a.dw(1487): No account configured on this device.
03-05 22:47:09.261: I/Finsky(4454): [259] com.google.android.finsky.da.a.k.a(7): Started reading experiment flags from file [v6B-2IolLQRBwrwPhscSaeg04As].
03-05 22:47:09.261: I/Finsky(4454): [259] com.google.android.finsky.da.a.k.a(44): Finished reading experiment flags from file [v6B-2IolLQRBwrwPhscSaeg04As].
03-05 22:47:09.266: W/Finsky(4454): [2] com.google.android.finsky.application.impl.a.dw(1487): No account configured on this device.
03-05 22:47:09.276: I/chatty(4454): uid=10028(com.android.vending) identical 12 lines
03-05 22:47:09.281: W/Finsky(4454): [2] com.google.android.finsky.application.impl.a.dw(1487): No account configured on this device.
03-05 22:47:09.281: W/Finsky(4454): [260] com.google.android.finsky.application.impl.a.dw(1487): No account configured on this device.
03-05 22:47:09.282: I/chatty(4454): uid=10028(com.android.vending) FinskyApp identical 2 lines
03-05 22:47:09.283: W/Finsky(4454): [260] com.google.android.finsky.application.impl.a.dw(1487): No account configured on this device.
03-05 22:47:09.283: W/Finsky(4454): [2] com.google.android.finsky.application.impl.a.dw(1487): No account configured on this device.
03-05 22:47:09.286: I/chatty(4454): uid=10028(com.android.vending) identical 7 lines
03-05 22:47:09.287: W/Finsky(4454): [2] com.google.android.finsky.application.impl.a.dw(1487): No account configured on this device.
03-05 22:47:09.296: W/Settings(4454): Setting download_manager_max_bytes_over_mobile has moved from android.provider.Settings.Secure to android.provider.Settings.Global.
03-05 22:47:09.297: W/Settings(4454): Setting download_manager_recommended_max_bytes_over_mobile has moved from android.provider.Settings.Secure to android.provider.Settings.Global.
03-05 22:47:09.299: W/Finsky(4454): [2] com.google.android.finsky.application.impl.a.dw(1487): No account configured on this device.
03-05 22:47:09.309: I/chatty(4454): uid=10028(com.android.vending) identical 23 lines
03-05 22:47:09.311: W/Finsky(4454): [2] com.google.android.finsky.application.impl.a.dw(1487): No account configured on this device.
03-05 22:47:09.312: I/Finsky(4454): [2] com.google.android.finsky.scheduler.at.<init>(22): Resetting scheduler db
03-05 22:47:09.313: W/Finsky(4454): [2] com.google.android.finsky.application.impl.a.dw(1487): No account configured on this device.
03-05 22:47:09.313: I/Finsky(4454): [2] com.google.android.finsky.hygiene.a.d.a(32): No recent hygiene success, need more hygiene.
03-05 22:47:09.313: W/Finsky(4454): [2] com.google.android.finsky.application.impl.a.dw(1487): No account configured on this device.
03-05 22:47:09.330: I/chatty(4454): uid=10028(com.android.vending) identical 7 lines
03-05 22:47:09.331: W/Finsky(4454): [2] com.google.android.finsky.application.impl.a.dw(1487): No account configured on this device.
03-05 22:47:09.331: I/Finsky(4454): [2] com.google.android.finsky.installer.a.s.<init>(9): Not checking if recovering from paused session because experiment is off
03-05 22:47:09.332: W/Finsky(4454): [2] com.google.android.finsky.application.impl.a.dw(1487): No account configured on this device.
03-05 22:47:09.335: I/chatty(4454): uid=10028(com.android.vending) identical 5 lines
03-05 22:47:09.335: W/Finsky(4454): [2] com.google.android.finsky.application.impl.a.dw(1487): No account configured on this device.
03-05 22:47:09.336: I/Finsky(4454): [2] com.google.android.finsky.splitinstallservice.ai.a(10): Connecting InstallListener to SplitInstallService broadcaster...
03-05 22:47:09.336: W/Finsky(4454): [2] com.google.android.finsky.application.impl.a.dw(1487): No account configured on this device.
03-05 22:47:09.340: D/PowerManagerService(1678): acquireWakeLockInternal: lock=199827859, flags=0x1, tag="AudioMix", ws=null, uid=1041, pid=0
03-05 22:47:09.340: D/PowerManagerService(1678): updateWakeLockSummaryLocked: mWakefulness=Awake, mWakeLockSummary=0x1
03-05 22:47:09.340: D/PowerManagerService(1678): updateUserActivitySummaryLocked: mWakefulness=Awake, mUserActivitySummary=0x4, nextTimeout=-1 (178058 ms ago)
03-05 22:47:09.340: D/PowerManagerService(1678): updateDisplayPowerStateLocked: mDisplayReady=true, policy=2, mWakefulness=1, mWakeLockSummary=0x1, mUserActivitySummary=0x4, mBootCompleted=true, mScreenBrightnessBoostInProgress=false, mIsVrModeEnabled= false, sQuiescent=false
03-05 22:47:09.340: D/PowerManagerService(1678): updateWakeLockWorkSourceInternal: lock=199827859 [AudioMix], ws=null
03-05 22:47:09.346: I/chatty(4454): uid=10028(com.android.vending) identical 8 lines
03-05 22:47:09.347: W/Finsky(4454): [2] com.google.android.finsky.application.impl.a.dw(1487): No account configured on this device.
03-05 22:47:09.347: I/Finsky(4454): [2] com.google.android.finsky.cn.a.a(50): Enabling bucket experiment: factor=1.000, zeroDelta=0ms, forceNetwork=true
03-05 22:47:09.348: W/Finsky(4454): [2] com.google.android.finsky.application.impl.a.dw(1487): No account configured on this device.
03-05 22:47:09.348: I/chatty(4454): uid=10028(com.android.vending) identical 1 line
03-05 22:47:09.348: W/Finsky(4454): [2] com.google.android.finsky.application.impl.a.dw(1487): No account configured on this device.
03-05 22:47:09.349: W/Finsky(4454): [2] com.google.android.finsky.application.impl.a.b(1070): No account configured on this device.
03-05 22:47:09.349: W/Finsky(4454): [2] com.google.android.finsky.application.impl.a.dw(1487): No account configured on this device.
03-05 22:47:09.350: I/chatty(4454): uid=10028(com.android.vending) identical 1 line
03-05 22:47:09.354: W/Finsky(4454): [2] com.google.android.finsky.application.impl.a.dw(1487): No account configured on this device.
03-05 22:47:09.354: W/Finsky(4454): [284] com.google.android.finsky.application.impl.a.dw(1487): No account configured on this device.
03-05 22:47:09.354: W/Finsky(4454): [2] com.google.android.finsky.application.impl.a.dw(1487): No account configured on this device.
03-05 22:47:09.358: I/chatty(4454): uid=10028(com.android.vending) identical 7 lines
03-05 22:47:09.359: W/Finsky(4454): [2] com.google.android.finsky.application.impl.a.dw(1487): No account configured on this device.
03-05 22:47:09.361: I/Finsky(4454): [2] com.google.android.finsky.verifier.impl.PackageVerificationReceiver.onReceive(12): Verification requested, id = 0
03-05 22:47:09.363: W/Finsky(4454): [2] com.google.android.finsky.application.impl.a.dw(1487): No account configured on this device.
03-05 22:47:09.364: W/Finsky(4454): [284] com.google.android.finsky.application.impl.a.dw(1487): No account configured on this device.
03-05 22:47:09.365: W/Finsky(4454): [2] com.google.android.finsky.application.impl.a.dw(1487): No account configured on this device.
03-05 22:47:09.369: I/chatty(4454): uid=10028(com.android.vending) identical 2 lines
03-05 22:47:09.370: W/Finsky(4454): [2] com.google.android.finsky.application.impl.a.dw(1487): No account configured on this device.
03-05 22:47:09.370: W/Finsky(4454): [285] com.google.android.finsky.application.impl.a.dw(1487): No account configured on this device.
03-05 22:47:09.370: W/Finsky(4454): [2] com.google.android.finsky.application.impl.a.dw(1487): No account configured on this device.
03-05 22:47:09.379: I/chatty(4454): uid=10028(com.android.vending) identical 9 lines
03-05 22:47:09.380: W/Finsky(4454): [2] com.google.android.finsky.application.impl.a.dw(1487): No account configured on this device.
03-05 22:47:09.383: W/Finsky(4454): [284] com.google.android.finsky.application.impl.a.dw(1487): No account configured on this device.
03-05 22:47:09.387: I/chatty(4454): uid=10028(com.android.vending) AsyncTask #1 identical 3 lines
03-05 22:47:09.389: W/Finsky(4454): [284] com.google.android.finsky.application.impl.a.dw(1487): No account configured on this device.
03-05 22:47:09.399: I/Finsky(4454): [285] com.google.android.finsky.verifier.impl.ci.a(111): Skipping verification. Disabled by user setting
03-05 22:47:09.400: I/Finsky(4454): [285] com.google.android.finsky.verifier.impl.ci.a(119): Skipping anti malware verification due to pre-check failure
03-05 22:47:09.400: I/Finsky(4454): [2] com.google.android.finsky.verifier.impl.dr.c(191): Verifying id=0, result=1
03-05 22:47:09.401: W/Finsky(4454): [2] com.google.android.finsky.application.impl.a.dw(1487): No account configured on this device.
03-05 22:47:09.402: W/Finsky(4454): [2] com.google.android.finsky.application.impl.a.dw(1487): No account configured on this device.
03-05 22:47:09.402: I/Finsky(4454): [2] com.google.android.finsky.verifier.impl.dr.c(208): Verification complete: id=0, package_name=com.google.android.apps.mtaas.tools
03-05 22:47:09.407: D/PowerManagerService(1678): acquireWakeLockInternal: lock=49911144, flags=0x1, tag="*dexopt*", ws=WorkSource{-1}, uid=1000, pid=1678
03-05 22:47:09.407: D/PowerManagerService(1678): updateWakeLockSummaryLocked: mWakefulness=Awake, mWakeLockSummary=0x1
03-05 22:47:09.407: D/PowerManagerService(1678): updateUserActivitySummaryLocked: mWakefulness=Awake, mUserActivitySummary=0x4, nextTimeout=-1 (178125 ms ago)
03-05 22:47:09.407: D/PowerManagerService(1678): updateDisplayPowerStateLocked: mDisplayReady=true, policy=2, mWakefulness=1, mWakeLockSummary=0x1, mUserActivitySummary=0x4, mBootCompleted=true, mScreenBrightnessBoostInProgress=false, mIsVrModeEnabled= false, sQuiescent=false
03-05 22:47:09.408: I/PackageManager.DexOptimizer(1678): Running dexopt (dexoptNeeded=1) on: /data/app/com.google.android.apps.mtaas.tools-M2cFx_f2Ix2IwfmBz0by-w==/base.apk pkg=com.google.android.apps.mtaas.tools isa=x86 dexoptFlags=boot_complete,public target-filter=quicken oatDir=/data/app/com.google.android.apps.mtaas.tools-M2cFx_f2Ix2IwfmBz0by-w==/oat sharedLibraries=PCL[]
03-05 22:47:09.419: W/dex2oat(4505): Unexpected CPU variant for X86 using defaults: x86
03-05 22:47:09.419: W/dex2oat(4505): Mismatch between dex2oat instruction set features (ISA: X86 Feature string: -ssse3,-sse4.1,-sse4.2,-avx,-avx2,-popcnt) and those of dex2oat executable (ISA: X86 Feature string: ssse3,-sse4.1,-sse4.2,-avx,-avx2,-popcnt) for the command line:
03-05 22:47:09.419: W/dex2oat(4505): /system/bin/dex2oat --zip-fd=7 --zip-location=base.apk --input-vdex-fd=-1 --output-vdex-fd=9 --oat-fd=8 --oat-location=/data/app/com.google.android.apps.mtaas.tools-M2cFx_f2Ix2IwfmBz0by-w==/oat/x86/base.odex --instruction-set=x86 --instruction-set-variant=x86 --instruction-set-features=default --runtime-arg -Xms64m --runtime-arg -Xmx512m --compiler-filter=quicken --swap-fd=10 --classpath-dir=/data/app/com.google.android.apps.mtaas.tools-M2cFx_f2Ix2IwfmBz0by-w== --class-loader-context=PCL[]
03-05 22:47:09.419: I/dex2oat(4505): /system/bin/dex2oat --input-vdex-fd=-1 --output-vdex-fd=9 --compiler-filter=quicken --classpath-dir=/data/app/com.google.android.apps.mtaas.tools-M2cFx_f2Ix2IwfmBz0by-w== --class-loader-context=PCL[]
03-05 22:47:09.694: I/Remoter(1530): Saved screenshot to '/data/screenshots/__pmv__-0073.jpg'
03-05 22:47:09.787: I/dex2oat(4505): dex2oat took 367.899ms (568.465ms cpu) (threads: 2) arena alloc=1712B (1712B) java alloc=1394KB (1428448B) native alloc=2MB (3050184B) free=2MB (2192696B)
03-05 22:47:09.790: D/PowerManagerService(1678): releaseWakeLockInternal: lock=49911144 [*dexopt*], flags=0x0
03-05 22:47:09.790: D/PowerManagerService(1678): updateWakeLockSummaryLocked: mWakefulness=Awake, mWakeLockSummary=0x1
03-05 22:47:09.790: D/PowerManagerService(1678): updateUserActivitySummaryLocked: mWakefulness=Awake, mUserActivitySummary=0x4, nextTimeout=-1 (178508 ms ago)
03-05 22:47:09.790: D/PowerManagerService(1678): updateDisplayPowerStateLocked: mDisplayReady=true, policy=2, mWakefulness=1, mWakeLockSummary=0x1, mUserActivitySummary=0x4, mBootCompleted=true, mScreenBrightnessBoostInProgress=false, mIsVrModeEnabled= false, sQuiescent=false
03-05 22:47:09.808: V/BackupManagerService(1678): restoreAtInstall pkg=com.google.android.apps.mtaas.tools token=1 restoreSet=0
03-05 22:47:09.808: V/BackupManagerService(1678): Finishing install immediately
03-05 22:47:09.808: V/BackupManagerService(1678): [ 03-05 22:47:09.813  1547: 1547 E/         ]
03-05 22:47:09.808: V/BackupManagerService(1678): Couldn't opendir /data/app/vmdl1025027916.tmp: No such file or directory
03-05 22:47:09.813: E/installd(1547): Failed to delete /data/app/vmdl1025027916.tmp: No such file or directory
03-05 22:47:09.815: I/Pm(4426): Package com.google.android.apps.mtaas.tools installed in 790 ms
03-05 22:47:09.816: D/PackageInstaller(1678): Ignoring abandon after commit relinquished control
03-05 22:47:09.817: I/app_process(4426): System.exit called, status: 0
03-05 22:47:09.817: I/AndroidRuntime(4426): VM exiting with result code 0.
03-05 22:47:09.820: W/BroadcastQueue(1678): Background execution not allowed: receiving Intent { act=android.intent.action.PACKAGE_ADDED dat=package:com.google.android.apps.mtaas.tools flg=0x4000010 (has extras) } to com.android.musicfx/.Compatibility$Receiver
03-05 22:47:09.821: D/Avrcp(1787): AvrcpServiceBroadcastReceiver-> Action: android.intent.action.PACKAGE_ADDED
03-05 22:47:09.821: D/Avrcp(1787): AvrcpServiceBroadcastReceiver-> packageName: com.google.android.apps.mtaas.tools
03-05 22:47:09.821: D/Avrcp(1787): packageName: com.google.android.apps.mtaas.tools removed: false
03-05 22:47:09.825: W/Finsky(4454): [2] com.google.android.finsky.application.impl.a.dw(1487): No account configured on this device.
03-05 22:47:09.826: D/Avrcp(1787): isBrowsableListUpdated: false
03-05 22:47:09.826: D/BluetoothMapAppObserver(1787): onReceive
03-05 22:47:09.826: D/BluetoothMapAppObserver(1787): The installed package is: com.google.android.apps.mtaas.tools
03-05 22:47:09.827: D/BluetoothMapAppObserver(1787): Found 0 application(s) with intent android.bluetooth.action.BLUETOOTH_MAP_PROVIDER
03-05 22:47:09.827: W/Finsky(4454): [2] com.google.android.finsky.application.impl.a.dw(1487): No account configured on this device.
03-05 22:47:09.827: D/BluetoothMapAppObserver(1787): Found 0 application(s) with intent android.bluetooth.action.BLUETOOTH_MAP_IM_PROVIDER
03-05 22:47:09.830: I/InputReader(1678): Reconfiguring input devices.  changes=0x00000010
03-05 22:47:09.834: W/Finsky(4454): [2] com.google.android.finsky.application.impl.a.dw(1487): No account configured on this device.
03-05 22:47:09.843: I/chatty(4454): uid=10028(com.android.vending) identical 7 lines
03-05 22:47:09.844: W/Finsky(4454): [2] com.google.android.finsky.application.impl.a.dw(1487): No account configured on this device.
03-05 22:47:09.848: D/CarrierSvcBindHelper(1930): No carrier app for: 0
03-05 22:47:09.850: D/ImsResolver(1930): maybeAddedImsService, packageName: com.google.android.apps.mtaas.tools
03-05 22:47:09.851: I/Finsky(4454): [2] com.google.android.finsky.wear.WearSupportService.onStartCommand(21): Starting WearSupportService for auto_install
03-05 22:47:09.852: D/CarrierConfigLoader(1930): mHandler: 9 phoneId: 0
03-05 22:47:09.852: I/Finsky(4454): [2] com.google.android.finsky.wear.ar.a(80): Connecting to wearable; initiated by: com.google.android.finsky.wear.WearSupportService
03-05 22:47:09.856: I/Finsky(4454): [2] com.google.android.finsky.wear.WearSupportService.onStartCommand(21): Starting WearSupportService for send_installed_apps
03-05 22:47:09.856: I/Finsky(4454): [2] com.google.android.finsky.externalreferrer.e.a(52): Package state data is missing for com.google.android.apps.mtaas.tools
03-05 22:47:09.858: W/Finsky(4454): [2] com.google.android.finsky.application.impl.a.dw(1487): No account configured on this device.
03-05 22:47:09.865: W/BroadcastQueue(1678): Background execution not allowed: receiving Intent { act=android.intent.action.PACKAGE_ADDED dat=package:com.google.android.apps.mtaas.tools flg=0x4000010 (has extras) } to com.google.android.googlequicksearchbox/com.google.android.apps.gsa.googlequicksearchbox.GelStubAppWatcher
03-05 22:47:09.859: W/Finsky(4454): [2] com.google.android.finsky.application.impl.a.dw(1487): No account configured on this device.
03-05 22:47:09.887: I/Wear_Controller(1905): Wear requires a companion app to be installed.
03-05 22:47:09.887: I/WearableService(1905): onCreate: Wearable Services not starting. Wear is not available on this device.
03-05 22:47:09.888: W/Finsky(4454): [2] com.google.android.finsky.application.impl.a.dw(1487): No account configured on this device.
03-05 22:47:09.890: W/Finsky(4454): [280] com.google.android.finsky.application.impl.a.dw(1487): No account configured on this device.
03-05 22:47:09.892: I/Telecom(1678): DefaultDialerCache: Refreshing default dialer for user 0: now com.google.android.dialer: DDC.oR@AF4
03-05 22:47:09.903: W/Finsky(4454): [2] com.google.android.finsky.application.impl.a.dw(1487): No account configured on this device.
03-05 22:47:09.906: I/chatty(4454): uid=10028(com.android.vending) identical 4 lines
03-05 22:47:09.909: W/Finsky(4454): [2] com.google.android.finsky.application.impl.a.dw(1487): No account configured on this device.
03-05 22:47:09.922: I/Auth(2301): [SupervisedAccountIntentOperation] onHandleIntent(): android.intent.action.PACKAGE_ADDED
03-05 22:47:09.924: I/Auth(2301): [SupervisedAccountIntentOperation] This operation is disabled
03-05 22:47:09.927: I/ChromeSync(2301): [Sync,SyncIntentOperation] Handling the intent: Intent { act=android.intent.action.PACKAGE_ADDED dat=package:com.google.android.apps.mtaas.tools flg=0x4000010 cmp=com.google.android.gms/.chimera.GmsIntentOperationService (has extras) }.
03-05 22:47:09.930: I/ChromeSync(2301): [Persistence,AffiliationManager] No affiliation data for android://N50vJU0zrJ8WOzDt6r3GDtfqrkROFOSiqHcmppwn3vxaRC4hFpNn4UsL7XlvjtlfcWuDAQhmck0qjQPwsrpMNg==@com.google.android.apps.mtaas.tools/. Marking affiliation data as stale...
03-05 22:47:09.932: W/Finsky(4454): [2] com.google.android.finsky.application.impl.a.dw(1487): No account configured on this device.
03-05 22:47:09.934: I/chatty(4454): uid=10028(com.android.vending) identical 1 line
03-05 22:47:09.935: W/Finsky(4454): [2] com.google.android.finsky.application.impl.a.dw(1487): No account configured on this device.
03-05 22:47:09.936: I/Finsky(4454): [2] com.google.android.finsky.scheduler.JobSchedulerEngine.a(61): Scheduling job with id: 9000
03-05 22:47:09.938: I/ChromeSync(2301): [Persistence,AffiliationManager] Fetching affiliations from the server.
03-05 22:47:09.941: I/FontsPackageChangeOp(2301): Package com.google.android.apps.mtaas.tools has no metadata
03-05 22:47:09.942: W/Finsky(4454): [2] com.google.android.finsky.application.impl.a.dw(1487): No account configured on this device.
03-05 22:47:09.958: W/WearableService(1905): onGetService: Wear is not available on this device.
03-05 22:47:09.962: D/PowerManagerService(1678): acquireWakeLockInternal: lock=59258805, flags=0x1, tag="Icing", ws=WorkSource{10014 com.google.android.gms}, uid=10014, pid=2301
03-05 22:47:09.962: D/PowerManagerService(1678): updateWakeLockSummaryLocked: mWakefulness=Awake, mWakeLockSummary=0x1
03-05 22:47:09.962: D/PowerManagerService(1678): updateUserActivitySummaryLocked: mWakefulness=Awake, mUserActivitySummary=0x4, nextTimeout=-1 (178680 ms ago)
03-05 22:47:09.962: D/PowerManagerService(1678): updateDisplayPowerStateLocked: mDisplayReady=true, policy=2, mWakefulness=1, mWakeLockSummary=0x1, mUserActivitySummary=0x4, mBootCompleted=true, mScreenBrightnessBoostInProgress=false, mIsVrModeEnabled= false, sQuiescent=false
03-05 22:47:09.964: E/Finsky(4454): [2] com.google.android.finsky.wear.au.a(3): onConnectionFailed: ConnectionResult{statusCode=API_UNAVAILABLE, resolution=null, message=null}
03-05 22:47:09.965: W/Finsky(4454): [2] com.google.android.finsky.wear.cd.run(12): Dropping command=auto_install due to Gms not connected
03-05 22:47:09.965: I/Finsky(4454): [2] com.google.android.finsky.wear.WearSupportService.b(67): Stopping WearSupportService
03-05 22:47:09.965: W/Finsky(4454): [2] com.google.android.finsky.wear.cd.run(12): Dropping command=send_installed_apps due to Gms not connected
03-05 22:47:09.965: I/Finsky(4454): [2] com.google.android.finsky.wear.WearSupportService.b(67): Stopping WearSupportService
03-05 22:47:09.977: D/PowerManagerService(1678): updateWakeLockWorkSourceInternal: lock=59258805 [Icing], ws=WorkSource{10014 com.google.android.gms, 10083 com.google.android.apps.mtaas.tools}
03-05 22:47:09.981: I/PeopleContactsSync(2301): triggerPendingContactsCleanup: no accounts
03-05 22:47:09.983: D/PowerManagerService(1678): updateWakeLockWorkSourceInternal: lock=59258805 [Icing], ws=WorkSource{10014 com.google.android.gms}
03-05 22:47:10.005: D/AutofillUI(1678): destroySaveUiUiThread(): already destroyed
03-05 22:47:10.040: I/Icing(2301): IndexChimeraService.getServiceInterface callingPackage=com.google.android.gms componentName=AppsCorpus serviceId=32
03-05 22:47:10.041: I/Icing(2301): IndexChimeraService.getServiceInterface callingPackage=com.google.android.gms componentName=AppsCorpus serviceId=36
03-05 22:47:10.048: I/zygote(1678): Background concurrent copying GC freed 41874(2001KB) AllocSpace objects, 16(768KB) LOS objects, 42% free, 11MB/19MB, paused 62us total 237.957ms
03-05 22:47:10.065: E/dual_mode_controller(1532): LE scan
03-05 22:47:10.093: I/Icing(2301): Usage reports ok 0, Failed Usage reports 0, indexed 0, rejected 0, imm upload false
03-05 22:47:10.165: D/PowerManagerService(1678): acquireWakeLockInternal: lock=18856628, flags=0x1, tag="*net_scheduler*", ws=WorkSource{10014 com.google.android.gms}, uid=10014, pid=1905
03-05 22:47:10.165: D/PowerManagerService(1678): updateWakeLockSummaryLocked: mWakefulness=Awake, mWakeLockSummary=0x1
03-05 22:47:10.165: D/PowerManagerService(1678): updateUserActivitySummaryLocked: mWakefulness=Awake, mUserActivitySummary=0x4, nextTimeout=-1 (178883 ms ago)
03-05 22:47:10.166: D/PowerManagerService(1678): updateDisplayPowerStateLocked: mDisplayReady=true, policy=2, mWakefulness=1, mWakeLockSummary=0x1, mUserActivitySummary=0x4, mBootCompleted=true, mScreenBrightnessBoostInProgress=false, mIsVrModeEnabled= false, sQuiescent=false
03-05 22:47:10.178: D/PowerManagerService(1678): acquireWakeLockInternal: lock=10323677, flags=0x1, tag="*net_scheduler*", ws=WorkSource{10014 com.google.android.gms}, uid=10014, pid=1905
03-05 22:47:10.178: D/PowerManagerService(1678): updateWakeLockSummaryLocked: mWakefulness=Awake, mWakeLockSummary=0x1
03-05 22:47:10.178: D/PowerManagerService(1678): updateUserActivitySummaryLocked: mWakefulness=Awake, mUserActivitySummary=0x4, nextTimeout=-1 (178896 ms ago)
03-05 22:47:10.178: D/PowerManagerService(1678): updateDisplayPowerStateLocked: mDisplayReady=true, policy=2, mWakefulness=1, mWakeLockSummary=0x1, mUserActivitySummary=0x4, mBootCompleted=true, mScreenBrightnessBoostInProgress=false, mIsVrModeEnabled= false, sQuiescent=false
03-05 22:47:10.202: D/PowerManagerService(1678): acquireWakeLockInternal: lock=158554403, flags=0x1, tag="*net_scheduler*", ws=WorkSource{10014 com.google.android.gms}, uid=10014, pid=1905
03-05 22:47:10.202: D/PowerManagerService(1678): updateWakeLockSummaryLocked: mWakefulness=Awake, mWakeLockSummary=0x1
03-05 22:47:10.202: D/PowerManagerService(1678): updateUserActivitySummaryLocked: mWakefulness=Awake, mUserActivitySummary=0x4, nextTimeout=-1 (178920 ms ago)
03-05 22:47:10.202: D/PowerManagerService(1678): updateDisplayPowerStateLocked: mDisplayReady=true, policy=2, mWakefulness=1, mWakeLockSummary=0x1, mUserActivitySummary=0x4, mBootCompleted=true, mScreenBrightnessBoostInProgress=false, mIsVrModeEnabled= false, sQuiescent=false
03-05 22:47:10.100: I/Icing(2301): Usage reports ok 0, Failed Usage reports 0, indexed 0, rejected 0, imm upload false
03-05 22:47:10.211: I/zygote(2301): Do partial code cache collection, code=503KB, data=305KB
03-05 22:47:10.212: I/zygote(2301): After code cache collection, code=497KB, data=304KB
03-05 22:47:10.212: I/zygote(2301): Increasing code cache capacity to 2MB
03-05 22:47:10.215: I/PlatformStatsCollectorService(2301): Scheduled Notificationstats task with period 86400 sec.
03-05 22:47:10.217: E/NetworkScheduler(1905): Invalid component specified.
03-05 22:47:10.222: I/PlatformStatsCollectorService(2301): Scheduled UnifiedDumpsysTask task with period 86400 sec.
03-05 22:47:10.226: E/NetworkScheduler(1905): Invalid component specified.
03-05 22:47:10.232: D/PowerManagerService(1678): releaseWakeLockInternal: lock=18856628 [*net_scheduler*], flags=0x0
03-05 22:47:10.232: D/PowerManagerService(1678): updateWakeLockSummaryLocked: mWakefulness=Awake, mWakeLockSummary=0x1
03-05 22:47:10.232: D/PowerManagerService(1678): updateUserActivitySummaryLocked: mWakefulness=Awake, mUserActivitySummary=0x4, nextTimeout=-1 (178950 ms ago)
03-05 22:47:10.232: D/PowerManagerService(1678): updateDisplayPowerStateLocked: mDisplayReady=true, policy=2, mWakefulness=1, mWakeLockSummary=0x1, mUserActivitySummary=0x4, mBootCompleted=true, mScreenBrightnessBoostInProgress=false, mIsVrModeEnabled= false, sQuiescent=false
03-05 22:47:10.232: D/PowerManagerService(1678): releaseWakeLockInternal: lock=10323677 [*net_scheduler*], flags=0x0
03-05 22:47:10.232: D/PowerManagerService(1678): updateWakeLockSummaryLocked: mWakefulness=Awake, mWakeLockSummary=0x1
03-05 22:47:10.232: D/PowerManagerService(1678): updateUserActivitySummaryLocked: mWakefulness=Awake, mUserActivitySummary=0x4, nextTimeout=-1 (178950 ms ago)
03-05 22:47:10.232: D/PowerManagerService(1678): updateDisplayPowerStateLocked: mDisplayReady=true, policy=2, mWakefulness=1, mWakeLockSummary=0x1, mUserActivitySummary=0x4, mBootCompleted=true, mScreenBrightnessBoostInProgress=false, mIsVrModeEnabled= false, sQuiescent=false
03-05 22:47:10.249: D/PowerManagerService(1678): releaseWakeLockInternal: lock=158554403 [*net_scheduler*], flags=0x0
03-05 22:47:10.249: D/PowerManagerService(1678): updateWakeLockSummaryLocked: mWakefulness=Awake, mWakeLockSummary=0x1
03-05 22:47:10.249: D/PowerManagerService(1678): updateUserActivitySummaryLocked: mWakefulness=Awake, mUserActivitySummary=0x4, nextTimeout=-1 (178967 ms ago)
03-05 22:47:10.249: D/PowerManagerService(1678): updateDisplayPowerStateLocked: mDisplayReady=true, policy=2, mWakefulness=1, mWakeLockSummary=0x1, mUserActivitySummary=0x4, mBootCompleted=true, mScreenBrightnessBoostInProgress=false, mIsVrModeEnabled= false, sQuiescent=false
03-05 22:47:10.313: W/ActivityManager(1678): Unable to start service Intent { flg=0x4 cmp=com.android.vending/com.google.android.finsky.hygiene.DailyHygiene$DailyHygieneService (has extras) } U=0: not found
03-05 22:47:10.313: D/PowerManagerService(1678): acquireWakeLockInternal: lock=141656463, flags=0x1, tag="*alarm*", ws=WorkSource{10028}, uid=1000, pid=1678
03-05 22:47:10.313: D/PowerManagerService(1678): updateWakeLockSummaryLocked: mWakefulness=Awake, mWakeLockSummary=0x1
03-05 22:47:10.313: D/PowerManagerService(1678): updateUserActivitySummaryLocked: mWakefulness=Awake, mUserActivitySummary=0x4, nextTimeout=-1 (179031 ms ago)
03-05 22:47:10.313: D/PowerManagerService(1678): updateDisplayPowerStateLocked: mDisplayReady=true, policy=2, mWakefulness=1, mWakeLockSummary=0x1, mUserActivitySummary=0x4, mBootCompleted=true, mScreenBrightnessBoostInProgress=false, mIsVrModeEnabled= false, sQuiescent=false
03-05 22:47:10.313: D/PowerManagerService(1678): releaseWakeLockInternal: lock=141656463 [*alarm*], flags=0x0
03-05 22:47:10.313: D/PowerManagerService(1678): updateWakeLockSummaryLocked: mWakefulness=Awake, mWakeLockSummary=0x1
03-05 22:47:10.313: D/PowerManagerService(1678): updateUserActivitySummaryLocked: mWakefulness=Awake, mUserActivitySummary=0x4, nextTimeout=-1 (179031 ms ago)
03-05 22:47:10.313: D/PowerManagerService(1678): updateDisplayPowerStateLocked: mDisplayReady=true, policy=2, mWakefulness=1, mWakeLockSummary=0x1, mUserActivitySummary=0x4, mBootCompleted=true, mScreenBrightnessBoostInProgress=false, mIsVrModeEnabled= false, sQuiescent=false
03-05 22:47:10.526: D/AndroidRuntime(4563): >>>>>> START com.android.internal.os.RuntimeInit uid 0 <<<<<<
03-05 22:47:10.576: W/app_process(4563): Unexpected CPU variant for X86 using defaults: x86
03-05 22:47:10.577: I/app_process(4563): The ClassLoaderContext is a special shared library.
03-05 22:47:10.578: W/nativebridge(4563): Failed to bind-mount /system/lib/x86/cpuinfo as /proc/cpuinfo: No such file or directory
03-05 22:47:10.593: D/AndroidRuntime(4563): Calling main entry com.android.commands.pm.Pm
03-05 22:47:10.637: E/memtrack(1678): Couldn't load memtrack module
03-05 22:47:10.637: W/android.os.Debug(1678): failed to get memory consumption info: -1
03-05 22:47:10.646: I/Finsky(4454): [2] com.google.android.finsky.verifier.impl.PackageVerificationReceiver.onReceive(12): Verification requested, id = 1
03-05 22:47:10.648: W/Finsky(4454): [2] com.google.android.finsky.application.impl.a.dw(1487): No account configured on this device.
03-05 22:47:10.649: I/chatty(4454): uid=10028(com.android.vending) identical 3 lines
03-05 22:47:10.649: W/Finsky(4454): [2] com.google.android.finsky.application.impl.a.dw(1487): No account configured on this device.
03-05 22:47:10.657: I/Finsky(4454): [284] com.google.android.finsky.verifier.impl.ci.a(111): Skipping verification. Disabled by user setting
03-05 22:47:10.657: I/Finsky(4454): [284] com.google.android.finsky.verifier.impl.ci.a(119): Skipping anti malware verification due to pre-check failure
03-05 22:47:10.658: I/Finsky(4454): [2] com.google.android.finsky.verifier.impl.dr.c(191): Verifying id=1, result=1
03-05 22:47:10.659: W/Finsky(4454): [2] com.google.android.finsky.application.impl.a.dw(1487): No account configured on this device.
03-05 22:47:10.659: I/PackageParser(1678): com.google.android.apps.mtaas.loginutil: compat added android.permission.WRITE_EXTERNAL_STORAGE android.permission.READ_PHONE_STATE
03-05 22:47:10.659: W/Finsky(4454): [2] com.google.android.finsky.application.impl.a.dw(1487): No account configured on this device.
03-05 22:47:10.659: I/Finsky(4454): [2] com.google.android.finsky.verifier.impl.dr.c(208): Verification complete: id=1, package_name=com.google.android.apps.mtaas.loginutil
03-05 22:47:10.660: D/PowerManagerService(1678): acquireWakeLockInternal: lock=49911144, flags=0x1, tag="*dexopt*", ws=WorkSource{-1}, uid=1000, pid=1678
03-05 22:47:10.660: D/PowerManagerService(1678): updateWakeLockSummaryLocked: mWakefulness=Awake, mWakeLockSummary=0x1
03-05 22:47:10.660: D/PowerManagerService(1678): updateUserActivitySummaryLocked: mWakefulness=Awake, mUserActivitySummary=0x4, nextTimeout=-1 (179378 ms ago)
03-05 22:47:10.660: D/PowerManagerService(1678): updateDisplayPowerStateLocked: mDisplayReady=true, policy=2, mWakefulness=1, mWakeLockSummary=0x1, mUserActivitySummary=0x4, mBootCompleted=true, mScreenBrightnessBoostInProgress=false, mIsVrModeEnabled= false, sQuiescent=false
03-05 22:47:10.660: I/PackageManager.DexOptimizer(1678): Running dexopt (dexoptNeeded=1) on: /data/app/com.google.android.apps.mtaas.loginutil-n1OEe6P_Fk1vzn91G01Qdg==/base.apk pkg=com.google.android.apps.mtaas.loginutil isa=x86 dexoptFlags=boot_complete,public target-filter=quicken oatDir=/data/app/com.google.android.apps.mtaas.loginutil-n1OEe6P_Fk1vzn91G01Qdg==/oat sharedLibraries=PCL[]
03-05 22:47:10.671: W/dex2oat(4575): Unexpected CPU variant for X86 using defaults: x86
03-05 22:47:10.671: W/dex2oat(4575): Mismatch between dex2oat instruction set features (ISA: X86 Feature string: -ssse3,-sse4.1,-sse4.2,-avx,-avx2,-popcnt) and those of dex2oat executable (ISA: X86 Feature string: ssse3,-sse4.1,-sse4.2,-avx,-avx2,-popcnt) for the command line:
03-05 22:47:10.671: W/dex2oat(4575): /system/bin/dex2oat --zip-fd=7 --zip-location=base.apk --input-vdex-fd=-1 --output-vdex-fd=9 --oat-fd=8 --oat-location=/data/app/com.google.android.apps.mtaas.loginutil-n1OEe6P_Fk1vzn91G01Qdg==/oat/x86/base.odex --instruction-set=x86 --instruction-set-variant=x86 --instruction-set-features=default --runtime-arg -Xms64m --runtime-arg -Xmx512m --compiler-filter=quicken --swap-fd=10 --classpath-dir=/data/app/com.google.android.apps.mtaas.loginutil-n1OEe6P_Fk1vzn91G01Qdg== --class-loader-context=PCL[]
03-05 22:47:10.671: I/dex2oat(4575): /system/bin/dex2oat --input-vdex-fd=-1 --output-vdex-fd=9 --compiler-filter=quicken --classpath-dir=/data/app/com.google.android.apps.mtaas.loginutil-n1OEe6P_Fk1vzn91G01Qdg== --class-loader-context=PCL[]
03-05 22:47:10.751: I/Remoter(1530): Saved screenshot to '/data/screenshots/__pmv__-0074.jpg'
03-05 22:47:10.890: I/dex2oat(4575): dex2oat took 218.659ms (330.605ms cpu) (threads: 2) arena alloc=2352B (2352B) java alloc=454KB (465408B) native alloc=2MB (2097576B) free=2047KB (2096728B)
03-05 22:47:10.892: D/PowerManagerService(1678): releaseWakeLockInternal: lock=49911144 [*dexopt*], flags=0x0
03-05 22:47:10.892: D/PowerManagerService(1678): updateWakeLockSummaryLocked: mWakefulness=Awake, mWakeLockSummary=0x1
03-05 22:47:10.892: D/PowerManagerService(1678): updateUserActivitySummaryLocked: mWakefulness=Awake, mUserActivitySummary=0x4, nextTimeout=-1 (179610 ms ago)
03-05 22:47:10.892: D/PowerManagerService(1678): updateDisplayPowerStateLocked: mDisplayReady=true, policy=2, mWakefulness=1, mWakeLockSummary=0x1, mUserActivitySummary=0x4, mBootCompleted=true, mScreenBrightnessBoostInProgress=false, mIsVrModeEnabled= false, sQuiescent=false
03-05 22:47:10.914: V/BackupManagerService(1678): restoreAtInstall pkg=com.google.android.apps.mtaas.loginutil token=2 restoreSet=0
03-05 22:47:10.914: V/BackupManagerService(1678): Finishing install immediately
03-05 22:47:10.914: V/BackupManagerService(1678): [ 03-05 22:47:10.916  1547: 1547 E/         ]
03-05 22:47:10.914: V/BackupManagerService(1678): Couldn't opendir /data/app/vmdl715414235.tmp: No such file or directory
03-05 22:47:10.917: E/installd(1547): Failed to delete /data/app/vmdl715414235.tmp: No such file or directory
03-05 22:47:10.920: I/Pm(4563): Package com.google.android.apps.mtaas.loginutil installed in 326 ms
03-05 22:47:10.922: D/Avrcp(1787): AvrcpServiceBroadcastReceiver-> Action: android.intent.action.PACKAGE_ADDED
03-05 22:47:10.922: D/Avrcp(1787): AvrcpServiceBroadcastReceiver-> packageName: com.google.android.apps.mtaas.loginutil
03-05 22:47:10.922: D/Avrcp(1787): packageName: com.google.android.apps.mtaas.loginutil removed: false
03-05 22:47:10.923: W/BroadcastQueue(1678): Background execution not allowed: receiving Intent { act=android.intent.action.PACKAGE_ADDED dat=package:com.google.android.apps.mtaas.loginutil flg=0x4000010 (has extras) } to com.android.musicfx/.Compatibility$Receiver
03-05 22:47:10.924: I/InputReader(1678): Reconfiguring input devices.  changes=0x00000010
03-05 22:47:10.928: D/Avrcp(1787): isBrowsableListUpdated: false
03-05 22:47:10.928: D/BluetoothMapAppObserver(1787): onReceive
03-05 22:47:10.928: D/BluetoothMapAppObserver(1787): The installed package is: com.google.android.apps.mtaas.loginutil
03-05 22:47:10.928: D/BluetoothMapAppObserver(1787): Found 0 application(s) with intent android.bluetooth.action.BLUETOOTH_MAP_PROVIDER
03-05 22:47:10.928: D/BluetoothMapAppObserver(1787): Found 0 application(s) with intent android.bluetooth.action.BLUETOOTH_MAP_IM_PROVIDER
03-05 22:47:10.929: W/Finsky(4454): [2] com.google.android.finsky.application.impl.a.dw(1487): No account configured on this device.
03-05 22:47:10.934: I/app_process(4563): System.exit called, status: 0
03-05 22:47:10.934: I/AndroidRuntime(4563): VM exiting with result code 0.
03-05 22:47:10.937: W/Finsky(4454): [2] com.google.android.finsky.application.impl.a.dw(1487): No account configured on this device.
03-05 22:47:10.942: I/Telecom(1678): DefaultDialerCache: Refreshing default dialer for user 0: now com.google.android.dialer: DDC.oR@AF8
03-05 22:47:10.941: I/chatty(4454): uid=10028(com.android.vending) identical 2 lines
03-05 22:47:10.946: W/Finsky(4454): [2] com.google.android.finsky.application.impl.a.dw(1487): No account configured on this device.
03-05 22:47:10.946: D/CarrierSvcBindHelper(1930): No carrier app for: 0
03-05 22:47:10.947: W/Finsky(4454): [2] com.google.android.finsky.application.impl.a.dw(1487): No account configured on this device.
03-05 22:47:10.948: I/chatty(4454): uid=10028(com.android.vending) identical 1 line
03-05 22:47:10.949: W/Finsky(4454): [2] com.google.android.finsky.application.impl.a.dw(1487): No account configured on this device.
03-05 22:47:10.949: D/ImsResolver(1930): maybeAddedImsService, packageName: com.google.android.apps.mtaas.loginutil
03-05 22:47:10.950: D/CarrierConfigLoader(1930): mHandler: 9 phoneId: 0
03-05 22:47:10.950: W/Finsky(4454): [2] com.google.android.finsky.application.impl.a.dw(1487): No account configured on this device.
03-05 22:47:10.953: W/Finsky(4454): [2] com.google.android.finsky.application.impl.a.dw(1487): No account configured on this device.
03-05 22:47:10.957: I/Finsky(4454): [2] com.google.android.finsky.wear.WearSupportService.onStartCommand(21): Starting WearSupportService for auto_install
03-05 22:47:10.958: I/Finsky(4454): [2] com.google.android.finsky.wear.ar.a(80): Connecting to wearable; initiated by: com.google.android.finsky.wear.WearSupportService
03-05 22:47:10.958: I/Finsky(4454): [2] com.google.android.finsky.wear.WearSupportService.onStartCommand(21): Starting WearSupportService for send_installed_apps
03-05 22:47:10.960: I/Finsky(4454): [2] com.google.android.finsky.externalreferrer.e.a(52): Package state data is missing for com.google.android.apps.mtaas.loginutil
03-05 22:47:10.961: W/Finsky(4454): [2] com.google.android.finsky.application.impl.a.dw(1487): No account configured on this device.
03-05 22:47:10.961: W/Finsky(4454): [2] com.google.android.finsky.application.impl.a.dw(1487): No account configured on this device.
03-05 22:47:10.964: W/WearableService(1905): onGetService: Wear is not available on this device.
03-05 22:47:10.965: E/Finsky(4454): [2] com.google.android.finsky.wear.au.a(3): onConnectionFailed: ConnectionResult{statusCode=API_UNAVAILABLE, resolution=null, message=null}
03-05 22:47:10.965: W/Finsky(4454): [2] com.google.android.finsky.wear.cd.run(12): Dropping command=auto_install due to Gms not connected
03-05 22:47:10.965: I/Finsky(4454): [2] com.google.android.finsky.wear.WearSupportService.b(67): Stopping WearSupportService
03-05 22:47:10.967: W/Finsky(4454): [2] com.google.android.finsky.wear.cd.run(12): Dropping command=send_installed_apps due to Gms not connected
03-05 22:47:10.967: I/Finsky(4454): [2] com.google.android.finsky.wear.WearSupportService.b(67): Stopping WearSupportService
03-05 22:47:10.973: W/BroadcastQueue(1678): Background execution not allowed: receiving Intent { act=android.intent.action.PACKAGE_ADDED dat=package:com.google.android.apps.mtaas.loginutil flg=0x4000010 (has extras) } to com.google.android.googlequicksearchbox/com.google.android.apps.gsa.googlequicksearchbox.GelStubAppWatcher
03-05 22:47:10.983: I/Auth(2301): [SupervisedAccountIntentOperation] onHandleIntent(): android.intent.action.PACKAGE_ADDED
03-05 22:47:10.984: I/Auth(2301): [SupervisedAccountIntentOperation] This operation is disabled
03-05 22:47:10.984: I/ChromeSync(2301): [Sync,SyncIntentOperation] Handling the intent: Intent { act=android.intent.action.PACKAGE_ADDED dat=package:com.google.android.apps.mtaas.loginutil flg=0x4000010 cmp=com.google.android.gms/.chimera.GmsIntentOperationService (has extras) }.
03-05 22:47:10.984: I/FontsPackageChangeOp(2301): Package com.google.android.apps.mtaas.loginutil has no metadata
03-05 22:47:10.986: I/ChromeSync(2301): [Persistence,AffiliationManager] No affiliation data for android://hYLDYwB34REMzRkkDCAO41RDCu83EJUgrh0yR4QTKzoWic4CFOf47MQAfK5OsrL3bydJNBPokUImRnqAa33Xng==@com.google.android.apps.mtaas.loginutil/. Marking affiliation data as stale...
03-05 22:47:10.988: I/ChromeSync(2301): [Persistence,AffiliationManager] Fetching affiliations from the server.
03-05 22:47:10.996: I/PeopleContactsSync(2301): triggerPendingContactsCleanup: no accounts
03-05 22:47:11.003: D/AutofillUI(1678): destroySaveUiUiThread(): already destroyed
03-05 22:47:11.005: D/PowerManagerService(1678): updateWakeLockWorkSourceInternal: lock=59258805 [Icing], ws=WorkSource{10014 com.google.android.gms, 10084 com.google.android.apps.mtaas.loginutil}
03-05 22:47:11.006: I/Icing(2301): IndexChimeraService.getServiceInterface callingPackage=com.google.android.gms componentName=AppsCorpus serviceId=32
03-05 22:47:11.006: I/Icing(2301): IndexChimeraService.getServiceInterface callingPackage=com.google.android.gms componentName=AppsCorpus serviceId=36
03-05 22:47:11.009: D/PowerManagerService(1678): updateWakeLockWorkSourceInternal: lock=59258805 [Icing], ws=WorkSource{10014 com.google.android.gms}
03-05 22:47:11.040: I/zygote(1678): Background concurrent copying GC freed 44226(2MB) AllocSpace objects, 24(1116KB) LOS objects, 42% free, 11MB/19MB, paused 107us total 123.542ms
03-05 22:47:11.041: I/Icing(2301): Usage reports ok 0, Failed Usage reports 0, indexed 0, rejected 0, imm upload false
03-05 22:47:11.065: E/dual_mode_controller(1532): LE scan
03-05 22:47:11.066: I/Icing(2301): Usage reports ok 0, Failed Usage reports 0, indexed 0, rejected 0, imm upload false
03-05 22:47:11.105: I/Icing(2301): Indexing com.google.android.gms-apps from com.google.android.gms
03-05 22:47:11.126: I/Icing(2301): Indexing done com.google.android.gms-apps
03-05 22:47:11.127: I/Icing(2301): Indexing com.google.android.gms-internal.3p:MobileApplication from com.google.android.gms
03-05 22:47:11.133: I/Icing(2301): Indexing done com.google.android.gms-internal.3p:MobileApplication
03-05 22:47:11.150: D/PowerManagerService(1678): acquireWakeLockInternal: lock=5317389, flags=0x1, tag="*net_scheduler*", ws=WorkSource{10014 com.google.android.gms}, uid=10014, pid=1905
03-05 22:47:11.150: D/PowerManagerService(1678): updateWakeLockSummaryLocked: mWakefulness=Awake, mWakeLockSummary=0x1
03-05 22:47:11.150: D/PowerManagerService(1678): updateUserActivitySummaryLocked: mWakefulness=Awake, mUserActivitySummary=0x4, nextTimeout=-1 (179868 ms ago)
03-05 22:47:11.150: D/PowerManagerService(1678): updateDisplayPowerStateLocked: mDisplayReady=true, policy=2, mWakefulness=1, mWakeLockSummary=0x1, mUserActivitySummary=0x4, mBootCompleted=true, mScreenBrightnessBoostInProgress=false, mIsVrModeEnabled= false, sQuiescent=false
03-05 22:47:11.169: D/PowerManagerService(1678): acquireWakeLockInternal: lock=71832258, flags=0x1, tag="*net_scheduler*", ws=WorkSource{10014 com.google.android.gms}, uid=10014, pid=1905
03-05 22:47:11.169: D/PowerManagerService(1678): updateWakeLockSummaryLocked: mWakefulness=Awake, mWakeLockSummary=0x1
03-05 22:47:11.169: D/PowerManagerService(1678): updateUserActivitySummaryLocked: mWakefulness=Awake, mUserActivitySummary=0x4, nextTimeout=-1 (179887 ms ago)
03-05 22:47:11.169: D/PowerManagerService(1678): updateDisplayPowerStateLocked: mDisplayReady=true, policy=2, mWakefulness=1, mWakeLockSummary=0x1, mUserActivitySummary=0x4, mBootCompleted=true, mScreenBrightnessBoostInProgress=false, mIsVrModeEnabled= false, sQuiescent=false
03-05 22:47:11.192: I/PlatformStatsCollectorService(2301): Scheduled Wifistats task with period 86400 sec.
03-05 22:47:11.196: E/NetworkScheduler(1905): Invalid component specified.
03-05 22:47:11.197: D/PowerManagerService(1678): acquireWakeLockInternal: lock=75096841, flags=0x1, tag="*net_scheduler*", ws=WorkSource{10014 com.google.android.gms}, uid=10014, pid=1905
03-05 22:47:11.197: D/PowerManagerService(1678): updateWakeLockSummaryLocked: mWakefulness=Awake, mWakeLockSummary=0x1
03-05 22:47:11.197: D/PowerManagerService(1678): updateUserActivitySummaryLocked: mWakefulness=Awake, mUserActivitySummary=0x4, nextTimeout=-1 (179915 ms ago)
03-05 22:47:11.198: D/PowerManagerService(1678): updateDisplayPowerStateLocked: mDisplayReady=true, policy=2, mWakefulness=1, mWakeLockSummary=0x1, mUserActivitySummary=0x4, mBootCompleted=true, mScreenBrightnessBoostInProgress=false, mIsVrModeEnabled= false, sQuiescent=false
03-05 22:47:11.221: I/PlatformStatsCollectorService(2301): Scheduled Telecomstats task with period 86400 sec.
03-05 22:47:11.223: E/NetworkScheduler(1905): Invalid component specified.
03-05 22:47:11.225: D/PowerManagerService(1678): releaseWakeLockInternal: lock=71832258 [*net_scheduler*], flags=0x0
03-05 22:47:11.225: D/PowerManagerService(1678): updateWakeLockSummaryLocked: mWakefulness=Awake, mWakeLockSummary=0x1
03-05 22:47:11.225: D/PowerManagerService(1678): updateUserActivitySummaryLocked: mWakefulness=Awake, mUserActivitySummary=0x4, nextTimeout=-1 (179943 ms ago)
03-05 22:47:11.225: D/PowerManagerService(1678): updateDisplayPowerStateLocked: mDisplayReady=true, policy=2, mWakefulness=1, mWakeLockSummary=0x1, mUserActivitySummary=0x4, mBootCompleted=true, mScreenBrightnessBoostInProgress=false, mIsVrModeEnabled= false, sQuiescent=false
03-05 22:47:11.225: D/PowerManagerService(1678): releaseWakeLockInternal: lock=5317389 [*net_scheduler*], flags=0x0
03-05 22:47:11.225: D/PowerManagerService(1678): updateWakeLockSummaryLocked: mWakefulness=Awake, mWakeLockSummary=0x1
03-05 22:47:11.225: D/PowerManagerService(1678): updateUserActivitySummaryLocked: mWakefulness=Awake, mUserActivitySummary=0x4, nextTimeout=-1 (179943 ms ago)
03-05 22:47:11.225: D/PowerManagerService(1678): updateDisplayPowerStateLocked: mDisplayReady=true, policy=2, mWakefulness=1, mWakeLockSummary=0x1, mUserActivitySummary=0x4, mBootCompleted=true, mScreenBrightnessBoostInProgress=false, mIsVrModeEnabled= false, sQuiescent=false
03-05 22:47:11.228: D/PowerManagerService(1678): releaseWakeLockInternal: lock=75096841 [*net_scheduler*], flags=0x0
03-05 22:47:11.228: D/PowerManagerService(1678): updateWakeLockSummaryLocked: mWakefulness=Awake, mWakeLockSummary=0x1
03-05 22:47:11.228: D/PowerManagerService(1678): updateUserActivitySummaryLocked: mWakefulness=Awake, mUserActivitySummary=0x4, nextTimeout=-1 (179946 ms ago)
