03-05 22:47:17.181: D/PowerManagerService(1678): releaseWakeLockInternal: lock=105486427 [GnssLocationProvider], flags=0x0
03-05 22:47:17.181: D/PowerManagerService(1678): updateWakeLockSummaryLocked: mWakefulness=Awake, mWakeLockSummary=0x1
03-05 22:47:17.181: D/PowerManagerService(1678): updateUserActivitySummaryLocked: mWakefulness=Awake, mUserActivitySummary=0x4, nextTimeout=-1 (185899 ms ago)
03-05 22:47:17.181: D/PowerManagerService(1678): updateDisplayPowerStateLocked: mDisplayReady=true, policy=2, mWakefulness=1, mWakeLockSummary=0x1, mUserActivitySummary=0x4, mBootCompleted=true, mScreenBrightnessBoostInProgress=false, mIsVrModeEnabled= false, sQuiescent=false
03-05 22:47:17.181: I/GnssLocationProvider(1678): WakeLock released by handleMessage(SET_REQUEST, 0, com.android.server.location.GnssLocationProvider$GpsRequest@2873349)
03-05 22:47:17.181: D/VoldConnector(1678): SND -> {13 volume remount_uid 10089 write}
03-05 22:47:17.182: D/vold(1463): Remounting 10089 as mode write
03-05 22:47:17.184: D/PowerManagerService(1678): releaseWakeLockInternal: lock=7442195 [GCoreFlp], flags=0x0
03-05 22:47:17.184: D/PowerManagerService(1678): updateWakeLockSummaryLocked: mWakefulness=Awake, mWakeLockSummary=0x1
03-05 22:47:17.184: D/PowerManagerService(1678): updateUserActivitySummaryLocked: mWakefulness=Awake, mUserActivitySummary=0x4, nextTimeout=-1 (185902 ms ago)
03-05 22:47:17.184: D/PowerManagerService(1678): updateDisplayPowerStateLocked: mDisplayReady=true, policy=2, mWakefulness=1, mWakeLockSummary=0x1, mUserActivitySummary=0x4, mBootCompleted=true, mScreenBrightnessBoostInProgress=false, mIsVrModeEnabled= false, sQuiescent=false
03-05 22:47:17.184: D/VoldConnector(1678): RCV <- {200 13 Command succeeded}
03-05 22:47:17.184: D/VoldConnector(1678): [ 03-05 22:47:17.192  1547: 1547 E/         ]
03-05 22:47:17.184: D/VoldConnector(1678): Couldn't opendir /data/app/vmdl1872181508.tmp: No such file or directory
03-05 22:47:17.192: E/installd(1547): Failed to delete /data/app/vmdl1872181508.tmp: No such file or directory
03-05 22:47:17.193: I/Pm(4797): Package androidx.test.orchestrator installed in 318 ms
03-05 22:47:17.193: D/PackageInstaller(1678): Ignoring abandon after commit relinquished control
03-05 22:47:17.198: W/ModuleInitIntentOp(2301): Dropping unexpected action com.google.android.gms.phenotype.COMMITTED
03-05 22:47:17.202: I/app_process(4797): System.exit called, status: 0
03-05 22:47:17.202: I/AndroidRuntime(4797): VM exiting with result code 0.
03-05 22:47:17.205: I/PTCommittedOperation(1905): Receive new configuration for com.google.android.gms.nearby
03-05 22:47:17.206: D/PowerManagerService(1678): acquireWakeLockInternal: lock=77199573, flags=0x1, tag="CMWakeLock", ws=WorkSource{10014 com.google.android.gms}, uid=10014, pid=1905
03-05 22:47:17.206: D/PowerManagerService(1678): updateWakeLockSummaryLocked: mWakefulness=Awake, mWakeLockSummary=0x1
03-05 22:47:17.206: D/PowerManagerService(1678): updateUserActivitySummaryLocked: mWakefulness=Awake, mUserActivitySummary=0x4, nextTimeout=-1 (185924 ms ago)
03-05 22:47:17.206: D/PowerManagerService(1678): updateDisplayPowerStateLocked: mDisplayReady=true, policy=2, mWakefulness=1, mWakeLockSummary=0x1, mUserActivitySummary=0x4, mBootCompleted=true, mScreenBrightnessBoostInProgress=false, mIsVrModeEnabled= false, sQuiescent=false
03-05 22:47:17.207: D/PowerManagerService(1678): releaseWakeLockInternal: lock=77199573 [CMWakeLock], flags=0x0
03-05 22:47:17.207: D/PowerManagerService(1678): updateWakeLockSummaryLocked: mWakefulness=Awake, mWakeLockSummary=0x1
03-05 22:47:17.207: D/PowerManagerService(1678): updateUserActivitySummaryLocked: mWakefulness=Awake, mUserActivitySummary=0x4, nextTimeout=-1 (185925 ms ago)
03-05 22:47:17.207: D/PowerManagerService(1678): updateDisplayPowerStateLocked: mDisplayReady=true, policy=2, mWakefulness=1, mWakeLockSummary=0x1, mUserActivitySummary=0x4, mBootCompleted=true, mScreenBrightnessBoostInProgress=false, mIsVrModeEnabled= false, sQuiescent=false
03-05 22:47:17.209: W/BroadcastQueue(1678): Background execution not allowed: receiving Intent { act=android.intent.action.PACKAGE_ADDED dat=package:androidx.test.orchestrator flg=0x4000010 (has extras) } to com.android.musicfx/.Compatibility$Receiver
03-05 22:47:17.213: D/Avrcp(1787): AvrcpServiceBroadcastReceiver-> Action: android.intent.action.PACKAGE_ADDED
03-05 22:47:17.213: D/Avrcp(1787): AvrcpServiceBroadcastReceiver-> packageName: androidx.test.orchestrator
03-05 22:47:17.213: D/Avrcp(1787): packageName: androidx.test.orchestrator removed: false
03-05 22:47:17.214: D/Avrcp(1787): isBrowsableListUpdated: false
03-05 22:47:17.214: D/BluetoothMapAppObserver(1787): onReceive
03-05 22:47:17.214: D/BluetoothMapAppObserver(1787): The installed package is: androidx.test.orchestrator
03-05 22:47:17.214: D/BluetoothMapAppObserver(1787): Found 0 application(s) with intent android.bluetooth.action.BLUETOOTH_MAP_PROVIDER
03-05 22:47:17.215: D/BluetoothMapAppObserver(1787): Found 0 application(s) with intent android.bluetooth.action.BLUETOOTH_MAP_IM_PROVIDER
03-05 22:47:17.217: I/InputReader(1678): Reconfiguring input devices.  changes=0x00000010
03-05 22:47:17.226: W/Finsky(4454): [2] com.google.android.finsky.application.impl.a.dw(1487): No account configured on this device.
03-05 22:47:17.228: D/AutofillUI(1678): destroySaveUiUiThread(): already destroyed
03-05 22:47:17.232: I/Telecom(1678): DefaultDialerCache: Refreshing default dialer for user 0: now com.google.android.dialer: DDC.oR@AHM
03-05 22:47:17.233: D/PowerManagerService(1678): releaseWakeLockInternal: lock=206967085 [*net_scheduler*], flags=0x0
03-05 22:47:17.233: D/PowerManagerService(1678): updateWakeLockSummaryLocked: mWakefulness=Awake, mWakeLockSummary=0x1
03-05 22:47:17.233: D/PowerManagerService(1678): updateUserActivitySummaryLocked: mWakefulness=Awake, mUserActivitySummary=0x4, nextTimeout=-1 (185951 ms ago)
03-05 22:47:17.233: D/PowerManagerService(1678): updateDisplayPowerStateLocked: mDisplayReady=true, policy=2, mWakefulness=1, mWakeLockSummary=0x1, mUserActivitySummary=0x4, mBootCompleted=true, mScreenBrightnessBoostInProgress=false, mIsVrModeEnabled= false, sQuiescent=false
03-05 22:47:17.233: D/PowerManagerService(1678): acquireWakeLockInternal: lock=206967085, flags=0x1, tag="*net_scheduler*", ws=WorkSource{10014 com.google.android.gms}, uid=10014, pid=1905
03-05 22:47:17.233: D/PowerManagerService(1678): updateWakeLockSummaryLocked: mWakefulness=Awake, mWakeLockSummary=0x1
03-05 22:47:17.233: D/PowerManagerService(1678): updateUserActivitySummaryLocked: mWakefulness=Awake, mUserActivitySummary=0x4, nextTimeout=-1 (185951 ms ago)
03-05 22:47:17.234: D/PowerManagerService(1678): updateDisplayPowerStateLocked: mDisplayReady=true, policy=2, mWakefulness=1, mWakeLockSummary=0x1, mUserActivitySummary=0x4, mBootCompleted=true, mScreenBrightnessBoostInProgress=false, mIsVrModeEnabled= false, sQuiescent=false
03-05 22:47:17.244: I/chatty(4454): uid=10028(com.android.vending) identical 8 lines
03-05 22:47:17.244: W/Finsky(4454): [2] com.google.android.finsky.application.impl.a.dw(1487): No account configured on this device.
03-05 22:47:17.268: I/Finsky(4454): [2] com.google.android.finsky.wear.WearSupportService.onStartCommand(21): Starting WearSupportService for auto_install
03-05 22:47:17.269: I/Finsky(4454): [2] com.google.android.finsky.wear.ar.a(80): Connecting to wearable; initiated by: com.google.android.finsky.wear.WearSupportService
03-05 22:47:17.270: I/Finsky(4454): [2] com.google.android.finsky.wear.WearSupportService.onStartCommand(21): Starting WearSupportService for send_installed_apps
03-05 22:47:17.277: I/Finsky(4454): [2] com.google.android.finsky.externalreferrer.e.a(52): Package state data is missing for androidx.test.orchestrator
03-05 22:47:17.278: W/Finsky(4454): [2] com.google.android.finsky.application.impl.a.dw(1487): No account configured on this device.
03-05 22:47:17.278: W/Finsky(4454): [2] com.google.android.finsky.application.impl.a.dw(1487): No account configured on this device.
03-05 22:47:17.283: D/CarrierSvcBindHelper(1930): No carrier app for: 0
03-05 22:47:17.284: W/WearableService(1905): onGetService: Wear is not available on this device.
03-05 22:47:17.286: D/ImsResolver(1930): maybeAddedImsService, packageName: androidx.test.orchestrator
03-05 22:47:17.294: D/CarrierConfigLoader(1930): mHandler: 9 phoneId: 0
03-05 22:47:17.296: I/Auth(2301): [SupervisedAccountIntentOperation] onHandleIntent(): android.intent.action.PACKAGE_ADDED
03-05 22:47:17.298: W/BroadcastQueue(1678): Background execution not allowed: receiving Intent { act=android.intent.action.PACKAGE_ADDED dat=package:androidx.test.orchestrator flg=0x4000010 (has extras) } to com.google.android.googlequicksearchbox/com.google.android.apps.gsa.googlequicksearchbox.GelStubAppWatcher
03-05 22:47:17.300: W/ModuleInitIntentOp(2301): Dropping unexpected action com.google.android.gms.phenotype.COMMITTED
03-05 22:47:17.305: I/PTCommittedOperation(1905): Receive new configuration for com.google.android.gms.netrec
03-05 22:47:17.306: D/PowerManagerService(1678): acquireWakeLockInternal: lock=77199573, flags=0x1, tag="CMWakeLock", ws=WorkSource{10014 com.google.android.gms}, uid=10014, pid=1905
03-05 22:47:17.306: D/PowerManagerService(1678): updateWakeLockSummaryLocked: mWakefulness=Awake, mWakeLockSummary=0x1
03-05 22:47:17.306: D/PowerManagerService(1678): updateUserActivitySummaryLocked: mWakefulness=Awake, mUserActivitySummary=0x4, nextTimeout=-1 (186024 ms ago)
03-05 22:47:17.306: D/PowerManagerService(1678): updateDisplayPowerStateLocked: mDisplayReady=true, policy=2, mWakefulness=1, mWakeLockSummary=0x1, mUserActivitySummary=0x4, mBootCompleted=true, mScreenBrightnessBoostInProgress=false, mIsVrModeEnabled= false, sQuiescent=false
03-05 22:47:17.311: D/PowerManagerService(1678): releaseWakeLockInternal: lock=77199573 [CMWakeLock], flags=0x0
03-05 22:47:17.311: D/PowerManagerService(1678): updateWakeLockSummaryLocked: mWakefulness=Awake, mWakeLockSummary=0x1
03-05 22:47:17.311: D/PowerManagerService(1678): updateUserActivitySummaryLocked: mWakefulness=Awake, mUserActivitySummary=0x4, nextTimeout=-1 (186028 ms ago)
03-05 22:47:17.311: D/PowerManagerService(1678): updateDisplayPowerStateLocked: mDisplayReady=true, policy=2, mWakefulness=1, mWakeLockSummary=0x1, mUserActivitySummary=0x4, mBootCompleted=true, mScreenBrightnessBoostInProgress=false, mIsVrModeEnabled= false, sQuiescent=false
03-05 22:47:17.319: E/Finsky(4454): [2] com.google.android.finsky.wear.au.a(3): onConnectionFailed: ConnectionResult{statusCode=API_UNAVAILABLE, resolution=null, message=null}
03-05 22:47:17.319: W/Finsky(4454): [2] com.google.android.finsky.wear.cd.run(12): Dropping command=auto_install due to Gms not connected
03-05 22:47:17.319: I/Finsky(4454): [2] com.google.android.finsky.wear.WearSupportService.b(67): Stopping WearSupportService
03-05 22:47:17.320: W/Finsky(4454): [2] com.google.android.finsky.wear.cd.run(12): Dropping command=send_installed_apps due to Gms not connected
03-05 22:47:17.320: I/Finsky(4454): [2] com.google.android.finsky.wear.WearSupportService.b(67): Stopping WearSupportService
03-05 22:47:17.322: I/ChromeSync(2301): [Sync,SyncIntentOperation] Handling the intent: Intent { act=android.intent.action.PACKAGE_ADDED dat=package:androidx.test.orchestrator flg=0x4000010 cmp=com.google.android.gms/.chimera.GmsIntentOperationService (has extras) }.
03-05 22:47:17.325: I/ChromeSync(2301): [Persistence,AffiliationManager] No affiliation data for android://N50vJU0zrJ8WOzDt6r3GDtfqrkROFOSiqHcmppwn3vxaRC4hFpNn4UsL7XlvjtlfcWuDAQhmck0qjQPwsrpMNg==@androidx.test.orchestrator/. Marking affiliation data as stale...
03-05 22:47:17.326: I/ChromeSync(2301): [Persistence,AffiliationManager] Fetching affiliations from the server.
03-05 22:47:17.326: I/Auth(2301): [SupervisedAccountIntentOperation] This operation is disabled
03-05 22:47:17.328: I/FontsPackageChangeOp(2301): Package androidx.test.orchestrator has no metadata
03-05 22:47:17.330: D/PowerManagerService(1678): acquireWakeLockInternal: lock=54448025, flags=0x1, tag="*net_scheduler*", ws=WorkSource{10014 com.google.android.gms}, uid=10014, pid=1905
03-05 22:47:17.330: D/PowerManagerService(1678): updateWakeLockSummaryLocked: mWakefulness=Awake, mWakeLockSummary=0x1
03-05 22:47:17.330: D/PowerManagerService(1678): updateUserActivitySummaryLocked: mWakefulness=Awake, mUserActivitySummary=0x4, nextTimeout=-1 (186048 ms ago)
03-05 22:47:17.330: D/PowerManagerService(1678): updateDisplayPowerStateLocked: mDisplayReady=true, policy=2, mWakefulness=1, mWakeLockSummary=0x1, mUserActivitySummary=0x4, mBootCompleted=true, mScreenBrightnessBoostInProgress=false, mIsVrModeEnabled= false, sQuiescent=false
03-05 22:47:17.342: I/PeopleContactsSync(2301): triggerPendingContactsCleanup: no accounts
03-05 22:47:17.345: D/PowerManagerService(1678): updateWakeLockWorkSourceInternal: lock=59258805 [Icing], ws=WorkSource{10014 com.google.android.gms, 10089 androidx.test.orchestrator}
03-05 22:47:17.352: I/zygote(1678): Background concurrent copying GC freed 58288(3MB) AllocSpace objects, 25(1144KB) LOS objects, 42% free, 11MB/20MB, paused 117us total 164.295ms
03-05 22:47:17.363: D/PowerManagerService(1678): updateWakeLockWorkSourceInternal: lock=59258805 [Icing], ws=WorkSource{10014 com.google.android.gms}
03-05 22:47:17.366: I/Icing(2301): IndexChimeraService.getServiceInterface callingPackage=com.google.android.gms componentName=AppsCorpus serviceId=32
03-05 22:47:17.366: I/Icing(2301): IndexChimeraService.getServiceInterface callingPackage=com.google.android.gms componentName=AppsCorpus serviceId=36
03-05 22:47:17.413: D/PowerManagerService(1678): releaseWakeLockInternal: lock=54448025 [*net_scheduler*], flags=0x0
03-05 22:47:17.413: D/PowerManagerService(1678): updateWakeLockSummaryLocked: mWakefulness=Awake, mWakeLockSummary=0x1
03-05 22:47:17.413: D/PowerManagerService(1678): updateUserActivitySummaryLocked: mWakefulness=Awake, mUserActivitySummary=0x4, nextTimeout=-1 (186131 ms ago)
03-05 22:47:17.413: D/PowerManagerService(1678): updateDisplayPowerStateLocked: mDisplayReady=true, policy=2, mWakefulness=1, mWakeLockSummary=0x1, mUserActivitySummary=0x4, mBootCompleted=true, mScreenBrightnessBoostInProgress=false, mIsVrModeEnabled= false, sQuiescent=false
03-05 22:47:17.416: E/NetworkScheduler.ATC(1905): Unable to resolve correct action against com.google.android.apps.gcs/.service.WfaStateTaskService for user #0 to instantiate callback. Not executing task.
03-05 22:47:17.425: I/Remoter(1530): Saved screenshot to '/data/screenshots/__pmv__-0080.jpg'
03-05 22:47:17.437: I/PTCommittedOperation(1905): Receive new configuration for com.google.android.gms.tapandpay
03-05 22:47:17.442: W/ModuleInitIntentOp(2301): Dropping unexpected action com.google.android.gms.phenotype.COMMITTED
03-05 22:47:17.444: D/PowerManagerService(1678): acquireWakeLockInternal: lock=77199573, flags=0x1, tag="CMWakeLock", ws=WorkSource{10014 com.google.android.gms}, uid=10014, pid=1905
03-05 22:47:17.444: D/PowerManagerService(1678): updateWakeLockSummaryLocked: mWakefulness=Awake, mWakeLockSummary=0x1
03-05 22:47:17.444: D/PowerManagerService(1678): updateUserActivitySummaryLocked: mWakefulness=Awake, mUserActivitySummary=0x4, nextTimeout=-1 (186161 ms ago)
03-05 22:47:17.444: D/PowerManagerService(1678): updateDisplayPowerStateLocked: mDisplayReady=true, policy=2, mWakefulness=1, mWakeLockSummary=0x1, mUserActivitySummary=0x4, mBootCompleted=true, mScreenBrightnessBoostInProgress=false, mIsVrModeEnabled= false, sQuiescent=false
03-05 22:47:17.447: I/Icing(2301): Usage reports ok 0, Failed Usage reports 0, indexed 0, rejected 0, imm upload false
03-05 22:47:17.448: I/zygote(2301): Waiting for a blocking GC ProfileSaver
03-05 22:47:17.449: D/PowerManagerService(1678): releaseWakeLockInternal: lock=77199573 [CMWakeLock], flags=0x0
03-05 22:47:17.449: D/PowerManagerService(1678): updateWakeLockSummaryLocked: mWakefulness=Awake, mWakeLockSummary=0x1
03-05 22:47:17.449: D/PowerManagerService(1678): updateUserActivitySummaryLocked: mWakefulness=Awake, mUserActivitySummary=0x4, nextTimeout=-1 (186167 ms ago)
03-05 22:47:17.449: D/PowerManagerService(1678): updateDisplayPowerStateLocked: mDisplayReady=true, policy=2, mWakefulness=1, mWakeLockSummary=0x1, mUserActivitySummary=0x4, mBootCompleted=true, mScreenBrightnessBoostInProgress=false, mIsVrModeEnabled= false, sQuiescent=false
03-05 22:47:17.463: D/PowerManagerService(1678): releaseWakeLockInternal: lock=206967085 [*net_scheduler*], flags=0x0
03-05 22:47:17.463: D/PowerManagerService(1678): updateWakeLockSummaryLocked: mWakefulness=Awake, mWakeLockSummary=0x1
03-05 22:47:17.463: D/PowerManagerService(1678): updateUserActivitySummaryLocked: mWakefulness=Awake, mUserActivitySummary=0x4, nextTimeout=-1 (186181 ms ago)
03-05 22:47:17.463: D/PowerManagerService(1678): updateDisplayPowerStateLocked: mDisplayReady=true, policy=2, mWakefulness=1, mWakeLockSummary=0x1, mUserActivitySummary=0x4, mBootCompleted=true, mScreenBrightnessBoostInProgress=false, mIsVrModeEnabled= false, sQuiescent=false
03-05 22:47:17.466: D/PowerManagerService(1678): acquireWakeLockInternal: lock=206967085, flags=0x1, tag="*net_scheduler*", ws=WorkSource{10014 com.google.android.gms}, uid=10014, pid=1905
03-05 22:47:17.466: D/PowerManagerService(1678): updateWakeLockSummaryLocked: mWakefulness=Awake, mWakeLockSummary=0x1
03-05 22:47:17.466: D/PowerManagerService(1678): updateUserActivitySummaryLocked: mWakefulness=Awake, mUserActivitySummary=0x4, nextTimeout=-1 (186184 ms ago)
03-05 22:47:17.466: D/PowerManagerService(1678): updateDisplayPowerStateLocked: mDisplayReady=true, policy=2, mWakefulness=1, mWakeLockSummary=0x1, mUserActivitySummary=0x4, mBootCompleted=true, mScreenBrightnessBoostInProgress=false, mIsVrModeEnabled= false, sQuiescent=false
03-05 22:47:17.473: I/Icing(2301): Usage reports ok 0, Failed Usage reports 0, indexed 0, rejected 0, imm upload false
03-05 22:47:17.479: W/ModuleInitIntentOp(2301): Dropping unexpected action com.google.android.gms.phenotype.COMMITTED
03-05 22:47:17.485: I/Icing(2301): Indexing com.google.android.gms-apps from com.google.android.gms
03-05 22:47:17.487: I/PTCommittedOperation(1905): Receive new configuration for com.google.android.gms.photos
03-05 22:47:17.488: I/Icing(2301): Indexing done com.google.android.gms-apps
03-05 22:47:17.494: D/PowerManagerService(1678): acquireWakeLockInternal: lock=77199573, flags=0x1, tag="CMWakeLock", ws=WorkSource{10014 com.google.android.gms}, uid=10014, pid=1905
03-05 22:47:17.494: D/PowerManagerService(1678): updateWakeLockSummaryLocked: mWakefulness=Awake, mWakeLockSummary=0x1
03-05 22:47:17.494: D/PowerManagerService(1678): updateUserActivitySummaryLocked: mWakefulness=Awake, mUserActivitySummary=0x4, nextTimeout=-1 (186212 ms ago)
03-05 22:47:17.494: D/PowerManagerService(1678): updateDisplayPowerStateLocked: mDisplayReady=true, policy=2, mWakefulness=1, mWakeLockSummary=0x1, mUserActivitySummary=0x4, mBootCompleted=true, mScreenBrightnessBoostInProgress=false, mIsVrModeEnabled= false, sQuiescent=false
03-05 22:47:17.494: D/PowerManagerService(1678): releaseWakeLockInternal: lock=77199573 [CMWakeLock], flags=0x0
03-05 22:47:17.495: D/PowerManagerService(1678): updateWakeLockSummaryLocked: mWakefulness=Awake, mWakeLockSummary=0x1
03-05 22:47:17.495: D/PowerManagerService(1678): updateUserActivitySummaryLocked: mWakefulness=Awake, mUserActivitySummary=0x4, nextTimeout=-1 (186212 ms ago)
03-05 22:47:17.495: D/PowerManagerService(1678): updateDisplayPowerStateLocked: mDisplayReady=true, policy=2, mWakefulness=1, mWakeLockSummary=0x1, mUserActivitySummary=0x4, mBootCompleted=true, mScreenBrightnessBoostInProgress=false, mIsVrModeEnabled= false, sQuiescent=false
03-05 22:47:17.498: I/zygote(1905): Background concurrent copying GC freed 134490(7MB) AllocSpace objects, 10(252KB) LOS objects, 49% free, 8MB/16MB, paused 122us total 164.595ms
03-05 22:47:17.507: I/zygote(2301): WaitForGcToComplete blocked ProfileSaver on HeapTrim for 58.883ms
03-05 22:47:17.514: D/PowerManagerService(1678): releaseWakeLockInternal: lock=206967085 [*net_scheduler*], flags=0x0
03-05 22:47:17.514: D/PowerManagerService(1678): updateWakeLockSummaryLocked: mWakefulness=Awake, mWakeLockSummary=0x1
03-05 22:47:17.514: D/PowerManagerService(1678): updateUserActivitySummaryLocked: mWakefulness=Awake, mUserActivitySummary=0x4, nextTimeout=-1 (186232 ms ago)
03-05 22:47:17.514: D/PowerManagerService(1678): updateDisplayPowerStateLocked: mDisplayReady=true, policy=2, mWakefulness=1, mWakeLockSummary=0x1, mUserActivitySummary=0x4, mBootCompleted=true, mScreenBrightnessBoostInProgress=false, mIsVrModeEnabled= false, sQuiescent=false
03-05 22:47:17.515: E/NetworkScheduler(1905): Unknown result code received: 4
03-05 22:47:17.515: D/PowerManagerService(1678): acquireWakeLockInternal: lock=206967085, flags=0x1, tag="*net_scheduler*", ws=WorkSource{10014 com.google.android.gms}, uid=10014, pid=1905
03-05 22:47:17.515: D/PowerManagerService(1678): updateWakeLockSummaryLocked: mWakefulness=Awake, mWakeLockSummary=0x1
03-05 22:47:17.515: D/PowerManagerService(1678): updateUserActivitySummaryLocked: mWakefulness=Awake, mUserActivitySummary=0x4, nextTimeout=-1 (186233 ms ago)
03-05 22:47:17.515: D/PowerManagerService(1678): updateDisplayPowerStateLocked: mDisplayReady=true, policy=2, mWakefulness=1, mWakeLockSummary=0x1, mUserActivitySummary=0x4, mBootCompleted=true, mScreenBrightnessBoostInProgress=false, mIsVrModeEnabled= false, sQuiescent=false
03-05 22:47:17.543: D/PowerManagerService(1678): acquireWakeLockInternal: lock=88082267, flags=0x1, tag="*net_scheduler*", ws=WorkSource{10014 com.google.android.gms}, uid=10014, pid=1905
03-05 22:47:17.543: D/PowerManagerService(1678): updateWakeLockSummaryLocked: mWakefulness=Awake, mWakeLockSummary=0x1
03-05 22:47:17.543: D/PowerManagerService(1678): updateUserActivitySummaryLocked: mWakefulness=Awake, mUserActivitySummary=0x4, nextTimeout=-1 (186261 ms ago)
03-05 22:47:17.543: D/PowerManagerService(1678): updateDisplayPowerStateLocked: mDisplayReady=true, policy=2, mWakefulness=1, mWakeLockSummary=0x1, mUserActivitySummary=0x4, mBootCompleted=true, mScreenBrightnessBoostInProgress=false, mIsVrModeEnabled= false, sQuiescent=false
03-05 22:47:17.554: W/ModuleInitIntentOp(2301): Dropping unexpected action com.google.android.gms.phenotype.COMMITTED
03-05 22:47:17.558: D/PowerManagerService(1678): acquireWakeLockInternal: lock=77199573, flags=0x1, tag="CMWakeLock", ws=WorkSource{10014 com.google.android.gms}, uid=10014, pid=1905
03-05 22:47:17.558: D/PowerManagerService(1678): updateWakeLockSummaryLocked: mWakefulness=Awake, mWakeLockSummary=0x1
03-05 22:47:17.558: D/PowerManagerService(1678): updateUserActivitySummaryLocked: mWakefulness=Awake, mUserActivitySummary=0x4, nextTimeout=-1 (186276 ms ago)
03-05 22:47:17.558: D/PowerManagerService(1678): updateDisplayPowerStateLocked: mDisplayReady=true, policy=2, mWakefulness=1, mWakeLockSummary=0x1, mUserActivitySummary=0x4, mBootCompleted=true, mScreenBrightnessBoostInProgress=false, mIsVrModeEnabled= false, sQuiescent=false
03-05 22:47:17.558: I/PTCommittedOperation(1905): Receive new configuration for com.google.android.gms.places
03-05 22:47:17.560: D/PowerManagerService(1678): releaseWakeLockInternal: lock=77199573 [CMWakeLock], flags=0x0
03-05 22:47:17.560: D/PowerManagerService(1678): updateWakeLockSummaryLocked: mWakefulness=Awake, mWakeLockSummary=0x1
03-05 22:47:17.560: D/PowerManagerService(1678): updateUserActivitySummaryLocked: mWakefulness=Awake, mUserActivitySummary=0x4, nextTimeout=-1 (186278 ms ago)
03-05 22:47:17.560: D/PowerManagerService(1678): updateDisplayPowerStateLocked: mDisplayReady=true, policy=2, mWakefulness=1, mWakeLockSummary=0x1, mUserActivitySummary=0x4, mBootCompleted=true, mScreenBrightnessBoostInProgress=false, mIsVrModeEnabled= false, sQuiescent=false
03-05 22:47:17.571: D/PowerManagerService(1678): releaseWakeLockInternal: lock=88082267 [*net_scheduler*], flags=0x0
03-05 22:47:17.571: D/PowerManagerService(1678): updateWakeLockSummaryLocked: mWakefulness=Awake, mWakeLockSummary=0x1
03-05 22:47:17.571: D/PowerManagerService(1678): updateUserActivitySummaryLocked: mWakefulness=Awake, mUserActivitySummary=0x4, nextTimeout=-1 (186289 ms ago)
03-05 22:47:17.571: D/PowerManagerService(1678): updateDisplayPowerStateLocked: mDisplayReady=true, policy=2, mWakefulness=1, mWakeLockSummary=0x1, mUserActivitySummary=0x4, mBootCompleted=true, mScreenBrightnessBoostInProgress=false, mIsVrModeEnabled= false, sQuiescent=false
03-05 22:47:17.583: D/PowerManagerService(1678): acquireWakeLockInternal: lock=169815862, flags=0x1, tag="*net_scheduler*", ws=WorkSource{10014 com.google.android.gms}, uid=10014, pid=1905
03-05 22:47:17.583: D/PowerManagerService(1678): updateWakeLockSummaryLocked: mWakefulness=Awake, mWakeLockSummary=0x1
03-05 22:47:17.583: D/PowerManagerService(1678): updateUserActivitySummaryLocked: mWakefulness=Awake, mUserActivitySummary=0x4, nextTimeout=-1 (186301 ms ago)
03-05 22:47:17.583: D/PowerManagerService(1678): updateDisplayPowerStateLocked: mDisplayReady=true, policy=2, mWakefulness=1, mWakeLockSummary=0x1, mUserActivitySummary=0x4, mBootCompleted=true, mScreenBrightnessBoostInProgress=false, mIsVrModeEnabled= false, sQuiescent=false
03-05 22:47:17.604: D/PowerManagerService(1678): releaseWakeLockInternal: lock=206967085 [*net_scheduler*], flags=0x0
03-05 22:47:17.604: D/PowerManagerService(1678): updateWakeLockSummaryLocked: mWakefulness=Awake, mWakeLockSummary=0x1
03-05 22:47:17.604: D/PowerManagerService(1678): updateUserActivitySummaryLocked: mWakefulness=Awake, mUserActivitySummary=0x4, nextTimeout=-1 (186322 ms ago)
03-05 22:47:17.604: D/PowerManagerService(1678): updateDisplayPowerStateLocked: mDisplayReady=true, policy=2, mWakefulness=1, mWakeLockSummary=0x1, mUserActivitySummary=0x4, mBootCompleted=true, mScreenBrightnessBoostInProgress=false, mIsVrModeEnabled= false, sQuiescent=false
03-05 22:47:17.605: D/PowerManagerService(1678): acquireWakeLockInternal: lock=206967085, flags=0x1, tag="*net_scheduler*", ws=WorkSource{10014 com.google.android.gms}, uid=10014, pid=1905
03-05 22:47:17.605: D/PowerManagerService(1678): updateWakeLockSummaryLocked: mWakefulness=Awake, mWakeLockSummary=0x1
03-05 22:47:17.605: D/PowerManagerService(1678): updateUserActivitySummaryLocked: mWakefulness=Awake, mUserActivitySummary=0x4, nextTimeout=-1 (186323 ms ago)
03-05 22:47:17.605: D/PowerManagerService(1678): updateDisplayPowerStateLocked: mDisplayReady=true, policy=2, mWakefulness=1, mWakeLockSummary=0x1, mUserActivitySummary=0x4, mBootCompleted=true, mScreenBrightnessBoostInProgress=false, mIsVrModeEnabled= false, sQuiescent=false
03-05 22:47:17.608: W/ModuleInitIntentOp(2301): Dropping unexpected action com.google.android.gms.phenotype.COMMITTED
03-05 22:47:17.610: I/PTCommittedOperation(1905): Receive new configuration for com.google.android.gms.sesame
03-05 22:47:17.611: D/PowerManagerService(1678): releaseWakeLockInternal: lock=206967085 [*net_scheduler*], flags=0x0
03-05 22:47:17.611: D/PowerManagerService(1678): updateWakeLockSummaryLocked: mWakefulness=Awake, mWakeLockSummary=0x1
03-05 22:47:17.611: D/PowerManagerService(1678): updateUserActivitySummaryLocked: mWakefulness=Awake, mUserActivitySummary=0x4, nextTimeout=-1 (186329 ms ago)
03-05 22:47:17.611: D/PowerManagerService(1678): updateDisplayPowerStateLocked: mDisplayReady=true, policy=2, mWakefulness=1, mWakeLockSummary=0x1, mUserActivitySummary=0x4, mBootCompleted=true, mScreenBrightnessBoostInProgress=false, mIsVrModeEnabled= false, sQuiescent=false
03-05 22:47:17.613: D/PowerManagerService(1678): acquireWakeLockInternal: lock=77199573, flags=0x1, tag="CMWakeLock", ws=WorkSource{10014 com.google.android.gms}, uid=10014, pid=1905
03-05 22:47:17.613: D/PowerManagerService(1678): updateWakeLockSummaryLocked: mWakefulness=Awake, mWakeLockSummary=0x1
03-05 22:47:17.613: D/PowerManagerService(1678): updateUserActivitySummaryLocked: mWakefulness=Awake, mUserActivitySummary=0x4, nextTimeout=-1 (186331 ms ago)
03-05 22:47:17.613: D/PowerManagerService(1678): updateDisplayPowerStateLocked: mDisplayReady=true, policy=2, mWakefulness=1, mWakeLockSummary=0x1, mUserActivitySummary=0x4, mBootCompleted=true, mScreenBrightnessBoostInProgress=false, mIsVrModeEnabled= false, sQuiescent=false
03-05 22:47:17.614: D/PowerManagerService(1678): releaseWakeLockInternal: lock=77199573 [CMWakeLock], flags=0x0
03-05 22:47:17.614: D/PowerManagerService(1678): updateWakeLockSummaryLocked: mWakefulness=Awake, mWakeLockSummary=0x1
03-05 22:47:17.614: D/PowerManagerService(1678): updateUserActivitySummaryLocked: mWakefulness=Awake, mUserActivitySummary=0x4, nextTimeout=-1 (186332 ms ago)
03-05 22:47:17.614: D/PowerManagerService(1678): updateDisplayPowerStateLocked: mDisplayReady=true, policy=2, mWakefulness=1, mWakeLockSummary=0x1, mUserActivitySummary=0x4, mBootCompleted=true, mScreenBrightnessBoostInProgress=false, mIsVrModeEnabled= false, sQuiescent=false
03-05 22:47:17.614: D/PowerManagerService(1678): acquireWakeLockInternal: lock=206967085, flags=0x1, tag="*net_scheduler*", ws=WorkSource{10014 com.google.android.gms}, uid=10014, pid=1905
03-05 22:47:17.614: D/PowerManagerService(1678): updateWakeLockSummaryLocked: mWakefulness=Awake, mWakeLockSummary=0x1
03-05 22:47:17.614: D/PowerManagerService(1678): updateUserActivitySummaryLocked: mWakefulness=Awake, mUserActivitySummary=0x4, nextTimeout=-1 (186332 ms ago)
03-05 22:47:17.615: D/PowerManagerService(1678): updateDisplayPowerStateLocked: mDisplayReady=true, policy=2, mWakefulness=1, mWakeLockSummary=0x1, mUserActivitySummary=0x4, mBootCompleted=true, mScreenBrightnessBoostInProgress=false, mIsVrModeEnabled= false, sQuiescent=false
03-05 22:47:17.618: D/PowerManagerService(1678): releaseWakeLockInternal: lock=169815862 [*net_scheduler*], flags=0x0
03-05 22:47:17.618: D/PowerManagerService(1678): updateWakeLockSummaryLocked: mWakefulness=Awake, mWakeLockSummary=0x1
03-05 22:47:17.618: D/PowerManagerService(1678): updateUserActivitySummaryLocked: mWakefulness=Awake, mUserActivitySummary=0x4, nextTimeout=-1 (186336 ms ago)
03-05 22:47:17.618: D/PowerManagerService(1678): updateDisplayPowerStateLocked: mDisplayReady=true, policy=2, mWakefulness=1, mWakeLockSummary=0x1, mUserActivitySummary=0x4, mBootCompleted=true, mScreenBrightnessBoostInProgress=false, mIsVrModeEnabled= false, sQuiescent=false
03-05 22:47:17.633: W/ModuleInitIntentOp(2301): Dropping unexpected action com.google.android.gms.phenotype.COMMITTED
03-05 22:47:17.636: I/PTCommittedOperation(1905): Receive new configuration for com.google.android.gms.signin
03-05 22:47:17.637: D/PowerManagerService(1678): acquireWakeLockInternal: lock=77199573, flags=0x1, tag="CMWakeLock", ws=WorkSource{10014 com.google.android.gms}, uid=10014, pid=1905
03-05 22:47:17.637: D/PowerManagerService(1678): updateWakeLockSummaryLocked: mWakefulness=Awake, mWakeLockSummary=0x1
03-05 22:47:17.637: D/PowerManagerService(1678): updateUserActivitySummaryLocked: mWakefulness=Awake, mUserActivitySummary=0x4, nextTimeout=-1 (186355 ms ago)
03-05 22:47:17.637: D/PowerManagerService(1678): updateDisplayPowerStateLocked: mDisplayReady=true, policy=2, mWakefulness=1, mWakeLockSummary=0x1, mUserActivitySummary=0x4, mBootCompleted=true, mScreenBrightnessBoostInProgress=false, mIsVrModeEnabled= false, sQuiescent=false
03-05 22:47:17.638: D/PowerManagerService(1678): releaseWakeLockInternal: lock=77199573 [CMWakeLock], flags=0x0
03-05 22:47:17.638: D/PowerManagerService(1678): updateWakeLockSummaryLocked: mWakefulness=Awake, mWakeLockSummary=0x1
03-05 22:47:17.638: D/PowerManagerService(1678): updateUserActivitySummaryLocked: mWakefulness=Awake, mUserActivitySummary=0x4, nextTimeout=-1 (186356 ms ago)
03-05 22:47:17.638: D/PowerManagerService(1678): updateDisplayPowerStateLocked: mDisplayReady=true, policy=2, mWakefulness=1, mWakeLockSummary=0x1, mUserActivitySummary=0x4, mBootCompleted=true, mScreenBrightnessBoostInProgress=false, mIsVrModeEnabled= false, sQuiescent=false
03-05 22:47:17.645: D/PowerManagerService(1678): acquireWakeLockInternal: lock=170330306, flags=0x1, tag="*net_scheduler*", ws=WorkSource{10014 com.google.android.gms}, uid=10014, pid=1905
03-05 22:47:17.645: D/PowerManagerService(1678): updateWakeLockSummaryLocked: mWakefulness=Awake, mWakeLockSummary=0x1
03-05 22:47:17.645: D/PowerManagerService(1678): updateUserActivitySummaryLocked: mWakefulness=Awake, mUserActivitySummary=0x4, nextTimeout=-1 (186363 ms ago)
03-05 22:47:17.645: D/PowerManagerService(1678): updateDisplayPowerStateLocked: mDisplayReady=true, policy=2, mWakefulness=1, mWakeLockSummary=0x1, mUserActivitySummary=0x4, mBootCompleted=true, mScreenBrightnessBoostInProgress=false, mIsVrModeEnabled= false, sQuiescent=false
03-05 22:47:17.653: I/PTCommittedOperation(1905): Receive new configuration for com.google.android.gms.auth.proximity
03-05 22:47:17.653: W/ModuleInitIntentOp(2301): Dropping unexpected action com.google.android.gms.phenotype.COMMITTED
03-05 22:47:17.655: D/PowerManagerService(1678): acquireWakeLockInternal: lock=77199573, flags=0x1, tag="CMWakeLock", ws=WorkSource{10014 com.google.android.gms}, uid=10014, pid=1905
03-05 22:47:17.655: D/PowerManagerService(1678): updateWakeLockSummaryLocked: mWakefulness=Awake, mWakeLockSummary=0x1
03-05 22:47:17.655: D/PowerManagerService(1678): updateUserActivitySummaryLocked: mWakefulness=Awake, mUserActivitySummary=0x4, nextTimeout=-1 (186373 ms ago)
03-05 22:47:17.655: D/PowerManagerService(1678): updateDisplayPowerStateLocked: mDisplayReady=true, policy=2, mWakefulness=1, mWakeLockSummary=0x1, mUserActivitySummary=0x4, mBootCompleted=true, mScreenBrightnessBoostInProgress=false, mIsVrModeEnabled= false, sQuiescent=false
03-05 22:47:17.658: D/PowerManagerService(1678): releaseWakeLockInternal: lock=77199573 [CMWakeLock], flags=0x0
03-05 22:47:17.658: D/PowerManagerService(1678): updateWakeLockSummaryLocked: mWakefulness=Awake, mWakeLockSummary=0x1
03-05 22:47:17.658: D/PowerManagerService(1678): updateUserActivitySummaryLocked: mWakefulness=Awake, mUserActivitySummary=0x4, nextTimeout=-1 (186376 ms ago)
03-05 22:47:17.658: D/PowerManagerService(1678): updateDisplayPowerStateLocked: mDisplayReady=true, policy=2, mWakefulness=1, mWakeLockSummary=0x1, mUserActivitySummary=0x4, mBootCompleted=true, mScreenBrightnessBoostInProgress=false, mIsVrModeEnabled= false, sQuiescent=false
03-05 22:47:17.672: W/ModuleInitIntentOp(2301): Dropping unexpected action com.google.android.gms.phenotype.COMMITTED
03-05 22:47:17.679: I/PTCommittedOperation(1905): Receive new configuration for com.google.android.gms.update
03-05 22:47:17.680: D/PowerManagerService(1678): acquireWakeLockInternal: lock=77199573, flags=0x1, tag="CMWakeLock", ws=WorkSource{10014 com.google.android.gms}, uid=10014, pid=1905
03-05 22:47:17.680: D/PowerManagerService(1678): updateWakeLockSummaryLocked: mWakefulness=Awake, mWakeLockSummary=0x1
03-05 22:47:17.680: D/PowerManagerService(1678): updateUserActivitySummaryLocked: mWakefulness=Awake, mUserActivitySummary=0x4, nextTimeout=-1 (186398 ms ago)
03-05 22:47:17.680: D/PowerManagerService(1678): updateDisplayPowerStateLocked: mDisplayReady=true, policy=2, mWakefulness=1, mWakeLockSummary=0x1, mUserActivitySummary=0x4, mBootCompleted=true, mScreenBrightnessBoostInProgress=false, mIsVrModeEnabled= false, sQuiescent=false
03-05 22:47:17.681: D/PowerManagerService(1678): releaseWakeLockInternal: lock=77199573 [CMWakeLock], flags=0x0
03-05 22:47:17.681: D/PowerManagerService(1678): updateWakeLockSummaryLocked: mWakefulness=Awake, mWakeLockSummary=0x1
03-05 22:47:17.681: D/PowerManagerService(1678): updateUserActivitySummaryLocked: mWakefulness=Awake, mUserActivitySummary=0x4, nextTimeout=-1 (186399 ms ago)
03-05 22:47:17.681: D/PowerManagerService(1678): updateDisplayPowerStateLocked: mDisplayReady=true, policy=2, mWakefulness=1, mWakeLockSummary=0x1, mUserActivitySummary=0x4, mBootCompleted=true, mScreenBrightnessBoostInProgress=false, mIsVrModeEnabled= false, sQuiescent=false
03-05 22:47:17.701: D/PowerManagerService(1678): releaseWakeLockInternal: lock=206967085 [*net_scheduler*], flags=0x0
03-05 22:47:17.701: D/PowerManagerService(1678): updateWakeLockSummaryLocked: mWakefulness=Awake, mWakeLockSummary=0x1
03-05 22:47:17.701: D/PowerManagerService(1678): updateUserActivitySummaryLocked: mWakefulness=Awake, mUserActivitySummary=0x4, nextTimeout=-1 (186419 ms ago)
03-05 22:47:17.701: D/PowerManagerService(1678): updateDisplayPowerStateLocked: mDisplayReady=true, policy=2, mWakefulness=1, mWakeLockSummary=0x1, mUserActivitySummary=0x4, mBootCompleted=true, mScreenBrightnessBoostInProgress=false, mIsVrModeEnabled= false, sQuiescent=false
03-05 22:47:17.701: D/PowerManagerService(1678): acquireWakeLockInternal: lock=206967085, flags=0x1, tag="*net_scheduler*", ws=WorkSource{10014 com.google.android.gms}, uid=10014, pid=1905
03-05 22:47:17.702: D/PowerManagerService(1678): updateWakeLockSummaryLocked: mWakefulness=Awake, mWakeLockSummary=0x1
03-05 22:47:17.702: D/PowerManagerService(1678): updateUserActivitySummaryLocked: mWakefulness=Awake, mUserActivitySummary=0x4, nextTimeout=-1 (186419 ms ago)
03-05 22:47:17.702: D/PowerManagerService(1678): updateDisplayPowerStateLocked: mDisplayReady=true, policy=2, mWakefulness=1, mWakeLockSummary=0x1, mUserActivitySummary=0x4, mBootCompleted=true, mScreenBrightnessBoostInProgress=false, mIsVrModeEnabled= false, sQuiescent=false
03-05 22:47:17.707: I/PTCommittedOperation(1905): Receive new configuration for com.google.android.gms.auth_authzen
03-05 22:47:17.708: D/PowerManagerService(1678): acquireWakeLockInternal: lock=77199573, flags=0x1, tag="CMWakeLock", ws=WorkSource{10014 com.google.android.gms}, uid=10014, pid=1905
03-05 22:47:17.708: D/PowerManagerService(1678): updateWakeLockSummaryLocked: mWakefulness=Awake, mWakeLockSummary=0x1
03-05 22:47:17.708: D/PowerManagerService(1678): updateUserActivitySummaryLocked: mWakefulness=Awake, mUserActivitySummary=0x4, nextTimeout=-1 (186426 ms ago)
03-05 22:47:17.708: D/PowerManagerService(1678): updateDisplayPowerStateLocked: mDisplayReady=true, policy=2, mWakefulness=1, mWakeLockSummary=0x1, mUserActivitySummary=0x4, mBootCompleted=true, mScreenBrightnessBoostInProgress=false, mIsVrModeEnabled= false, sQuiescent=false
03-05 22:47:17.709: D/PowerManagerService(1678): releaseWakeLockInternal: lock=77199573 [CMWakeLock], flags=0x0
03-05 22:47:17.709: D/PowerManagerService(1678): updateWakeLockSummaryLocked: mWakefulness=Awake, mWakeLockSummary=0x1
03-05 22:47:17.709: D/PowerManagerService(1678): updateUserActivitySummaryLocked: mWakefulness=Awake, mUserActivitySummary=0x4, nextTimeout=-1 (186426 ms ago)
03-05 22:47:17.709: D/PowerManagerService(1678): updateDisplayPowerStateLocked: mDisplayReady=true, policy=2, mWakefulness=1, mWakeLockSummary=0x1, mUserActivitySummary=0x4, mBootCompleted=true, mScreenBrightnessBoostInProgress=false, mIsVrModeEnabled= false, sQuiescent=false
03-05 22:47:17.722: W/ModuleInitIntentOp(2301): Dropping unexpected action com.google.android.gms.phenotype.COMMITTED
03-05 22:47:17.731: I/zygote(2301): Deoptimizing boolean puf.a() due to JIT inline cache
03-05 22:47:17.748: D/PowerManagerService(1678): acquireWakeLockInternal: lock=142186561, flags=0x1, tag="*net_scheduler*", ws=WorkSource{10014 com.google.android.gms}, uid=10014, pid=1905
03-05 22:47:17.748: D/PowerManagerService(1678): updateWakeLockSummaryLocked: mWakefulness=Awake, mWakeLockSummary=0x1
03-05 22:47:17.748: D/PowerManagerService(1678): updateUserActivitySummaryLocked: mWakefulness=Awake, mUserActivitySummary=0x4, nextTimeout=-1 (186466 ms ago)
03-05 22:47:17.748: D/PowerManagerService(1678): updateDisplayPowerStateLocked: mDisplayReady=true, policy=2, mWakefulness=1, mWakeLockSummary=0x1, mUserActivitySummary=0x4, mBootCompleted=true, mScreenBrightnessBoostInProgress=false, mIsVrModeEnabled= false, sQuiescent=false
03-05 22:47:17.769: I/VacuumService(1905): Vacuum at: now=1551854837769 tag=VacuumService
03-05 22:47:17.775: W/ModuleInitIntentOp(2301): Dropping unexpected action com.google.android.gms.phenotype.COMMITTED
03-05 22:47:17.780: I/PTCommittedOperation(1905): Receive new configuration for com.google.android.gms.vision
03-05 22:47:17.781: D/PowerManagerService(1678): acquireWakeLockInternal: lock=77199573, flags=0x1, tag="CMWakeLock", ws=WorkSource{10014 com.google.android.gms}, uid=10014, pid=1905
03-05 22:47:17.781: D/PowerManagerService(1678): updateWakeLockSummaryLocked: mWakefulness=Awake, mWakeLockSummary=0x1
03-05 22:47:17.781: D/PowerManagerService(1678): updateUserActivitySummaryLocked: mWakefulness=Awake, mUserActivitySummary=0x4, nextTimeout=-1 (186498 ms ago)
03-05 22:47:17.781: D/PowerManagerService(1678): updateDisplayPowerStateLocked: mDisplayReady=true, policy=2, mWakefulness=1, mWakeLockSummary=0x1, mUserActivitySummary=0x4, mBootCompleted=true, mScreenBrightnessBoostInProgress=false, mIsVrModeEnabled= false, sQuiescent=false
03-05 22:47:17.781: D/PowerManagerService(1678): releaseWakeLockInternal: lock=77199573 [CMWakeLock], flags=0x0
03-05 22:47:17.781: D/PowerManagerService(1678): updateWakeLockSummaryLocked: mWakefulness=Awake, mWakeLockSummary=0x1
03-05 22:47:17.781: D/PowerManagerService(1678): updateUserActivitySummaryLocked: mWakefulness=Awake, mUserActivitySummary=0x4, nextTimeout=-1 (186499 ms ago)
03-05 22:47:17.781: D/PowerManagerService(1678): updateDisplayPowerStateLocked: mDisplayReady=true, policy=2, mWakefulness=1, mWakeLockSummary=0x1, mUserActivitySummary=0x4, mBootCompleted=true, mScreenBrightnessBoostInProgress=false, mIsVrModeEnabled= false, sQuiescent=false
03-05 22:47:17.796: D/PowerManagerService(1678): releaseWakeLockInternal: lock=206967085 [*net_scheduler*], flags=0x0
03-05 22:47:17.797: D/PowerManagerService(1678): updateWakeLockSummaryLocked: mWakefulness=Awake, mWakeLockSummary=0x1
03-05 22:47:17.797: D/PowerManagerService(1678): updateUserActivitySummaryLocked: mWakefulness=Awake, mUserActivitySummary=0x4, nextTimeout=-1 (186514 ms ago)
03-05 22:47:17.797: D/PowerManagerService(1678): updateDisplayPowerStateLocked: mDisplayReady=true, policy=2, mWakefulness=1, mWakeLockSummary=0x1, mUserActivitySummary=0x4, mBootCompleted=true, mScreenBrightnessBoostInProgress=false, mIsVrModeEnabled= false, sQuiescent=false
03-05 22:47:17.817: I/PTCommittedOperation(1905): Receive new configuration for com.google.android.gms.wallet
03-05 22:47:17.817: W/ModuleInitIntentOp(2301): Dropping unexpected action com.google.android.gms.phenotype.COMMITTED
03-05 22:47:17.819: D/PowerManagerService(1678): acquireWakeLockInternal: lock=77199573, flags=0x1, tag="CMWakeLock", ws=WorkSource{10014 com.google.android.gms}, uid=10014, pid=1905
03-05 22:47:17.819: D/PowerManagerService(1678): updateWakeLockSummaryLocked: mWakefulness=Awake, mWakeLockSummary=0x1
03-05 22:47:17.819: D/PowerManagerService(1678): updateUserActivitySummaryLocked: mWakefulness=Awake, mUserActivitySummary=0x4, nextTimeout=-1 (186537 ms ago)
03-05 22:47:17.819: D/PowerManagerService(1678): updateDisplayPowerStateLocked: mDisplayReady=true, policy=2, mWakefulness=1, mWakeLockSummary=0x1, mUserActivitySummary=0x4, mBootCompleted=true, mScreenBrightnessBoostInProgress=false, mIsVrModeEnabled= false, sQuiescent=false
03-05 22:47:17.823: D/PowerManagerService(1678): releaseWakeLockInternal: lock=77199573 [CMWakeLock], flags=0x0
03-05 22:47:17.823: D/PowerManagerService(1678): updateWakeLockSummaryLocked: mWakefulness=Awake, mWakeLockSummary=0x1
03-05 22:47:17.823: D/PowerManagerService(1678): updateUserActivitySummaryLocked: mWakefulness=Awake, mUserActivitySummary=0x4, nextTimeout=-1 (186541 ms ago)
03-05 22:47:17.823: D/PowerManagerService(1678): updateDisplayPowerStateLocked: mDisplayReady=true, policy=2, mWakefulness=1, mWakeLockSummary=0x1, mUserActivitySummary=0x4, mBootCompleted=true, mScreenBrightnessBoostInProgress=false, mIsVrModeEnabled= false, sQuiescent=false
03-05 22:47:17.836: E/NetworkScheduler(1905): Invalid component specified.
03-05 22:47:17.843: D/PowerManagerService(1678): acquireWakeLockInternal: lock=206967085, flags=0x1, tag="*net_scheduler*", ws=WorkSource{10014 com.google.android.gms}, uid=10014, pid=1905
03-05 22:47:17.843: D/PowerManagerService(1678): updateWakeLockSummaryLocked: mWakefulness=Awake, mWakeLockSummary=0x1
03-05 22:47:17.843: D/PowerManagerService(1678): updateUserActivitySummaryLocked: mWakefulness=Awake, mUserActivitySummary=0x4, nextTimeout=-1 (186561 ms ago)
03-05 22:47:17.843: D/PowerManagerService(1678): updateDisplayPowerStateLocked: mDisplayReady=true, policy=2, mWakefulness=1, mWakeLockSummary=0x1, mUserActivitySummary=0x4, mBootCompleted=true, mScreenBrightnessBoostInProgress=false, mIsVrModeEnabled= false, sQuiescent=false
03-05 22:47:17.848: W/dex2oat(4881): Unexpected CPU variant for X86 using defaults: x86
03-05 22:47:17.848: W/dex2oat(4881): Mismatch between dex2oat instruction set features (ISA: X86 Feature string: -ssse3,-sse4.1,-sse4.2,-avx,-avx2,-popcnt) and those of dex2oat executable (ISA: X86 Feature string: ssse3,-sse4.1,-sse4.2,-avx,-avx2,-popcnt) for the command line:
03-05 22:47:17.848: W/dex2oat(4881): /system/bin/dex2oat --instruction-set=x86 --instruction-set-features=ssse3,-sse4.1,-sse4.2,-avx,-avx2,-popcnt --runtime-arg -Xrelocate --boot-image=/system/framework/boot.art --runtime-arg -Xms64m --runtime-arg -Xmx512m --instruction-set-variant=x86 --instruction-set-features=default --dex-file=/data/data/com.google.android.gms/cache/1529567361524.jar --output-vdex-fd=120 --oat-fd=121 --oat-location=/data/data/com.google.android.gms/cache/oat/x86/1529567361524.odex --compiler-filter=quicken --class-loader-context=PCL[];PCL[/system/framework/com.android.media.remotedisplay.jar:/system/framework/com.android.location.provider.jar:/data/app/com.google.android.gms-JbsTxvncBstMqbo2RgRj7w==/base.apk]
03-05 22:47:17.848: I/dex2oat(4881): /system/bin/dex2oat --dex-file=/data/data/com.google.android.gms/cache/1529567361524.jar --output-vdex-fd=120 --oat-fd=121 --oat-location=/data/data/com.google.android.gms/cache/oat/x86/1529567361524.odex --compiler-filter=quicken --class-loader-context=PCL[];PCL[/system/framework/com.android.media.remotedisplay.jar:/system/framework/com.android.location.provider.jar:/data/app/com.google.android.gms-JbsTxvncBstMqbo2RgRj7w==/base.apk]
03-05 22:47:17.853: D/PowerManagerService(1678): releaseWakeLockInternal: lock=142186561 [*net_scheduler*], flags=0x0
03-05 22:47:17.853: D/PowerManagerService(1678): updateWakeLockSummaryLocked: mWakefulness=Awake, mWakeLockSummary=0x1
03-05 22:47:17.853: D/PowerManagerService(1678): updateUserActivitySummaryLocked: mWakefulness=Awake, mUserActivitySummary=0x4, nextTimeout=-1 (186571 ms ago)
03-05 22:47:17.853: D/PowerManagerService(1678): updateDisplayPowerStateLocked: mDisplayReady=true, policy=2, mWakefulness=1, mWakeLockSummary=0x1, mUserActivitySummary=0x4, mBootCompleted=true, mScreenBrightnessBoostInProgress=false, mIsVrModeEnabled= false, sQuiescent=false
03-05 22:47:17.860: W/ModuleInitIntentOp(2301): Dropping unexpected action com.google.android.gms.phenotype.COMMITTED
03-05 22:47:17.863: I/PTCommittedOperation(1905): Receive new configuration for com.google.android.gms.cast_mirroring
03-05 22:47:17.864: D/PowerManagerService(1678): acquireWakeLockInternal: lock=77199573, flags=0x1, tag="CMWakeLock", ws=WorkSource{10014 com.google.android.gms}, uid=10014, pid=1905
03-05 22:47:17.864: D/PowerManagerService(1678): updateWakeLockSummaryLocked: mWakefulness=Awake, mWakeLockSummary=0x1
03-05 22:47:17.864: D/PowerManagerService(1678): updateUserActivitySummaryLocked: mWakefulness=Awake, mUserActivitySummary=0x4, nextTimeout=-1 (186582 ms ago)
03-05 22:47:17.864: D/PowerManagerService(1678): updateDisplayPowerStateLocked: mDisplayReady=true, policy=2, mWakefulness=1, mWakeLockSummary=0x1, mUserActivitySummary=0x4, mBootCompleted=true, mScreenBrightnessBoostInProgress=false, mIsVrModeEnabled= false, sQuiescent=false
03-05 22:47:17.865: D/PowerManagerService(1678): releaseWakeLockInternal: lock=77199573 [CMWakeLock], flags=0x0
03-05 22:47:17.865: D/PowerManagerService(1678): updateWakeLockSummaryLocked: mWakefulness=Awake, mWakeLockSummary=0x1
03-05 22:47:17.865: D/PowerManagerService(1678): updateUserActivitySummaryLocked: mWakefulness=Awake, mUserActivitySummary=0x4, nextTimeout=-1 (186583 ms ago)
03-05 22:47:17.865: D/PowerManagerService(1678): updateDisplayPowerStateLocked: mDisplayReady=true, policy=2, mWakefulness=1, mWakeLockSummary=0x1, mUserActivitySummary=0x4, mBootCompleted=true, mScreenBrightnessBoostInProgress=false, mIsVrModeEnabled= false, sQuiescent=false
03-05 22:47:17.886: D/PowerManagerService(1678): releaseWakeLockInternal: lock=206967085 [*net_scheduler*], flags=0x0
03-05 22:47:17.886: D/PowerManagerService(1678): updateWakeLockSummaryLocked: mWakefulness=Awake, mWakeLockSummary=0x1
03-05 22:47:17.886: D/PowerManagerService(1678): updateUserActivitySummaryLocked: mWakefulness=Awake, mUserActivitySummary=0x4, nextTimeout=-1 (186604 ms ago)
03-05 22:47:17.886: D/PowerManagerService(1678): updateDisplayPowerStateLocked: mDisplayReady=true, policy=2, mWakefulness=1, mWakeLockSummary=0x1, mUserActivitySummary=0x4, mBootCompleted=true, mScreenBrightnessBoostInProgress=false, mIsVrModeEnabled= false, sQuiescent=false
03-05 22:47:17.886: D/PowerManagerService(1678): acquireWakeLockInternal: lock=206967085, flags=0x1, tag="*net_scheduler*", ws=WorkSource{10014 com.google.android.gms}, uid=10014, pid=1905
03-05 22:47:17.886: D/PowerManagerService(1678): updateWakeLockSummaryLocked: mWakefulness=Awake, mWakeLockSummary=0x1
03-05 22:47:17.886: D/PowerManagerService(1678): updateUserActivitySummaryLocked: mWakefulness=Awake, mUserActivitySummary=0x4, nextTimeout=-1 (186604 ms ago)
