03-15 20:38:50.437: W/dex2oat(4748): Method processed more than once: boolean android.support.v7.widget.SwitchCompat.onTouchEvent(android.view.MotionEvent)
03-15 20:38:50.437: W/dex2oat(4748): Method processed more than once: void android.support.v7.widget.SwitchCompat.setChecked(boolean)
03-15 20:38:50.437: W/dex2oat(4748): Method processed more than once: void android.support.v7.widget.SwitchCompat.setCustomSelectionActionModeCallback(android.view.ActionMode$Callback)
03-15 20:38:50.437: W/dex2oat(4748): Method processed more than once: void android.support.v7.widget.SwitchCompat.setShowText(boolean)
03-15 20:38:50.437: W/dex2oat(4748): Method processed more than once: void android.support.v7.widget.SwitchCompat.setSplitTrack(boolean)
03-15 20:38:50.437: W/dex2oat(4748): Method processed more than once: void android.support.v7.widget.SwitchCompat.setSwitchMinWidth(int)
03-15 20:38:50.437: W/dex2oat(4748): Method processed more than once: void android.support.v7.widget.SwitchCompat.setSwitchPadding(int)
03-15 20:38:50.437: W/dex2oat(4748): Method processed more than once: void android.support.v7.widget.SwitchCompat.setSwitchTextAppearance(android.content.Context, int)
03-15 20:38:50.437: W/dex2oat(4748): Method processed more than once: void android.support.v7.widget.SwitchCompat.setSwitchTypeface(android.graphics.Typeface)
03-15 20:38:50.437: W/dex2oat(4748): Method processed more than once: void android.support.v7.widget.SwitchCompat.setSwitchTypeface(android.graphics.Typeface, int)
03-15 20:38:50.437: W/dex2oat(4748): Method processed more than once: void android.support.v7.widget.SwitchCompat.setTextOff(java.lang.CharSequence)
03-15 20:38:50.437: W/dex2oat(4748): Method processed more than once: void android.support.v7.widget.SwitchCompat.setTextOn(java.lang.CharSequence)
03-15 20:38:50.437: W/dex2oat(4748): Method processed more than once: void android.support.v7.widget.SwitchCompat.setThumbDrawable(android.graphics.drawable.Drawable)
03-15 20:38:50.437: W/dex2oat(4748): Method processed more than once: void android.support.v7.widget.SwitchCompat.setThumbPosition(float)
03-15 20:38:50.437: W/dex2oat(4748): Method processed more than once: void android.support.v7.widget.SwitchCompat.setThumbResource(int)
03-15 20:38:50.437: W/dex2oat(4748): Method processed more than once: void android.support.v7.widget.SwitchCompat.setThumbTextPadding(int)
03-15 20:38:50.437: W/dex2oat(4748): Method processed more than once: void android.support.v7.widget.SwitchCompat.setThumbTintList(android.content.res.ColorStateList)
03-15 20:38:50.438: W/dex2oat(4748): Method processed more than once: void android.support.v7.widget.SwitchCompat.setThumbTintMode(android.graphics.PorterDuff$Mode)
03-15 20:38:50.438: W/dex2oat(4748): Method processed more than once: void android.support.v7.widget.SwitchCompat.setTrackDrawable(android.graphics.drawable.Drawable)
03-15 20:38:50.438: W/dex2oat(4748): Method processed more than once: void androidx.cardview.widget.CardView.<clinit>()
03-15 20:38:50.438: W/dex2oat(4748): Method processed more than once: void android.support.v7.widget.SwitchCompat.setTrackResource(int)
03-15 20:38:50.438: W/dex2oat(4748): Method processed more than once: void androidx.cardview.widget.CardView.<init>(android.content.Context)
03-15 20:38:50.438: W/dex2oat(4748): Method processed more than once: void androidx.cardview.widget.CardView.<init>(android.content.Context, android.util.AttributeSet)
03-15 20:38:50.438: W/dex2oat(4748): Method processed more than once: void androidx.cardview.widget.CardView.<init>(android.content.Context, android.util.AttributeSet, int)
03-15 20:38:50.438: W/dex2oat(4748): Method processed more than once: void androidx.cardview.widget.CardView.access$001(androidx.cardview.widget.CardView, int, int, int, int)
03-15 20:38:50.438: W/dex2oat(4748): Method processed more than once: void androidx.cardview.widget.CardView.access$101(androidx.cardview.widget.CardView, int)
03-15 20:38:50.438: W/dex2oat(4748): Method processed more than once: void androidx.cardview.widget.CardView.access$201(androidx.cardview.widget.CardView, int)
03-15 20:38:50.438: W/dex2oat(4748): Method processed more than once: android.content.res.ColorStateList androidx.cardview.widget.CardView.getCardBackgroundColor()
03-15 20:38:50.438: W/dex2oat(4748): Method processed more than once: float androidx.cardview.widget.CardView.getCardElevation()
03-15 20:38:50.438: W/dex2oat(4748): Method processed more than once: int androidx.cardview.widget.CardView.getContentPaddingBottom()
03-15 20:38:50.438: W/dex2oat(4748): Method processed more than once: int androidx.cardview.widget.CardView.getContentPaddingLeft()
03-15 20:38:50.438: W/dex2oat(4748): Method processed more than once: int androidx.cardview.widget.CardView.getContentPaddingRight()
03-15 20:38:50.438: W/dex2oat(4748): Method processed more than once: int androidx.cardview.widget.CardView.getContentPaddingTop()
03-15 20:38:50.438: W/dex2oat(4748): Method processed more than once: float androidx.cardview.widget.CardView.getMaxCardElevation()
03-15 20:38:50.438: W/dex2oat(4748): Method processed more than once: boolean androidx.cardview.widget.CardView.getPreventCornerOverlap()
03-15 20:38:50.438: W/dex2oat(4748): Method processed more than once: float androidx.cardview.widget.CardView.getRadius()
03-15 20:38:50.438: W/dex2oat(4748): Method processed more than once: boolean androidx.cardview.widget.CardView.getUseCompatPadding()
03-15 20:38:50.438: W/dex2oat(4748): Method processed more than once: void android.support.v7.widget.SwitchCompat.setTrackTintList(android.content.res.ColorStateList)
03-15 20:38:50.438: W/dex2oat(4748): Method processed more than once: void android.support.v7.widget.SwitchCompat.setTrackTintMode(android.graphics.PorterDuff$Mode)
03-15 20:38:50.438: W/dex2oat(4748): Method processed more than once: void android.support.v7.widget.SwitchCompat.toggle()
03-15 20:38:50.438: W/dex2oat(4748): Method processed more than once: boolean android.support.v7.widget.SwitchCompat.verifyDrawable(android.graphics.drawable.Drawable)
03-15 20:38:50.438: W/dex2oat(4748): Method processed more than once: void androidx.cardview.widget.CardView.onMeasure(int, int)
03-15 20:38:50.438: W/dex2oat(4748): Method processed more than once: void androidx.cardview.widget.CardView.setCardBackgroundColor(int)
03-15 20:38:50.438: W/dex2oat(4748): Method processed more than once: void androidx.cardview.widget.CardView.setCardBackgroundColor(android.content.res.ColorStateList)
03-15 20:38:50.438: W/dex2oat(4748): Method processed more than once: void androidx.cardview.widget.CardView.setCardElevation(float)
03-15 20:38:50.438: W/dex2oat(4748): Method processed more than once: void androidx.cardview.widget.CardView.setContentPadding(int, int, int, int)
03-15 20:38:50.438: W/dex2oat(4748): Method processed more than once: void androidx.cardview.widget.CardView.setMaxCardElevation(float)
03-15 20:38:50.438: W/dex2oat(4748): Method processed more than once: void androidx.cardview.widget.CardView.setMinimumHeight(int)
03-15 20:38:50.439: W/dex2oat(4748): Method processed more than once: void androidx.cardview.widget.CardView.setMinimumWidth(int)
03-15 20:38:50.439: W/dex2oat(4748): Method processed more than once: void androidx.cardview.widget.CardView.setPadding(int, int, int, int)
03-15 20:38:50.439: W/dex2oat(4748): Method processed more than once: void androidx.cardview.widget.CardView.setPaddingRelative(int, int, int, int)
03-15 20:38:50.439: W/dex2oat(4748): Method processed more than once: void androidx.cardview.widget.CardView.setPreventCornerOverlap(boolean)
03-15 20:38:50.439: W/dex2oat(4748): Method processed more than once: void androidx.cardview.widget.CardView.setRadius(float)
03-15 20:38:50.439: W/dex2oat(4748): Method processed more than once: void androidx.cardview.widget.CardView.setUseCompatPadding(boolean)
03-15 20:38:50.449: W/dex2oat(4748): Method processed more than once: void android.support.v4.app.SupportActivity.<init>()
03-15 20:38:50.449: W/dex2oat(4748): Method processed more than once: boolean android.support.v4.app.SupportActivity.dispatchKeyEvent(android.view.KeyEvent)
03-15 20:38:50.449: W/dex2oat(4748): Method processed more than once: boolean android.support.v4.app.SupportActivity.dispatchKeyShortcutEvent(android.view.KeyEvent)
03-15 20:38:50.449: W/dex2oat(4748): Method processed more than once: android.support.v4.app.SupportActivity$ExtraData android.support.v4.app.SupportActivity.getExtraData(java.lang.Class)
03-15 20:38:50.449: W/dex2oat(4748): Method processed more than once: android.arch.lifecycle.Lifecycle android.support.v4.app.SupportActivity.getLifecycle()
03-15 20:38:50.449: W/dex2oat(4748): Method processed more than once: void android.support.v4.app.SupportActivity.onCreate(android.os.Bundle)
03-15 20:38:50.449: W/dex2oat(4748): Method processed more than once: void android.support.v4.app.SupportActivity.onSaveInstanceState(android.os.Bundle)
03-15 20:38:50.449: W/dex2oat(4748): Method processed more than once: void android.support.v4.app.SupportActivity.putExtraData(android.support.v4.app.SupportActivity$ExtraData)
03-15 20:38:50.449: W/dex2oat(4748): Method processed more than once: boolean android.support.v4.app.SupportActivity.superDispatchKeyEvent(android.view.KeyEvent)
03-15 20:38:50.459: W/dex2oat(4748): Method processed more than once: void android.support.v7.widget.AppCompatTextView.<init>(android.content.Context)
03-15 20:38:50.459: W/dex2oat(4748): Method processed more than once: void android.support.v7.widget.AppCompatTextView.<init>(android.content.Context, android.util.AttributeSet)
03-15 20:38:50.459: W/dex2oat(4748): Method processed more than once: void android.support.v7.widget.AppCompatTextView.<init>(android.content.Context, android.util.AttributeSet, int)
03-15 20:38:50.459: W/dex2oat(4748): Method processed more than once: void android.support.v7.widget.AppCompatTextView.consumeTextFutureAndSetBlocking()
03-15 20:38:50.459: W/dex2oat(4748): Method processed more than once: void android.support.v7.widget.AppCompatTextView.drawableStateChanged()
03-15 20:38:50.459: W/dex2oat(4748): Method processed more than once: int android.support.v7.widget.AppCompatTextView.getAutoSizeMaxTextSize()
03-15 20:38:50.459: W/dex2oat(4748): Method processed more than once: int android.support.v7.widget.AppCompatTextView.getAutoSizeMinTextSize()
03-15 20:38:50.459: W/dex2oat(4748): Method processed more than once: int android.support.v7.widget.AppCompatTextView.getAutoSizeStepGranularity()
03-15 20:38:50.459: W/dex2oat(4748): Method processed more than once: int[] android.support.v7.widget.AppCompatTextView.getAutoSizeTextAvailableSizes()
03-15 20:38:50.459: W/dex2oat(4748): Method processed more than once: int android.support.v7.widget.AppCompatTextView.getAutoSizeTextType()
03-15 20:38:50.459: W/dex2oat(4748): Method processed more than once: int android.support.v7.widget.AppCompatTextView.getFirstBaselineToTopHeight()
03-15 20:38:50.459: W/dex2oat(4748): Method processed more than once: int android.support.v7.widget.AppCompatTextView.getLastBaselineToBottomHeight()
03-15 20:38:50.459: W/dex2oat(4748): Method processed more than once: android.content.res.ColorStateList android.support.v7.widget.AppCompatTextView.getSupportBackgroundTintList()
03-15 20:38:50.459: W/dex2oat(4748): Method processed more than once: android.graphics.PorterDuff$Mode android.support.v7.widget.AppCompatTextView.getSupportBackgroundTintMode()
03-15 20:38:50.459: W/dex2oat(4748): Method processed more than once: java.lang.CharSequence android.support.v7.widget.AppCompatTextView.getText()
03-15 20:38:50.459: W/dex2oat(4748): Method processed more than once: android.support.v4.text.PrecomputedTextCompat$Params android.support.v7.widget.AppCompatTextView.getTextMetricsParamsCompat()
03-15 20:38:50.459: W/dex2oat(4748): Method processed more than once: android.view.inputmethod.InputConnection android.support.v7.widget.AppCompatTextView.onCreateInputConnection(android.view.inputmethod.EditorInfo)
03-15 20:38:50.459: W/dex2oat(4748): Method processed more than once: void android.support.v7.widget.AppCompatTextView.onLayout(boolean, int, int, int, int)
03-15 20:38:50.459: W/dex2oat(4748): Method processed more than once: void android.support.v7.widget.AppCompatTextView.onMeasure(int, int)
03-15 20:38:50.459: W/dex2oat(4748): Method processed more than once: void android.support.v7.widget.AppCompatTextView.onTextChanged(java.lang.CharSequence, int, int, int)
03-15 20:38:50.459: W/dex2oat(4748): Method processed more than once: void android.support.v7.widget.AppCompatTextView.setAutoSizeTextTypeUniformWithConfiguration(int, int, int, int)
03-15 20:38:50.459: W/dex2oat(4748): Method processed more than once: void android.support.v7.widget.AppCompatTextView.setAutoSizeTextTypeUniformWithPresetSizes(int[], int)
03-15 20:38:50.459: W/dex2oat(4748): Method processed more than once: void android.support.v7.widget.AppCompatTextView.setAutoSizeTextTypeWithDefaults(int)
03-15 20:38:50.459: W/dex2oat(4748): Method processed more than once: void android.support.v7.widget.AppCompatTextView.setBackgroundDrawable(android.graphics.drawable.Drawable)
03-15 20:38:50.459: W/dex2oat(4748): Method processed more than once: void android.support.v7.widget.AppCompatTextView.setBackgroundResource(int)
03-15 20:38:50.459: W/dex2oat(4748): Method processed more than once: void android.support.v7.widget.AppCompatTextView.setCustomSelectionActionModeCallback(android.view.ActionMode$Callback)
03-15 20:38:50.460: W/dex2oat(4748): Method processed more than once: void android.support.v7.widget.AppCompatTextView.setFirstBaselineToTopHeight(int)
03-15 20:38:50.460: W/dex2oat(4748): Method processed more than once: void android.support.v7.widget.AppCompatTextView.setLastBaselineToBottomHeight(int)
03-15 20:38:50.460: W/dex2oat(4748): Method processed more than once: void android.support.v7.widget.AppCompatTextView.setLineHeight(int)
03-15 20:38:50.460: W/dex2oat(4748): Method processed more than once: void android.support.v7.widget.AppCompatTextView.setPrecomputedText(android.support.v4.text.PrecomputedTextCompat)
03-15 20:38:50.461: W/dex2oat(4748): Method processed more than once: void android.support.v7.widget.AppCompatTextView.setSupportBackgroundTintList(android.content.res.ColorStateList)
03-15 20:38:50.461: W/dex2oat(4748): Method processed more than once: void android.support.v7.widget.AppCompatTextView.setSupportBackgroundTintMode(android.graphics.PorterDuff$Mode)
03-15 20:38:50.461: W/dex2oat(4748): Method processed more than once: void android.support.v7.widget.AppCompatTextView.setTextAppearance(android.content.Context, int)
03-15 20:38:50.461: W/dex2oat(4748): Method processed more than once: void android.support.v7.widget.AppCompatTextView.setTextFuture(java.util.concurrent.Future)
03-15 20:38:50.461: W/dex2oat(4748): Method processed more than once: void android.support.v7.widget.AppCompatTextView.setTextMetricsParamsCompat(android.support.v4.text.PrecomputedTextCompat$Params)
03-15 20:38:50.461: W/dex2oat(4748): Method processed more than once: void android.support.v7.widget.AppCompatTextView.setTextSize(int, float)
03-15 20:38:50.467: W/dex2oat(4748): Method processed more than once: void android.support.v7.widget.AppCompatCheckBox.<init>(android.content.Context)
03-15 20:38:50.467: W/dex2oat(4748): Method processed more than once: void android.support.v7.widget.AppCompatCheckBox.<init>(android.content.Context, android.util.AttributeSet)
03-15 20:38:50.467: W/dex2oat(4748): Method processed more than once: void android.support.v7.widget.AppCompatCheckBox.<init>(android.content.Context, android.util.AttributeSet, int)
03-15 20:38:50.467: W/dex2oat(4748): Method processed more than once: int android.support.v7.widget.AppCompatCheckBox.getCompoundPaddingLeft()
03-15 20:38:50.467: W/dex2oat(4748): Method processed more than once: android.content.res.ColorStateList android.support.v7.widget.AppCompatCheckBox.getSupportButtonTintList()
03-15 20:38:50.467: W/dex2oat(4748): Method processed more than once: android.graphics.PorterDuff$Mode android.support.v7.widget.AppCompatCheckBox.getSupportButtonTintMode()
03-15 20:38:50.467: W/dex2oat(4748): Method processed more than once: void android.support.v7.widget.AppCompatCheckBox.setButtonDrawable(int)
03-15 20:38:50.467: W/dex2oat(4748): Method processed more than once: void android.support.v7.widget.AppCompatCheckBox.setButtonDrawable(android.graphics.drawable.Drawable)
03-15 20:38:50.467: W/dex2oat(4748): Method processed more than once: void android.support.v7.widget.AppCompatCheckBox.setSupportButtonTintList(android.content.res.ColorStateList)
03-15 20:38:50.467: W/dex2oat(4748): Method processed more than once: void android.support.v7.widget.AppCompatCheckBox.setSupportButtonTintMode(android.graphics.PorterDuff$Mode)
03-15 20:38:50.467: W/dex2oat(4748): Method processed more than once: void android.support.v7.widget.AppCompatRadioButton.<init>(android.content.Context)
03-15 20:38:50.467: W/dex2oat(4748): Method processed more than once: void android.support.v7.widget.AppCompatRadioButton.<init>(android.content.Context, android.util.AttributeSet)
03-15 20:38:50.467: W/dex2oat(4748): Method processed more than once: void android.support.v7.widget.AppCompatRadioButton.<init>(android.content.Context, android.util.AttributeSet, int)
03-15 20:38:50.467: W/dex2oat(4748): Method processed more than once: int android.support.v7.widget.AppCompatRadioButton.getCompoundPaddingLeft()
03-15 20:38:50.468: W/dex2oat(4748): Method processed more than once: android.content.res.ColorStateList android.support.v7.widget.AppCompatRadioButton.getSupportButtonTintList()
03-15 20:38:50.468: W/dex2oat(4748): Method processed more than once: android.graphics.PorterDuff$Mode android.support.v7.widget.AppCompatRadioButton.getSupportButtonTintMode()
03-15 20:38:50.468: W/dex2oat(4748): Method processed more than once: void android.support.v7.widget.AppCompatRadioButton.setButtonDrawable(int)
03-15 20:38:50.468: W/dex2oat(4748): Method processed more than once: void android.support.v7.widget.AppCompatRadioButton.setButtonDrawable(android.graphics.drawable.Drawable)
03-15 20:38:50.468: W/dex2oat(4748): Method processed more than once: void android.support.v7.widget.AppCompatRadioButton.setSupportButtonTintList(android.content.res.ColorStateList)
03-15 20:38:50.468: W/dex2oat(4748): Method processed more than once: void android.support.v7.widget.AppCompatRadioButton.setSupportButtonTintMode(android.graphics.PorterDuff$Mode)
03-15 20:38:50.481: D/PowerManagerService(1676): releaseWakeLockInternal: lock=107905583 [AudioMix], flags=0x0
03-15 20:38:50.481: D/PowerManagerService(1676): updateWakeLockSummaryLocked: mWakefulness=Awake, mWakeLockSummary=0x1
03-15 20:38:50.481: D/PowerManagerService(1676): updateUserActivitySummaryLocked: mWakefulness=Awake, mUserActivitySummary=0x4, nextTimeout=-1 (1564260 ms ago)
03-15 20:38:50.481: D/PowerManagerService(1676): updateDisplayPowerStateLocked: mDisplayReady=true, policy=2, mWakefulness=1, mWakeLockSummary=0x1, mUserActivitySummary=0x4, mBootCompleted=true, mScreenBrightnessBoostInProgress=false, mIsVrModeEnabled= false, sQuiescent=false
03-15 20:38:50.499: W/Finsky(4567): [2] com.google.android.finsky.application.impl.a.dw(1487): No account configured on this device.
03-15 20:38:50.534: I/dex2oat(4748): Explicit concurrent copying GC freed 5635(1402KB) AllocSpace objects, 0(0B) LOS objects, 94% free, 96KB/1632KB, paused 31us total 1.983ms
03-15 20:38:50.563: I/dex2oat(4748): dex2oat took 658.643ms (1.014s cpu) (threads: 2) arena alloc=509KB (522072B) java alloc=96KB (98736B) native alloc=3MB (3796296B) free=2MB (2495160B)
03-15 20:38:50.568: D/PowerManagerService(1676): releaseWakeLockInternal: lock=157355497 [*dexopt*], flags=0x0
03-15 20:38:50.568: D/PowerManagerService(1676): updateWakeLockSummaryLocked: mWakefulness=Awake, mWakeLockSummary=0x0
03-15 20:38:50.568: D/PowerManagerService(1676): updateUserActivitySummaryLocked: mWakefulness=Awake, mUserActivitySummary=0x4, nextTimeout=-1 (1564347 ms ago)
03-15 20:38:50.568: D/PowerManagerService(1676): updateDisplayPowerStateLocked: mDisplayReady=true, policy=2, mWakefulness=1, mWakeLockSummary=0x0, mUserActivitySummary=0x4, mBootCompleted=true, mScreenBrightnessBoostInProgress=false, mIsVrModeEnabled= false, sQuiescent=false
03-15 20:38:50.568: D/PowerManagerService(1676): Releasing suspend blocker "PowerManagerService.WakeLocks".
03-15 20:38:50.588: V/BackupManagerService(1676): restoreAtInstall pkg=com.google.android.apps.mtaas.backdrop token=3 restoreSet=0
03-15 20:38:50.588: V/BackupManagerService(1676): Finishing install immediately
03-15 20:38:50.588: V/BackupManagerService(1676): [ 03-15 20:38:50.589  1581: 1610 E/         ]
03-15 20:38:50.588: V/BackupManagerService(1676): Couldn't opendir /data/app/vmdl334125398.tmp: No such file or directory
03-15 20:38:50.589: E/installd(1581): Failed to delete /data/app/vmdl334125398.tmp: No such file or directory
03-15 20:38:50.591: I/Pm(4736): Package com.google.android.apps.mtaas.backdrop installed in 786 ms
03-15 20:38:50.591: D/PackageInstaller(1676): Ignoring abandon after commit relinquished control
03-15 20:38:50.596: W/BroadcastQueue(1676): Background execution not allowed: receiving Intent { act=android.intent.action.PACKAGE_ADDED dat=package:com.google.android.apps.mtaas.backdrop flg=0x4000010 (has extras) } to com.android.musicfx/.Compatibility$Receiver
03-15 20:38:50.597: D/Avrcp(1787): AvrcpServiceBroadcastReceiver-> Action: android.intent.action.PACKAGE_ADDED
03-15 20:38:50.597: D/Avrcp(1787): AvrcpServiceBroadcastReceiver-> packageName: com.google.android.apps.mtaas.backdrop
03-15 20:38:50.597: D/Avrcp(1787): packageName: com.google.android.apps.mtaas.backdrop removed: false
03-15 20:38:50.598: I/app_process(4736): System.exit called, status: 0
03-15 20:38:50.598: I/AndroidRuntime(4736): VM exiting with result code 0.
03-15 20:38:50.601: D/Avrcp(1787): isBrowsableListUpdated: false
03-15 20:38:50.601: D/BluetoothMapAppObserver(1787): onReceive
03-15 20:38:50.601: D/BluetoothMapAppObserver(1787): The installed package is: com.google.android.apps.mtaas.backdrop
03-15 20:38:50.601: I/InputReader(1676): Reconfiguring input devices.  changes=0x00000010
03-15 20:38:50.604: D/BluetoothMapAppObserver(1787): Found 0 application(s) with intent android.bluetooth.action.BLUETOOTH_MAP_PROVIDER
03-15 20:38:50.605: D/BluetoothMapAppObserver(1787): Found 0 application(s) with intent android.bluetooth.action.BLUETOOTH_MAP_IM_PROVIDER
03-15 20:38:50.608: W/Finsky(4567): [2] com.google.android.finsky.application.impl.a.dw(1487): No account configured on this device.
03-15 20:38:50.618: I/Telecom(1676): DefaultDialerCache: Refreshing default dialer for user 0: now com.google.android.dialer: DDC.oR@AII
03-15 20:38:50.614: I/chatty(4567): uid=10028(com.android.vending) identical 8 lines
03-15 20:38:50.615: W/Finsky(4567): [2] com.google.android.finsky.application.impl.a.dw(1487): No account configured on this device.
03-15 20:38:50.637: I/Finsky(4567): [2] com.google.android.finsky.wear.WearSupportService.onStartCommand(21): Starting WearSupportService for auto_install
03-15 20:38:50.638: I/Finsky(4567): [2] com.google.android.finsky.wear.ar.a(80): Connecting to wearable; initiated by: com.google.android.finsky.wear.WearSupportService
03-15 20:38:50.639: I/Finsky(4567): [2] com.google.android.finsky.wear.WearSupportService.onStartCommand(21): Starting WearSupportService for send_installed_apps
03-15 20:38:50.641: I/Finsky(4567): [2] com.google.android.finsky.externalreferrer.e.a(52): Package state data is missing for com.google.android.apps.mtaas.backdrop
03-15 20:38:50.641: E/dual_mode_controller(1534): LE scan
03-15 20:38:50.643: W/Finsky(4567): [2] com.google.android.finsky.application.impl.a.dw(1487): No account configured on this device.
03-15 20:38:50.648: D/AutofillUI(1676): destroySaveUiUiThread(): already destroyed
03-15 20:38:50.644: W/Finsky(4567): [2] com.google.android.finsky.application.impl.a.dw(1487): No account configured on this device.
03-15 20:38:50.649: W/WearableService(1944): onGetService: Wear is not available on this device.
03-15 20:38:50.651: D/CarrierSvcBindHelper(1964): No carrier app for: 0
03-15 20:38:50.656: E/Finsky(4567): [2] com.google.android.finsky.wear.au.a(3): onConnectionFailed: ConnectionResult{statusCode=API_UNAVAILABLE, resolution=null, message=null}
03-15 20:38:50.656: W/Finsky(4567): [2] com.google.android.finsky.wear.cd.run(12): Dropping command=auto_install due to Gms not connected
03-15 20:38:50.657: D/ImsResolver(1964): maybeAddedImsService, packageName: com.google.android.apps.mtaas.backdrop
03-15 20:38:50.658: I/Auth(2302): [SupervisedAccountIntentOperation] onHandleIntent(): android.intent.action.PACKAGE_ADDED
03-15 20:38:50.658: I/Auth(2302): [SupervisedAccountIntentOperation] This operation is disabled
03-15 20:38:50.658: I/ChromeSync(2302): [Sync,SyncIntentOperation] Handling the intent: Intent { act=android.intent.action.PACKAGE_ADDED dat=package:com.google.android.apps.mtaas.backdrop flg=0x4000010 cmp=com.google.android.gms/.chimera.GmsIntentOperationService (has extras) }.
03-15 20:38:50.659: I/FontsPackageChangeOp(2302): Package com.google.android.apps.mtaas.backdrop has no metadata
03-15 20:38:50.659: I/Finsky(4567): [2] com.google.android.finsky.wear.WearSupportService.b(67): Stopping WearSupportService
03-15 20:38:50.666: I/ChromeSync(2302): [Persistence,AffiliationManager] No affiliation data for android://N50vJU0zrJ8WOzDt6r3GDtfqrkROFOSiqHcmppwn3vxaRC4hFpNn4UsL7XlvjtlfcWuDAQhmck0qjQPwsrpMNg==@com.google.android.apps.mtaas.backdrop/. Marking affiliation data as stale...
03-15 20:38:50.668: W/BroadcastQueue(1676): Background execution not allowed: receiving Intent { act=android.intent.action.PACKAGE_ADDED dat=package:com.google.android.apps.mtaas.backdrop flg=0x4000010 (has extras) } to com.google.android.googlequicksearchbox/com.google.android.apps.gsa.googlequicksearchbox.GelStubAppWatcher
03-15 20:38:50.668: W/Finsky(4567): [2] com.google.android.finsky.wear.cd.run(12): Dropping command=send_installed_apps due to Gms not connected
03-15 20:38:50.669: I/Finsky(4567): [2] com.google.android.finsky.wear.WearSupportService.b(67): Stopping WearSupportService
03-15 20:38:50.670: D/CarrierConfigLoader(1964): mHandler: 9 phoneId: 0
03-15 20:38:50.678: I/PeopleContactsSync(2302): triggerPendingContactsCleanup: no accounts
03-15 20:38:50.678: I/ChromeSync(2302): [Persistence,AffiliationManager] Fetching affiliations from the server.
03-15 20:38:50.686: D/PowerManagerService(1676): acquireWakeLockInternal: lock=126608599, flags=0x1, tag="Icing", ws=WorkSource{10014 com.google.android.gms}, uid=10014, pid=2302
03-15 20:38:50.686: D/PowerManagerService(1676): updateWakeLockSummaryLocked: mWakefulness=Awake, mWakeLockSummary=0x1
03-15 20:38:50.686: D/PowerManagerService(1676): updateUserActivitySummaryLocked: mWakefulness=Awake, mUserActivitySummary=0x4, nextTimeout=-1 (1564465 ms ago)
03-15 20:38:50.686: D/PowerManagerService(1676): updateDisplayPowerStateLocked: mDisplayReady=true, policy=2, mWakefulness=1, mWakeLockSummary=0x1, mUserActivitySummary=0x4, mBootCompleted=true, mScreenBrightnessBoostInProgress=false, mIsVrModeEnabled= false, sQuiescent=false
03-15 20:38:50.686: D/PowerManagerService(1676): Acquiring suspend blocker "PowerManagerService.WakeLocks".
03-15 20:38:50.688: D/PowerManagerService(1676): updateWakeLockWorkSourceInternal: lock=126608599 [Icing], ws=WorkSource{10014 com.google.android.gms, 10085 com.google.android.apps.mtaas.backdrop}
03-15 20:38:50.724: D/PowerManagerService(1676): updateWakeLockWorkSourceInternal: lock=126608599 [Icing], ws=WorkSource{10014 com.google.android.gms}
03-15 20:38:50.728: D/PowerManagerService(1676): releaseWakeLockInternal: lock=126608599 [Icing], flags=0x0
03-15 20:38:50.728: D/PowerManagerService(1676): updateWakeLockSummaryLocked: mWakefulness=Awake, mWakeLockSummary=0x0
03-15 20:38:50.728: D/PowerManagerService(1676): updateUserActivitySummaryLocked: mWakefulness=Awake, mUserActivitySummary=0x4, nextTimeout=-1 (1564507 ms ago)
03-15 20:38:50.728: D/PowerManagerService(1676): updateDisplayPowerStateLocked: mDisplayReady=true, policy=2, mWakefulness=1, mWakeLockSummary=0x0, mUserActivitySummary=0x4, mBootCompleted=true, mScreenBrightnessBoostInProgress=false, mIsVrModeEnabled= false, sQuiescent=false
03-15 20:38:50.728: D/PowerManagerService(1676): Releasing suspend blocker "PowerManagerService.WakeLocks".
03-15 20:38:50.757: D/PowerManagerService(1676): acquireWakeLockInternal: lock=126608599, flags=0x1, tag="Icing", ws=WorkSource{10014 com.google.android.gms}, uid=10014, pid=2302
03-15 20:38:50.757: D/PowerManagerService(1676): updateWakeLockSummaryLocked: mWakefulness=Awake, mWakeLockSummary=0x1
03-15 20:38:50.757: D/PowerManagerService(1676): updateUserActivitySummaryLocked: mWakefulness=Awake, mUserActivitySummary=0x4, nextTimeout=-1 (1564536 ms ago)
03-15 20:38:50.757: D/PowerManagerService(1676): updateDisplayPowerStateLocked: mDisplayReady=true, policy=2, mWakefulness=1, mWakeLockSummary=0x1, mUserActivitySummary=0x4, mBootCompleted=true, mScreenBrightnessBoostInProgress=false, mIsVrModeEnabled= false, sQuiescent=false
03-15 20:38:50.757: D/PowerManagerService(1676): Acquiring suspend blocker "PowerManagerService.WakeLocks".
03-15 20:38:50.777: I/Icing(2302): IndexChimeraService.getServiceInterface callingPackage=com.google.android.gms componentName=AppsCorpus serviceId=32
03-15 20:38:50.778: I/Icing(2302): IndexChimeraService.getServiceInterface callingPackage=com.google.android.gms componentName=AppsCorpus serviceId=36
03-15 20:38:50.778: I/zygote(1676): Background concurrent copying GC freed 42598(2MB) AllocSpace objects, 23(1100KB) LOS objects, 42% free, 11MB/19MB, paused 217us total 187.764ms
03-15 20:38:50.791: I/Icing(2302): Usage reports ok 0, Failed Usage reports 0, indexed 0, rejected 0, imm upload false
03-15 20:38:50.804: I/zygote(2302): Deoptimizing void bned.a(int, java.lang.String) due to JIT inline cache
03-15 20:38:50.857: I/Icing(2302): Usage reports ok 0, Failed Usage reports 0, indexed 0, rejected 0, imm upload false
03-15 20:38:50.907: D/PowerManagerService(1676): acquireWakeLockInternal: lock=116673138, flags=0x1, tag="*net_scheduler*", ws=WorkSource{10014 com.google.android.gms}, uid=10014, pid=1944
03-15 20:38:50.907: D/PowerManagerService(1676): updateWakeLockSummaryLocked: mWakefulness=Awake, mWakeLockSummary=0x1
03-15 20:38:50.907: D/PowerManagerService(1676): updateUserActivitySummaryLocked: mWakefulness=Awake, mUserActivitySummary=0x4, nextTimeout=-1 (1564686 ms ago)
03-15 20:38:50.907: D/PowerManagerService(1676): updateDisplayPowerStateLocked: mDisplayReady=true, policy=2, mWakefulness=1, mWakeLockSummary=0x1, mUserActivitySummary=0x4, mBootCompleted=true, mScreenBrightnessBoostInProgress=false, mIsVrModeEnabled= false, sQuiescent=false
03-15 20:38:50.924: D/PowerManagerService(1676): acquireWakeLockInternal: lock=182361795, flags=0x1, tag="*net_scheduler*", ws=WorkSource{10014 com.google.android.gms}, uid=10014, pid=1944
03-15 20:38:50.924: D/PowerManagerService(1676): updateWakeLockSummaryLocked: mWakefulness=Awake, mWakeLockSummary=0x1
03-15 20:38:50.924: D/PowerManagerService(1676): updateUserActivitySummaryLocked: mWakefulness=Awake, mUserActivitySummary=0x4, nextTimeout=-1 (1564703 ms ago)
03-15 20:38:50.924: D/PowerManagerService(1676): updateDisplayPowerStateLocked: mDisplayReady=true, policy=2, mWakefulness=1, mWakeLockSummary=0x1, mUserActivitySummary=0x4, mBootCompleted=true, mScreenBrightnessBoostInProgress=false, mIsVrModeEnabled= false, sQuiescent=false
03-15 20:38:50.951: D/PowerManagerService(1676): acquireWakeLockInternal: lock=34767481, flags=0x1, tag="*net_scheduler*", ws=WorkSource{10014 com.google.android.gms}, uid=10014, pid=1944
03-15 20:38:50.951: D/PowerManagerService(1676): updateWakeLockSummaryLocked: mWakefulness=Awake, mWakeLockSummary=0x1
03-15 20:38:50.951: D/PowerManagerService(1676): updateUserActivitySummaryLocked: mWakefulness=Awake, mUserActivitySummary=0x4, nextTimeout=-1 (1564730 ms ago)
03-15 20:38:50.951: D/PowerManagerService(1676): updateDisplayPowerStateLocked: mDisplayReady=true, policy=2, mWakefulness=1, mWakeLockSummary=0x1, mUserActivitySummary=0x4, mBootCompleted=true, mScreenBrightnessBoostInProgress=false, mIsVrModeEnabled= false, sQuiescent=false
03-15 20:38:50.961: I/PlatformStatsCollectorService(2302): Scheduled SurfaceFlinger task with period 86400 sec.
03-15 20:38:50.968: E/NetworkScheduler(1944): Invalid component specified.
03-15 20:38:50.979: I/PlatformStatsCollectorService(2302): Scheduled Procstats task with period 86400 sec.
03-15 20:38:50.986: E/NetworkScheduler(1944): Invalid component specified.
03-15 20:38:50.996: D/PowerManagerService(1676): releaseWakeLockInternal: lock=182361795 [*net_scheduler*], flags=0x0
03-15 20:38:50.996: D/PowerManagerService(1676): updateWakeLockSummaryLocked: mWakefulness=Awake, mWakeLockSummary=0x1
03-15 20:38:50.996: D/PowerManagerService(1676): updateUserActivitySummaryLocked: mWakefulness=Awake, mUserActivitySummary=0x4, nextTimeout=-1 (1564775 ms ago)
03-15 20:38:50.996: D/PowerManagerService(1676): updateDisplayPowerStateLocked: mDisplayReady=true, policy=2, mWakefulness=1, mWakeLockSummary=0x1, mUserActivitySummary=0x4, mBootCompleted=true, mScreenBrightnessBoostInProgress=false, mIsVrModeEnabled= false, sQuiescent=false
03-15 20:38:50.997: D/PowerManagerService(1676): releaseWakeLockInternal: lock=116673138 [*net_scheduler*], flags=0x0
03-15 20:38:50.997: D/PowerManagerService(1676): updateWakeLockSummaryLocked: mWakefulness=Awake, mWakeLockSummary=0x1
03-15 20:38:50.997: D/PowerManagerService(1676): updateUserActivitySummaryLocked: mWakefulness=Awake, mUserActivitySummary=0x4, nextTimeout=-1 (1564776 ms ago)
03-15 20:38:50.997: D/PowerManagerService(1676): updateDisplayPowerStateLocked: mDisplayReady=true, policy=2, mWakefulness=1, mWakeLockSummary=0x1, mUserActivitySummary=0x4, mBootCompleted=true, mScreenBrightnessBoostInProgress=false, mIsVrModeEnabled= false, sQuiescent=false
03-15 20:38:51.003: D/PowerManagerService(1676): releaseWakeLockInternal: lock=34767481 [*net_scheduler*], flags=0x0
03-15 20:38:51.003: D/PowerManagerService(1676): updateWakeLockSummaryLocked: mWakefulness=Awake, mWakeLockSummary=0x1
03-15 20:38:51.003: D/PowerManagerService(1676): updateUserActivitySummaryLocked: mWakefulness=Awake, mUserActivitySummary=0x4, nextTimeout=-1 (1564782 ms ago)
03-15 20:38:51.003: D/PowerManagerService(1676): updateDisplayPowerStateLocked: mDisplayReady=true, policy=2, mWakefulness=1, mWakeLockSummary=0x1, mUserActivitySummary=0x4, mBootCompleted=true, mScreenBrightnessBoostInProgress=false, mIsVrModeEnabled= false, sQuiescent=false
03-15 20:38:51.300: D/AndroidRuntime(4779): >>>>>> START com.android.internal.os.RuntimeInit uid 0 <<<<<<
03-15 20:38:51.304: W/app_process(4779): Could not reserve sentinel fault page
03-15 20:38:51.330: I/Remoter(1532): Saved screenshot to '/data/screenshots/__pmv__-0070.jpg'
03-15 20:38:51.364: W/app_process(4779): Unexpected CPU variant for X86 using defaults: x86
03-15 20:38:51.366: I/app_process(4779): The ClassLoaderContext is a special shared library.
03-15 20:38:51.366: W/nativebridge(4779): Failed to bind-mount /system/lib/x86/cpuinfo as /proc/cpuinfo: No such file or directory
03-15 20:38:51.382: D/AndroidRuntime(4779): Calling main entry com.android.commands.pm.Pm
03-15 20:38:51.436: I/Finsky(4567): [2] com.google.android.finsky.verifier.impl.PackageVerificationReceiver.onReceive(12): Verification requested, id = 3
03-15 20:38:51.438: W/Finsky(4567): [2] com.google.android.finsky.application.impl.a.dw(1487): No account configured on this device.
03-15 20:38:51.439: I/chatty(4567): uid=10028(com.android.vending) identical 3 lines
03-15 20:38:51.440: W/Finsky(4567): [2] com.google.android.finsky.application.impl.a.dw(1487): No account configured on this device.
03-15 20:38:51.445: I/Finsky(4567): [296] com.google.android.finsky.verifier.impl.ci.a(111): Skipping verification. Disabled by user setting
03-15 20:38:51.445: I/Finsky(4567): [296] com.google.android.finsky.verifier.impl.ci.a(119): Skipping anti malware verification due to pre-check failure
03-15 20:38:51.446: I/Finsky(4567): [2] com.google.android.finsky.verifier.impl.dr.c(191): Verifying id=3, result=1
03-15 20:38:51.447: W/Finsky(4567): [296] com.google.android.finsky.application.impl.a.dw(1487): No account configured on this device.
03-15 20:38:51.448: W/Finsky(4567): [296] com.google.android.finsky.application.impl.a.dw(1487): No account configured on this device.
03-15 20:38:51.448: I/Finsky(4567): [2] com.google.android.finsky.verifier.impl.dr.c(208): Verification complete: id=3, package_name=com.google.android.apps.auth.test.support
03-15 20:38:51.450: I/PackageParser(1676): com.google.android.apps.auth.test.support: compat added android.permission.WRITE_EXTERNAL_STORAGE android.permission.READ_PHONE_STATE
03-15 20:38:51.451: D/PowerManagerService(1676): acquireWakeLockInternal: lock=157355497, flags=0x1, tag="*dexopt*", ws=WorkSource{-1}, uid=1000, pid=1676
03-15 20:38:51.451: D/PowerManagerService(1676): updateWakeLockSummaryLocked: mWakefulness=Awake, mWakeLockSummary=0x1
03-15 20:38:51.451: D/PowerManagerService(1676): updateUserActivitySummaryLocked: mWakefulness=Awake, mUserActivitySummary=0x4, nextTimeout=-1 (1565230 ms ago)
03-15 20:38:51.451: D/PowerManagerService(1676): updateDisplayPowerStateLocked: mDisplayReady=true, policy=2, mWakefulness=1, mWakeLockSummary=0x1, mUserActivitySummary=0x4, mBootCompleted=true, mScreenBrightnessBoostInProgress=false, mIsVrModeEnabled= false, sQuiescent=false
03-15 20:38:51.452: I/PackageManager.DexOptimizer(1676): Running dexopt (dexoptNeeded=1) on: /data/app/com.google.android.apps.auth.test.support-KXB_a2-aUsdqAKZNdd49ig==/base.apk pkg=com.google.android.apps.auth.test.support isa=x86 dexoptFlags=boot_complete,public target-filter=quicken oatDir=/data/app/com.google.android.apps.auth.test.support-KXB_a2-aUsdqAKZNdd49ig==/oat sharedLibraries=PCL[]
03-15 20:38:51.462: W/dex2oat(4792): Unexpected CPU variant for X86 using defaults: x86
03-15 20:38:51.462: W/dex2oat(4792): Mismatch between dex2oat instruction set features (ISA: X86 Feature string: -ssse3,-sse4.1,-sse4.2,-avx,-avx2,-popcnt) and those of dex2oat executable (ISA: X86 Feature string: ssse3,-sse4.1,-sse4.2,-avx,-avx2,-popcnt) for the command line:
03-15 20:38:51.462: W/dex2oat(4792): /system/bin/dex2oat --zip-fd=7 --zip-location=base.apk --input-vdex-fd=-1 --output-vdex-fd=9 --oat-fd=8 --oat-location=/data/app/com.google.android.apps.auth.test.support-KXB_a2-aUsdqAKZNdd49ig==/oat/x86/base.odex --instruction-set=x86 --instruction-set-variant=x86 --instruction-set-features=default --runtime-arg -Xms64m --runtime-arg -Xmx512m --compiler-filter=quicken --swap-fd=10 --classpath-dir=/data/app/com.google.android.apps.auth.test.support-KXB_a2-aUsdqAKZNdd49ig== --class-loader-context=PCL[]
03-15 20:38:51.462: I/dex2oat(4792): /system/bin/dex2oat --input-vdex-fd=-1 --output-vdex-fd=9 --compiler-filter=quicken --classpath-dir=/data/app/com.google.android.apps.auth.test.support-KXB_a2-aUsdqAKZNdd49ig== --class-loader-context=PCL[]
03-15 20:38:51.567: I/dex2oat(4792): dex2oat took 105.291ms (161.541ms cpu) (threads: 2) arena alloc=1784B (1784B) java alloc=286KB (293472B) native alloc=1253KB (1283776B) free=1818KB (1861952B)
03-15 20:38:51.570: D/PowerManagerService(1676): releaseWakeLockInternal: lock=157355497 [*dexopt*], flags=0x0
03-15 20:38:51.570: D/PowerManagerService(1676): updateWakeLockSummaryLocked: mWakefulness=Awake, mWakeLockSummary=0x1
03-15 20:38:51.570: D/PowerManagerService(1676): updateUserActivitySummaryLocked: mWakefulness=Awake, mUserActivitySummary=0x4, nextTimeout=-1 (1565349 ms ago)
03-15 20:38:51.570: D/PowerManagerService(1676): updateDisplayPowerStateLocked: mDisplayReady=true, policy=2, mWakefulness=1, mWakeLockSummary=0x1, mUserActivitySummary=0x4, mBootCompleted=true, mScreenBrightnessBoostInProgress=false, mIsVrModeEnabled= false, sQuiescent=false
03-15 20:38:51.590: V/BackupManagerService(1676): restoreAtInstall pkg=com.google.android.apps.auth.test.support token=4 restoreSet=0
03-15 20:38:51.590: V/BackupManagerService(1676): Finishing install immediately
03-15 20:38:51.590: V/BackupManagerService(1676): [ 03-15 20:38:51.595  1581: 1610 E/         ]
03-15 20:38:51.590: V/BackupManagerService(1676): Couldn't opendir /data/app/vmdl1090036616.tmp: No such file or directory
03-15 20:38:51.595: E/installd(1581): Failed to delete /data/app/vmdl1090036616.tmp: No such file or directory
03-15 20:38:51.596: I/Pm(4779): Package com.google.android.apps.auth.test.support installed in 213 ms
03-15 20:38:51.597: D/PackageInstaller(1676): Ignoring abandon after commit relinquished control
03-15 20:38:51.598: I/app_process(4779): System.exit called, status: 0
03-15 20:38:51.598: I/AndroidRuntime(4779): VM exiting with result code 0.
03-15 20:38:51.604: W/BroadcastQueue(1676): Background execution not allowed: receiving Intent { act=android.intent.action.PACKAGE_ADDED dat=package:com.google.android.apps.auth.test.support flg=0x4000010 (has extras) } to com.android.musicfx/.Compatibility$Receiver
03-15 20:38:51.606: D/Avrcp(1787): AvrcpServiceBroadcastReceiver-> Action: android.intent.action.PACKAGE_ADDED
03-15 20:38:51.606: D/Avrcp(1787): AvrcpServiceBroadcastReceiver-> packageName: com.google.android.apps.auth.test.support
03-15 20:38:51.606: D/Avrcp(1787): packageName: com.google.android.apps.auth.test.support removed: false
03-15 20:38:51.606: D/Avrcp(1787): isBrowsableListUpdated: false
03-15 20:38:51.606: D/BluetoothMapAppObserver(1787): onReceive
03-15 20:38:51.606: D/BluetoothMapAppObserver(1787): The installed package is: com.google.android.apps.auth.test.support
03-15 20:38:51.607: D/BluetoothMapAppObserver(1787): Found 0 application(s) with intent android.bluetooth.action.BLUETOOTH_MAP_PROVIDER
03-15 20:38:51.607: D/BluetoothMapAppObserver(1787): Found 0 application(s) with intent android.bluetooth.action.BLUETOOTH_MAP_IM_PROVIDER
03-15 20:38:51.609: I/InputReader(1676): Reconfiguring input devices.  changes=0x00000010
03-15 20:38:51.612: W/Finsky(4567): [2] com.google.android.finsky.application.impl.a.dw(1487): No account configured on this device.
03-15 20:38:51.614: I/Telecom(1676): DefaultDialerCache: Refreshing default dialer for user 0: now com.google.android.dialer: DDC.oR@AIY
03-15 20:38:51.624: D/AutofillUI(1676): destroySaveUiUiThread(): already destroyed
03-15 20:38:51.627: I/chatty(4567): uid=10028(com.android.vending) identical 8 lines
03-15 20:38:51.628: W/Finsky(4567): [2] com.google.android.finsky.application.impl.a.dw(1487): No account configured on this device.
03-15 20:38:51.630: I/Finsky(4567): [2] com.google.android.finsky.wear.WearSupportService.onStartCommand(21): Starting WearSupportService for auto_install
03-15 20:38:51.632: I/Finsky(4567): [2] com.google.android.finsky.wear.ar.a(80): Connecting to wearable; initiated by: com.google.android.finsky.wear.WearSupportService
03-15 20:38:51.634: D/CarrierSvcBindHelper(1964): No carrier app for: 0
03-15 20:38:51.635: I/Finsky(4567): [2] com.google.android.finsky.wear.WearSupportService.onStartCommand(21): Starting WearSupportService for send_installed_apps
03-15 20:38:51.637: I/Finsky(4567): [2] com.google.android.finsky.externalreferrer.e.a(52): Package state data is missing for com.google.android.apps.auth.test.support
03-15 20:38:51.637: W/Finsky(4567): [2] com.google.android.finsky.application.impl.a.dw(1487): No account configured on this device.
03-15 20:38:51.637: D/ImsResolver(1964): maybeAddedImsService, packageName: com.google.android.apps.auth.test.support
03-15 20:38:51.638: D/CarrierConfigLoader(1964): mHandler: 9 phoneId: 0
03-15 20:38:51.638: W/Finsky(4567): [2] com.google.android.finsky.application.impl.a.dw(1487): No account configured on this device.
03-15 20:38:51.641: W/WearableService(1944): onGetService: Wear is not available on this device.
03-15 20:38:51.641: E/dual_mode_controller(1534): LE scan
03-15 20:38:51.652: E/Finsky(4567): [2] com.google.android.finsky.wear.au.a(3): onConnectionFailed: ConnectionResult{statusCode=API_UNAVAILABLE, resolution=null, message=null}
03-15 20:38:51.652: W/Finsky(4567): [2] com.google.android.finsky.wear.cd.run(12): Dropping command=auto_install due to Gms not connected
03-15 20:38:51.652: I/Finsky(4567): [2] com.google.android.finsky.wear.WearSupportService.b(67): Stopping WearSupportService
03-15 20:38:51.653: W/Finsky(4567): [2] com.google.android.finsky.wear.cd.run(12): Dropping command=send_installed_apps due to Gms not connected
03-15 20:38:51.653: I/Finsky(4567): [2] com.google.android.finsky.wear.WearSupportService.b(67): Stopping WearSupportService
03-15 20:38:51.656: I/Auth(2302): [SupervisedAccountIntentOperation] onHandleIntent(): android.intent.action.PACKAGE_ADDED
03-15 20:38:51.657: I/Auth(2302): [SupervisedAccountIntentOperation] This operation is disabled
03-15 20:38:51.657: I/ChromeSync(2302): [Sync,SyncIntentOperation] Handling the intent: Intent { act=android.intent.action.PACKAGE_ADDED dat=package:com.google.android.apps.auth.test.support flg=0x4000010 cmp=com.google.android.gms/.chimera.GmsIntentOperationService (has extras) }.
03-15 20:38:51.658: I/ChromeSync(2302): [Persistence,AffiliationManager] No affiliation data for android://7G-Efj82hZdHSUvuVB5_HPiHcWccXsypYCo6U8Kc9sLlMNs7HSOe_3VRyq6k0G49kSzhdL3KFII22IkttNSGIg==@com.google.android.apps.auth.test.support/. Marking affiliation data as stale...
03-15 20:38:51.661: W/BroadcastQueue(1676): Background execution not allowed: receiving Intent { act=android.intent.action.PACKAGE_ADDED dat=package:com.google.android.apps.auth.test.support flg=0x4000010 (has extras) } to com.google.android.googlequicksearchbox/com.google.android.apps.gsa.googlequicksearchbox.GelStubAppWatcher
03-15 20:38:51.665: I/ChromeSync(2302): [Persistence,AffiliationManager] Fetching affiliations from the server.
03-15 20:38:51.673: D/PowerManagerService(1676): updateWakeLockWorkSourceInternal: lock=126608599 [Icing], ws=WorkSource{10014 com.google.android.gms, 10086 com.google.android.apps.auth.test.support}
03-15 20:38:51.676: I/Icing(2302): IndexChimeraService.getServiceInterface callingPackage=com.google.android.gms componentName=AppsCorpus serviceId=32
03-15 20:38:51.676: I/Icing(2302): IndexChimeraService.getServiceInterface callingPackage=com.google.android.gms componentName=AppsCorpus serviceId=36
03-15 20:38:51.677: I/PeopleContactsSync(2302): triggerPendingContactsCleanup: no accounts
03-15 20:38:51.680: D/PowerManagerService(1676): updateWakeLockWorkSourceInternal: lock=126608599 [Icing], ws=WorkSource{10014 com.google.android.gms}
03-15 20:38:51.730: I/zygote(1676): Background concurrent copying GC freed 43039(2MB) AllocSpace objects, 23(1100KB) LOS objects, 42% free, 11MB/19MB, paused 45us total 137.831ms
03-15 20:38:51.732: I/Icing(2302): Usage reports ok 0, Failed Usage reports 0, indexed 0, rejected 0, imm upload false
03-15 20:38:51.828: D/PowerManagerService(1676): acquireWakeLockInternal: lock=126891765, flags=0x1, tag="*net_scheduler*", ws=WorkSource{10014 com.google.android.gms}, uid=10014, pid=1944
03-15 20:38:51.829: D/PowerManagerService(1676): updateWakeLockSummaryLocked: mWakefulness=Awake, mWakeLockSummary=0x1
03-15 20:38:51.829: D/PowerManagerService(1676): updateUserActivitySummaryLocked: mWakefulness=Awake, mUserActivitySummary=0x4, nextTimeout=-1 (1565607 ms ago)
03-15 20:38:51.829: D/PowerManagerService(1676): updateDisplayPowerStateLocked: mDisplayReady=true, policy=2, mWakefulness=1, mWakeLockSummary=0x1, mUserActivitySummary=0x4, mBootCompleted=true, mScreenBrightnessBoostInProgress=false, mIsVrModeEnabled= false, sQuiescent=false
03-15 20:38:51.841: D/PowerManagerService(1676): acquireWakeLockInternal: lock=262421642, flags=0x1, tag="*net_scheduler*", ws=WorkSource{10081 com.google.android.apps.walletnfcrel}, uid=10014, pid=1944
03-15 20:38:51.841: D/PowerManagerService(1676): updateWakeLockSummaryLocked: mWakefulness=Awake, mWakeLockSummary=0x1
03-15 20:38:51.841: D/PowerManagerService(1676): updateUserActivitySummaryLocked: mWakefulness=Awake, mUserActivitySummary=0x4, nextTimeout=-1 (1565620 ms ago)
03-15 20:38:51.841: D/PowerManagerService(1676): updateDisplayPowerStateLocked: mDisplayReady=true, policy=2, mWakefulness=1, mWakeLockSummary=0x1, mUserActivitySummary=0x4, mBootCompleted=true, mScreenBrightnessBoostInProgress=false, mIsVrModeEnabled= false, sQuiescent=false
03-15 20:38:51.759: I/Icing(2302): Usage reports ok 0, Failed Usage reports 0, indexed 0, rejected 0, imm upload false
03-15 20:38:51.846: W/SyncValuablesTaskSvc(4070): Unable to inject account
03-15 20:38:51.846: D/PowerManagerService(1676): releaseWakeLockInternal: lock=262421642 [*net_scheduler*], flags=0x0
03-15 20:38:51.846: D/PowerManagerService(1676): updateWakeLockSummaryLocked: mWakefulness=Awake, mWakeLockSummary=0x1
03-15 20:38:51.846: D/PowerManagerService(1676): updateUserActivitySummaryLocked: mWakefulness=Awake, mUserActivitySummary=0x4, nextTimeout=-1 (1565625 ms ago)
03-15 20:38:51.847: D/PowerManagerService(1676): updateDisplayPowerStateLocked: mDisplayReady=true, policy=2, mWakefulness=1, mWakeLockSummary=0x1, mUserActivitySummary=0x4, mBootCompleted=true, mScreenBrightnessBoostInProgress=false, mIsVrModeEnabled= false, sQuiescent=false
03-15 20:38:51.858: D/PowerManagerService(1676): acquireWakeLockInternal: lock=234352408, flags=0x1, tag="*net_scheduler*", ws=WorkSource{10014 com.google.android.gms}, uid=10014, pid=1944
03-15 20:38:51.858: D/PowerManagerService(1676): updateWakeLockSummaryLocked: mWakefulness=Awake, mWakeLockSummary=0x1
