03-15 20:38:51.858: D/PowerManagerService(1676): updateUserActivitySummaryLocked: mWakefulness=Awake, mUserActivitySummary=0x4, nextTimeout=-1 (1565637 ms ago)
03-15 20:38:51.858: D/PowerManagerService(1676): updateDisplayPowerStateLocked: mDisplayReady=true, policy=2, mWakefulness=1, mWakeLockSummary=0x1, mUserActivitySummary=0x4, mBootCompleted=true, mScreenBrightnessBoostInProgress=false, mIsVrModeEnabled= false, sQuiescent=false
03-15 20:38:51.876: I/Icing(2302): Indexing com.google.android.gms-apps from com.google.android.gms
03-15 20:38:51.903: D/PowerManagerService(1676): releaseWakeLockInternal: lock=126891765 [*net_scheduler*], flags=0x0
03-15 20:38:51.903: D/PowerManagerService(1676): updateWakeLockSummaryLocked: mWakefulness=Awake, mWakeLockSummary=0x1
03-15 20:38:51.903: D/PowerManagerService(1676): updateUserActivitySummaryLocked: mWakefulness=Awake, mUserActivitySummary=0x4, nextTimeout=-1 (1565682 ms ago)
03-15 20:38:51.903: D/PowerManagerService(1676): updateDisplayPowerStateLocked: mDisplayReady=true, policy=2, mWakefulness=1, mWakeLockSummary=0x1, mUserActivitySummary=0x4, mBootCompleted=true, mScreenBrightnessBoostInProgress=false, mIsVrModeEnabled= false, sQuiescent=false
03-15 20:38:51.910: I/Icing(2302): Indexing com.google.android.gms-internal.3p:MobileApplication from com.google.android.gms
03-15 20:38:51.911: D/PowerManagerService(1676): acquireWakeLockInternal: lock=126891765, flags=0x1, tag="*net_scheduler*", ws=WorkSource{10014 com.google.android.gms}, uid=10014, pid=1944
03-15 20:38:51.911: D/PowerManagerService(1676): updateWakeLockSummaryLocked: mWakefulness=Awake, mWakeLockSummary=0x1
03-15 20:38:51.911: D/PowerManagerService(1676): updateUserActivitySummaryLocked: mWakefulness=Awake, mUserActivitySummary=0x4, nextTimeout=-1 (1565690 ms ago)
03-15 20:38:51.911: D/PowerManagerService(1676): updateDisplayPowerStateLocked: mDisplayReady=true, policy=2, mWakefulness=1, mWakeLockSummary=0x1, mUserActivitySummary=0x4, mBootCompleted=true, mScreenBrightnessBoostInProgress=false, mIsVrModeEnabled= false, sQuiescent=false
03-15 20:38:51.921: D/PowerManagerService(1676): releaseWakeLockInternal: lock=234352408 [*net_scheduler*], flags=0x0
03-15 20:38:51.921: D/PowerManagerService(1676): updateWakeLockSummaryLocked: mWakefulness=Awake, mWakeLockSummary=0x1
03-15 20:38:51.921: D/PowerManagerService(1676): updateUserActivitySummaryLocked: mWakefulness=Awake, mUserActivitySummary=0x4, nextTimeout=-1 (1565700 ms ago)
03-15 20:38:51.921: D/PowerManagerService(1676): updateDisplayPowerStateLocked: mDisplayReady=true, policy=2, mWakefulness=1, mWakeLockSummary=0x1, mUserActivitySummary=0x4, mBootCompleted=true, mScreenBrightnessBoostInProgress=false, mIsVrModeEnabled= false, sQuiescent=false
03-15 20:38:51.926: D/PowerManagerService(1676): acquireWakeLockInternal: lock=26318678, flags=0x1, tag="*net_scheduler*", ws=WorkSource{10014 com.google.android.gms}, uid=10014, pid=1944
03-15 20:38:51.926: D/PowerManagerService(1676): updateWakeLockSummaryLocked: mWakefulness=Awake, mWakeLockSummary=0x1
03-15 20:38:51.926: D/PowerManagerService(1676): updateUserActivitySummaryLocked: mWakefulness=Awake, mUserActivitySummary=0x4, nextTimeout=-1 (1565705 ms ago)
03-15 20:38:51.926: D/PowerManagerService(1676): updateDisplayPowerStateLocked: mDisplayReady=true, policy=2, mWakefulness=1, mWakeLockSummary=0x1, mUserActivitySummary=0x4, mBootCompleted=true, mScreenBrightnessBoostInProgress=false, mIsVrModeEnabled= false, sQuiescent=false
03-15 20:38:51.941: I/Icing(2302): Indexing done com.google.android.gms-apps
03-15 20:38:51.948: D/PowerManagerService(1676): releaseWakeLockInternal: lock=126891765 [*net_scheduler*], flags=0x0
03-15 20:38:51.948: D/PowerManagerService(1676): updateWakeLockSummaryLocked: mWakefulness=Awake, mWakeLockSummary=0x1
03-15 20:38:51.948: D/PowerManagerService(1676): updateUserActivitySummaryLocked: mWakefulness=Awake, mUserActivitySummary=0x4, nextTimeout=-1 (1565726 ms ago)
03-15 20:38:51.948: D/PowerManagerService(1676): updateDisplayPowerStateLocked: mDisplayReady=true, policy=2, mWakefulness=1, mWakeLockSummary=0x1, mUserActivitySummary=0x4, mBootCompleted=true, mScreenBrightnessBoostInProgress=false, mIsVrModeEnabled= false, sQuiescent=false
03-15 20:38:51.948: D/PowerManagerService(1676): acquireWakeLockInternal: lock=126891765, flags=0x1, tag="*net_scheduler*", ws=WorkSource{10014 com.google.android.gms}, uid=10014, pid=1944
03-15 20:38:51.948: D/PowerManagerService(1676): updateWakeLockSummaryLocked: mWakefulness=Awake, mWakeLockSummary=0x1
03-15 20:38:51.948: D/PowerManagerService(1676): updateUserActivitySummaryLocked: mWakefulness=Awake, mUserActivitySummary=0x4, nextTimeout=-1 (1565727 ms ago)
03-15 20:38:51.948: D/PowerManagerService(1676): updateDisplayPowerStateLocked: mDisplayReady=true, policy=2, mWakefulness=1, mWakeLockSummary=0x1, mUserActivitySummary=0x4, mBootCompleted=true, mScreenBrightnessBoostInProgress=false, mIsVrModeEnabled= false, sQuiescent=false
03-15 20:38:51.949: I/Icing(2302): Indexing done com.google.android.gms-internal.3p:MobileApplication
03-15 20:38:51.951: I/zygote(2302): Do full code cache collection, code=483KB, data=326KB
03-15 20:38:51.951: I/zygote(2302): After code cache collection, code=419KB, data=241KB
03-15 20:38:51.954: D/PowerManagerService(1676): releaseWakeLockInternal: lock=26318678 [*net_scheduler*], flags=0x0
03-15 20:38:51.954: D/PowerManagerService(1676): updateWakeLockSummaryLocked: mWakefulness=Awake, mWakeLockSummary=0x1
03-15 20:38:51.954: D/PowerManagerService(1676): updateUserActivitySummaryLocked: mWakefulness=Awake, mUserActivitySummary=0x4, nextTimeout=-1 (1565733 ms ago)
03-15 20:38:51.954: D/PowerManagerService(1676): updateDisplayPowerStateLocked: mDisplayReady=true, policy=2, mWakefulness=1, mWakeLockSummary=0x1, mUserActivitySummary=0x4, mBootCompleted=true, mScreenBrightnessBoostInProgress=false, mIsVrModeEnabled= false, sQuiescent=false
03-15 20:38:51.962: D/PowerManagerService(1676): acquireWakeLockInternal: lock=235463876, flags=0x1, tag="*net_scheduler*", ws=WorkSource{10014 com.google.android.gms}, uid=10014, pid=1944
03-15 20:38:51.962: D/PowerManagerService(1676): updateWakeLockSummaryLocked: mWakefulness=Awake, mWakeLockSummary=0x1
03-15 20:38:51.962: D/PowerManagerService(1676): updateUserActivitySummaryLocked: mWakefulness=Awake, mUserActivitySummary=0x4, nextTimeout=-1 (1565741 ms ago)
03-15 20:38:51.962: D/PowerManagerService(1676): updateDisplayPowerStateLocked: mDisplayReady=true, policy=2, mWakefulness=1, mWakeLockSummary=0x1, mUserActivitySummary=0x4, mBootCompleted=true, mScreenBrightnessBoostInProgress=false, mIsVrModeEnabled= false, sQuiescent=false
03-15 20:38:51.976: D/PowerManagerService(1676): releaseWakeLockInternal: lock=235463876 [*net_scheduler*], flags=0x0
03-15 20:38:51.977: D/PowerManagerService(1676): updateWakeLockSummaryLocked: mWakefulness=Awake, mWakeLockSummary=0x1
03-15 20:38:51.977: D/PowerManagerService(1676): updateUserActivitySummaryLocked: mWakefulness=Awake, mUserActivitySummary=0x4, nextTimeout=-1 (1565755 ms ago)
03-15 20:38:51.977: D/PowerManagerService(1676): updateDisplayPowerStateLocked: mDisplayReady=true, policy=2, mWakefulness=1, mWakeLockSummary=0x1, mUserActivitySummary=0x4, mBootCompleted=true, mScreenBrightnessBoostInProgress=false, mIsVrModeEnabled= false, sQuiescent=false
03-15 20:38:51.980: D/PowerManagerService(1676): releaseWakeLockInternal: lock=126891765 [*net_scheduler*], flags=0x0
03-15 20:38:51.980: D/PowerManagerService(1676): updateWakeLockSummaryLocked: mWakefulness=Awake, mWakeLockSummary=0x1
03-15 20:38:51.980: D/PowerManagerService(1676): updateUserActivitySummaryLocked: mWakefulness=Awake, mUserActivitySummary=0x4, nextTimeout=-1 (1565759 ms ago)
03-15 20:38:51.980: D/PowerManagerService(1676): updateDisplayPowerStateLocked: mDisplayReady=true, policy=2, mWakefulness=1, mWakeLockSummary=0x1, mUserActivitySummary=0x4, mBootCompleted=true, mScreenBrightnessBoostInProgress=false, mIsVrModeEnabled= false, sQuiescent=false
03-15 20:38:51.981: D/PowerManagerService(1676): acquireWakeLockInternal: lock=126891765, flags=0x1, tag="*net_scheduler*", ws=WorkSource{10014 com.google.android.gms}, uid=10014, pid=1944
03-15 20:38:51.981: D/PowerManagerService(1676): updateWakeLockSummaryLocked: mWakefulness=Awake, mWakeLockSummary=0x1
03-15 20:38:51.981: D/PowerManagerService(1676): updateUserActivitySummaryLocked: mWakefulness=Awake, mUserActivitySummary=0x4, nextTimeout=-1 (1565760 ms ago)
03-15 20:38:51.981: D/PowerManagerService(1676): updateDisplayPowerStateLocked: mDisplayReady=true, policy=2, mWakefulness=1, mWakeLockSummary=0x1, mUserActivitySummary=0x4, mBootCompleted=true, mScreenBrightnessBoostInProgress=false, mIsVrModeEnabled= false, sQuiescent=false
03-15 20:38:51.983: D/PowerManagerService(1676): releaseWakeLockInternal: lock=126891765 [*net_scheduler*], flags=0x0
03-15 20:38:51.983: D/PowerManagerService(1676): updateWakeLockSummaryLocked: mWakefulness=Awake, mWakeLockSummary=0x1
03-15 20:38:51.983: D/PowerManagerService(1676): updateUserActivitySummaryLocked: mWakefulness=Awake, mUserActivitySummary=0x4, nextTimeout=-1 (1565761 ms ago)
03-15 20:38:51.983: D/PowerManagerService(1676): updateDisplayPowerStateLocked: mDisplayReady=true, policy=2, mWakefulness=1, mWakeLockSummary=0x1, mUserActivitySummary=0x4, mBootCompleted=true, mScreenBrightnessBoostInProgress=false, mIsVrModeEnabled= false, sQuiescent=false
03-15 20:38:51.983: D/PowerManagerService(1676): acquireWakeLockInternal: lock=126891765, flags=0x1, tag="*net_scheduler*", ws=WorkSource{10014 com.google.android.gms}, uid=10014, pid=1944
03-15 20:38:51.983: D/PowerManagerService(1676): updateWakeLockSummaryLocked: mWakefulness=Awake, mWakeLockSummary=0x1
03-15 20:38:51.983: D/PowerManagerService(1676): updateUserActivitySummaryLocked: mWakefulness=Awake, mUserActivitySummary=0x4, nextTimeout=-1 (1565762 ms ago)
03-15 20:38:51.983: D/PowerManagerService(1676): updateDisplayPowerStateLocked: mDisplayReady=true, policy=2, mWakefulness=1, mWakeLockSummary=0x1, mUserActivitySummary=0x4, mBootCompleted=true, mScreenBrightnessBoostInProgress=false, mIsVrModeEnabled= false, sQuiescent=false
03-15 20:38:51.993: D/PowerManagerService(1676): acquireWakeLockInternal: lock=187159266, flags=0x1, tag="*net_scheduler*", ws=WorkSource{10014 com.google.android.gms}, uid=10014, pid=1944
03-15 20:38:51.993: D/PowerManagerService(1676): updateWakeLockSummaryLocked: mWakefulness=Awake, mWakeLockSummary=0x1
03-15 20:38:51.993: D/PowerManagerService(1676): updateUserActivitySummaryLocked: mWakefulness=Awake, mUserActivitySummary=0x4, nextTimeout=-1 (1565772 ms ago)
03-15 20:38:51.993: D/PowerManagerService(1676): updateDisplayPowerStateLocked: mDisplayReady=true, policy=2, mWakefulness=1, mWakeLockSummary=0x1, mUserActivitySummary=0x4, mBootCompleted=true, mScreenBrightnessBoostInProgress=false, mIsVrModeEnabled= false, sQuiescent=false
03-15 20:38:52.002: E/NetworkScheduler.ATC(1944): Unable to resolve correct action against com.google.android.inputmethod.latin/com.firebase.jobdispatcher.GooglePlayReceiver for user #0 to instantiate callback. Not executing task.
03-15 20:38:52.003: E/NetworkScheduler(1944): Unknown result code received: 4
03-15 20:38:52.003: D/PowerManagerService(1676): releaseWakeLockInternal: lock=187159266 [*net_scheduler*], flags=0x0
03-15 20:38:52.003: D/PowerManagerService(1676): updateWakeLockSummaryLocked: mWakefulness=Awake, mWakeLockSummary=0x1
03-15 20:38:52.003: D/PowerManagerService(1676): updateUserActivitySummaryLocked: mWakefulness=Awake, mUserActivitySummary=0x4, nextTimeout=-1 (1565782 ms ago)
03-15 20:38:52.003: D/PowerManagerService(1676): updateDisplayPowerStateLocked: mDisplayReady=true, policy=2, mWakefulness=1, mWakeLockSummary=0x1, mUserActivitySummary=0x4, mBootCompleted=true, mScreenBrightnessBoostInProgress=false, mIsVrModeEnabled= false, sQuiescent=false
03-15 20:38:52.010: E/NetworkScheduler.ATC(1944): Unable to resolve correct action against com.google.android.inputmethod.latin/com.google.android.apps.inputmethod.libs.latin5.LanguageModelDownloadService for user #0 to instantiate callback. Not executing task.
03-15 20:38:52.010: E/NetworkScheduler(1944): Unknown result code received: 4
03-15 20:38:52.017: D/PowerManagerService(1676): acquireWakeLockInternal: lock=51480880, flags=0x1, tag="*net_scheduler*", ws=WorkSource{10014 com.google.android.gms}, uid=10014, pid=1944
03-15 20:38:52.017: D/PowerManagerService(1676): updateWakeLockSummaryLocked: mWakefulness=Awake, mWakeLockSummary=0x1
03-15 20:38:52.017: D/PowerManagerService(1676): updateUserActivitySummaryLocked: mWakefulness=Awake, mUserActivitySummary=0x4, nextTimeout=-1 (1565796 ms ago)
03-15 20:38:52.017: D/PowerManagerService(1676): updateDisplayPowerStateLocked: mDisplayReady=true, policy=2, mWakefulness=1, mWakeLockSummary=0x1, mUserActivitySummary=0x4, mBootCompleted=true, mScreenBrightnessBoostInProgress=false, mIsVrModeEnabled= false, sQuiescent=false
03-15 20:38:52.029: I/zygote(2302): Deoptimizing int dqx.a(bivh, dqw, java.lang.Comparable) due to JIT inline cache
03-15 20:38:52.037: D/PowerManagerService(1676): releaseWakeLockInternal: lock=126891765 [*net_scheduler*], flags=0x0
03-15 20:38:52.037: D/PowerManagerService(1676): updateWakeLockSummaryLocked: mWakefulness=Awake, mWakeLockSummary=0x1
03-15 20:38:52.037: D/PowerManagerService(1676): updateUserActivitySummaryLocked: mWakefulness=Awake, mUserActivitySummary=0x4, nextTimeout=-1 (1565816 ms ago)
03-15 20:38:52.037: D/PowerManagerService(1676): updateDisplayPowerStateLocked: mDisplayReady=true, policy=2, mWakefulness=1, mWakeLockSummary=0x1, mUserActivitySummary=0x4, mBootCompleted=true, mScreenBrightnessBoostInProgress=false, mIsVrModeEnabled= false, sQuiescent=false
03-15 20:38:52.038: D/PowerManagerService(1676): releaseWakeLockInternal: lock=51480880 [*net_scheduler*], flags=0x0
03-15 20:38:52.038: D/PowerManagerService(1676): updateWakeLockSummaryLocked: mWakefulness=Awake, mWakeLockSummary=0x1
03-15 20:38:52.038: D/PowerManagerService(1676): updateUserActivitySummaryLocked: mWakefulness=Awake, mUserActivitySummary=0x4, nextTimeout=-1 (1565817 ms ago)
03-15 20:38:52.038: D/PowerManagerService(1676): updateDisplayPowerStateLocked: mDisplayReady=true, policy=2, mWakefulness=1, mWakeLockSummary=0x1, mUserActivitySummary=0x4, mBootCompleted=true, mScreenBrightnessBoostInProgress=false, mIsVrModeEnabled= false, sQuiescent=false
03-15 20:38:52.043: D/PowerManagerService(1676): acquireWakeLockInternal: lock=126891765, flags=0x1, tag="*net_scheduler*", ws=WorkSource{10014 com.google.android.gms}, uid=10014, pid=1944
03-15 20:38:52.043: D/PowerManagerService(1676): updateWakeLockSummaryLocked: mWakefulness=Awake, mWakeLockSummary=0x1
03-15 20:38:52.043: D/PowerManagerService(1676): updateUserActivitySummaryLocked: mWakefulness=Awake, mUserActivitySummary=0x4, nextTimeout=-1 (1565822 ms ago)
03-15 20:38:52.043: D/PowerManagerService(1676): updateDisplayPowerStateLocked: mDisplayReady=true, policy=2, mWakefulness=1, mWakeLockSummary=0x1, mUserActivitySummary=0x4, mBootCompleted=true, mScreenBrightnessBoostInProgress=false, mIsVrModeEnabled= false, sQuiescent=false
03-15 20:38:52.083: W/ModuleInitIntentOp(2302): Dropping unexpected action com.google.android.gms.phenotype.COMMITTED
03-15 20:38:52.095: I/PTCommittedOperation(1944): Receive new configuration for com.google.android.gms.semanticlocation
03-15 20:38:52.097: D/PowerManagerService(1676): acquireWakeLockInternal: lock=245221221, flags=0x1, tag="CMWakeLock", ws=WorkSource{10014 com.google.android.gms}, uid=10014, pid=1944
03-15 20:38:52.097: D/PowerManagerService(1676): updateWakeLockSummaryLocked: mWakefulness=Awake, mWakeLockSummary=0x1
03-15 20:38:52.097: D/PowerManagerService(1676): updateUserActivitySummaryLocked: mWakefulness=Awake, mUserActivitySummary=0x4, nextTimeout=-1 (1565875 ms ago)
03-15 20:38:52.097: D/PowerManagerService(1676): updateDisplayPowerStateLocked: mDisplayReady=true, policy=2, mWakefulness=1, mWakeLockSummary=0x1, mUserActivitySummary=0x4, mBootCompleted=true, mScreenBrightnessBoostInProgress=false, mIsVrModeEnabled= false, sQuiescent=false
03-15 20:38:52.098: D/PowerManagerService(1676): releaseWakeLockInternal: lock=245221221 [CMWakeLock], flags=0x0
03-15 20:38:52.098: D/PowerManagerService(1676): updateWakeLockSummaryLocked: mWakefulness=Awake, mWakeLockSummary=0x1
03-15 20:38:52.098: D/PowerManagerService(1676): updateUserActivitySummaryLocked: mWakefulness=Awake, mUserActivitySummary=0x4, nextTimeout=-1 (1565877 ms ago)
03-15 20:38:52.098: D/PowerManagerService(1676): updateDisplayPowerStateLocked: mDisplayReady=true, policy=2, mWakefulness=1, mWakeLockSummary=0x1, mUserActivitySummary=0x4, mBootCompleted=true, mScreenBrightnessBoostInProgress=false, mIsVrModeEnabled= false, sQuiescent=false
03-15 20:38:52.133: D/PowerManagerService(1676): acquireWakeLockInternal: lock=151837754, flags=0x1, tag="*net_scheduler*", ws=WorkSource{10014 com.google.android.gms}, uid=10014, pid=1944
03-15 20:38:52.133: D/PowerManagerService(1676): updateWakeLockSummaryLocked: mWakefulness=Awake, mWakeLockSummary=0x1
03-15 20:38:52.133: D/PowerManagerService(1676): updateUserActivitySummaryLocked: mWakefulness=Awake, mUserActivitySummary=0x4, nextTimeout=-1 (1565912 ms ago)
03-15 20:38:52.133: D/PowerManagerService(1676): updateDisplayPowerStateLocked: mDisplayReady=true, policy=2, mWakefulness=1, mWakeLockSummary=0x1, mUserActivitySummary=0x4, mBootCompleted=true, mScreenBrightnessBoostInProgress=false, mIsVrModeEnabled= false, sQuiescent=false
03-15 20:38:52.153: W/SemanticLocation(2302): Personalization not enabled; won't try to improve personalization account.
03-15 20:38:52.160: I/SemanticLocation(2302): Cancel DailyWhamDataUpload
03-15 20:38:52.163: I/SemanticLocation(2302): Cancel ReverseGeoBatch
03-15 20:38:52.165: I/SemanticLocation(2302): Cancel WhamDailyActiveUserReport
03-15 20:38:52.202: D/PowerManagerService(1676): acquireWakeLockInternal: lock=223772189, flags=0x1, tag="*net_scheduler*", ws=WorkSource{10014 com.google.android.gms}, uid=10014, pid=1944
03-15 20:38:52.202: D/PowerManagerService(1676): updateWakeLockSummaryLocked: mWakefulness=Awake, mWakeLockSummary=0x1
03-15 20:38:52.202: D/PowerManagerService(1676): updateUserActivitySummaryLocked: mWakefulness=Awake, mUserActivitySummary=0x4, nextTimeout=-1 (1565981 ms ago)
03-15 20:38:52.202: D/PowerManagerService(1676): updateDisplayPowerStateLocked: mDisplayReady=true, policy=2, mWakefulness=1, mWakeLockSummary=0x1, mUserActivitySummary=0x4, mBootCompleted=true, mScreenBrightnessBoostInProgress=false, mIsVrModeEnabled= false, sQuiescent=false
03-15 20:38:52.230: D/PowerManagerService(1676): releaseWakeLockInternal: lock=223772189 [*net_scheduler*], flags=0x0
03-15 20:38:52.230: D/PowerManagerService(1676): updateWakeLockSummaryLocked: mWakefulness=Awake, mWakeLockSummary=0x1
03-15 20:38:52.230: D/PowerManagerService(1676): updateUserActivitySummaryLocked: mWakefulness=Awake, mUserActivitySummary=0x4, nextTimeout=-1 (1566009 ms ago)
03-15 20:38:52.230: D/PowerManagerService(1676): updateDisplayPowerStateLocked: mDisplayReady=true, policy=2, mWakefulness=1, mWakeLockSummary=0x1, mUserActivitySummary=0x4, mBootCompleted=true, mScreenBrightnessBoostInProgress=false, mIsVrModeEnabled= false, sQuiescent=false
03-15 20:38:52.273: D/PowerManagerService(1676): acquireWakeLockInternal: lock=210584163, flags=0x1, tag="*net_scheduler*", ws=WorkSource{10014 com.google.android.gms}, uid=10014, pid=1944
03-15 20:38:52.273: D/PowerManagerService(1676): updateWakeLockSummaryLocked: mWakefulness=Awake, mWakeLockSummary=0x1
03-15 20:38:52.273: D/PowerManagerService(1676): updateUserActivitySummaryLocked: mWakefulness=Awake, mUserActivitySummary=0x4, nextTimeout=-1 (1566052 ms ago)
03-15 20:38:52.273: D/PowerManagerService(1676): updateDisplayPowerStateLocked: mDisplayReady=true, policy=2, mWakefulness=1, mWakeLockSummary=0x1, mUserActivitySummary=0x4, mBootCompleted=true, mScreenBrightnessBoostInProgress=false, mIsVrModeEnabled= false, sQuiescent=false
03-15 20:38:52.310: I/InstantApps(1944): GcmMessageRetryService: Cleaning up expired
03-15 20:38:52.311: D/PowerManagerService(1676): releaseWakeLockInternal: lock=210584163 [*net_scheduler*], flags=0x0
03-15 20:38:52.311: D/PowerManagerService(1676): updateWakeLockSummaryLocked: mWakefulness=Awake, mWakeLockSummary=0x1
03-15 20:38:52.311: D/PowerManagerService(1676): updateUserActivitySummaryLocked: mWakefulness=Awake, mUserActivitySummary=0x4, nextTimeout=-1 (1566090 ms ago)
03-15 20:38:52.311: D/PowerManagerService(1676): updateDisplayPowerStateLocked: mDisplayReady=true, policy=2, mWakefulness=1, mWakeLockSummary=0x1, mUserActivitySummary=0x4, mBootCompleted=true, mScreenBrightnessBoostInProgress=false, mIsVrModeEnabled= false, sQuiescent=false
03-15 20:38:52.332: I/zygote(4567): Waiting for a blocking GC ProfileSaver
03-15 20:38:52.344: D/AndroidRuntime(4822): >>>>>> START com.android.internal.os.RuntimeInit uid 0 <<<<<<
03-15 20:38:52.374: I/zygote(4567): WaitForGcToComplete blocked ProfileSaver on HeapTrim for 42.552ms
03-15 20:38:52.394: D/PowerManagerService(1676): releaseWakeLockInternal: lock=126891765 [*net_scheduler*], flags=0x0
03-15 20:38:52.394: D/PowerManagerService(1676): updateWakeLockSummaryLocked: mWakefulness=Awake, mWakeLockSummary=0x1
03-15 20:38:52.394: D/PowerManagerService(1676): updateUserActivitySummaryLocked: mWakefulness=Awake, mUserActivitySummary=0x4, nextTimeout=-1 (1566173 ms ago)
03-15 20:38:52.394: D/PowerManagerService(1676): updateDisplayPowerStateLocked: mDisplayReady=true, policy=2, mWakefulness=1, mWakeLockSummary=0x1, mUserActivitySummary=0x4, mBootCompleted=true, mScreenBrightnessBoostInProgress=false, mIsVrModeEnabled= false, sQuiescent=false
03-15 20:38:52.398: I/zygote(1944): Background concurrent copying GC freed 133210(6MB) AllocSpace objects, 0(0B) LOS objects, 49% free, 6MB/13MB, paused 63us total 133.068ms
03-15 20:38:52.398: I/NetworkScheduler(1944): ignoring stale queue check message
03-15 20:38:52.415: D/PowerManagerService(1676): acquireWakeLockInternal: lock=126891765, flags=0x1, tag="*net_scheduler*", ws=WorkSource{10014 com.google.android.gms}, uid=10014, pid=1944
03-15 20:38:52.415: D/PowerManagerService(1676): updateWakeLockSummaryLocked: mWakefulness=Awake, mWakeLockSummary=0x1
03-15 20:38:52.416: D/PowerManagerService(1676): updateUserActivitySummaryLocked: mWakefulness=Awake, mUserActivitySummary=0x4, nextTimeout=-1 (1566194 ms ago)
03-15 20:38:52.416: D/PowerManagerService(1676): updateDisplayPowerStateLocked: mDisplayReady=true, policy=2, mWakefulness=1, mWakeLockSummary=0x1, mUserActivitySummary=0x4, mBootCompleted=true, mScreenBrightnessBoostInProgress=false, mIsVrModeEnabled= false, sQuiescent=false
03-15 20:38:52.434: W/app_process(4822): Unexpected CPU variant for X86 using defaults: x86
03-15 20:38:52.439: I/app_process(4822): The ClassLoaderContext is a special shared library.
03-15 20:38:52.439: W/nativebridge(4822): Failed to bind-mount /system/lib/x86/cpuinfo as /proc/cpuinfo: No such file or directory
03-15 20:38:52.440: I/Remoter(1532): Saved screenshot to '/data/screenshots/__pmv__-0071.jpg'
03-15 20:38:52.442: D/PowerManagerService(1676): acquireWakeLockInternal: lock=207740697, flags=0x1, tag="*net_scheduler*", ws=WorkSource{10081 com.google.android.apps.walletnfcrel}, uid=10014, pid=1944
03-15 20:38:52.442: D/PowerManagerService(1676): updateWakeLockSummaryLocked: mWakefulness=Awake, mWakeLockSummary=0x1
03-15 20:38:52.442: D/PowerManagerService(1676): updateUserActivitySummaryLocked: mWakefulness=Awake, mUserActivitySummary=0x4, nextTimeout=-1 (1566221 ms ago)
03-15 20:38:52.442: D/PowerManagerService(1676): updateDisplayPowerStateLocked: mDisplayReady=true, policy=2, mWakefulness=1, mWakeLockSummary=0x1, mUserActivitySummary=0x4, mBootCompleted=true, mScreenBrightnessBoostInProgress=false, mIsVrModeEnabled= false, sQuiescent=false
03-15 20:38:52.461: D/PowerManagerService(1676): releaseWakeLockInternal: lock=207740697 [*net_scheduler*], flags=0x0
03-15 20:38:52.461: D/PowerManagerService(1676): updateWakeLockSummaryLocked: mWakefulness=Awake, mWakeLockSummary=0x1
03-15 20:38:52.461: D/PowerManagerService(1676): updateUserActivitySummaryLocked: mWakefulness=Awake, mUserActivitySummary=0x4, nextTimeout=-1 (1566240 ms ago)
03-15 20:38:52.461: D/PowerManagerService(1676): updateDisplayPowerStateLocked: mDisplayReady=true, policy=2, mWakefulness=1, mWakeLockSummary=0x1, mUserActivitySummary=0x4, mBootCompleted=true, mScreenBrightnessBoostInProgress=false, mIsVrModeEnabled= false, sQuiescent=false
03-15 20:38:52.465: D/PowerManagerService(1676): releaseWakeLockInternal: lock=126891765 [*net_scheduler*], flags=0x0
03-15 20:38:52.465: D/PowerManagerService(1676): updateWakeLockSummaryLocked: mWakefulness=Awake, mWakeLockSummary=0x1
03-15 20:38:52.465: D/PowerManagerService(1676): updateUserActivitySummaryLocked: mWakefulness=Awake, mUserActivitySummary=0x4, nextTimeout=-1 (1566244 ms ago)
03-15 20:38:52.465: D/PowerManagerService(1676): updateDisplayPowerStateLocked: mDisplayReady=true, policy=2, mWakefulness=1, mWakeLockSummary=0x1, mUserActivitySummary=0x4, mBootCompleted=true, mScreenBrightnessBoostInProgress=false, mIsVrModeEnabled= false, sQuiescent=false
03-15 20:38:52.465: D/PowerManagerService(1676): acquireWakeLockInternal: lock=126891765, flags=0x1, tag="*net_scheduler*", ws=WorkSource{10014 com.google.android.gms}, uid=10014, pid=1944
03-15 20:38:52.465: D/PowerManagerService(1676): updateWakeLockSummaryLocked: mWakefulness=Awake, mWakeLockSummary=0x1
03-15 20:38:52.465: D/PowerManagerService(1676): updateUserActivitySummaryLocked: mWakefulness=Awake, mUserActivitySummary=0x4, nextTimeout=-1 (1566244 ms ago)
03-15 20:38:52.465: D/PowerManagerService(1676): updateDisplayPowerStateLocked: mDisplayReady=true, policy=2, mWakefulness=1, mWakeLockSummary=0x1, mUserActivitySummary=0x4, mBootCompleted=true, mScreenBrightnessBoostInProgress=false, mIsVrModeEnabled= false, sQuiescent=false
03-15 20:38:52.473: D/AndroidRuntime(4822): Calling main entry com.android.commands.pm.Pm
03-15 20:38:52.478: D/PowerManagerService(1676): acquireWakeLockInternal: lock=134717887, flags=0x1, tag="*net_scheduler*", ws=WorkSource{10014 com.google.android.gms}, uid=10014, pid=1944
03-15 20:38:52.479: D/PowerManagerService(1676): updateWakeLockSummaryLocked: mWakefulness=Awake, mWakeLockSummary=0x1
03-15 20:38:52.479: D/PowerManagerService(1676): updateUserActivitySummaryLocked: mWakefulness=Awake, mUserActivitySummary=0x4, nextTimeout=-1 (1566257 ms ago)
03-15 20:38:52.479: D/PowerManagerService(1676): updateDisplayPowerStateLocked: mDisplayReady=true, policy=2, mWakefulness=1, mWakeLockSummary=0x1, mUserActivitySummary=0x4, mBootCompleted=true, mScreenBrightnessBoostInProgress=false, mIsVrModeEnabled= false, sQuiescent=false
03-15 20:38:52.492: I/zygote(4614): Waiting for a blocking GC ProfileSaver
03-15 20:38:52.502: D/PowerManagerService(1676): releaseWakeLockInternal: lock=134717887 [*net_scheduler*], flags=0x0
03-15 20:38:52.502: D/PowerManagerService(1676): updateWakeLockSummaryLocked: mWakefulness=Awake, mWakeLockSummary=0x1
03-15 20:38:52.502: D/PowerManagerService(1676): updateUserActivitySummaryLocked: mWakefulness=Awake, mUserActivitySummary=0x4, nextTimeout=-1 (1566281 ms ago)
03-15 20:38:52.502: D/PowerManagerService(1676): updateDisplayPowerStateLocked: mDisplayReady=true, policy=2, mWakefulness=1, mWakeLockSummary=0x1, mUserActivitySummary=0x4, mBootCompleted=true, mScreenBrightnessBoostInProgress=false, mIsVrModeEnabled= false, sQuiescent=false
03-15 20:38:52.515: D/PowerManagerService(1676): releaseWakeLockInternal: lock=126891765 [*net_scheduler*], flags=0x0
03-15 20:38:52.516: D/PowerManagerService(1676): updateWakeLockSummaryLocked: mWakefulness=Awake, mWakeLockSummary=0x1
03-15 20:38:52.516: D/PowerManagerService(1676): updateUserActivitySummaryLocked: mWakefulness=Awake, mUserActivitySummary=0x4, nextTimeout=-1 (1566294 ms ago)
03-15 20:38:52.516: D/PowerManagerService(1676): updateDisplayPowerStateLocked: mDisplayReady=true, policy=2, mWakefulness=1, mWakeLockSummary=0x1, mUserActivitySummary=0x4, mBootCompleted=true, mScreenBrightnessBoostInProgress=false, mIsVrModeEnabled= false, sQuiescent=false
03-15 20:38:52.520: D/PowerManagerService(1676): acquireWakeLockInternal: lock=126891765, flags=0x1, tag="*net_scheduler*", ws=WorkSource{10014 com.google.android.gms}, uid=10014, pid=1944
03-15 20:38:52.520: D/PowerManagerService(1676): updateWakeLockSummaryLocked: mWakefulness=Awake, mWakeLockSummary=0x1
03-15 20:38:52.520: D/PowerManagerService(1676): updateUserActivitySummaryLocked: mWakefulness=Awake, mUserActivitySummary=0x4, nextTimeout=-1 (1566299 ms ago)
03-15 20:38:52.520: D/PowerManagerService(1676): updateDisplayPowerStateLocked: mDisplayReady=true, policy=2, mWakefulness=1, mWakeLockSummary=0x1, mUserActivitySummary=0x4, mBootCompleted=true, mScreenBrightnessBoostInProgress=false, mIsVrModeEnabled= false, sQuiescent=false
03-15 20:38:52.539: D/PowerManagerService(1676): acquireWakeLockInternal: lock=158648298, flags=0x1, tag="*net_scheduler*", ws=WorkSource{10014 com.google.android.gms}, uid=10014, pid=1944
03-15 20:38:52.539: D/PowerManagerService(1676): updateWakeLockSummaryLocked: mWakefulness=Awake, mWakeLockSummary=0x1
03-15 20:38:52.539: D/PowerManagerService(1676): updateUserActivitySummaryLocked: mWakefulness=Awake, mUserActivitySummary=0x4, nextTimeout=-1 (1566318 ms ago)
03-15 20:38:52.539: D/PowerManagerService(1676): updateDisplayPowerStateLocked: mDisplayReady=true, policy=2, mWakefulness=1, mWakeLockSummary=0x1, mUserActivitySummary=0x4, mBootCompleted=true, mScreenBrightnessBoostInProgress=false, mIsVrModeEnabled= false, sQuiescent=false
03-15 20:38:52.559: I/WalletGcmTaskService(2302): Running GcmTask w/ tag INSTANTBUY_SYNC_GCM_TASK_STEP_1
03-15 20:38:52.562: D/PowerManagerService(1676): releaseWakeLockInternal: lock=158648298 [*net_scheduler*], flags=0x0
03-15 20:38:52.562: D/PowerManagerService(1676): updateWakeLockSummaryLocked: mWakefulness=Awake, mWakeLockSummary=0x1
03-15 20:38:52.562: D/PowerManagerService(1676): updateUserActivitySummaryLocked: mWakefulness=Awake, mUserActivitySummary=0x4, nextTimeout=-1 (1566341 ms ago)
03-15 20:38:52.562: D/PowerManagerService(1676): updateDisplayPowerStateLocked: mDisplayReady=true, policy=2, mWakefulness=1, mWakeLockSummary=0x1, mUserActivitySummary=0x4, mBootCompleted=true, mScreenBrightnessBoostInProgress=false, mIsVrModeEnabled= false, sQuiescent=false
03-15 20:38:52.564: I/Finsky(4567): [2] com.google.android.finsky.verifier.impl.PackageVerificationReceiver.onReceive(12): Verification requested, id = 4
03-15 20:38:52.572: W/Finsky(4567): [2] com.google.android.finsky.application.impl.a.dw(1487): No account configured on this device.
03-15 20:38:52.574: I/chatty(4567): uid=10028(com.android.vending) identical 3 lines
03-15 20:38:52.575: W/Finsky(4567): [2] com.google.android.finsky.application.impl.a.dw(1487): No account configured on this device.
03-15 20:38:52.579: I/Finsky(4567): [297] com.google.android.finsky.verifier.impl.ci.a(111): Skipping verification. Disabled by user setting
03-15 20:38:52.579: I/Finsky(4567): [297] com.google.android.finsky.verifier.impl.ci.a(119): Skipping anti malware verification due to pre-check failure
03-15 20:38:52.579: I/Finsky(4567): [2] com.google.android.finsky.verifier.impl.dr.c(191): Verifying id=4, result=1
03-15 20:38:52.579: W/Finsky(4567): [2] com.google.android.finsky.application.impl.a.dw(1487): No account configured on this device.
03-15 20:38:52.580: W/Finsky(4567): [2] com.google.android.finsky.application.impl.a.dw(1487): No account configured on this device.
03-15 20:38:52.580: I/Finsky(4567): [2] com.google.android.finsky.verifier.impl.dr.c(208): Verification complete: id=4, package_name=com.google.android.apps.mtaas.testloop
03-15 20:38:52.586: D/PowerManagerService(1676): releaseWakeLockInternal: lock=126891765 [*net_scheduler*], flags=0x0
03-15 20:38:52.586: D/PowerManagerService(1676): updateWakeLockSummaryLocked: mWakefulness=Awake, mWakeLockSummary=0x1
03-15 20:38:52.586: D/PowerManagerService(1676): updateUserActivitySummaryLocked: mWakefulness=Awake, mUserActivitySummary=0x4, nextTimeout=-1 (1566365 ms ago)
03-15 20:38:52.586: D/PowerManagerService(1676): updateDisplayPowerStateLocked: mDisplayReady=true, policy=2, mWakefulness=1, mWakeLockSummary=0x1, mUserActivitySummary=0x4, mBootCompleted=true, mScreenBrightnessBoostInProgress=false, mIsVrModeEnabled= false, sQuiescent=false
03-15 20:38:52.587: D/PowerManagerService(1676): acquireWakeLockInternal: lock=126891765, flags=0x1, tag="*net_scheduler*", ws=WorkSource{10014 com.google.android.gms}, uid=10014, pid=1944
03-15 20:38:52.587: D/PowerManagerService(1676): updateWakeLockSummaryLocked: mWakefulness=Awake, mWakeLockSummary=0x1
03-15 20:38:52.587: D/PowerManagerService(1676): updateUserActivitySummaryLocked: mWakefulness=Awake, mUserActivitySummary=0x4, nextTimeout=-1 (1566365 ms ago)
03-15 20:38:52.587: D/PowerManagerService(1676): updateDisplayPowerStateLocked: mDisplayReady=true, policy=2, mWakefulness=1, mWakeLockSummary=0x1, mUserActivitySummary=0x4, mBootCompleted=true, mScreenBrightnessBoostInProgress=false, mIsVrModeEnabled= false, sQuiescent=false
03-15 20:38:52.590: D/PowerManagerService(1676): acquireWakeLockInternal: lock=157355497, flags=0x1, tag="*dexopt*", ws=WorkSource{-1}, uid=1000, pid=1676
03-15 20:38:52.590: D/PowerManagerService(1676): updateWakeLockSummaryLocked: mWakefulness=Awake, mWakeLockSummary=0x1
03-15 20:38:52.590: D/PowerManagerService(1676): updateUserActivitySummaryLocked: mWakefulness=Awake, mUserActivitySummary=0x4, nextTimeout=-1 (1566369 ms ago)
03-15 20:38:52.590: D/PowerManagerService(1676): updateDisplayPowerStateLocked: mDisplayReady=true, policy=2, mWakefulness=1, mWakeLockSummary=0x1, mUserActivitySummary=0x4, mBootCompleted=true, mScreenBrightnessBoostInProgress=false, mIsVrModeEnabled= false, sQuiescent=false
03-15 20:38:52.591: I/PackageManager.DexOptimizer(1676): Running dexopt (dexoptNeeded=1) on: /data/app/com.google.android.apps.mtaas.testloop-kZnZVhAIk_zpYn9GLdKQwQ==/base.apk pkg=com.google.android.apps.mtaas.testloop isa=x86 dexoptFlags=boot_complete,public target-filter=quicken oatDir=/data/app/com.google.android.apps.mtaas.testloop-kZnZVhAIk_zpYn9GLdKQwQ==/oat sharedLibraries=PCL[]
03-15 20:38:52.602: D/PowerManagerService(1676): acquireWakeLockInternal: lock=120688808, flags=0x1, tag="*net_scheduler*", ws=WorkSource{10014 com.google.android.gms}, uid=10014, pid=1944
03-15 20:38:52.602: D/PowerManagerService(1676): updateWakeLockSummaryLocked: mWakefulness=Awake, mWakeLockSummary=0x1
03-15 20:38:52.602: D/PowerManagerService(1676): updateUserActivitySummaryLocked: mWakefulness=Awake, mUserActivitySummary=0x4, nextTimeout=-1 (1566381 ms ago)
03-15 20:38:52.602: D/PowerManagerService(1676): updateDisplayPowerStateLocked: mDisplayReady=true, policy=2, mWakefulness=1, mWakeLockSummary=0x1, mUserActivitySummary=0x4, mBootCompleted=true, mScreenBrightnessBoostInProgress=false, mIsVrModeEnabled= false, sQuiescent=false
03-15 20:38:52.608: W/dex2oat(4841): Unexpected CPU variant for X86 using defaults: x86
03-15 20:38:52.608: W/dex2oat(4841): Mismatch between dex2oat instruction set features (ISA: X86 Feature string: -ssse3,-sse4.1,-sse4.2,-avx,-avx2,-popcnt) and those of dex2oat executable (ISA: X86 Feature string: ssse3,-sse4.1,-sse4.2,-avx,-avx2,-popcnt) for the command line:
03-15 20:38:52.608: W/dex2oat(4841): /system/bin/dex2oat --zip-fd=7 --zip-location=base.apk --input-vdex-fd=-1 --output-vdex-fd=9 --oat-fd=8 --oat-location=/data/app/com.google.android.apps.mtaas.testloop-kZnZVhAIk_zpYn9GLdKQwQ==/oat/x86/base.odex --instruction-set=x86 --instruction-set-variant=x86 --instruction-set-features=default --runtime-arg -Xms64m --runtime-arg -Xmx512m --compiler-filter=quicken --swap-fd=10 --classpath-dir=/data/app/com.google.android.apps.mtaas.testloop-kZnZVhAIk_zpYn9GLdKQwQ== --class-loader-context=PCL[]
03-15 20:38:52.608: I/dex2oat(4841): /system/bin/dex2oat --input-vdex-fd=-1 --output-vdex-fd=9 --compiler-filter=quicken --classpath-dir=/data/app/com.google.android.apps.mtaas.testloop-kZnZVhAIk_zpYn9GLdKQwQ== --class-loader-context=PCL[]
03-15 20:38:52.637: D/PowerManagerService(1676): releaseWakeLockInternal: lock=126891765 [*net_scheduler*], flags=0x0
03-15 20:38:52.637: D/PowerManagerService(1676): updateWakeLockSummaryLocked: mWakefulness=Awake, mWakeLockSummary=0x1
03-15 20:38:52.637: D/PowerManagerService(1676): updateUserActivitySummaryLocked: mWakefulness=Awake, mUserActivitySummary=0x4, nextTimeout=-1 (1566416 ms ago)
03-15 20:38:52.637: D/PowerManagerService(1676): updateDisplayPowerStateLocked: mDisplayReady=true, policy=2, mWakefulness=1, mWakeLockSummary=0x1, mUserActivitySummary=0x4, mBootCompleted=true, mScreenBrightnessBoostInProgress=false, mIsVrModeEnabled= false, sQuiescent=false
03-15 20:38:52.641: E/dual_mode_controller(1534): LE scan
03-15 20:38:52.767: I/Icing(2302): Indexing com.google.android.gms-apps from com.google.android.gms
03-15 20:38:52.768: I/Icing(2302): Indexing done com.google.android.gms-apps
03-15 20:38:52.776: D/PowerManagerService(1676): releaseWakeLockInternal: lock=126608599 [Icing], flags=0x0
03-15 20:38:52.776: D/PowerManagerService(1676): updateWakeLockSummaryLocked: mWakefulness=Awake, mWakeLockSummary=0x1
03-15 20:38:52.776: D/PowerManagerService(1676): updateUserActivitySummaryLocked: mWakefulness=Awake, mUserActivitySummary=0x4, nextTimeout=-1 (1566555 ms ago)
03-15 20:38:52.776: D/PowerManagerService(1676): updateDisplayPowerStateLocked: mDisplayReady=true, policy=2, mWakefulness=1, mWakeLockSummary=0x1, mUserActivitySummary=0x4, mBootCompleted=true, mScreenBrightnessBoostInProgress=false, mIsVrModeEnabled= false, sQuiescent=false
03-15 20:38:52.873: I/ajji(1944): Scheduling Phenotype for a PhenotypeSyncImmediately(8, com.google.android.gms) one off with window [1, 2] in seconds [CONTEXT service_id=51 ]
03-15 20:38:52.881: E/NetworkScheduler(1944): Invalid component specified.
03-15 20:38:52.892: I/Places(1944): ?: Couldn't find platform key file.
03-15 20:38:52.893: I/zygote(1944): Deoptimizing java.lang.String xux.a(android.os.Bundle) due to JIT inline cache
03-15 20:38:52.896: W/ModuleInitIntentOp(2302): Dropping unexpected action com.google.android.gms.phenotype.COMMITTED
03-15 20:38:52.903: D/PowerManagerService(1676): acquireWakeLockInternal: lock=126608599, flags=0x1, tag="Icing", ws=WorkSource{10014 com.google.android.gms}, uid=10014, pid=2302
03-15 20:38:52.903: D/PowerManagerService(1676): updateWakeLockSummaryLocked: mWakefulness=Awake, mWakeLockSummary=0x1
03-15 20:38:52.903: D/PowerManagerService(1676): updateUserActivitySummaryLocked: mWakefulness=Awake, mUserActivitySummary=0x4, nextTimeout=-1 (1566682 ms ago)
03-15 20:38:52.903: D/PowerManagerService(1676): updateDisplayPowerStateLocked: mDisplayReady=true, policy=2, mWakefulness=1, mWakeLockSummary=0x1, mUserActivitySummary=0x4, mBootCompleted=true, mScreenBrightnessBoostInProgress=false, mIsVrModeEnabled= false, sQuiescent=false
03-15 20:38:52.905: D/PowerManagerService(1676): releaseWakeLockInternal: lock=126608599 [Icing], flags=0x0
03-15 20:38:52.905: D/PowerManagerService(1676): updateWakeLockSummaryLocked: mWakefulness=Awake, mWakeLockSummary=0x1
03-15 20:38:52.905: D/PowerManagerService(1676): updateUserActivitySummaryLocked: mWakefulness=Awake, mUserActivitySummary=0x4, nextTimeout=-1 (1566684 ms ago)
03-15 20:38:52.905: D/PowerManagerService(1676): updateDisplayPowerStateLocked: mDisplayReady=true, policy=2, mWakefulness=1, mWakeLockSummary=0x1, mUserActivitySummary=0x4, mBootCompleted=true, mScreenBrightnessBoostInProgress=false, mIsVrModeEnabled= false, sQuiescent=false
03-15 20:38:52.945: I/GeofencerStateMachine(1944): removeGeofences: removeRequest=RemoveGeofencingRequest[REMOVE_BY_PENDING_INTENT pendingIntent=PendingIntent[creatorPackage=com.google.android.gms], packageName=null]
03-15 20:38:52.945: D/PowerManagerService(1676): acquireWakeLockInternal: lock=146190231, flags=0x1, tag="Wakeful StateMachine: GeofencerStateMachine", ws=WorkSource{10014 com.google.android.gms}, uid=10014, pid=1944
03-15 20:38:52.946: D/PowerManagerService(1676): updateWakeLockSummaryLocked: mWakefulness=Awake, mWakeLockSummary=0x1
03-15 20:38:52.946: D/PowerManagerService(1676): updateUserActivitySummaryLocked: mWakefulness=Awake, mUserActivitySummary=0x4, nextTimeout=-1 (1566724 ms ago)
03-15 20:38:52.946: D/PowerManagerService(1676): updateDisplayPowerStateLocked: mDisplayReady=true, policy=2, mWakefulness=1, mWakeLockSummary=0x1, mUserActivitySummary=0x4, mBootCompleted=true, mScreenBrightnessBoostInProgress=false, mIsVrModeEnabled= false, sQuiescent=false
03-15 20:38:52.947: D/PowerManagerService(1676): acquireWakeLockInternal: lock=146190231, flags=0x1, tag="Wakeful StateMachine: GeofencerStateMachine", ws=WorkSource{10014 com.google.android.gms}, uid=10014, pid=1944
03-15 20:38:52.947: D/PowerManagerService(1676): updateWakeLockSummaryLocked: mWakefulness=Awake, mWakeLockSummary=0x1
03-15 20:38:52.947: D/PowerManagerService(1676): updateUserActivitySummaryLocked: mWakefulness=Awake, mUserActivitySummary=0x4, nextTimeout=-1 (1566726 ms ago)
03-15 20:38:52.947: D/PowerManagerService(1676): updateDisplayPowerStateLocked: mDisplayReady=true, policy=2, mWakefulness=1, mWakeLockSummary=0x1, mUserActivitySummary=0x4, mBootCompleted=true, mScreenBrightnessBoostInProgress=false, mIsVrModeEnabled= false, sQuiescent=false
03-15 20:38:52.949: D/PowerManagerService(1676): acquireWakeLockInternal: lock=245221221, flags=0x1, tag="CMWakeLock", ws=WorkSource{10014 com.google.android.gms}, uid=10014, pid=1944
03-15 20:38:52.949: D/PowerManagerService(1676): updateWakeLockSummaryLocked: mWakefulness=Awake, mWakeLockSummary=0x1
03-15 20:38:52.949: D/PowerManagerService(1676): updateUserActivitySummaryLocked: mWakefulness=Awake, mUserActivitySummary=0x4, nextTimeout=-1 (1566727 ms ago)
03-15 20:38:52.949: D/PowerManagerService(1676): updateDisplayPowerStateLocked: mDisplayReady=true, policy=2, mWakefulness=1, mWakeLockSummary=0x1, mUserActivitySummary=0x4, mBootCompleted=true, mScreenBrightnessBoostInProgress=false, mIsVrModeEnabled= false, sQuiescent=false
03-15 20:38:52.946: I/GeofencerStateMachine(1944): removeGeofences: removeRequest=RemoveGeofencingRequest[REMOVE_BY_PENDING_INTENT pendingIntent=PendingIntent[creatorPackage=com.google.android.gms], packageName=null]
03-15 20:38:52.949: I/PTCommittedOperation(1944): Receive new configuration for com.google.android.gms.auth_api_phone
03-15 20:38:52.950: D/PowerManagerService(1676): releaseWakeLockInternal: lock=146190231 [Wakeful StateMachine: GeofencerStateMachine], flags=0x0
03-15 20:38:52.950: D/PowerManagerService(1676): updateWakeLockSummaryLocked: mWakefulness=Awake, mWakeLockSummary=0x1
03-15 20:38:52.950: D/PowerManagerService(1676): updateUserActivitySummaryLocked: mWakefulness=Awake, mUserActivitySummary=0x4, nextTimeout=-1 (1566729 ms ago)
03-15 20:38:52.950: D/PowerManagerService(1676): updateDisplayPowerStateLocked: mDisplayReady=true, policy=2, mWakefulness=1, mWakeLockSummary=0x1, mUserActivitySummary=0x4, mBootCompleted=true, mScreenBrightnessBoostInProgress=false, mIsVrModeEnabled= false, sQuiescent=false
03-15 20:38:52.952: D/PowerManagerService(1676): releaseWakeLockInternal: lock=245221221 [CMWakeLock], flags=0x0
03-15 20:38:52.952: D/PowerManagerService(1676): updateWakeLockSummaryLocked: mWakefulness=Awake, mWakeLockSummary=0x1
03-15 20:38:52.952: D/PowerManagerService(1676): updateUserActivitySummaryLocked: mWakefulness=Awake, mUserActivitySummary=0x4, nextTimeout=-1 (1566731 ms ago)
03-15 20:38:52.952: D/PowerManagerService(1676): updateDisplayPowerStateLocked: mDisplayReady=true, policy=2, mWakefulness=1, mWakeLockSummary=0x1, mUserActivitySummary=0x4, mBootCompleted=true, mScreenBrightnessBoostInProgress=false, mIsVrModeEnabled= false, sQuiescent=false
03-15 20:38:52.956: I/Places(1944): ?: Couldn't find platform key file.
03-15 20:38:52.960: I/GeofencerStateMachine(1944): removeGeofences: removeRequest=RemoveGeofencingRequest[REMOVE_BY_PENDING_INTENT pendingIntent=PendingIntent[creatorPackage=com.google.android.gms], packageName=null]
03-15 20:38:52.961: D/PowerManagerService(1676): acquireWakeLockInternal: lock=146190231, flags=0x1, tag="Wakeful StateMachine: GeofencerStateMachine", ws=WorkSource{10014 com.google.android.gms}, uid=10014, pid=1944
03-15 20:38:52.961: D/PowerManagerService(1676): updateWakeLockSummaryLocked: mWakefulness=Awake, mWakeLockSummary=0x1
03-15 20:38:52.961: D/PowerManagerService(1676): updateUserActivitySummaryLocked: mWakefulness=Awake, mUserActivitySummary=0x4, nextTimeout=-1 (1566739 ms ago)
03-15 20:38:52.961: D/PowerManagerService(1676): updateDisplayPowerStateLocked: mDisplayReady=true, policy=2, mWakefulness=1, mWakeLockSummary=0x1, mUserActivitySummary=0x4, mBootCompleted=true, mScreenBrightnessBoostInProgress=false, mIsVrModeEnabled= false, sQuiescent=false
03-15 20:38:52.961: D/PowerManagerService(1676): releaseWakeLockInternal: lock=146190231 [Wakeful StateMachine: GeofencerStateMachine], flags=0x0
03-15 20:38:52.961: D/PowerManagerService(1676): updateWakeLockSummaryLocked: mWakefulness=Awake, mWakeLockSummary=0x1
03-15 20:38:52.961: D/PowerManagerService(1676): updateUserActivitySummaryLocked: mWakefulness=Awake, mUserActivitySummary=0x4, nextTimeout=-1 (1566740 ms ago)
03-15 20:38:52.961: D/PowerManagerService(1676): updateDisplayPowerStateLocked: mDisplayReady=true, policy=2, mWakefulness=1, mWakeLockSummary=0x1, mUserActivitySummary=0x4, mBootCompleted=true, mScreenBrightnessBoostInProgress=false, mIsVrModeEnabled= false, sQuiescent=false
03-15 20:38:52.972: W/dex2oat(4841): Verification of void android.support.v4.media.MediaBrowserServiceCompat$MediaBrowserServiceImplApi26$1.<init>(android.support.v4.media.MediaBrowserServiceCompat$MediaBrowserServiceImplApi26, java.lang.Object, android.support.v4.media.MediaBrowserServiceCompatApi26$ResultWrapper) took 112.324ms
03-15 20:38:53.035: I/GeofencerStateMachine(1944): removeGeofences: removeRequest=RemoveGeofencingRequest[REMOVE_BY_PENDING_INTENT pendingIntent=PendingIntent[creatorPackage=com.google.android.gms], packageName=null]
03-15 20:38:53.036: D/PowerManagerService(1676): acquireWakeLockInternal: lock=146190231, flags=0x1, tag="Wakeful StateMachine: GeofencerStateMachine", ws=WorkSource{10014 com.google.android.gms}, uid=10014, pid=1944
03-15 20:38:53.036: D/PowerManagerService(1676): updateWakeLockSummaryLocked: mWakefulness=Awake, mWakeLockSummary=0x1
03-15 20:38:53.036: D/PowerManagerService(1676): updateUserActivitySummaryLocked: mWakefulness=Awake, mUserActivitySummary=0x4, nextTimeout=-1 (1566815 ms ago)
03-15 20:38:53.036: D/PowerManagerService(1676): updateDisplayPowerStateLocked: mDisplayReady=true, policy=2, mWakefulness=1, mWakeLockSummary=0x1, mUserActivitySummary=0x4, mBootCompleted=true, mScreenBrightnessBoostInProgress=false, mIsVrModeEnabled= false, sQuiescent=false
03-15 20:38:53.037: D/PowerManagerService(1676): acquireWakeLockInternal: lock=146190231, flags=0x1, tag="Wakeful StateMachine: GeofencerStateMachine", ws=WorkSource{10014 com.google.android.gms}, uid=10014, pid=1944
03-15 20:38:53.037: D/PowerManagerService(1676): updateWakeLockSummaryLocked: mWakefulness=Awake, mWakeLockSummary=0x1
03-15 20:38:53.037: D/PowerManagerService(1676): updateUserActivitySummaryLocked: mWakefulness=Awake, mUserActivitySummary=0x4, nextTimeout=-1 (1566816 ms ago)
03-15 20:38:53.037: D/PowerManagerService(1676): updateDisplayPowerStateLocked: mDisplayReady=true, policy=2, mWakefulness=1, mWakeLockSummary=0x1, mUserActivitySummary=0x4, mBootCompleted=true, mScreenBrightnessBoostInProgress=false, mIsVrModeEnabled= false, sQuiescent=false
03-15 20:38:53.039: D/PowerManagerService(1676): releaseWakeLockInternal: lock=146190231 [Wakeful StateMachine: GeofencerStateMachine], flags=0x0
03-15 20:38:53.039: D/PowerManagerService(1676): updateWakeLockSummaryLocked: mWakefulness=Awake, mWakeLockSummary=0x1
03-15 20:38:53.039: D/PowerManagerService(1676): updateUserActivitySummaryLocked: mWakefulness=Awake, mUserActivitySummary=0x4, nextTimeout=-1 (1566818 ms ago)
03-15 20:38:53.039: D/PowerManagerService(1676): updateDisplayPowerStateLocked: mDisplayReady=true, policy=2, mWakefulness=1, mWakeLockSummary=0x1, mUserActivitySummary=0x4, mBootCompleted=true, mScreenBrightnessBoostInProgress=false, mIsVrModeEnabled= false, sQuiescent=false
03-15 20:38:53.037: I/GeofencerStateMachine(1944): removeGeofences: removeRequest=RemoveGeofencingRequest[REMOVE_BY_PENDING_INTENT pendingIntent=PendingIntent[creatorPackage=com.google.android.gms], packageName=null]
03-15 20:38:53.043: W/ModuleInitIntentOp(2302): Dropping unexpected action com.google.android.gms.phenotype.COMMITTED
03-15 20:38:53.048: D/PowerManagerService(1676): acquireWakeLockInternal: lock=126608599, flags=0x1, tag="Icing", ws=WorkSource{10014 com.google.android.gms}, uid=10014, pid=2302
03-15 20:38:53.048: D/PowerManagerService(1676): updateWakeLockSummaryLocked: mWakefulness=Awake, mWakeLockSummary=0x1
03-15 20:38:53.048: D/PowerManagerService(1676): updateUserActivitySummaryLocked: mWakefulness=Awake, mUserActivitySummary=0x4, nextTimeout=-1 (1566827 ms ago)
03-15 20:38:53.048: D/PowerManagerService(1676): updateDisplayPowerStateLocked: mDisplayReady=true, policy=2, mWakefulness=1, mWakeLockSummary=0x1, mUserActivitySummary=0x4, mBootCompleted=true, mScreenBrightnessBoostInProgress=false, mIsVrModeEnabled= false, sQuiescent=false
03-15 20:38:53.048: I/GeofencerStateMachine(1944): removeGeofences: removeRequest=RemoveGeofencingRequest[REMOVE_BY_PENDING_INTENT pendingIntent=PendingIntent[creatorPackage=com.google.android.gms], packageName=null]
