03-15 20:38:54.957: D/PowerManagerService(1676): updateUserActivitySummaryLocked: mWakefulness=Awake, mUserActivitySummary=0x4, nextTimeout=-1 (1568736 ms ago)
03-15 20:38:54.957: D/PowerManagerService(1676): updateDisplayPowerStateLocked: mDisplayReady=true, policy=2, mWakefulness=1, mWakeLockSummary=0x1, mUserActivitySummary=0x4, mBootCompleted=true, mScreenBrightnessBoostInProgress=false, mIsVrModeEnabled= false, sQuiescent=false
03-15 20:38:54.957: I/GnssLocationProvider(1676): WakeLock released by handleMessage(SET_REQUEST, 0, com.android.server.location.GnssLocationProvider$GpsRequest@751d6dd)
03-15 20:38:54.957: I/GnssLocationProvider(1676): [ 03-15 20:38:54.957  1581: 1610 E/         ]
03-15 20:38:54.957: I/GnssLocationProvider(1676): Couldn't opendir /data/app/vmdl1494739280.tmp: No such file or directory
03-15 20:38:54.957: E/installd(1581): Failed to delete /data/app/vmdl1494739280.tmp: No such file or directory
03-15 20:38:54.958: D/PowerManagerService(1676): releaseWakeLockInternal: lock=33537475 [CMWakeLock], flags=0x0
03-15 20:38:54.958: D/PowerManagerService(1676): updateWakeLockSummaryLocked: mWakefulness=Awake, mWakeLockSummary=0x1
03-15 20:38:54.958: D/PowerManagerService(1676): updateUserActivitySummaryLocked: mWakefulness=Awake, mUserActivitySummary=0x4, nextTimeout=-1 (1568737 ms ago)
03-15 20:38:54.958: D/PowerManagerService(1676): updateDisplayPowerStateLocked: mDisplayReady=true, policy=2, mWakefulness=1, mWakeLockSummary=0x1, mUserActivitySummary=0x4, mBootCompleted=true, mScreenBrightnessBoostInProgress=false, mIsVrModeEnabled= false, sQuiescent=false
03-15 20:38:54.958: I/Pm(4900): Package android.support.test.orchestrator installed in 683 ms
03-15 20:38:54.959: D/PackageInstaller(1676): Ignoring abandon after commit relinquished control
03-15 20:38:54.959: D/PowerManagerService(1676): acquireWakeLockInternal: lock=213491273, flags=0x1, tag="GCoreFlp", ws=WorkSource{10014 com.google.android.gms}, uid=10014, pid=1944
03-15 20:38:54.959: D/PowerManagerService(1676): updateWakeLockSummaryLocked: mWakefulness=Awake, mWakeLockSummary=0x1
03-15 20:38:54.959: D/PowerManagerService(1676): updateUserActivitySummaryLocked: mWakefulness=Awake, mUserActivitySummary=0x4, nextTimeout=-1 (1568738 ms ago)
03-15 20:38:54.959: D/PowerManagerService(1676): updateDisplayPowerStateLocked: mDisplayReady=true, policy=2, mWakefulness=1, mWakeLockSummary=0x1, mUserActivitySummary=0x4, mBootCompleted=true, mScreenBrightnessBoostInProgress=false, mIsVrModeEnabled= false, sQuiescent=false
03-15 20:38:54.960: D/PowerManagerService(1676): releaseWakeLockInternal: lock=213491273 [GCoreFlp], flags=0x0
03-15 20:38:54.960: D/PowerManagerService(1676): updateWakeLockSummaryLocked: mWakefulness=Awake, mWakeLockSummary=0x1
03-15 20:38:54.960: D/PowerManagerService(1676): updateUserActivitySummaryLocked: mWakefulness=Awake, mUserActivitySummary=0x4, nextTimeout=-1 (1568739 ms ago)
03-15 20:38:54.960: D/PowerManagerService(1676): updateDisplayPowerStateLocked: mDisplayReady=true, policy=2, mWakefulness=1, mWakeLockSummary=0x1, mUserActivitySummary=0x4, mBootCompleted=true, mScreenBrightnessBoostInProgress=false, mIsVrModeEnabled= false, sQuiescent=false
03-15 20:38:54.974: I/app_process(4900): System.exit called, status: 0
03-15 20:38:54.974: I/AndroidRuntime(4900): VM exiting with result code 0.
03-15 20:38:54.981: W/BroadcastQueue(1676): Background execution not allowed: receiving Intent { act=android.intent.action.PACKAGE_ADDED dat=package:android.support.test.orchestrator flg=0x4000010 (has extras) } to com.android.musicfx/.Compatibility$Receiver
03-15 20:38:54.983: D/Avrcp(1787): AvrcpServiceBroadcastReceiver-> Action: android.intent.action.PACKAGE_ADDED
03-15 20:38:54.983: D/Avrcp(1787): AvrcpServiceBroadcastReceiver-> packageName: android.support.test.orchestrator
03-15 20:38:54.983: D/Avrcp(1787): packageName: android.support.test.orchestrator removed: false
03-15 20:38:54.986: I/InputReader(1676): Reconfiguring input devices.  changes=0x00000010
03-15 20:38:54.986: D/Avrcp(1787): isBrowsableListUpdated: false
03-15 20:38:54.987: D/BluetoothMapAppObserver(1787): onReceive
03-15 20:38:54.987: D/BluetoothMapAppObserver(1787): The installed package is: android.support.test.orchestrator
03-15 20:38:54.987: D/BluetoothMapAppObserver(1787): Found 0 application(s) with intent android.bluetooth.action.BLUETOOTH_MAP_PROVIDER
03-15 20:38:54.988: D/BluetoothMapAppObserver(1787): Found 0 application(s) with intent android.bluetooth.action.BLUETOOTH_MAP_IM_PROVIDER
03-15 20:38:54.990: W/Finsky(4567): [2] com.google.android.finsky.application.impl.a.dw(1487): No account configured on this device.
03-15 20:38:54.994: I/Telecom(1676): DefaultDialerCache: Refreshing default dialer for user 0: now com.google.android.dialer: DDC.oR@AI4
03-15 20:38:55.003: D/PowerManagerService(1676): acquireWakeLockInternal: lock=184456958, flags=0x1, tag="*net_scheduler*", ws=WorkSource{10014 com.google.android.gms}, uid=10014, pid=1944
03-15 20:38:55.003: D/PowerManagerService(1676): updateWakeLockSummaryLocked: mWakefulness=Awake, mWakeLockSummary=0x1
03-15 20:38:55.003: D/PowerManagerService(1676): updateUserActivitySummaryLocked: mWakefulness=Awake, mUserActivitySummary=0x4, nextTimeout=-1 (1568782 ms ago)
03-15 20:38:55.003: D/PowerManagerService(1676): updateDisplayPowerStateLocked: mDisplayReady=true, policy=2, mWakefulness=1, mWakeLockSummary=0x1, mUserActivitySummary=0x4, mBootCompleted=true, mScreenBrightnessBoostInProgress=false, mIsVrModeEnabled= false, sQuiescent=false
03-15 20:38:55.004: I/chatty(4567): uid=10028(com.android.vending) identical 8 lines
03-15 20:38:55.005: W/Finsky(4567): [2] com.google.android.finsky.application.impl.a.dw(1487): No account configured on this device.
03-15 20:38:55.016: D/CarrierSvcBindHelper(1964): No carrier app for: 0
03-15 20:38:55.018: D/AutofillUI(1676): destroySaveUiUiThread(): already destroyed
03-15 20:38:55.019: I/Finsky(4567): [2] com.google.android.finsky.wear.WearSupportService.onStartCommand(21): Starting WearSupportService for auto_install
03-15 20:38:55.032: D/ImsResolver(1964): maybeAddedImsService, packageName: android.support.test.orchestrator
03-15 20:38:55.035: I/Finsky(4567): [2] com.google.android.finsky.wear.ar.a(80): Connecting to wearable; initiated by: com.google.android.finsky.wear.WearSupportService
03-15 20:38:55.036: I/Finsky(4567): [2] com.google.android.finsky.wear.WearSupportService.onStartCommand(21): Starting WearSupportService for send_installed_apps
03-15 20:38:55.037: D/CarrierConfigLoader(1964): mHandler: 9 phoneId: 0
03-15 20:38:55.038: I/Finsky(4567): [2] com.google.android.finsky.externalreferrer.e.a(52): Package state data is missing for android.support.test.orchestrator
03-15 20:38:55.038: W/Finsky(4567): [2] com.google.android.finsky.application.impl.a.dw(1487): No account configured on this device.
03-15 20:38:55.045: W/BroadcastQueue(1676): Background execution not allowed: receiving Intent { act=android.intent.action.PACKAGE_ADDED dat=package:android.support.test.orchestrator flg=0x4000010 (has extras) } to com.google.android.googlequicksearchbox/com.google.android.apps.gsa.googlequicksearchbox.GelStubAppWatcher
03-15 20:38:55.039: W/Finsky(4567): [2] com.google.android.finsky.application.impl.a.dw(1487): No account configured on this device.
03-15 20:38:55.051: I/Auth(2302): [SupervisedAccountIntentOperation] onHandleIntent(): android.intent.action.PACKAGE_ADDED
03-15 20:38:55.052: I/ChromeSync(2302): [Sync,SyncIntentOperation] Handling the intent: Intent { act=android.intent.action.PACKAGE_ADDED dat=package:android.support.test.orchestrator flg=0x4000010 cmp=com.google.android.gms/.chimera.GmsIntentOperationService (has extras) }.
03-15 20:38:55.054: W/WearableService(1944): onGetService: Wear is not available on this device.
03-15 20:38:55.063: I/Auth(2302): [SupervisedAccountIntentOperation] This operation is disabled
03-15 20:38:55.064: I/FontsPackageChangeOp(2302): Package android.support.test.orchestrator has no metadata
03-15 20:38:55.068: I/ChromeSync(2302): [Persistence,AffiliationManager] No affiliation data for android://N50vJU0zrJ8WOzDt6r3GDtfqrkROFOSiqHcmppwn3vxaRC4hFpNn4UsL7XlvjtlfcWuDAQhmck0qjQPwsrpMNg==@android.support.test.orchestrator/. Marking affiliation data as stale...
03-15 20:38:55.068: I/ChromeSync(2302): [Persistence,AffiliationManager] Fetching affiliations from the server.
03-15 20:38:55.075: E/Finsky(4567): [2] com.google.android.finsky.wear.au.a(3): onConnectionFailed: ConnectionResult{statusCode=API_UNAVAILABLE, resolution=null, message=null}
03-15 20:38:55.076: W/Finsky(4567): [2] com.google.android.finsky.wear.cd.run(12): Dropping command=auto_install due to Gms not connected
03-15 20:38:55.076: I/Finsky(4567): [2] com.google.android.finsky.wear.WearSupportService.b(67): Stopping WearSupportService
03-15 20:38:55.079: W/ModuleInitIntentOp(2302): Dropping unexpected action com.google.android.gms.phenotype.COMMITTED
03-15 20:38:55.085: W/Finsky(4567): [2] com.google.android.finsky.wear.cd.run(12): Dropping command=send_installed_apps due to Gms not connected
03-15 20:38:55.085: I/Finsky(4567): [2] com.google.android.finsky.wear.WearSupportService.b(67): Stopping WearSupportService
03-15 20:38:55.086: I/PTCommittedOperation(1944): Receive new configuration for com.google.android.gms.auth.proximity
03-15 20:38:55.087: D/PowerManagerService(1676): acquireWakeLockInternal: lock=33537475, flags=0x1, tag="CMWakeLock", ws=WorkSource{10014 com.google.android.gms}, uid=10014, pid=1944
03-15 20:38:55.087: D/PowerManagerService(1676): updateWakeLockSummaryLocked: mWakefulness=Awake, mWakeLockSummary=0x1
03-15 20:38:55.087: D/PowerManagerService(1676): updateUserActivitySummaryLocked: mWakefulness=Awake, mUserActivitySummary=0x4, nextTimeout=-1 (1568866 ms ago)
03-15 20:38:55.087: D/PowerManagerService(1676): updateDisplayPowerStateLocked: mDisplayReady=true, policy=2, mWakefulness=1, mWakeLockSummary=0x1, mUserActivitySummary=0x4, mBootCompleted=true, mScreenBrightnessBoostInProgress=false, mIsVrModeEnabled= false, sQuiescent=false
03-15 20:38:55.088: D/PowerManagerService(1676): acquireWakeLockInternal: lock=183668677, flags=0x1, tag="Icing", ws=WorkSource{10014 com.google.android.gms}, uid=10014, pid=2302
03-15 20:38:55.088: D/PowerManagerService(1676): updateWakeLockSummaryLocked: mWakefulness=Awake, mWakeLockSummary=0x1
03-15 20:38:55.088: D/PowerManagerService(1676): updateUserActivitySummaryLocked: mWakefulness=Awake, mUserActivitySummary=0x4, nextTimeout=-1 (1568867 ms ago)
03-15 20:38:55.088: D/PowerManagerService(1676): updateDisplayPowerStateLocked: mDisplayReady=true, policy=2, mWakefulness=1, mWakeLockSummary=0x1, mUserActivitySummary=0x4, mBootCompleted=true, mScreenBrightnessBoostInProgress=false, mIsVrModeEnabled= false, sQuiescent=false
03-15 20:38:55.090: D/PowerManagerService(1676): releaseWakeLockInternal: lock=183668677 [Icing], flags=0x0
03-15 20:38:55.090: D/PowerManagerService(1676): updateWakeLockSummaryLocked: mWakefulness=Awake, mWakeLockSummary=0x1
03-15 20:38:55.090: D/PowerManagerService(1676): updateUserActivitySummaryLocked: mWakefulness=Awake, mUserActivitySummary=0x4, nextTimeout=-1 (1568869 ms ago)
03-15 20:38:55.090: D/PowerManagerService(1676): updateDisplayPowerStateLocked: mDisplayReady=true, policy=2, mWakefulness=1, mWakeLockSummary=0x1, mUserActivitySummary=0x4, mBootCompleted=true, mScreenBrightnessBoostInProgress=false, mIsVrModeEnabled= false, sQuiescent=false
03-15 20:38:55.093: D/PowerManagerService(1676): releaseWakeLockInternal: lock=33537475 [CMWakeLock], flags=0x0
03-15 20:38:55.093: D/PowerManagerService(1676): updateWakeLockSummaryLocked: mWakefulness=Awake, mWakeLockSummary=0x1
03-15 20:38:55.093: D/PowerManagerService(1676): updateUserActivitySummaryLocked: mWakefulness=Awake, mUserActivitySummary=0x4, nextTimeout=-1 (1568872 ms ago)
03-15 20:38:55.093: D/PowerManagerService(1676): updateDisplayPowerStateLocked: mDisplayReady=true, policy=2, mWakefulness=1, mWakeLockSummary=0x1, mUserActivitySummary=0x4, mBootCompleted=true, mScreenBrightnessBoostInProgress=false, mIsVrModeEnabled= false, sQuiescent=false
03-15 20:38:55.102: I/PeopleContactsSync(2302): triggerPendingContactsCleanup: no accounts
03-15 20:38:55.112: D/PowerManagerService(1676): acquireWakeLockInternal: lock=183668677, flags=0x1, tag="Icing", ws=WorkSource{10014 com.google.android.gms}, uid=10014, pid=2302
03-15 20:38:55.112: D/PowerManagerService(1676): updateWakeLockSummaryLocked: mWakefulness=Awake, mWakeLockSummary=0x1
03-15 20:38:55.112: D/PowerManagerService(1676): updateUserActivitySummaryLocked: mWakefulness=Awake, mUserActivitySummary=0x4, nextTimeout=-1 (1568891 ms ago)
03-15 20:38:55.112: D/PowerManagerService(1676): updateDisplayPowerStateLocked: mDisplayReady=true, policy=2, mWakefulness=1, mWakeLockSummary=0x1, mUserActivitySummary=0x4, mBootCompleted=true, mScreenBrightnessBoostInProgress=false, mIsVrModeEnabled= false, sQuiescent=false
03-15 20:38:55.113: I/Icing(2302): IndexChimeraService.getServiceInterface callingPackage=com.google.android.gms componentName=AppsCorpus serviceId=32
03-15 20:38:55.114: I/Icing(2302): IndexChimeraService.getServiceInterface callingPackage=com.google.android.gms componentName=AppsCorpus serviceId=36
03-15 20:38:55.119: D/PowerManagerService(1676): updateWakeLockWorkSourceInternal: lock=183668677 [Icing], ws=WorkSource{10014 com.google.android.gms, 10088 android.support.test.orchestrator}
03-15 20:38:55.120: D/PowerManagerService(1676): updateWakeLockWorkSourceInternal: lock=183668677 [Icing], ws=WorkSource{10014 com.google.android.gms}
03-15 20:38:55.145: D/PowerManagerService(1676): releaseWakeLockInternal: lock=184456958 [*net_scheduler*], flags=0x0
03-15 20:38:55.145: D/PowerManagerService(1676): updateWakeLockSummaryLocked: mWakefulness=Awake, mWakeLockSummary=0x1
03-15 20:38:55.145: D/PowerManagerService(1676): updateUserActivitySummaryLocked: mWakefulness=Awake, mUserActivitySummary=0x4, nextTimeout=-1 (1568924 ms ago)
03-15 20:38:55.145: D/PowerManagerService(1676): updateDisplayPowerStateLocked: mDisplayReady=true, policy=2, mWakefulness=1, mWakeLockSummary=0x1, mUserActivitySummary=0x4, mBootCompleted=true, mScreenBrightnessBoostInProgress=false, mIsVrModeEnabled= false, sQuiescent=false
03-15 20:38:55.161: I/PTCommittedOperation(1944): Receive new configuration for com.google.android.gms.update
03-15 20:38:55.162: W/ModuleInitIntentOp(2302): Dropping unexpected action com.google.android.gms.phenotype.COMMITTED
03-15 20:38:55.166: D/PowerManagerService(1676): acquireWakeLockInternal: lock=33537475, flags=0x1, tag="CMWakeLock", ws=WorkSource{10014 com.google.android.gms}, uid=10014, pid=1944
03-15 20:38:55.166: D/PowerManagerService(1676): updateWakeLockSummaryLocked: mWakefulness=Awake, mWakeLockSummary=0x1
03-15 20:38:55.166: D/PowerManagerService(1676): updateUserActivitySummaryLocked: mWakefulness=Awake, mUserActivitySummary=0x4, nextTimeout=-1 (1568945 ms ago)
03-15 20:38:55.166: D/PowerManagerService(1676): updateDisplayPowerStateLocked: mDisplayReady=true, policy=2, mWakefulness=1, mWakeLockSummary=0x1, mUserActivitySummary=0x4, mBootCompleted=true, mScreenBrightnessBoostInProgress=false, mIsVrModeEnabled= false, sQuiescent=false
03-15 20:38:55.168: D/PowerManagerService(1676): releaseWakeLockInternal: lock=33537475 [CMWakeLock], flags=0x0
03-15 20:38:55.168: D/PowerManagerService(1676): updateWakeLockSummaryLocked: mWakefulness=Awake, mWakeLockSummary=0x1
03-15 20:38:55.168: D/PowerManagerService(1676): updateUserActivitySummaryLocked: mWakefulness=Awake, mUserActivitySummary=0x4, nextTimeout=-1 (1568947 ms ago)
03-15 20:38:55.168: D/PowerManagerService(1676): updateDisplayPowerStateLocked: mDisplayReady=true, policy=2, mWakefulness=1, mWakeLockSummary=0x1, mUserActivitySummary=0x4, mBootCompleted=true, mScreenBrightnessBoostInProgress=false, mIsVrModeEnabled= false, sQuiescent=false
03-15 20:38:55.169: I/zygote(1676): Background concurrent copying GC freed 68089(3MB) AllocSpace objects, 26(1200KB) LOS objects, 42% free, 11MB/20MB, paused 116us total 199.625ms
03-15 20:38:55.187: I/Icing(2302): Usage reports ok 0, Failed Usage reports 0, indexed 0, rejected 0, imm upload false
03-15 20:38:55.198: W/ModuleInitIntentOp(2302): Dropping unexpected action com.google.android.gms.phenotype.COMMITTED
03-15 20:38:55.201: I/PTCommittedOperation(1944): Receive new configuration for com.google.android.gms.auth_authzen
03-15 20:38:55.201: D/PowerManagerService(1676): acquireWakeLockInternal: lock=33537475, flags=0x1, tag="CMWakeLock", ws=WorkSource{10014 com.google.android.gms}, uid=10014, pid=1944
03-15 20:38:55.202: D/PowerManagerService(1676): updateWakeLockSummaryLocked: mWakefulness=Awake, mWakeLockSummary=0x1
03-15 20:38:55.202: D/PowerManagerService(1676): updateUserActivitySummaryLocked: mWakefulness=Awake, mUserActivitySummary=0x4, nextTimeout=-1 (1568980 ms ago)
03-15 20:38:55.202: D/PowerManagerService(1676): updateDisplayPowerStateLocked: mDisplayReady=true, policy=2, mWakefulness=1, mWakeLockSummary=0x1, mUserActivitySummary=0x4, mBootCompleted=true, mScreenBrightnessBoostInProgress=false, mIsVrModeEnabled= false, sQuiescent=false
03-15 20:38:55.205: D/PowerManagerService(1676): releaseWakeLockInternal: lock=33537475 [CMWakeLock], flags=0x0
03-15 20:38:55.205: D/PowerManagerService(1676): updateWakeLockSummaryLocked: mWakefulness=Awake, mWakeLockSummary=0x1
03-15 20:38:55.205: D/PowerManagerService(1676): updateUserActivitySummaryLocked: mWakefulness=Awake, mUserActivitySummary=0x4, nextTimeout=-1 (1568984 ms ago)
03-15 20:38:55.205: D/PowerManagerService(1676): updateDisplayPowerStateLocked: mDisplayReady=true, policy=2, mWakefulness=1, mWakeLockSummary=0x1, mUserActivitySummary=0x4, mBootCompleted=true, mScreenBrightnessBoostInProgress=false, mIsVrModeEnabled= false, sQuiescent=false
03-15 20:38:55.218: I/Icing(2302): Usage reports ok 0, Failed Usage reports 0, indexed 0, rejected 0, imm upload false
03-15 20:38:55.223: D/PowerManagerService(1676): acquireWakeLockInternal: lock=261842759, flags=0x1, tag="*net_scheduler*", ws=WorkSource{10014 com.google.android.gms}, uid=10014, pid=1944
03-15 20:38:55.223: D/PowerManagerService(1676): updateWakeLockSummaryLocked: mWakefulness=Awake, mWakeLockSummary=0x1
03-15 20:38:55.223: D/PowerManagerService(1676): updateUserActivitySummaryLocked: mWakefulness=Awake, mUserActivitySummary=0x4, nextTimeout=-1 (1569001 ms ago)
03-15 20:38:55.223: D/PowerManagerService(1676): updateDisplayPowerStateLocked: mDisplayReady=true, policy=2, mWakefulness=1, mWakeLockSummary=0x1, mUserActivitySummary=0x4, mBootCompleted=true, mScreenBrightnessBoostInProgress=false, mIsVrModeEnabled= false, sQuiescent=false
03-15 20:38:55.295: D/PowerManagerService(1676): releaseWakeLockInternal: lock=156121465 [*net_scheduler*], flags=0x0
03-15 20:38:55.295: D/PowerManagerService(1676): updateWakeLockSummaryLocked: mWakefulness=Awake, mWakeLockSummary=0x1
03-15 20:38:55.295: D/PowerManagerService(1676): updateUserActivitySummaryLocked: mWakefulness=Awake, mUserActivitySummary=0x4, nextTimeout=-1 (1569074 ms ago)
03-15 20:38:55.295: D/PowerManagerService(1676): updateDisplayPowerStateLocked: mDisplayReady=true, policy=2, mWakefulness=1, mWakeLockSummary=0x1, mUserActivitySummary=0x4, mBootCompleted=true, mScreenBrightnessBoostInProgress=false, mIsVrModeEnabled= false, sQuiescent=false
03-15 20:38:55.297: I/PTCommittedOperation(1944): Receive new configuration for com.google.android.gms.vision
03-15 20:38:55.297: D/PowerManagerService(1676): acquireWakeLockInternal: lock=156121465, flags=0x1, tag="*net_scheduler*", ws=WorkSource{10014 com.google.android.gms}, uid=10014, pid=1944
03-15 20:38:55.297: D/PowerManagerService(1676): updateWakeLockSummaryLocked: mWakefulness=Awake, mWakeLockSummary=0x1
03-15 20:38:55.297: D/PowerManagerService(1676): updateUserActivitySummaryLocked: mWakefulness=Awake, mUserActivitySummary=0x4, nextTimeout=-1 (1569076 ms ago)
03-15 20:38:55.297: D/PowerManagerService(1676): updateDisplayPowerStateLocked: mDisplayReady=true, policy=2, mWakefulness=1, mWakeLockSummary=0x1, mUserActivitySummary=0x4, mBootCompleted=true, mScreenBrightnessBoostInProgress=false, mIsVrModeEnabled= false, sQuiescent=false
03-15 20:38:55.299: D/PowerManagerService(1676): acquireWakeLockInternal: lock=33537475, flags=0x1, tag="CMWakeLock", ws=WorkSource{10014 com.google.android.gms}, uid=10014, pid=1944
03-15 20:38:55.299: D/PowerManagerService(1676): updateWakeLockSummaryLocked: mWakefulness=Awake, mWakeLockSummary=0x1
03-15 20:38:55.299: D/PowerManagerService(1676): updateUserActivitySummaryLocked: mWakefulness=Awake, mUserActivitySummary=0x4, nextTimeout=-1 (1569078 ms ago)
03-15 20:38:55.299: D/PowerManagerService(1676): updateDisplayPowerStateLocked: mDisplayReady=true, policy=2, mWakefulness=1, mWakeLockSummary=0x1, mUserActivitySummary=0x4, mBootCompleted=true, mScreenBrightnessBoostInProgress=false, mIsVrModeEnabled= false, sQuiescent=false
03-15 20:38:55.299: W/ModuleInitIntentOp(2302): Dropping unexpected action com.google.android.gms.phenotype.COMMITTED
03-15 20:38:55.303: D/PowerManagerService(1676): releaseWakeLockInternal: lock=33537475 [CMWakeLock], flags=0x0
03-15 20:38:55.303: D/PowerManagerService(1676): updateWakeLockSummaryLocked: mWakefulness=Awake, mWakeLockSummary=0x1
03-15 20:38:55.303: D/PowerManagerService(1676): updateUserActivitySummaryLocked: mWakefulness=Awake, mUserActivitySummary=0x4, nextTimeout=-1 (1569082 ms ago)
03-15 20:38:55.303: D/PowerManagerService(1676): updateDisplayPowerStateLocked: mDisplayReady=true, policy=2, mWakefulness=1, mWakeLockSummary=0x1, mUserActivitySummary=0x4, mBootCompleted=true, mScreenBrightnessBoostInProgress=false, mIsVrModeEnabled= false, sQuiescent=false
03-15 20:38:55.310: D/PowerManagerService(1676): releaseWakeLockInternal: lock=261842759 [*net_scheduler*], flags=0x0
03-15 20:38:55.310: D/PowerManagerService(1676): updateWakeLockSummaryLocked: mWakefulness=Awake, mWakeLockSummary=0x1
03-15 20:38:55.310: D/PowerManagerService(1676): updateUserActivitySummaryLocked: mWakefulness=Awake, mUserActivitySummary=0x4, nextTimeout=-1 (1569089 ms ago)
03-15 20:38:55.311: D/PowerManagerService(1676): updateDisplayPowerStateLocked: mDisplayReady=true, policy=2, mWakefulness=1, mWakeLockSummary=0x1, mUserActivitySummary=0x4, mBootCompleted=true, mScreenBrightnessBoostInProgress=false, mIsVrModeEnabled= false, sQuiescent=false
03-15 20:38:55.316: D/PowerManagerService(1676): releaseWakeLockInternal: lock=156121465 [*net_scheduler*], flags=0x0
03-15 20:38:55.316: D/PowerManagerService(1676): updateWakeLockSummaryLocked: mWakefulness=Awake, mWakeLockSummary=0x1
03-15 20:38:55.316: D/PowerManagerService(1676): updateUserActivitySummaryLocked: mWakefulness=Awake, mUserActivitySummary=0x4, nextTimeout=-1 (1569095 ms ago)
03-15 20:38:55.316: D/PowerManagerService(1676): updateDisplayPowerStateLocked: mDisplayReady=true, policy=2, mWakefulness=1, mWakeLockSummary=0x1, mUserActivitySummary=0x4, mBootCompleted=true, mScreenBrightnessBoostInProgress=false, mIsVrModeEnabled= false, sQuiescent=false
03-15 20:38:55.316: D/PowerManagerService(1676): acquireWakeLockInternal: lock=156121465, flags=0x1, tag="*net_scheduler*", ws=WorkSource{10014 com.google.android.gms}, uid=10014, pid=1944
03-15 20:38:55.316: D/PowerManagerService(1676): updateWakeLockSummaryLocked: mWakefulness=Awake, mWakeLockSummary=0x1
03-15 20:38:55.316: D/PowerManagerService(1676): updateUserActivitySummaryLocked: mWakefulness=Awake, mUserActivitySummary=0x4, nextTimeout=-1 (1569095 ms ago)
03-15 20:38:55.316: D/PowerManagerService(1676): updateDisplayPowerStateLocked: mDisplayReady=true, policy=2, mWakefulness=1, mWakeLockSummary=0x1, mUserActivitySummary=0x4, mBootCompleted=true, mScreenBrightnessBoostInProgress=false, mIsVrModeEnabled= false, sQuiescent=false
03-15 20:38:55.328: W/ModuleInitIntentOp(2302): Dropping unexpected action com.google.android.gms.phenotype.COMMITTED
03-15 20:38:55.334: I/PTCommittedOperation(1944): Receive new configuration for com.google.android.gms.wallet
03-15 20:38:55.336: D/PowerManagerService(1676): acquireWakeLockInternal: lock=33537475, flags=0x1, tag="CMWakeLock", ws=WorkSource{10014 com.google.android.gms}, uid=10014, pid=1944
03-15 20:38:55.336: D/PowerManagerService(1676): updateWakeLockSummaryLocked: mWakefulness=Awake, mWakeLockSummary=0x1
03-15 20:38:55.336: D/PowerManagerService(1676): updateUserActivitySummaryLocked: mWakefulness=Awake, mUserActivitySummary=0x4, nextTimeout=-1 (1569115 ms ago)
03-15 20:38:55.336: D/PowerManagerService(1676): updateDisplayPowerStateLocked: mDisplayReady=true, policy=2, mWakefulness=1, mWakeLockSummary=0x1, mUserActivitySummary=0x4, mBootCompleted=true, mScreenBrightnessBoostInProgress=false, mIsVrModeEnabled= false, sQuiescent=false
03-15 20:38:55.338: D/PowerManagerService(1676): releaseWakeLockInternal: lock=33537475 [CMWakeLock], flags=0x0
03-15 20:38:55.338: D/PowerManagerService(1676): updateWakeLockSummaryLocked: mWakefulness=Awake, mWakeLockSummary=0x1
03-15 20:38:55.338: D/PowerManagerService(1676): updateUserActivitySummaryLocked: mWakefulness=Awake, mUserActivitySummary=0x4, nextTimeout=-1 (1569117 ms ago)
03-15 20:38:55.338: D/PowerManagerService(1676): updateDisplayPowerStateLocked: mDisplayReady=true, policy=2, mWakefulness=1, mWakeLockSummary=0x1, mUserActivitySummary=0x4, mBootCompleted=true, mScreenBrightnessBoostInProgress=false, mIsVrModeEnabled= false, sQuiescent=false
03-15 20:38:55.350: W/ModuleInitIntentOp(2302): Dropping unexpected action com.google.android.gms.phenotype.COMMITTED
03-15 20:38:55.358: D/PowerManagerService(1676): acquireWakeLockInternal: lock=33537475, flags=0x1, tag="CMWakeLock", ws=WorkSource{10014 com.google.android.gms}, uid=10014, pid=1944
03-15 20:38:55.358: D/PowerManagerService(1676): updateWakeLockSummaryLocked: mWakefulness=Awake, mWakeLockSummary=0x1
03-15 20:38:55.358: D/PowerManagerService(1676): updateUserActivitySummaryLocked: mWakefulness=Awake, mUserActivitySummary=0x4, nextTimeout=-1 (1569137 ms ago)
03-15 20:38:55.358: D/PowerManagerService(1676): updateDisplayPowerStateLocked: mDisplayReady=true, policy=2, mWakefulness=1, mWakeLockSummary=0x1, mUserActivitySummary=0x4, mBootCompleted=true, mScreenBrightnessBoostInProgress=false, mIsVrModeEnabled= false, sQuiescent=false
03-15 20:38:55.358: I/PTCommittedOperation(1944): Receive new configuration for com.google.android.gms.cast_mirroring
03-15 20:38:55.360: D/PowerManagerService(1676): releaseWakeLockInternal: lock=33537475 [CMWakeLock], flags=0x0
03-15 20:38:55.360: D/PowerManagerService(1676): updateWakeLockSummaryLocked: mWakefulness=Awake, mWakeLockSummary=0x1
03-15 20:38:55.360: D/PowerManagerService(1676): updateUserActivitySummaryLocked: mWakefulness=Awake, mUserActivitySummary=0x4, nextTimeout=-1 (1569139 ms ago)
03-15 20:38:55.360: D/PowerManagerService(1676): updateDisplayPowerStateLocked: mDisplayReady=true, policy=2, mWakefulness=1, mWakeLockSummary=0x1, mUserActivitySummary=0x4, mBootCompleted=true, mScreenBrightnessBoostInProgress=false, mIsVrModeEnabled= false, sQuiescent=false
03-15 20:38:55.362: E/NetworkScheduler(1944): Invalid component specified.
03-15 20:38:55.364: D/PowerManagerService(1676): acquireWakeLockInternal: lock=233139294, flags=0x1, tag="*net_scheduler*", ws=WorkSource{10014 com.google.android.gms}, uid=10014, pid=1944
03-15 20:38:55.364: D/PowerManagerService(1676): updateWakeLockSummaryLocked: mWakefulness=Awake, mWakeLockSummary=0x1
03-15 20:38:55.364: D/PowerManagerService(1676): updateUserActivitySummaryLocked: mWakefulness=Awake, mUserActivitySummary=0x4, nextTimeout=-1 (1569143 ms ago)
03-15 20:38:55.364: D/PowerManagerService(1676): updateDisplayPowerStateLocked: mDisplayReady=true, policy=2, mWakefulness=1, mWakeLockSummary=0x1, mUserActivitySummary=0x4, mBootCompleted=true, mScreenBrightnessBoostInProgress=false, mIsVrModeEnabled= false, sQuiescent=false
03-15 20:38:55.387: W/ModuleInitIntentOp(2302): Dropping unexpected action com.google.android.gms.phenotype.COMMITTED
03-15 20:38:55.393: I/PTCommittedOperation(1944): Receive new configuration for com.google.android.gms.tron.metrics
03-15 20:38:55.393: D/PowerManagerService(1676): acquireWakeLockInternal: lock=33537475, flags=0x1, tag="CMWakeLock", ws=WorkSource{10014 com.google.android.gms}, uid=10014, pid=1944
03-15 20:38:55.393: D/PowerManagerService(1676): updateWakeLockSummaryLocked: mWakefulness=Awake, mWakeLockSummary=0x1
03-15 20:38:55.393: D/PowerManagerService(1676): updateUserActivitySummaryLocked: mWakefulness=Awake, mUserActivitySummary=0x4, nextTimeout=-1 (1569172 ms ago)
03-15 20:38:55.393: D/PowerManagerService(1676): updateDisplayPowerStateLocked: mDisplayReady=true, policy=2, mWakefulness=1, mWakeLockSummary=0x1, mUserActivitySummary=0x4, mBootCompleted=true, mScreenBrightnessBoostInProgress=false, mIsVrModeEnabled= false, sQuiescent=false
03-15 20:38:55.394: D/PowerManagerService(1676): releaseWakeLockInternal: lock=33537475 [CMWakeLock], flags=0x0
03-15 20:38:55.394: D/PowerManagerService(1676): updateWakeLockSummaryLocked: mWakefulness=Awake, mWakeLockSummary=0x1
03-15 20:38:55.394: D/PowerManagerService(1676): updateUserActivitySummaryLocked: mWakefulness=Awake, mUserActivitySummary=0x4, nextTimeout=-1 (1569173 ms ago)
03-15 20:38:55.394: D/PowerManagerService(1676): updateDisplayPowerStateLocked: mDisplayReady=true, policy=2, mWakefulness=1, mWakeLockSummary=0x1, mUserActivitySummary=0x4, mBootCompleted=true, mScreenBrightnessBoostInProgress=false, mIsVrModeEnabled= false, sQuiescent=false
03-15 20:38:55.398: D/PowerManagerService(1676): releaseWakeLockInternal: lock=156121465 [*net_scheduler*], flags=0x0
03-15 20:38:55.398: D/PowerManagerService(1676): updateWakeLockSummaryLocked: mWakefulness=Awake, mWakeLockSummary=0x1
03-15 20:38:55.398: D/PowerManagerService(1676): updateUserActivitySummaryLocked: mWakefulness=Awake, mUserActivitySummary=0x4, nextTimeout=-1 (1569177 ms ago)
03-15 20:38:55.398: D/PowerManagerService(1676): updateDisplayPowerStateLocked: mDisplayReady=true, policy=2, mWakefulness=1, mWakeLockSummary=0x1, mUserActivitySummary=0x4, mBootCompleted=true, mScreenBrightnessBoostInProgress=false, mIsVrModeEnabled= false, sQuiescent=false
03-15 20:38:55.398: D/PowerManagerService(1676): acquireWakeLockInternal: lock=156121465, flags=0x1, tag="*net_scheduler*", ws=WorkSource{10014 com.google.android.gms}, uid=10014, pid=1944
03-15 20:38:55.398: D/PowerManagerService(1676): updateWakeLockSummaryLocked: mWakefulness=Awake, mWakeLockSummary=0x1
03-15 20:38:55.398: D/PowerManagerService(1676): updateUserActivitySummaryLocked: mWakefulness=Awake, mUserActivitySummary=0x4, nextTimeout=-1 (1569177 ms ago)
03-15 20:38:55.398: D/PowerManagerService(1676): updateDisplayPowerStateLocked: mDisplayReady=true, policy=2, mWakefulness=1, mWakeLockSummary=0x1, mUserActivitySummary=0x4, mBootCompleted=true, mScreenBrightnessBoostInProgress=false, mIsVrModeEnabled= false, sQuiescent=false
03-15 20:38:55.430: D/PowerManagerService(1676): releaseWakeLockInternal: lock=156121465 [*net_scheduler*], flags=0x0
03-15 20:38:55.430: D/PowerManagerService(1676): updateWakeLockSummaryLocked: mWakefulness=Awake, mWakeLockSummary=0x1
03-15 20:38:55.430: D/PowerManagerService(1676): updateUserActivitySummaryLocked: mWakefulness=Awake, mUserActivitySummary=0x4, nextTimeout=-1 (1569209 ms ago)
03-15 20:38:55.430: D/PowerManagerService(1676): updateDisplayPowerStateLocked: mDisplayReady=true, policy=2, mWakefulness=1, mWakeLockSummary=0x1, mUserActivitySummary=0x4, mBootCompleted=true, mScreenBrightnessBoostInProgress=false, mIsVrModeEnabled= false, sQuiescent=false
03-15 20:38:55.444: W/ModuleInitIntentOp(2302): Dropping unexpected action com.google.android.gms.phenotype.COMMITTED
03-15 20:38:55.450: I/PTCommittedOperation(1944): Receive new configuration for com.google.android.gms.wearable
03-15 20:38:55.451: D/PowerManagerService(1676): acquireWakeLockInternal: lock=33537475, flags=0x1, tag="CMWakeLock", ws=WorkSource{10014 com.google.android.gms}, uid=10014, pid=1944
03-15 20:38:55.451: D/PowerManagerService(1676): updateWakeLockSummaryLocked: mWakefulness=Awake, mWakeLockSummary=0x1
03-15 20:38:55.451: D/PowerManagerService(1676): updateUserActivitySummaryLocked: mWakefulness=Awake, mUserActivitySummary=0x4, nextTimeout=-1 (1569230 ms ago)
03-15 20:38:55.451: D/PowerManagerService(1676): updateDisplayPowerStateLocked: mDisplayReady=true, policy=2, mWakefulness=1, mWakeLockSummary=0x1, mUserActivitySummary=0x4, mBootCompleted=true, mScreenBrightnessBoostInProgress=false, mIsVrModeEnabled= false, sQuiescent=false
03-15 20:38:55.455: D/PowerManagerService(1676): releaseWakeLockInternal: lock=33537475 [CMWakeLock], flags=0x0
03-15 20:38:55.455: D/PowerManagerService(1676): updateWakeLockSummaryLocked: mWakefulness=Awake, mWakeLockSummary=0x1
03-15 20:38:55.455: D/PowerManagerService(1676): updateUserActivitySummaryLocked: mWakefulness=Awake, mUserActivitySummary=0x4, nextTimeout=-1 (1569234 ms ago)
03-15 20:38:55.455: D/PowerManagerService(1676): updateDisplayPowerStateLocked: mDisplayReady=true, policy=2, mWakefulness=1, mWakeLockSummary=0x1, mUserActivitySummary=0x4, mBootCompleted=true, mScreenBrightnessBoostInProgress=false, mIsVrModeEnabled= false, sQuiescent=false
03-15 20:38:55.470: I/PTCommittedOperation(1944): Receive new configuration for com.google.android.gms.icing.mdd
03-15 20:38:55.471: W/ModuleInitIntentOp(2302): Dropping unexpected action com.google.android.gms.phenotype.COMMITTED
03-15 20:38:55.472: D/PowerManagerService(1676): acquireWakeLockInternal: lock=33537475, flags=0x1, tag="CMWakeLock", ws=WorkSource{10014 com.google.android.gms}, uid=10014, pid=1944
03-15 20:38:55.472: D/PowerManagerService(1676): updateWakeLockSummaryLocked: mWakefulness=Awake, mWakeLockSummary=0x1
03-15 20:38:55.472: D/PowerManagerService(1676): updateUserActivitySummaryLocked: mWakefulness=Awake, mUserActivitySummary=0x4, nextTimeout=-1 (1569251 ms ago)
03-15 20:38:55.472: D/PowerManagerService(1676): updateDisplayPowerStateLocked: mDisplayReady=true, policy=2, mWakefulness=1, mWakeLockSummary=0x1, mUserActivitySummary=0x4, mBootCompleted=true, mScreenBrightnessBoostInProgress=false, mIsVrModeEnabled= false, sQuiescent=false
03-15 20:38:55.475: D/PowerManagerService(1676): releaseWakeLockInternal: lock=33537475 [CMWakeLock], flags=0x0
03-15 20:38:55.475: D/PowerManagerService(1676): updateWakeLockSummaryLocked: mWakefulness=Awake, mWakeLockSummary=0x1
03-15 20:38:55.475: D/PowerManagerService(1676): updateUserActivitySummaryLocked: mWakefulness=Awake, mUserActivitySummary=0x4, nextTimeout=-1 (1569253 ms ago)
03-15 20:38:55.475: D/PowerManagerService(1676): updateDisplayPowerStateLocked: mDisplayReady=true, policy=2, mWakefulness=1, mWakeLockSummary=0x1, mUserActivitySummary=0x4, mBootCompleted=true, mScreenBrightnessBoostInProgress=false, mIsVrModeEnabled= false, sQuiescent=false
03-15 20:38:55.505: D/PowerManagerService(1676): acquireWakeLockInternal: lock=33537475, flags=0x1, tag="CMWakeLock", ws=WorkSource{10014 com.google.android.gms}, uid=10014, pid=1944
03-15 20:38:55.505: D/PowerManagerService(1676): updateWakeLockSummaryLocked: mWakefulness=Awake, mWakeLockSummary=0x1
03-15 20:38:55.505: D/PowerManagerService(1676): updateUserActivitySummaryLocked: mWakefulness=Awake, mUserActivitySummary=0x4, nextTimeout=-1 (1569284 ms ago)
03-15 20:38:55.505: D/PowerManagerService(1676): updateDisplayPowerStateLocked: mDisplayReady=true, policy=2, mWakefulness=1, mWakeLockSummary=0x1, mUserActivitySummary=0x4, mBootCompleted=true, mScreenBrightnessBoostInProgress=false, mIsVrModeEnabled= false, sQuiescent=false
03-15 20:38:55.506: I/PTCommittedOperation(1944): Receive new configuration for com.google.android.gms.icing.mdh
03-15 20:38:55.508: D/PowerManagerService(1676): releaseWakeLockInternal: lock=33537475 [CMWakeLock], flags=0x0
03-15 20:38:55.508: D/PowerManagerService(1676): updateWakeLockSummaryLocked: mWakefulness=Awake, mWakeLockSummary=0x1
03-15 20:38:55.508: D/PowerManagerService(1676): updateUserActivitySummaryLocked: mWakefulness=Awake, mUserActivitySummary=0x4, nextTimeout=-1 (1569287 ms ago)
03-15 20:38:55.508: D/PowerManagerService(1676): updateDisplayPowerStateLocked: mDisplayReady=true, policy=2, mWakefulness=1, mWakeLockSummary=0x1, mUserActivitySummary=0x4, mBootCompleted=true, mScreenBrightnessBoostInProgress=false, mIsVrModeEnabled= false, sQuiescent=false
03-15 20:38:55.523: I/MobileDataHub(2302): Scheduling periodic tasks
03-15 20:38:55.525: W/ModuleInitIntentOp(2302): Dropping unexpected action com.google.android.gms.phenotype.COMMITTED
03-15 20:38:55.533: E/NetworkScheduler(1944): Invalid component specified.
03-15 20:38:55.534: W/MobileDataHub(2302): [Service] appsupload-periodic periodic task disabled
03-15 20:38:55.562: E/NetworkScheduler(1944): Invalid component specified.
03-15 20:38:55.582: W/ModuleInitIntentOp(2302): Dropping unexpected action com.google.android.gms.phenotype.COMMITTED
03-15 20:38:55.594: I/PTCommittedOperation(1944): Receive new configuration for com.google.android.gms.herrevad
03-15 20:38:55.595: D/PowerManagerService(1676): acquireWakeLockInternal: lock=33537475, flags=0x1, tag="CMWakeLock", ws=WorkSource{10014 com.google.android.gms}, uid=10014, pid=1944
03-15 20:38:55.595: D/PowerManagerService(1676): updateWakeLockSummaryLocked: mWakefulness=Awake, mWakeLockSummary=0x1
03-15 20:38:55.595: D/PowerManagerService(1676): updateUserActivitySummaryLocked: mWakefulness=Awake, mUserActivitySummary=0x4, nextTimeout=-1 (1569374 ms ago)
03-15 20:38:55.595: D/PowerManagerService(1676): updateDisplayPowerStateLocked: mDisplayReady=true, policy=2, mWakefulness=1, mWakeLockSummary=0x1, mUserActivitySummary=0x4, mBootCompleted=true, mScreenBrightnessBoostInProgress=false, mIsVrModeEnabled= false, sQuiescent=false
03-15 20:38:55.600: D/PowerManagerService(1676): releaseWakeLockInternal: lock=33537475 [CMWakeLock], flags=0x0
03-15 20:38:55.601: D/PowerManagerService(1676): updateWakeLockSummaryLocked: mWakefulness=Awake, mWakeLockSummary=0x1
03-15 20:38:55.601: D/PowerManagerService(1676): updateUserActivitySummaryLocked: mWakefulness=Awake, mUserActivitySummary=0x4, nextTimeout=-1 (1569380 ms ago)
03-15 20:38:55.601: D/PowerManagerService(1676): updateDisplayPowerStateLocked: mDisplayReady=true, policy=2, mWakefulness=1, mWakeLockSummary=0x1, mUserActivitySummary=0x4, mBootCompleted=true, mScreenBrightnessBoostInProgress=false, mIsVrModeEnabled= false, sQuiescent=false
03-15 20:38:55.607: D/PowerManagerService(1676): acquireWakeLockInternal: lock=156121465, flags=0x1, tag="*net_scheduler*", ws=WorkSource{10014 com.google.android.gms}, uid=10014, pid=1944
03-15 20:38:55.607: D/PowerManagerService(1676): updateWakeLockSummaryLocked: mWakefulness=Awake, mWakeLockSummary=0x1
03-15 20:38:55.607: D/PowerManagerService(1676): updateUserActivitySummaryLocked: mWakefulness=Awake, mUserActivitySummary=0x4, nextTimeout=-1 (1569385 ms ago)
03-15 20:38:55.607: D/PowerManagerService(1676): updateDisplayPowerStateLocked: mDisplayReady=true, policy=2, mWakefulness=1, mWakeLockSummary=0x1, mUserActivitySummary=0x4, mBootCompleted=true, mScreenBrightnessBoostInProgress=false, mIsVrModeEnabled= false, sQuiescent=false
03-15 20:38:55.641: W/ModuleInitIntentOp(2302): Dropping unexpected action com.google.android.gms.phenotype.COMMITTED
03-15 20:38:55.641: E/dual_mode_controller(1534): LE scan
03-15 20:38:55.643: I/PTCommittedOperation(1944): Receive new configuration for com.google.android.gms.firebase.auth
03-15 20:38:55.644: D/PowerManagerService(1676): acquireWakeLockInternal: lock=33537475, flags=0x1, tag="CMWakeLock", ws=WorkSource{10014 com.google.android.gms}, uid=10014, pid=1944
03-15 20:38:55.644: D/PowerManagerService(1676): updateWakeLockSummaryLocked: mWakefulness=Awake, mWakeLockSummary=0x1
03-15 20:38:55.644: D/PowerManagerService(1676): updateUserActivitySummaryLocked: mWakefulness=Awake, mUserActivitySummary=0x4, nextTimeout=-1 (1569423 ms ago)
03-15 20:38:55.644: D/PowerManagerService(1676): updateDisplayPowerStateLocked: mDisplayReady=true, policy=2, mWakefulness=1, mWakeLockSummary=0x1, mUserActivitySummary=0x4, mBootCompleted=true, mScreenBrightnessBoostInProgress=false, mIsVrModeEnabled= false, sQuiescent=false
03-15 20:38:55.646: D/PowerManagerService(1676): releaseWakeLockInternal: lock=33537475 [CMWakeLock], flags=0x0
03-15 20:38:55.646: D/PowerManagerService(1676): updateWakeLockSummaryLocked: mWakefulness=Awake, mWakeLockSummary=0x1
03-15 20:38:55.646: D/PowerManagerService(1676): updateUserActivitySummaryLocked: mWakefulness=Awake, mUserActivitySummary=0x4, nextTimeout=-1 (1569425 ms ago)
03-15 20:38:55.646: D/PowerManagerService(1676): updateDisplayPowerStateLocked: mDisplayReady=true, policy=2, mWakefulness=1, mWakeLockSummary=0x1, mUserActivitySummary=0x4, mBootCompleted=true, mScreenBrightnessBoostInProgress=false, mIsVrModeEnabled= false, sQuiescent=false
03-15 20:38:55.672: D/PowerManagerService(1676): releaseWakeLockInternal: lock=156121465 [*net_scheduler*], flags=0x0
03-15 20:38:55.672: D/PowerManagerService(1676): updateWakeLockSummaryLocked: mWakefulness=Awake, mWakeLockSummary=0x1
03-15 20:38:55.672: D/PowerManagerService(1676): updateUserActivitySummaryLocked: mWakefulness=Awake, mUserActivitySummary=0x4, nextTimeout=-1 (1569451 ms ago)
03-15 20:38:55.672: D/PowerManagerService(1676): updateDisplayPowerStateLocked: mDisplayReady=true, policy=2, mWakefulness=1, mWakeLockSummary=0x1, mUserActivitySummary=0x4, mBootCompleted=true, mScreenBrightnessBoostInProgress=false, mIsVrModeEnabled= false, sQuiescent=false
03-15 20:38:55.674: W/dex2oat(5019): Unexpected CPU variant for X86 using defaults: x86
03-15 20:38:55.674: W/dex2oat(5019): Mismatch between dex2oat instruction set features (ISA: X86 Feature string: -ssse3,-sse4.1,-sse4.2,-avx,-avx2,-popcnt) and those of dex2oat executable (ISA: X86 Feature string: ssse3,-sse4.1,-sse4.2,-avx,-avx2,-popcnt) for the command line:
03-15 20:38:55.674: W/dex2oat(5019): /system/bin/dex2oat --instruction-set=x86 --instruction-set-features=ssse3,-sse4.1,-sse4.2,-avx,-avx2,-popcnt --runtime-arg -Xrelocate --boot-image=/system/framework/boot.art --runtime-arg -Xms64m --runtime-arg -Xmx512m --instruction-set-variant=x86 --instruction-set-features=default --dex-file=/data/data/com.google.android.gms/cache/1529567361524.jar --output-vdex-fd=114 --oat-fd=115 --oat-location=/data/data/com.google.android.gms/cache/oat/x86/1529567361524.odex --compiler-filter=quicken --class-loader-context=PCL[];PCL[/system/framework/com.android.media.remotedisplay.jar:/system/framework/com.android.location.provider.jar:/data/app/com.google.android.gms--nIH9iMb7O9qWOrPwkT6kA==/base.apk]
03-15 20:38:55.674: I/dex2oat(5019): /system/bin/dex2oat --dex-file=/data/data/com.google.android.gms/cache/1529567361524.jar --output-vdex-fd=114 --oat-fd=115 --oat-location=/data/data/com.google.android.gms/cache/oat/x86/1529567361524.odex --compiler-filter=quicken --class-loader-context=PCL[];PCL[/system/framework/com.android.media.remotedisplay.jar:/system/framework/com.android.location.provider.jar:/data/app/com.google.android.gms--nIH9iMb7O9qWOrPwkT6kA==/base.apk]
03-15 20:38:55.706: W/ModuleInitIntentOp(2302): Dropping unexpected action com.google.android.gms.phenotype.COMMITTED
03-15 20:38:55.724: I/PTCommittedOperation(1944): Receive new configuration for com.google.android.gms.gcm
03-15 20:38:55.726: D/PowerManagerService(1676): acquireWakeLockInternal: lock=33537475, flags=0x1, tag="CMWakeLock", ws=WorkSource{10014 com.google.android.gms}, uid=10014, pid=1944
03-15 20:38:55.727: D/PowerManagerService(1676): updateWakeLockSummaryLocked: mWakefulness=Awake, mWakeLockSummary=0x1
03-15 20:38:55.727: D/PowerManagerService(1676): updateUserActivitySummaryLocked: mWakefulness=Awake, mUserActivitySummary=0x4, nextTimeout=-1 (1569505 ms ago)
03-15 20:38:55.727: D/PowerManagerService(1676): updateDisplayPowerStateLocked: mDisplayReady=true, policy=2, mWakefulness=1, mWakeLockSummary=0x1, mUserActivitySummary=0x4, mBootCompleted=true, mScreenBrightnessBoostInProgress=false, mIsVrModeEnabled= false, sQuiescent=false
03-15 20:38:55.729: D/PowerManagerService(1676): releaseWakeLockInternal: lock=33537475 [CMWakeLock], flags=0x0
03-15 20:38:55.729: D/PowerManagerService(1676): updateWakeLockSummaryLocked: mWakefulness=Awake, mWakeLockSummary=0x1
03-15 20:38:55.729: D/PowerManagerService(1676): updateUserActivitySummaryLocked: mWakefulness=Awake, mUserActivitySummary=0x4, nextTimeout=-1 (1569508 ms ago)
03-15 20:38:55.729: D/PowerManagerService(1676): updateDisplayPowerStateLocked: mDisplayReady=true, policy=2, mWakefulness=1, mWakeLockSummary=0x1, mUserActivitySummary=0x4, mBootCompleted=true, mScreenBrightnessBoostInProgress=false, mIsVrModeEnabled= false, sQuiescent=false
03-15 20:38:55.731: I/zygote(1944): Background concurrent copying GC freed 150475(8MB) AllocSpace objects, 8(228KB) LOS objects, 50% free, 8MB/16MB, paused 65us total 195.599ms
03-15 20:38:55.770: D/AndroidRuntime(5023): >>>>>> START com.android.internal.os.RuntimeInit uid 0 <<<<<<
03-15 20:38:55.776: I/Remoter(1532): Saved screenshot to '/data/screenshots/__pmv__-0074.jpg'
03-15 20:38:55.781: W/ModuleInitIntentOp(2302): Dropping unexpected action com.google.android.gms.phenotype.COMMITTED
03-15 20:38:55.788: I/PTCommittedOperation(1944): Receive new configuration for com.google.android.gms.ipa
03-15 20:38:55.788: D/PowerManagerService(1676): acquireWakeLockInternal: lock=33537475, flags=0x1, tag="CMWakeLock", ws=WorkSource{10014 com.google.android.gms}, uid=10014, pid=1944
03-15 20:38:55.788: D/PowerManagerService(1676): updateWakeLockSummaryLocked: mWakefulness=Awake, mWakeLockSummary=0x1
03-15 20:38:55.788: D/PowerManagerService(1676): updateUserActivitySummaryLocked: mWakefulness=Awake, mUserActivitySummary=0x4, nextTimeout=-1 (1569567 ms ago)
03-15 20:38:55.788: D/PowerManagerService(1676): updateDisplayPowerStateLocked: mDisplayReady=true, policy=2, mWakefulness=1, mWakeLockSummary=0x1, mUserActivitySummary=0x4, mBootCompleted=true, mScreenBrightnessBoostInProgress=false, mIsVrModeEnabled= false, sQuiescent=false
03-15 20:38:55.789: D/PowerManagerService(1676): releaseWakeLockInternal: lock=33537475 [CMWakeLock], flags=0x0
03-15 20:38:55.789: D/PowerManagerService(1676): updateWakeLockSummaryLocked: mWakefulness=Awake, mWakeLockSummary=0x1
03-15 20:38:55.789: D/PowerManagerService(1676): updateUserActivitySummaryLocked: mWakefulness=Awake, mUserActivitySummary=0x4, nextTimeout=-1 (1569568 ms ago)
03-15 20:38:55.789: D/PowerManagerService(1676): updateDisplayPowerStateLocked: mDisplayReady=true, policy=2, mWakefulness=1, mWakeLockSummary=0x1, mUserActivitySummary=0x4, mBootCompleted=true, mScreenBrightnessBoostInProgress=false, mIsVrModeEnabled= false, sQuiescent=false
03-15 20:38:55.834: E/NetworkScheduler(1944): Invalid component specified.
03-15 20:38:55.844: E/NetworkScheduler(1944): Invalid component specified.
03-15 20:38:55.857: W/app_process(5023): Unexpected CPU variant for X86 using defaults: x86
03-15 20:38:55.858: I/app_process(5023): The ClassLoaderContext is a special shared library.
03-15 20:38:55.858: W/nativebridge(5023): Failed to bind-mount /system/lib/x86/cpuinfo as /proc/cpuinfo: No such file or directory
03-15 20:38:55.879: W/ModuleInitIntentOp(2302): Dropping unexpected action com.google.android.gms.phenotype.COMMITTED
03-15 20:38:55.884: D/AndroidRuntime(5023): Calling main entry com.android.commands.pm.Pm
03-15 20:38:55.885: I/PTCommittedOperation(1944): Receive new configuration for com.google.android.gms.ocr
03-15 20:38:55.885: D/PowerManagerService(1676): acquireWakeLockInternal: lock=33537475, flags=0x1, tag="CMWakeLock", ws=WorkSource{10014 com.google.android.gms}, uid=10014, pid=1944
03-15 20:38:55.885: D/PowerManagerService(1676): updateWakeLockSummaryLocked: mWakefulness=Awake, mWakeLockSummary=0x1
03-15 20:38:55.885: D/PowerManagerService(1676): updateUserActivitySummaryLocked: mWakefulness=Awake, mUserActivitySummary=0x4, nextTimeout=-1 (1569664 ms ago)
03-15 20:38:55.885: D/PowerManagerService(1676): updateDisplayPowerStateLocked: mDisplayReady=true, policy=2, mWakefulness=1, mWakeLockSummary=0x1, mUserActivitySummary=0x4, mBootCompleted=true, mScreenBrightnessBoostInProgress=false, mIsVrModeEnabled= false, sQuiescent=false
03-15 20:38:55.887: D/PowerManagerService(1676): releaseWakeLockInternal: lock=33537475 [CMWakeLock], flags=0x0
03-15 20:38:55.887: D/PowerManagerService(1676): updateWakeLockSummaryLocked: mWakefulness=Awake, mWakeLockSummary=0x1
03-15 20:38:55.887: D/PowerManagerService(1676): updateUserActivitySummaryLocked: mWakefulness=Awake, mUserActivitySummary=0x4, nextTimeout=-1 (1569666 ms ago)
03-15 20:38:55.887: D/PowerManagerService(1676): updateDisplayPowerStateLocked: mDisplayReady=true, policy=2, mWakefulness=1, mWakeLockSummary=0x1, mUserActivitySummary=0x4, mBootCompleted=true, mScreenBrightnessBoostInProgress=false, mIsVrModeEnabled= false, sQuiescent=false
03-15 20:38:55.896: V/EmulatedCamera_Factory(1579): getCameraInfo: id = 0
03-15 20:38:55.896: V/EmulatedCamera_Camera(1579): getCameraInfo
03-15 20:38:55.896: V/EmulatedCamera_BaseCamera(1579): getCameraInfo
03-15 20:38:55.897: I/OcrModelUpStIntentOp(2302): Updating ocr activity enabled=true (phenotypeFlag=true, lowRamDevice=false, prereqCheck=true)
03-15 20:38:55.925: I/PTCommittedOperation(1944): Receive new configuration for com.google.android.gms.udc
03-15 20:38:55.926: D/PowerManagerService(1676): acquireWakeLockInternal: lock=33537475, flags=0x1, tag="CMWakeLock", ws=WorkSource{10014 com.google.android.gms}, uid=10014, pid=1944
03-15 20:38:55.926: D/PowerManagerService(1676): updateWakeLockSummaryLocked: mWakefulness=Awake, mWakeLockSummary=0x1
