03-15 20:38:53.893: D/PowerManagerService(1676): updateDisplayPowerStateLocked: mDisplayReady=true, policy=2, mWakefulness=1, mWakeLockSummary=0x1, mUserActivitySummary=0x4, mBootCompleted=true, mScreenBrightnessBoostInProgress=false, mIsVrModeEnabled= false, sQuiescent=false
03-15 20:38:53.915: W/ModuleInitIntentOp(2302): Dropping unexpected action com.google.android.gms.phenotype.COMMITTED
03-15 20:38:53.923: I/PTCommittedOperation(1944): Receive new configuration for com.google.android.location
03-15 20:38:53.924: D/PowerManagerService(1676): acquireWakeLockInternal: lock=33537475, flags=0x1, tag="CMWakeLock", ws=WorkSource{10014 com.google.android.gms}, uid=10014, pid=1944
03-15 20:38:53.924: D/PowerManagerService(1676): updateWakeLockSummaryLocked: mWakefulness=Awake, mWakeLockSummary=0x1
03-15 20:38:53.924: D/PowerManagerService(1676): updateUserActivitySummaryLocked: mWakefulness=Awake, mUserActivitySummary=0x4, nextTimeout=-1 (1567703 ms ago)
03-15 20:38:53.924: D/PowerManagerService(1676): updateDisplayPowerStateLocked: mDisplayReady=true, policy=2, mWakefulness=1, mWakeLockSummary=0x1, mUserActivitySummary=0x4, mBootCompleted=true, mScreenBrightnessBoostInProgress=false, mIsVrModeEnabled= false, sQuiescent=false
03-15 20:38:53.925: D/PowerManagerService(1676): releaseWakeLockInternal: lock=33537475 [CMWakeLock], flags=0x0
03-15 20:38:53.925: D/PowerManagerService(1676): updateWakeLockSummaryLocked: mWakefulness=Awake, mWakeLockSummary=0x1
03-15 20:38:53.925: D/PowerManagerService(1676): updateUserActivitySummaryLocked: mWakefulness=Awake, mUserActivitySummary=0x4, nextTimeout=-1 (1567704 ms ago)
03-15 20:38:53.925: D/PowerManagerService(1676): updateDisplayPowerStateLocked: mDisplayReady=true, policy=2, mWakefulness=1, mWakeLockSummary=0x1, mUserActivitySummary=0x4, mBootCompleted=true, mScreenBrightnessBoostInProgress=false, mIsVrModeEnabled= false, sQuiescent=false
03-15 20:38:53.967: W/ModuleInitIntentOp(2302): Dropping unexpected action com.google.android.gms.phenotype.COMMITTED
03-15 20:38:53.973: I/PTCommittedOperation(1944): Receive new configuration for com.google.android.gms.growth
03-15 20:38:53.974: D/PowerManagerService(1676): acquireWakeLockInternal: lock=33537475, flags=0x1, tag="CMWakeLock", ws=WorkSource{10014 com.google.android.gms}, uid=10014, pid=1944
03-15 20:38:53.974: D/PowerManagerService(1676): updateWakeLockSummaryLocked: mWakefulness=Awake, mWakeLockSummary=0x1
03-15 20:38:53.974: D/PowerManagerService(1676): updateUserActivitySummaryLocked: mWakefulness=Awake, mUserActivitySummary=0x4, nextTimeout=-1 (1567753 ms ago)
03-15 20:38:53.974: D/PowerManagerService(1676): updateDisplayPowerStateLocked: mDisplayReady=true, policy=2, mWakefulness=1, mWakeLockSummary=0x1, mUserActivitySummary=0x4, mBootCompleted=true, mScreenBrightnessBoostInProgress=false, mIsVrModeEnabled= false, sQuiescent=false
03-15 20:38:53.976: D/PowerManagerService(1676): releaseWakeLockInternal: lock=33537475 [CMWakeLock], flags=0x0
03-15 20:38:53.976: D/PowerManagerService(1676): updateWakeLockSummaryLocked: mWakefulness=Awake, mWakeLockSummary=0x1
03-15 20:38:53.976: D/PowerManagerService(1676): updateUserActivitySummaryLocked: mWakefulness=Awake, mUserActivitySummary=0x4, nextTimeout=-1 (1567755 ms ago)
03-15 20:38:53.976: D/PowerManagerService(1676): updateDisplayPowerStateLocked: mDisplayReady=true, policy=2, mWakefulness=1, mWakeLockSummary=0x1, mUserActivitySummary=0x4, mBootCompleted=true, mScreenBrightnessBoostInProgress=false, mIsVrModeEnabled= false, sQuiescent=false
03-15 20:38:54.057: I/ActivityManager(1676): Start proc 4916:com.google.android.gms.ui/u0a14 for service com.google.android.gms/.chimera.UiIntentOperationService
03-15 20:38:54.058: E/IntentOperationSvc(1944): Failed to instantiate Chimera operation impl com.google.android.gms.instantapps.routing.PhenotypeUpdateIntentOperation, dropping operation
03-15 20:38:54.058: E/IntentOperationSvc(1944): java.lang.NoSuchMethodException: <init> []
03-15 20:38:54.058: E/IntentOperationSvc(1944): 	at java.lang.Class.getConstructor0(Class.java:2320)
03-15 20:38:54.058: E/IntentOperationSvc(1944): 	at java.lang.Class.getConstructor(Class.java:1725)
03-15 20:38:54.058: E/IntentOperationSvc(1944): 	at dnl.a(:com.google.android.gms@14367022@14.3.67 (040700-216465562):12)
03-15 20:38:54.058: E/IntentOperationSvc(1944): 	at dnm.run(:com.google.android.gms@14367022@14.3.67 (040700-216465562):67)
03-15 20:38:54.058: E/IntentOperationSvc(1944): 	at java.util.concurrent.ThreadPoolExecutor.runWorker(ThreadPoolExecutor.java:1162)
03-15 20:38:54.058: E/IntentOperationSvc(1944): 	at java.util.concurrent.ThreadPoolExecutor$Worker.run(ThreadPoolExecutor.java:636)
03-15 20:38:54.058: E/IntentOperationSvc(1944): 	at java.lang.Thread.run(Thread.java:764)
03-15 20:38:54.064: I/MultiDex(4901): VM with version 2.1.0 has multidex support
03-15 20:38:54.064: I/MultiDex(4901): install
03-15 20:38:54.064: I/MultiDex(4901): VM has multidex support, MultiDex support library is disabled.
03-15 20:38:54.069: W/zygote(4916): Unexpected CPU variant for X86 using defaults: x86
03-15 20:38:54.081: W/ModuleInitIntentOp(2302): Dropping unexpected action com.google.android.gms.phenotype.COMMITTED
03-15 20:38:54.087: I/PTCommittedOperation(1944): Receive new configuration for com.google.android.gms.notifications
03-15 20:38:54.089: D/PowerManagerService(1676): acquireWakeLockInternal: lock=33537475, flags=0x1, tag="CMWakeLock", ws=WorkSource{10014 com.google.android.gms}, uid=10014, pid=1944
03-15 20:38:54.089: D/PowerManagerService(1676): updateWakeLockSummaryLocked: mWakefulness=Awake, mWakeLockSummary=0x1
03-15 20:38:54.089: D/PowerManagerService(1676): updateUserActivitySummaryLocked: mWakefulness=Awake, mUserActivitySummary=0x4, nextTimeout=-1 (1567868 ms ago)
03-15 20:38:54.089: D/PowerManagerService(1676): updateDisplayPowerStateLocked: mDisplayReady=true, policy=2, mWakefulness=1, mWakeLockSummary=0x1, mUserActivitySummary=0x4, mBootCompleted=true, mScreenBrightnessBoostInProgress=false, mIsVrModeEnabled= false, sQuiescent=false
03-15 20:38:54.089: D/PowerManagerService(1676): releaseWakeLockInternal: lock=33537475 [CMWakeLock], flags=0x0
03-15 20:38:54.090: D/PowerManagerService(1676): updateWakeLockSummaryLocked: mWakefulness=Awake, mWakeLockSummary=0x1
03-15 20:38:54.090: D/PowerManagerService(1676): updateUserActivitySummaryLocked: mWakefulness=Awake, mUserActivitySummary=0x4, nextTimeout=-1 (1567868 ms ago)
03-15 20:38:54.090: D/PowerManagerService(1676): updateDisplayPowerStateLocked: mDisplayReady=true, policy=2, mWakefulness=1, mWakeLockSummary=0x1, mUserActivitySummary=0x4, mBootCompleted=true, mScreenBrightnessBoostInProgress=false, mIsVrModeEnabled= false, sQuiescent=false
03-15 20:38:54.098: I/zygote(4916): The ClassLoaderContext is a special shared library.
03-15 20:38:54.099: I/zygote(4916): The ClassLoaderContext is a special shared library.
03-15 20:38:54.123: W/GmsApplication(4916): Failed to invoke the SupplierSetterRegistry.
03-15 20:38:54.140: D/AndroidRuntime(4900): >>>>>> START com.android.internal.os.RuntimeInit uid 0 <<<<<<
03-15 20:38:54.159: V/NativeCrypto(4916): Registering com/google/android/gms/org/conscrypt/NativeCrypto's 287 native methods...
03-15 20:38:54.190: D/NetworkSecurityConfig(4916): Using Network Security Config from resource network_security_config debugBuild: false
03-15 20:38:54.191: I/ProviderInstaller(4916): Installed default security provider GmsCore_OpenSSL
03-15 20:38:54.234: W/app_process(4900): Unexpected CPU variant for X86 using defaults: x86
03-15 20:38:54.241: I/app_process(4900): The ClassLoaderContext is a special shared library.
03-15 20:38:54.243: D/PowerManagerService(1676): acquireWakeLockInternal: lock=73877905, flags=0x1, tag="wake:CollectionChimeraSvc", ws=WorkSource{10014 com.google.android.gms}, uid=10014, pid=1944
03-15 20:38:54.243: D/PowerManagerService(1676): updateWakeLockSummaryLocked: mWakefulness=Awake, mWakeLockSummary=0x1
03-15 20:38:54.243: D/PowerManagerService(1676): updateUserActivitySummaryLocked: mWakefulness=Awake, mUserActivitySummary=0x4, nextTimeout=-1 (1568022 ms ago)
03-15 20:38:54.243: D/PowerManagerService(1676): updateDisplayPowerStateLocked: mDisplayReady=true, policy=2, mWakefulness=1, mWakeLockSummary=0x1, mUserActivitySummary=0x4, mBootCompleted=true, mScreenBrightnessBoostInProgress=false, mIsVrModeEnabled= false, sQuiescent=false
03-15 20:38:54.249: W/nativebridge(4900): Failed to bind-mount /system/lib/x86/cpuinfo as /proc/cpuinfo: No such file or directory
03-15 20:38:54.254: D/PowerManagerService(1676): releaseWakeLockInternal: lock=73877905 [wake:CollectionChimeraSvc], flags=0x0
03-15 20:38:54.254: D/PowerManagerService(1676): updateWakeLockSummaryLocked: mWakefulness=Awake, mWakeLockSummary=0x1
03-15 20:38:54.254: D/PowerManagerService(1676): updateUserActivitySummaryLocked: mWakefulness=Awake, mUserActivitySummary=0x4, nextTimeout=-1 (1568033 ms ago)
03-15 20:38:54.254: D/PowerManagerService(1676): updateDisplayPowerStateLocked: mDisplayReady=true, policy=2, mWakefulness=1, mWakeLockSummary=0x1, mUserActivitySummary=0x4, mBootCompleted=true, mScreenBrightnessBoostInProgress=false, mIsVrModeEnabled= false, sQuiescent=false
03-15 20:38:54.274: D/AndroidRuntime(4900): Calling main entry com.android.commands.pm.Pm
03-15 20:38:54.281: W/ModuleInitIntentOp(2302): Dropping unexpected action com.google.android.gms.phenotype.COMMITTED
03-15 20:38:54.282: I/PTCommittedOperation(1944): Receive new configuration for com.google.android.gms.auth.api.signin
03-15 20:38:54.293: D/PowerManagerService(1676): acquireWakeLockInternal: lock=33537475, flags=0x1, tag="CMWakeLock", ws=WorkSource{10014 com.google.android.gms}, uid=10014, pid=1944
03-15 20:38:54.293: D/PowerManagerService(1676): updateWakeLockSummaryLocked: mWakefulness=Awake, mWakeLockSummary=0x1
03-15 20:38:54.293: D/PowerManagerService(1676): updateUserActivitySummaryLocked: mWakefulness=Awake, mUserActivitySummary=0x4, nextTimeout=-1 (1568072 ms ago)
03-15 20:38:54.293: D/PowerManagerService(1676): updateDisplayPowerStateLocked: mDisplayReady=true, policy=2, mWakefulness=1, mWakeLockSummary=0x1, mUserActivitySummary=0x4, mBootCompleted=true, mScreenBrightnessBoostInProgress=false, mIsVrModeEnabled= false, sQuiescent=false
03-15 20:38:54.297: D/PowerManagerService(1676): releaseWakeLockInternal: lock=33537475 [CMWakeLock], flags=0x0
03-15 20:38:54.298: D/PowerManagerService(1676): updateWakeLockSummaryLocked: mWakefulness=Awake, mWakeLockSummary=0x1
03-15 20:38:54.298: D/PowerManagerService(1676): updateUserActivitySummaryLocked: mWakefulness=Awake, mUserActivitySummary=0x4, nextTimeout=-1 (1568076 ms ago)
03-15 20:38:54.298: D/PowerManagerService(1676): updateDisplayPowerStateLocked: mDisplayReady=true, policy=2, mWakefulness=1, mWakeLockSummary=0x1, mUserActivitySummary=0x4, mBootCompleted=true, mScreenBrightnessBoostInProgress=false, mIsVrModeEnabled= false, sQuiescent=false
03-15 20:38:54.318: W/Primes(4916): Primes not initialized, returning default (no-op) Primes instance which will ignore all calls. Please call Primes.initialize(...) before using any Primes API.
03-15 20:38:54.342: I/zygote(1944): Background concurrent copying GC freed 133987(7MB) AllocSpace objects, 7(132KB) LOS objects, 50% free, 7MB/15MB, paused 436us total 282.496ms
03-15 20:38:54.350: I/ajhm(1944): updateFromConfigurations using legacy put method [CONTEXT service_id=51 ]
03-15 20:38:54.422: W/Finsky(4567): [308] com.google.android.finsky.application.impl.a.dw(1487): No account configured on this device.
03-15 20:38:54.422: W/ActivityManager(1676): Background start not allowed: service Intent { cmp=com.google.android.videos/.service.pinning.TransferService (has extras) } to com.google.android.videos/.service.pinning.TransferService from pid=4901 uid=10078 pkg=com.google.android.videos
03-15 20:38:54.424: I/Finsky(4567): [308] com.google.android.finsky.ds.a.a(63): Apps signed by first-party test keys will be allowed
03-15 20:38:54.424: I/Finsky(4567): [308] com.google.android.finsky.contentfilterui.m.a(8): Received content filters request from com.google.android.videos
03-15 20:38:54.429: W/Finsky(4567): [308] com.google.android.finsky.application.impl.a.dw(1487): No account configured on this device.
03-15 20:38:54.434: E/NetworkScheduler(1944): Invalid component specified.
03-15 20:38:54.436: I/PlayMovies(4901): RefreshLicenseTaskService.forceLicenseRefreshNow:66 Scheduled task now refresh_license_forced
03-15 20:38:54.436: D/PowerManagerService(1676): acquireWakeLockInternal: lock=156121465, flags=0x1, tag="*net_scheduler*", ws=WorkSource{10014 com.google.android.gms}, uid=10014, pid=1944
03-15 20:38:54.437: D/PowerManagerService(1676): updateWakeLockSummaryLocked: mWakefulness=Awake, mWakeLockSummary=0x1
03-15 20:38:54.437: D/PowerManagerService(1676): updateUserActivitySummaryLocked: mWakefulness=Awake, mUserActivitySummary=0x4, nextTimeout=-1 (1568215 ms ago)
03-15 20:38:54.437: D/PowerManagerService(1676): updateDisplayPowerStateLocked: mDisplayReady=true, policy=2, mWakefulness=1, mWakeLockSummary=0x1, mUserActivitySummary=0x4, mBootCompleted=true, mScreenBrightnessBoostInProgress=false, mIsVrModeEnabled= false, sQuiescent=false
03-15 20:38:54.444: D/PlayMovies(4901): PersistentCache.cleanup:104 Cache is below limit, no need to shrink: [size=0, limit=5242880]
03-15 20:38:54.459: I/Finsky(4567): [2] com.google.android.finsky.verifier.impl.PackageVerificationReceiver.onReceive(12): Verification requested, id = 5
03-15 20:38:54.461: W/Finsky(4567): [2] com.google.android.finsky.application.impl.a.dw(1487): No account configured on this device.
03-15 20:38:54.462: W/Finsky(4567): [2] com.google.android.finsky.application.impl.a.dw(1487): No account configured on this device.
03-15 20:38:54.464: D/Primes(4901): Package metric disabled.
03-15 20:38:54.464: D/Primes(4901): Battery metric disabled
03-15 20:38:54.464: D/Primes(4901): MagicEye logging metric disabled
03-15 20:38:54.465: W/Finsky(4567): [2] com.google.android.finsky.application.impl.a.dw(1487): No account configured on this device.
03-15 20:38:54.465: I/chatty(4567): uid=10028(com.android.vending) identical 1 line
03-15 20:38:54.466: W/Finsky(4567): [2] com.google.android.finsky.application.impl.a.dw(1487): No account configured on this device.
03-15 20:38:54.467: I/PlayMovies(4901): RefreshLicenseTaskService.onRunTask:96 On run task refresh_license
03-15 20:38:54.473: D/PowerManagerService(1676): releaseWakeLockInternal: lock=48479576 [*net_scheduler*], flags=0x0
03-15 20:38:54.473: D/PowerManagerService(1676): updateWakeLockSummaryLocked: mWakefulness=Awake, mWakeLockSummary=0x1
03-15 20:38:54.473: D/PowerManagerService(1676): updateUserActivitySummaryLocked: mWakefulness=Awake, mUserActivitySummary=0x4, nextTimeout=-1 (1568252 ms ago)
03-15 20:38:54.473: D/PowerManagerService(1676): updateDisplayPowerStateLocked: mDisplayReady=true, policy=2, mWakefulness=1, mWakeLockSummary=0x1, mUserActivitySummary=0x4, mBootCompleted=true, mScreenBrightnessBoostInProgress=false, mIsVrModeEnabled= false, sQuiescent=false
03-15 20:38:54.490: D/PowerManagerService(1676): releaseWakeLockInternal: lock=156121465 [*net_scheduler*], flags=0x0
03-15 20:38:54.490: D/PowerManagerService(1676): updateWakeLockSummaryLocked: mWakefulness=Awake, mWakeLockSummary=0x1
03-15 20:38:54.490: D/PowerManagerService(1676): updateUserActivitySummaryLocked: mWakefulness=Awake, mUserActivitySummary=0x4, nextTimeout=-1 (1568269 ms ago)
03-15 20:38:54.490: D/PowerManagerService(1676): updateDisplayPowerStateLocked: mDisplayReady=true, policy=2, mWakefulness=1, mWakeLockSummary=0x1, mUserActivitySummary=0x4, mBootCompleted=true, mScreenBrightnessBoostInProgress=false, mIsVrModeEnabled= false, sQuiescent=false
03-15 20:38:54.491: D/PowerManagerService(1676): acquireWakeLockInternal: lock=156121465, flags=0x1, tag="*net_scheduler*", ws=WorkSource{10014 com.google.android.gms}, uid=10014, pid=1944
03-15 20:38:54.491: D/PowerManagerService(1676): updateWakeLockSummaryLocked: mWakefulness=Awake, mWakeLockSummary=0x1
03-15 20:38:54.491: D/PowerManagerService(1676): updateUserActivitySummaryLocked: mWakefulness=Awake, mUserActivitySummary=0x4, nextTimeout=-1 (1568270 ms ago)
03-15 20:38:54.491: D/PowerManagerService(1676): updateDisplayPowerStateLocked: mDisplayReady=true, policy=2, mWakefulness=1, mWakeLockSummary=0x1, mUserActivitySummary=0x4, mBootCompleted=true, mScreenBrightnessBoostInProgress=false, mIsVrModeEnabled= false, sQuiescent=false
03-15 20:38:54.510: I/Finsky(4567): [296] com.google.android.finsky.verifier.impl.ci.a(111): Skipping verification. Disabled by user setting
03-15 20:38:54.510: I/Finsky(4567): [296] com.google.android.finsky.verifier.impl.ci.a(119): Skipping anti malware verification due to pre-check failure
03-15 20:38:54.510: I/Finsky(4567): [2] com.google.android.finsky.verifier.impl.dr.c(191): Verifying id=5, result=1
03-15 20:38:54.514: W/ModuleInitIntentOp(2302): Dropping unexpected action com.google.android.gms.phenotype.COMMITTED
03-15 20:38:54.517: I/PTCommittedOperation(1944): Receive new configuration for com.google.android.gms.nearby
03-15 20:38:54.517: D/PowerManagerService(1676): acquireWakeLockInternal: lock=33537475, flags=0x1, tag="CMWakeLock", ws=WorkSource{10014 com.google.android.gms}, uid=10014, pid=1944
03-15 20:38:54.517: D/PowerManagerService(1676): updateWakeLockSummaryLocked: mWakefulness=Awake, mWakeLockSummary=0x1
03-15 20:38:54.517: D/PowerManagerService(1676): updateUserActivitySummaryLocked: mWakefulness=Awake, mUserActivitySummary=0x4, nextTimeout=-1 (1568296 ms ago)
03-15 20:38:54.517: D/PowerManagerService(1676): updateDisplayPowerStateLocked: mDisplayReady=true, policy=2, mWakefulness=1, mWakeLockSummary=0x1, mUserActivitySummary=0x4, mBootCompleted=true, mScreenBrightnessBoostInProgress=false, mIsVrModeEnabled= false, sQuiescent=false
03-15 20:38:54.519: D/PowerManagerService(1676): releaseWakeLockInternal: lock=33537475 [CMWakeLock], flags=0x0
03-15 20:38:54.519: D/PowerManagerService(1676): updateWakeLockSummaryLocked: mWakefulness=Awake, mWakeLockSummary=0x1
03-15 20:38:54.519: D/PowerManagerService(1676): updateUserActivitySummaryLocked: mWakefulness=Awake, mUserActivitySummary=0x4, nextTimeout=-1 (1568298 ms ago)
03-15 20:38:54.519: D/PowerManagerService(1676): updateDisplayPowerStateLocked: mDisplayReady=true, policy=2, mWakefulness=1, mWakeLockSummary=0x1, mUserActivitySummary=0x4, mBootCompleted=true, mScreenBrightnessBoostInProgress=false, mIsVrModeEnabled= false, sQuiescent=false
03-15 20:38:54.519: I/zygote(4916): ThreadFlipBegin blocked for 17.389ms
03-15 20:38:54.521: W/Finsky(4567): [2] com.google.android.finsky.application.impl.a.dw(1487): No account configured on this device.
03-15 20:38:54.521: W/Finsky(4567): [2] com.google.android.finsky.application.impl.a.dw(1487): No account configured on this device.
03-15 20:38:54.522: I/Finsky(4567): [2] com.google.android.finsky.verifier.impl.dr.c(208): Verification complete: id=5, package_name=android.support.test.orchestrator
03-15 20:38:54.534: I/ajhm(1944): updateFromConfigurations using legacy put method [CONTEXT service_id=51 ]
03-15 20:38:54.535: I/ajji(1944): Scheduling adaptive one off task with window [14400, 604800] in seconds [CONTEXT service_id=51 ]
03-15 20:38:54.537: D/PowerManagerService(1676): acquireWakeLockInternal: lock=252338155, flags=0x1, tag="*net_scheduler*", ws=WorkSource{10014 com.google.android.gms}, uid=10014, pid=1944
03-15 20:38:54.537: D/PowerManagerService(1676): updateWakeLockSummaryLocked: mWakefulness=Awake, mWakeLockSummary=0x1
03-15 20:38:54.537: D/PowerManagerService(1676): updateUserActivitySummaryLocked: mWakefulness=Awake, mUserActivitySummary=0x4, nextTimeout=-1 (1568316 ms ago)
03-15 20:38:54.538: D/PowerManagerService(1676): updateDisplayPowerStateLocked: mDisplayReady=true, policy=2, mWakefulness=1, mWakeLockSummary=0x1, mUserActivitySummary=0x4, mBootCompleted=true, mScreenBrightnessBoostInProgress=false, mIsVrModeEnabled= false, sQuiescent=false
03-15 20:38:54.553: E/NetworkScheduler(1944): Invalid component specified.
03-15 20:38:54.554: D/PowerManagerService(1676): releaseWakeLockInternal: lock=120688808 [*net_scheduler*], flags=0x0
03-15 20:38:54.554: D/PowerManagerService(1676): updateWakeLockSummaryLocked: mWakefulness=Awake, mWakeLockSummary=0x1
03-15 20:38:54.554: D/PowerManagerService(1676): updateUserActivitySummaryLocked: mWakefulness=Awake, mUserActivitySummary=0x4, nextTimeout=-1 (1568333 ms ago)
03-15 20:38:54.554: D/PowerManagerService(1676): updateDisplayPowerStateLocked: mDisplayReady=true, policy=2, mWakefulness=1, mWakeLockSummary=0x1, mUserActivitySummary=0x4, mBootCompleted=true, mScreenBrightnessBoostInProgress=false, mIsVrModeEnabled= false, sQuiescent=false
03-15 20:38:54.563: D/PowerManagerService(1676): acquireWakeLockInternal: lock=157355497, flags=0x1, tag="*dexopt*", ws=WorkSource{-1}, uid=1000, pid=1676
03-15 20:38:54.563: D/PowerManagerService(1676): updateWakeLockSummaryLocked: mWakefulness=Awake, mWakeLockSummary=0x1
03-15 20:38:54.563: D/PowerManagerService(1676): updateUserActivitySummaryLocked: mWakefulness=Awake, mUserActivitySummary=0x4, nextTimeout=-1 (1568342 ms ago)
03-15 20:38:54.563: D/PowerManagerService(1676): updateDisplayPowerStateLocked: mDisplayReady=true, policy=2, mWakefulness=1, mWakeLockSummary=0x1, mUserActivitySummary=0x4, mBootCompleted=true, mScreenBrightnessBoostInProgress=false, mIsVrModeEnabled= false, sQuiescent=false
03-15 20:38:54.564: I/PackageManager.DexOptimizer(1676): Running dexopt (dexoptNeeded=1) on: /data/app/android.support.test.orchestrator-hhtDV1v_UITMTTCsGDKyPA==/base.apk pkg=android.support.test.orchestrator isa=x86 dexoptFlags=boot_complete,public target-filter=quicken oatDir=/data/app/android.support.test.orchestrator-hhtDV1v_UITMTTCsGDKyPA==/oat sharedLibraries=PCL[/system/framework/android.test.mock.jar:/system/framework/android.test.runner.jar]
03-15 20:38:54.586: W/ModuleInitIntentOp(2302): Dropping unexpected action com.google.android.gms.phenotype.COMMITTED
03-15 20:38:54.598: I/PTCommittedOperation(1944): Receive new configuration for com.google.android.gms.netrec
03-15 20:38:54.599: D/PowerManagerService(1676): acquireWakeLockInternal: lock=33537475, flags=0x1, tag="CMWakeLock", ws=WorkSource{10014 com.google.android.gms}, uid=10014, pid=1944
03-15 20:38:54.599: D/PowerManagerService(1676): updateWakeLockSummaryLocked: mWakefulness=Awake, mWakeLockSummary=0x1
03-15 20:38:54.599: D/PowerManagerService(1676): updateUserActivitySummaryLocked: mWakefulness=Awake, mUserActivitySummary=0x4, nextTimeout=-1 (1568378 ms ago)
03-15 20:38:54.599: D/PowerManagerService(1676): updateDisplayPowerStateLocked: mDisplayReady=true, policy=2, mWakefulness=1, mWakeLockSummary=0x1, mUserActivitySummary=0x4, mBootCompleted=true, mScreenBrightnessBoostInProgress=false, mIsVrModeEnabled= false, sQuiescent=false
03-15 20:38:54.600: D/PowerManagerService(1676): releaseWakeLockInternal: lock=33537475 [CMWakeLock], flags=0x0
03-15 20:38:54.600: D/PowerManagerService(1676): updateWakeLockSummaryLocked: mWakefulness=Awake, mWakeLockSummary=0x1
03-15 20:38:54.600: D/PowerManagerService(1676): updateUserActivitySummaryLocked: mWakefulness=Awake, mUserActivitySummary=0x4, nextTimeout=-1 (1568379 ms ago)
03-15 20:38:54.600: D/PowerManagerService(1676): updateDisplayPowerStateLocked: mDisplayReady=true, policy=2, mWakefulness=1, mWakeLockSummary=0x1, mUserActivitySummary=0x4, mBootCompleted=true, mScreenBrightnessBoostInProgress=false, mIsVrModeEnabled= false, sQuiescent=false
03-15 20:38:54.618: D/PowerManagerService(1676): releaseWakeLockInternal: lock=156121465 [*net_scheduler*], flags=0x0
03-15 20:38:54.618: D/PowerManagerService(1676): updateWakeLockSummaryLocked: mWakefulness=Awake, mWakeLockSummary=0x1
03-15 20:38:54.618: D/PowerManagerService(1676): updateUserActivitySummaryLocked: mWakefulness=Awake, mUserActivitySummary=0x4, nextTimeout=-1 (1568397 ms ago)
03-15 20:38:54.618: D/PowerManagerService(1676): updateDisplayPowerStateLocked: mDisplayReady=true, policy=2, mWakefulness=1, mWakeLockSummary=0x1, mUserActivitySummary=0x4, mBootCompleted=true, mScreenBrightnessBoostInProgress=false, mIsVrModeEnabled= false, sQuiescent=false
03-15 20:38:54.622: I/Wear_Controller(1944): Wear requires a companion app to be installed.
03-15 20:38:54.622: I/WearableService(1944): onCreate: Wearable Services not starting. Wear is not available on this device.
03-15 20:38:54.624: W/WearableService(1944): onGetService: Wear is not available on this device.
03-15 20:38:54.632: D/PowerManagerService(1676): acquireWakeLockInternal: lock=156121465, flags=0x1, tag="*net_scheduler*", ws=WorkSource{10014 com.google.android.gms}, uid=10014, pid=1944
03-15 20:38:54.632: D/PowerManagerService(1676): updateWakeLockSummaryLocked: mWakefulness=Awake, mWakeLockSummary=0x1
03-15 20:38:54.632: D/PowerManagerService(1676): updateUserActivitySummaryLocked: mWakefulness=Awake, mUserActivitySummary=0x4, nextTimeout=-1 (1568411 ms ago)
03-15 20:38:54.632: D/PowerManagerService(1676): updateDisplayPowerStateLocked: mDisplayReady=true, policy=2, mWakefulness=1, mWakeLockSummary=0x1, mUserActivitySummary=0x4, mBootCompleted=true, mScreenBrightnessBoostInProgress=false, mIsVrModeEnabled= false, sQuiescent=false
03-15 20:38:54.641: E/dual_mode_controller(1534): LE scan
03-15 20:38:54.658: I/Remoter(1532): Saved screenshot to '/data/screenshots/__pmv__-0073.jpg'
03-15 20:38:54.665: W/dex2oat(4984): Unexpected CPU variant for X86 using defaults: x86
03-15 20:38:54.665: W/dex2oat(4984): Mismatch between dex2oat instruction set features (ISA: X86 Feature string: -ssse3,-sse4.1,-sse4.2,-avx,-avx2,-popcnt) and those of dex2oat executable (ISA: X86 Feature string: ssse3,-sse4.1,-sse4.2,-avx,-avx2,-popcnt) for the command line:
03-15 20:38:54.665: W/dex2oat(4984): /system/bin/dex2oat --zip-fd=7 --zip-location=base.apk --input-vdex-fd=-1 --output-vdex-fd=9 --oat-fd=8 --oat-location=/data/app/android.support.test.orchestrator-hhtDV1v_UITMTTCsGDKyPA==/oat/x86/base.odex --instruction-set=x86 --instruction-set-variant=x86 --instruction-set-features=default --runtime-arg -Xms64m --runtime-arg -Xmx512m --compiler-filter=quicken --swap-fd=10 --classpath-dir=/data/app/android.support.test.orchestrator-hhtDV1v_UITMTTCsGDKyPA== --class-loader-context=PCL[/system/framework/android.test.mock.jar:/system/framework/android.test.runner.jar]
03-15 20:38:54.665: I/dex2oat(4984): /system/bin/dex2oat --input-vdex-fd=-1 --output-vdex-fd=9 --compiler-filter=quicken --classpath-dir=/data/app/android.support.test.orchestrator-hhtDV1v_UITMTTCsGDKyPA== --class-loader-context=PCL[/system/framework/android.test.mock.jar:/system/framework/android.test.runner.jar]
03-15 20:38:54.673: D/PowerManagerService(1676): releaseWakeLockInternal: lock=156121465 [*net_scheduler*], flags=0x0
03-15 20:38:54.673: D/PowerManagerService(1676): updateWakeLockSummaryLocked: mWakefulness=Awake, mWakeLockSummary=0x1
03-15 20:38:54.673: D/PowerManagerService(1676): updateUserActivitySummaryLocked: mWakefulness=Awake, mUserActivitySummary=0x4, nextTimeout=-1 (1568452 ms ago)
03-15 20:38:54.673: D/PowerManagerService(1676): updateDisplayPowerStateLocked: mDisplayReady=true, policy=2, mWakefulness=1, mWakeLockSummary=0x1, mUserActivitySummary=0x4, mBootCompleted=true, mScreenBrightnessBoostInProgress=false, mIsVrModeEnabled= false, sQuiescent=false
03-15 20:38:54.679: W/ModuleInitIntentOp(2302): Dropping unexpected action com.google.android.gms.phenotype.COMMITTED
03-15 20:38:54.686: I/PTCommittedOperation(1944): Receive new configuration for com.google.android.gms.tapandpay
03-15 20:38:54.687: D/PowerManagerService(1676): acquireWakeLockInternal: lock=33537475, flags=0x1, tag="CMWakeLock", ws=WorkSource{10014 com.google.android.gms}, uid=10014, pid=1944
03-15 20:38:54.687: D/PowerManagerService(1676): updateWakeLockSummaryLocked: mWakefulness=Awake, mWakeLockSummary=0x1
03-15 20:38:54.687: D/PowerManagerService(1676): updateUserActivitySummaryLocked: mWakefulness=Awake, mUserActivitySummary=0x4, nextTimeout=-1 (1568466 ms ago)
03-15 20:38:54.687: D/PowerManagerService(1676): updateDisplayPowerStateLocked: mDisplayReady=true, policy=2, mWakefulness=1, mWakeLockSummary=0x1, mUserActivitySummary=0x4, mBootCompleted=true, mScreenBrightnessBoostInProgress=false, mIsVrModeEnabled= false, sQuiescent=false
03-15 20:38:54.688: D/PowerManagerService(1676): releaseWakeLockInternal: lock=33537475 [CMWakeLock], flags=0x0
03-15 20:38:54.688: D/PowerManagerService(1676): updateWakeLockSummaryLocked: mWakefulness=Awake, mWakeLockSummary=0x1
03-15 20:38:54.688: D/PowerManagerService(1676): updateUserActivitySummaryLocked: mWakefulness=Awake, mUserActivitySummary=0x4, nextTimeout=-1 (1568467 ms ago)
03-15 20:38:54.688: D/PowerManagerService(1676): updateDisplayPowerStateLocked: mDisplayReady=true, policy=2, mWakefulness=1, mWakeLockSummary=0x1, mUserActivitySummary=0x4, mBootCompleted=true, mScreenBrightnessBoostInProgress=false, mIsVrModeEnabled= false, sQuiescent=false
03-15 20:38:54.692: D/PowerManagerService(1676): releaseWakeLockInternal: lock=252338155 [*net_scheduler*], flags=0x0
03-15 20:38:54.692: D/PowerManagerService(1676): updateWakeLockSummaryLocked: mWakefulness=Awake, mWakeLockSummary=0x1
03-15 20:38:54.692: D/PowerManagerService(1676): updateUserActivitySummaryLocked: mWakefulness=Awake, mUserActivitySummary=0x4, nextTimeout=-1 (1568471 ms ago)
03-15 20:38:54.692: D/PowerManagerService(1676): updateDisplayPowerStateLocked: mDisplayReady=true, policy=2, mWakefulness=1, mWakeLockSummary=0x1, mUserActivitySummary=0x4, mBootCompleted=true, mScreenBrightnessBoostInProgress=false, mIsVrModeEnabled= false, sQuiescent=false
03-15 20:38:54.692: D/PowerManagerService(1676): acquireWakeLockInternal: lock=156121465, flags=0x1, tag="*net_scheduler*", ws=WorkSource{10014 com.google.android.gms}, uid=10014, pid=1944
03-15 20:38:54.692: D/PowerManagerService(1676): updateWakeLockSummaryLocked: mWakefulness=Awake, mWakeLockSummary=0x1
03-15 20:38:54.692: D/PowerManagerService(1676): updateUserActivitySummaryLocked: mWakefulness=Awake, mUserActivitySummary=0x4, nextTimeout=-1 (1568471 ms ago)
03-15 20:38:54.692: D/PowerManagerService(1676): updateDisplayPowerStateLocked: mDisplayReady=true, policy=2, mWakefulness=1, mWakeLockSummary=0x1, mUserActivitySummary=0x4, mBootCompleted=true, mScreenBrightnessBoostInProgress=false, mIsVrModeEnabled= false, sQuiescent=false
03-15 20:38:54.693: I/Icing(2302): Indexing com.google.android.gms-apps from com.google.android.gms
03-15 20:38:54.724: I/Icing(2302): Indexing done com.google.android.gms-apps
03-15 20:38:54.725: I/Icing(2302): Indexing com.google.android.gms-internal.3p:MobileApplication from com.google.android.gms
03-15 20:38:54.727: D/PowerManagerService(1676): acquireWakeLockInternal: lock=174875560, flags=0x1, tag="*net_scheduler*", ws=WorkSource{10014 com.google.android.gms}, uid=10014, pid=1944
03-15 20:38:54.727: D/PowerManagerService(1676): updateWakeLockSummaryLocked: mWakefulness=Awake, mWakeLockSummary=0x1
03-15 20:38:54.727: D/PowerManagerService(1676): updateUserActivitySummaryLocked: mWakefulness=Awake, mUserActivitySummary=0x4, nextTimeout=-1 (1568506 ms ago)
03-15 20:38:54.727: D/PowerManagerService(1676): updateDisplayPowerStateLocked: mDisplayReady=true, policy=2, mWakefulness=1, mWakeLockSummary=0x1, mUserActivitySummary=0x4, mBootCompleted=true, mScreenBrightnessBoostInProgress=false, mIsVrModeEnabled= false, sQuiescent=false
03-15 20:38:54.742: I/PTCommittedOperation(1944): Receive new configuration for com.google.android.gms.photos
03-15 20:38:54.743: D/PowerManagerService(1676): acquireWakeLockInternal: lock=33537475, flags=0x1, tag="CMWakeLock", ws=WorkSource{10014 com.google.android.gms}, uid=10014, pid=1944
03-15 20:38:54.743: D/PowerManagerService(1676): updateWakeLockSummaryLocked: mWakefulness=Awake, mWakeLockSummary=0x1
03-15 20:38:54.743: D/PowerManagerService(1676): updateUserActivitySummaryLocked: mWakefulness=Awake, mUserActivitySummary=0x4, nextTimeout=-1 (1568522 ms ago)
03-15 20:38:54.743: D/PowerManagerService(1676): updateDisplayPowerStateLocked: mDisplayReady=true, policy=2, mWakefulness=1, mWakeLockSummary=0x1, mUserActivitySummary=0x4, mBootCompleted=true, mScreenBrightnessBoostInProgress=false, mIsVrModeEnabled= false, sQuiescent=false
03-15 20:38:54.750: D/PowerManagerService(1676): releaseWakeLockInternal: lock=33537475 [CMWakeLock], flags=0x0
03-15 20:38:54.750: D/PowerManagerService(1676): updateWakeLockSummaryLocked: mWakefulness=Awake, mWakeLockSummary=0x1
03-15 20:38:54.750: D/PowerManagerService(1676): updateUserActivitySummaryLocked: mWakefulness=Awake, mUserActivitySummary=0x4, nextTimeout=-1 (1568529 ms ago)
03-15 20:38:54.750: D/PowerManagerService(1676): updateDisplayPowerStateLocked: mDisplayReady=true, policy=2, mWakefulness=1, mWakeLockSummary=0x1, mUserActivitySummary=0x4, mBootCompleted=true, mScreenBrightnessBoostInProgress=false, mIsVrModeEnabled= false, sQuiescent=false
03-15 20:38:54.754: I/zygote(2302): Deoptimizing void bnjf.e(int, int) due to JIT inline cache
03-15 20:38:54.754: I/zygote(2302): Deoptimizing void bned.c(int, int) due to JIT inline cache
03-15 20:38:54.756: W/ModuleInitIntentOp(2302): Dropping unexpected action com.google.android.gms.phenotype.COMMITTED
03-15 20:38:54.775: D/PowerManagerService(1676): releaseWakeLockInternal: lock=174875560 [*net_scheduler*], flags=0x0
03-15 20:38:54.775: D/PowerManagerService(1676): updateWakeLockSummaryLocked: mWakefulness=Awake, mWakeLockSummary=0x1
03-15 20:38:54.775: D/PowerManagerService(1676): updateUserActivitySummaryLocked: mWakefulness=Awake, mUserActivitySummary=0x4, nextTimeout=-1 (1568554 ms ago)
03-15 20:38:54.775: D/PowerManagerService(1676): updateDisplayPowerStateLocked: mDisplayReady=true, policy=2, mWakefulness=1, mWakeLockSummary=0x1, mUserActivitySummary=0x4, mBootCompleted=true, mScreenBrightnessBoostInProgress=false, mIsVrModeEnabled= false, sQuiescent=false
03-15 20:38:54.788: W/ModuleInitIntentOp(2302): Dropping unexpected action com.google.android.gms.phenotype.COMMITTED
03-15 20:38:54.791: I/PTCommittedOperation(1944): Receive new configuration for com.google.android.gms.places
03-15 20:38:54.791: D/PowerManagerService(1676): acquireWakeLockInternal: lock=33537475, flags=0x1, tag="CMWakeLock", ws=WorkSource{10014 com.google.android.gms}, uid=10014, pid=1944
03-15 20:38:54.791: D/PowerManagerService(1676): updateWakeLockSummaryLocked: mWakefulness=Awake, mWakeLockSummary=0x1
03-15 20:38:54.791: D/PowerManagerService(1676): updateUserActivitySummaryLocked: mWakefulness=Awake, mUserActivitySummary=0x4, nextTimeout=-1 (1568570 ms ago)
03-15 20:38:54.791: D/PowerManagerService(1676): updateDisplayPowerStateLocked: mDisplayReady=true, policy=2, mWakefulness=1, mWakeLockSummary=0x1, mUserActivitySummary=0x4, mBootCompleted=true, mScreenBrightnessBoostInProgress=false, mIsVrModeEnabled= false, sQuiescent=false
03-15 20:38:54.792: D/PowerManagerService(1676): releaseWakeLockInternal: lock=33537475 [CMWakeLock], flags=0x0
03-15 20:38:54.792: D/PowerManagerService(1676): updateWakeLockSummaryLocked: mWakefulness=Awake, mWakeLockSummary=0x1
03-15 20:38:54.792: D/PowerManagerService(1676): updateUserActivitySummaryLocked: mWakefulness=Awake, mUserActivitySummary=0x4, nextTimeout=-1 (1568571 ms ago)
03-15 20:38:54.792: D/PowerManagerService(1676): updateDisplayPowerStateLocked: mDisplayReady=true, policy=2, mWakefulness=1, mWakeLockSummary=0x1, mUserActivitySummary=0x4, mBootCompleted=true, mScreenBrightnessBoostInProgress=false, mIsVrModeEnabled= false, sQuiescent=false
03-15 20:38:54.820: I/Icing(2302): Indexing done com.google.android.gms-internal.3p:MobileApplication
03-15 20:38:54.822: D/PowerManagerService(1676): acquireWakeLockInternal: lock=49812052, flags=0x1, tag="*net_scheduler*", ws=WorkSource{10014 com.google.android.gms}, uid=10014, pid=1944
03-15 20:38:54.822: D/PowerManagerService(1676): updateWakeLockSummaryLocked: mWakefulness=Awake, mWakeLockSummary=0x1
03-15 20:38:54.822: D/PowerManagerService(1676): updateUserActivitySummaryLocked: mWakefulness=Awake, mUserActivitySummary=0x4, nextTimeout=-1 (1568601 ms ago)
03-15 20:38:54.822: D/PowerManagerService(1676): updateDisplayPowerStateLocked: mDisplayReady=true, policy=2, mWakefulness=1, mWakeLockSummary=0x1, mUserActivitySummary=0x4, mBootCompleted=true, mScreenBrightnessBoostInProgress=false, mIsVrModeEnabled= false, sQuiescent=false
03-15 20:38:54.832: I/zygote(2302): Do partial code cache collection, code=479KB, data=312KB
03-15 20:38:54.836: W/ModuleInitIntentOp(2302): Dropping unexpected action com.google.android.gms.phenotype.COMMITTED
03-15 20:38:54.837: I/PTCommittedOperation(1944): Receive new configuration for com.google.android.gms.sesame
03-15 20:38:54.844: I/zygote(2302): After code cache collection, code=476KB, data=310KB
03-15 20:38:54.844: I/zygote(2302): Increasing code cache capacity to 2MB
03-15 20:38:54.849: D/PowerManagerService(1676): acquireWakeLockInternal: lock=33537475, flags=0x1, tag="CMWakeLock", ws=WorkSource{10014 com.google.android.gms}, uid=10014, pid=1944
03-15 20:38:54.849: D/PowerManagerService(1676): updateWakeLockSummaryLocked: mWakefulness=Awake, mWakeLockSummary=0x1
03-15 20:38:54.849: D/PowerManagerService(1676): updateUserActivitySummaryLocked: mWakefulness=Awake, mUserActivitySummary=0x4, nextTimeout=-1 (1568628 ms ago)
03-15 20:38:54.849: D/PowerManagerService(1676): updateDisplayPowerStateLocked: mDisplayReady=true, policy=2, mWakefulness=1, mWakeLockSummary=0x1, mUserActivitySummary=0x4, mBootCompleted=true, mScreenBrightnessBoostInProgress=false, mIsVrModeEnabled= false, sQuiescent=false
03-15 20:38:54.856: D/PowerManagerService(1676): releaseWakeLockInternal: lock=33537475 [CMWakeLock], flags=0x0
03-15 20:38:54.856: D/PowerManagerService(1676): updateWakeLockSummaryLocked: mWakefulness=Awake, mWakeLockSummary=0x1
03-15 20:38:54.856: D/PowerManagerService(1676): updateUserActivitySummaryLocked: mWakefulness=Awake, mUserActivitySummary=0x4, nextTimeout=-1 (1568635 ms ago)
03-15 20:38:54.856: D/PowerManagerService(1676): updateDisplayPowerStateLocked: mDisplayReady=true, policy=2, mWakefulness=1, mWakeLockSummary=0x1, mUserActivitySummary=0x4, mBootCompleted=true, mScreenBrightnessBoostInProgress=false, mIsVrModeEnabled= false, sQuiescent=false
03-15 20:38:54.864: W/Finsky(4567): [266] com.google.android.finsky.application.impl.a.dw(1487): No account configured on this device.
03-15 20:38:54.866: I/Finsky(4567): [266] com.google.android.finsky.zapp.e.a(67): Received module info request for [b: 5
03-15 20:38:54.866: I/Finsky(4567): c: "AdsFdrDynamite.integ"
03-15 20:38:54.866: I/Finsky(4567): d: ""
03-15 20:38:54.866: I/Finsky(4567): e: "8000700"
03-15 20:38:54.866: I/Finsky(4567): a_w: -1
03-15 20:38:54.866: I/Finsky(4567): , b: 5
03-15 20:38:54.866: I/Finsky(4567): c: "AdsFdr.integ"
03-15 20:38:54.866: I/Finsky(4567): d: ""
03-15 20:38:54.866: I/Finsky(4567): e: "8000700"
03-15 20:38:54.866: I/Finsky(4567): a_w: -1
03-15 20:38:54.866: I/Finsky(4567): ] modules from package com.google.android.gms v=14367022
03-15 20:38:54.868: W/Finsky(4567): [266] com.google.android.finsky.application.impl.a.dw(1487): No account configured on this device.
03-15 20:38:54.868: I/chatty(4567): uid=10028(com.android.vending) Binder:4567_3 identical 1 line
03-15 20:38:54.869: W/Finsky(4567): [266] com.google.android.finsky.application.impl.a.dw(1487): No account configured on this device.
03-15 20:38:54.869: W/Finsky(4567): [266] com.google.android.finsky.zapp.e.a(74): Account missing.
03-15 20:38:54.870: W/Finsky(4567): [266] com.google.android.finsky.application.impl.a.dw(1487): No account configured on this device.
03-15 20:38:54.870: W/Finsky(4567): [266] com.google.android.finsky.application.impl.a.dw(1487): No account configured on this device.
03-15 20:38:54.872: E/DynamicModuleDownloader(2302): Zapp module request failed: 1,-5004
03-15 20:38:54.880: D/PowerManagerService(1676): releaseWakeLockInternal: lock=183668677 [Icing], flags=0x0
03-15 20:38:54.880: D/PowerManagerService(1676): updateWakeLockSummaryLocked: mWakefulness=Awake, mWakeLockSummary=0x1
03-15 20:38:54.880: D/PowerManagerService(1676): updateUserActivitySummaryLocked: mWakefulness=Awake, mUserActivitySummary=0x4, nextTimeout=-1 (1568659 ms ago)
03-15 20:38:54.880: D/PowerManagerService(1676): updateDisplayPowerStateLocked: mDisplayReady=true, policy=2, mWakefulness=1, mWakeLockSummary=0x1, mUserActivitySummary=0x4, mBootCompleted=true, mScreenBrightnessBoostInProgress=false, mIsVrModeEnabled= false, sQuiescent=false
03-15 20:38:54.884: I/dex2oat(4984): dex2oat took 219.502ms (73.949ms cpu) (threads: 2) arena alloc=4KB (5088B) java alloc=130KB (133600B) native alloc=1015KB (1039464B) free=1544KB (1581976B)
03-15 20:38:54.892: W/ChimeraConfigService(2302): Retry attempt was throttled.
03-15 20:38:54.893: D/PowerManagerService(1676): releaseWakeLockInternal: lock=157355497 [*dexopt*], flags=0x0
03-15 20:38:54.893: D/PowerManagerService(1676): updateWakeLockSummaryLocked: mWakefulness=Awake, mWakeLockSummary=0x1
03-15 20:38:54.893: D/PowerManagerService(1676): updateUserActivitySummaryLocked: mWakefulness=Awake, mUserActivitySummary=0x4, nextTimeout=-1 (1568672 ms ago)
03-15 20:38:54.893: D/PowerManagerService(1676): updateDisplayPowerStateLocked: mDisplayReady=true, policy=2, mWakefulness=1, mWakeLockSummary=0x1, mUserActivitySummary=0x4, mBootCompleted=true, mScreenBrightnessBoostInProgress=false, mIsVrModeEnabled= false, sQuiescent=false
03-15 20:38:54.905: D/PowerManagerService(1676): releaseWakeLockInternal: lock=49812052 [*net_scheduler*], flags=0x0
03-15 20:38:54.905: D/PowerManagerService(1676): updateWakeLockSummaryLocked: mWakefulness=Awake, mWakeLockSummary=0x1
03-15 20:38:54.905: D/PowerManagerService(1676): updateUserActivitySummaryLocked: mWakefulness=Awake, mUserActivitySummary=0x4, nextTimeout=-1 (1568684 ms ago)
03-15 20:38:54.905: D/PowerManagerService(1676): updateDisplayPowerStateLocked: mDisplayReady=true, policy=2, mWakefulness=1, mWakeLockSummary=0x1, mUserActivitySummary=0x4, mBootCompleted=true, mScreenBrightnessBoostInProgress=false, mIsVrModeEnabled= false, sQuiescent=false
03-15 20:38:54.929: V/BackupManagerService(1676): restoreAtInstall pkg=android.support.test.orchestrator token=6 restoreSet=0
03-15 20:38:54.930: V/BackupManagerService(1676): Finishing install immediately
03-15 20:38:54.935: W/ModuleInitIntentOp(2302): Dropping unexpected action com.google.android.gms.phenotype.COMMITTED
03-15 20:38:54.939: D/PowerManagerService(1676): acquireWakeLockInternal: lock=183668677, flags=0x1, tag="Icing", ws=WorkSource{10014 com.google.android.gms}, uid=10014, pid=2302
03-15 20:38:54.939: D/PowerManagerService(1676): updateWakeLockSummaryLocked: mWakefulness=Awake, mWakeLockSummary=0x1
03-15 20:38:54.939: D/PowerManagerService(1676): updateUserActivitySummaryLocked: mWakefulness=Awake, mUserActivitySummary=0x4, nextTimeout=-1 (1568718 ms ago)
03-15 20:38:54.939: D/PowerManagerService(1676): updateDisplayPowerStateLocked: mDisplayReady=true, policy=2, mWakefulness=1, mWakeLockSummary=0x1, mUserActivitySummary=0x4, mBootCompleted=true, mScreenBrightnessBoostInProgress=false, mIsVrModeEnabled= false, sQuiescent=false
03-15 20:38:54.940: D/PowerManagerService(1676): releaseWakeLockInternal: lock=183668677 [Icing], flags=0x0
03-15 20:38:54.940: D/PowerManagerService(1676): updateWakeLockSummaryLocked: mWakefulness=Awake, mWakeLockSummary=0x1
03-15 20:38:54.940: D/PowerManagerService(1676): updateUserActivitySummaryLocked: mWakefulness=Awake, mUserActivitySummary=0x4, nextTimeout=-1 (1568719 ms ago)
03-15 20:38:54.941: D/PowerManagerService(1676): updateDisplayPowerStateLocked: mDisplayReady=true, policy=2, mWakefulness=1, mWakeLockSummary=0x1, mUserActivitySummary=0x4, mBootCompleted=true, mScreenBrightnessBoostInProgress=false, mIsVrModeEnabled= false, sQuiescent=false
03-15 20:38:54.941: D/PowerManagerService(1676): acquireWakeLockInternal: lock=179978342, flags=0x1, tag="GnssLocationProvider", ws=null, uid=1000, pid=1676
03-15 20:38:54.941: D/PowerManagerService(1676): updateWakeLockSummaryLocked: mWakefulness=Awake, mWakeLockSummary=0x1
03-15 20:38:54.941: D/PowerManagerService(1676): updateUserActivitySummaryLocked: mWakefulness=Awake, mUserActivitySummary=0x4, nextTimeout=-1 (1568720 ms ago)
03-15 20:38:54.941: D/PowerManagerService(1676): updateDisplayPowerStateLocked: mDisplayReady=true, policy=2, mWakefulness=1, mWakeLockSummary=0x1, mUserActivitySummary=0x4, mBootCompleted=true, mScreenBrightnessBoostInProgress=false, mIsVrModeEnabled= false, sQuiescent=false
03-15 20:38:54.941: I/GnssLocationProvider(1676): WakeLock acquired by sendMessage(SET_REQUEST, 0, com.android.server.location.GnssLocationProvider$GpsRequest@3db5b87)
03-15 20:38:54.942: D/PowerManagerService(1676): releaseWakeLockInternal: lock=179978342 [GnssLocationProvider], flags=0x0
03-15 20:38:54.942: D/PowerManagerService(1676): updateWakeLockSummaryLocked: mWakefulness=Awake, mWakeLockSummary=0x1
03-15 20:38:54.942: D/PowerManagerService(1676): updateUserActivitySummaryLocked: mWakefulness=Awake, mUserActivitySummary=0x4, nextTimeout=-1 (1568721 ms ago)
03-15 20:38:54.942: D/PowerManagerService(1676): updateDisplayPowerStateLocked: mDisplayReady=true, policy=2, mWakefulness=1, mWakeLockSummary=0x1, mUserActivitySummary=0x4, mBootCompleted=true, mScreenBrightnessBoostInProgress=false, mIsVrModeEnabled= false, sQuiescent=false
03-15 20:38:54.942: I/GnssLocationProvider(1676): WakeLock released by handleMessage(SET_REQUEST, 0, com.android.server.location.GnssLocationProvider$GpsRequest@3db5b87)
03-15 20:38:54.942: D/PowerManagerService(1676): acquireWakeLockInternal: lock=213491273, flags=0x1, tag="GCoreFlp", ws=WorkSource{10014 com.google.android.gms}, uid=10014, pid=1944
03-15 20:38:54.942: D/PowerManagerService(1676): updateWakeLockSummaryLocked: mWakefulness=Awake, mWakeLockSummary=0x1
03-15 20:38:54.942: D/PowerManagerService(1676): updateUserActivitySummaryLocked: mWakefulness=Awake, mUserActivitySummary=0x4, nextTimeout=-1 (1568721 ms ago)
03-15 20:38:54.942: D/PowerManagerService(1676): updateDisplayPowerStateLocked: mDisplayReady=true, policy=2, mWakefulness=1, mWakeLockSummary=0x1, mUserActivitySummary=0x4, mBootCompleted=true, mScreenBrightnessBoostInProgress=false, mIsVrModeEnabled= false, sQuiescent=false
03-15 20:38:54.943: E/NetworkScheduler.ATC(1944): Received callback from client for task that is already complete. ComponentInfo{com.google.android.gms/com.google.android.gms.chimera.container.ConfigService} ChimeraConfigService_OneOffRetry
03-15 20:38:54.943: D/VoldConnector(1676): SND -> {10 volume remount_uid 10088 read}
03-15 20:38:54.943: D/vold(1462): Remounting 10088 as mode read
03-15 20:38:54.946: D/VoldConnector(1676): RCV <- {200 10 Command succeeded}
03-15 20:38:54.947: I/PTCommittedOperation(1944): Receive new configuration for com.google.android.gms.signin
03-15 20:38:54.948: D/PowerManagerService(1676): acquireWakeLockInternal: lock=33537475, flags=0x1, tag="CMWakeLock", ws=WorkSource{10014 com.google.android.gms}, uid=10014, pid=1944
03-15 20:38:54.948: D/PowerManagerService(1676): updateWakeLockSummaryLocked: mWakefulness=Awake, mWakeLockSummary=0x1
03-15 20:38:54.948: D/PowerManagerService(1676): updateUserActivitySummaryLocked: mWakefulness=Awake, mUserActivitySummary=0x4, nextTimeout=-1 (1568727 ms ago)
03-15 20:38:54.948: D/PowerManagerService(1676): updateDisplayPowerStateLocked: mDisplayReady=true, policy=2, mWakefulness=1, mWakeLockSummary=0x1, mUserActivitySummary=0x4, mBootCompleted=true, mScreenBrightnessBoostInProgress=false, mIsVrModeEnabled= false, sQuiescent=false
03-15 20:38:54.952: D/VoldConnector(1676): SND -> {11 volume remount_uid 10088 write}
03-15 20:38:54.952: D/vold(1462): Remounting 10088 as mode write
03-15 20:38:54.956: D/VoldConnector(1676): RCV <- {200 11 Command succeeded}
03-15 20:38:54.956: D/PowerManagerService(1676): acquireWakeLockInternal: lock=179978342, flags=0x1, tag="GnssLocationProvider", ws=null, uid=1000, pid=1676
03-15 20:38:54.956: D/PowerManagerService(1676): updateWakeLockSummaryLocked: mWakefulness=Awake, mWakeLockSummary=0x1
03-15 20:38:54.956: D/PowerManagerService(1676): updateUserActivitySummaryLocked: mWakefulness=Awake, mUserActivitySummary=0x4, nextTimeout=-1 (1568735 ms ago)
03-15 20:38:54.956: D/PowerManagerService(1676): updateDisplayPowerStateLocked: mDisplayReady=true, policy=2, mWakefulness=1, mWakeLockSummary=0x1, mUserActivitySummary=0x4, mBootCompleted=true, mScreenBrightnessBoostInProgress=false, mIsVrModeEnabled= false, sQuiescent=false
03-15 20:38:54.956: I/GnssLocationProvider(1676): WakeLock acquired by sendMessage(SET_REQUEST, 0, com.android.server.location.GnssLocationProvider$GpsRequest@751d6dd)
03-15 20:38:54.957: D/PowerManagerService(1676): releaseWakeLockInternal: lock=213491273 [GCoreFlp], flags=0x0
03-15 20:38:54.957: D/PowerManagerService(1676): updateWakeLockSummaryLocked: mWakefulness=Awake, mWakeLockSummary=0x1
03-15 20:38:54.957: D/PowerManagerService(1676): updateUserActivitySummaryLocked: mWakefulness=Awake, mUserActivitySummary=0x4, nextTimeout=-1 (1568736 ms ago)
03-15 20:38:54.957: D/PowerManagerService(1676): updateDisplayPowerStateLocked: mDisplayReady=true, policy=2, mWakefulness=1, mWakeLockSummary=0x1, mUserActivitySummary=0x4, mBootCompleted=true, mScreenBrightnessBoostInProgress=false, mIsVrModeEnabled= false, sQuiescent=false
03-15 20:38:54.957: D/PowerManagerService(1676): releaseWakeLockInternal: lock=179978342 [GnssLocationProvider], flags=0x0
03-15 20:38:54.957: D/PowerManagerService(1676): updateWakeLockSummaryLocked: mWakefulness=Awake, mWakeLockSummary=0x1
